?   	github.com/influxdata/telegraf	[no test files]
=== RUN   TestAddFields
--- PASS: TestAddFields (0.00s)
=== RUN   TestAccAddError
--- PASS: TestAccAddError (0.00s)
=== RUN   TestSetPrecision
=== RUN   TestSetPrecision/default_precision_is_nanosecond
=== RUN   TestSetPrecision/second_interval
=== RUN   TestSetPrecision/microsecond_interval
=== RUN   TestSetPrecision/2_second_precision
--- PASS: TestSetPrecision (0.00s)
    --- PASS: TestSetPrecision/default_precision_is_nanosecond (0.00s)
    --- PASS: TestSetPrecision/second_interval (0.00s)
    --- PASS: TestSetPrecision/microsecond_interval (0.00s)
    --- PASS: TestSetPrecision/2_second_precision (0.00s)
=== RUN   TestAddTrackingMetricGroupEmpty
--- PASS: TestAddTrackingMetricGroupEmpty (0.00s)
=== RUN   TestAgent_OmitHostname
--- PASS: TestAgent_OmitHostname (0.00s)
=== RUN   TestAgent_LoadPlugin
2025-02-19T20:36:26Z I! Loading config: ../config/testdata/telegraf-agent.toml
2025-02-19T20:36:26Z I! Loading config: ../config/testdata/telegraf-agent.toml
2025-02-19T20:36:26Z I! Loading config: ../config/testdata/telegraf-agent.toml
2025-02-19T20:36:26Z I! Loading config: ../config/testdata/telegraf-agent.toml
2025-02-19T20:36:26Z I! Loading config: ../config/testdata/telegraf-agent.toml
--- PASS: TestAgent_LoadPlugin (0.00s)
=== RUN   TestAgent_LoadOutput
2025-02-19T20:36:26Z I! Loading config: ../config/testdata/telegraf-agent.toml
2025-02-19T20:36:26Z I! Loading config: ../config/testdata/telegraf-agent.toml
2025-02-19T20:36:26Z I! Loading config: ../config/testdata/telegraf-agent.toml
2025-02-19T20:36:26Z I! Loading config: ../config/testdata/telegraf-agent.toml
2025-02-19T20:36:26Z I! Loading config: ../config/testdata/telegraf-agent.toml
2025-02-19T20:36:26Z I! Loading config: ../config/testdata/telegraf-agent.toml
2025-02-19T20:36:26Z I! Loading config: ../config/testdata/telegraf-agent.toml
--- PASS: TestAgent_LoadOutput (0.00s)
=== RUN   TestWindow
=== RUN   TestWindow/round_with_exact_alignment
=== RUN   TestWindow/round_with_alignment_needed
=== RUN   TestWindow/no_round_with_exact_alignment
=== RUN   TestWindow/no_found_with_alignment_needed
--- PASS: TestWindow (0.00s)
    --- PASS: TestWindow/round_with_exact_alignment (0.00s)
    --- PASS: TestWindow/round_with_alignment_needed (0.00s)
    --- PASS: TestWindow/no_round_with_exact_alignment (0.00s)
    --- PASS: TestWindow/no_found_with_alignment_needed (0.00s)
=== RUN   TestCases
=== RUN   TestCases/aggregators-rerun-processors
2025-02-19T20:36:26Z I! Loading config: testcases/aggregators-rerun-processors/telegraf.conf
2025-02-19T20:36:26Z D! [agent] Initializing plugins
2025-02-19T20:36:26Z D! [agent] Starting service inputs
2025-02-19T20:36:26Z D! [aggregators.minmax] (category=aggregators,plugin=minmax) Updated aggregation range [2025-02-19 21:36:26 +0100 CET, 2025-02-19 21:36:27 +0100 CET]
2025-02-19T20:36:26Z D! [agent] Stopping service inputs
2025-02-19T20:36:26Z D! [agent] Input channel closed
2025-02-19T20:36:26Z D! [agent] Processor channel closed
2025-02-19T20:36:26Z D! [aggregators.minmax] (plugin=minmax,category=aggregators) Updated aggregation range [2025-02-19 21:36:27 +0100 CET, 2025-02-19 21:36:28 +0100 CET]
2025-02-19T20:36:26Z D! [agent] Aggregator channel closed
2025-02-19T20:36:26Z D! [agent] Processor channel closed
2025-02-19T20:36:26Z D! [agent] Stopped Successfully
=== RUN   TestCases/aggregators-skip-processors
2025-02-19T20:36:26Z I! Loading config: testcases/aggregators-skip-processors/telegraf.conf
2025-02-19T20:36:26Z D! [agent] Initializing plugins
2025-02-19T20:36:26Z D! [agent] Starting service inputs
2025-02-19T20:36:26Z D! [aggregators.minmax] (category=aggregators,plugin=minmax) Updated aggregation range [2025-02-19 21:36:26 +0100 CET, 2025-02-19 21:36:27 +0100 CET]
2025-02-19T20:36:26Z D! [agent] Stopping service inputs
2025-02-19T20:36:26Z D! [agent] Input channel closed
2025-02-19T20:36:26Z D! [agent] Processor channel closed
2025-02-19T20:36:26Z D! [aggregators.minmax] (category=aggregators,plugin=minmax) Updated aggregation range [2025-02-19 21:36:27 +0100 CET, 2025-02-19 21:36:28 +0100 CET]
2025-02-19T20:36:26Z D! [agent] Aggregator channel closed
2025-02-19T20:36:26Z D! [agent] Stopped Successfully
=== RUN   TestCases/processor-order-appearance
2025-02-19T20:36:26Z I! Loading config: testcases/processor-order-appearance/telegraf.conf
2025-02-19T20:36:26Z W! [agent] The default value of 'skip_processors_after_aggregators' will change to 'true' with Telegraf v1.40.0! If you need the current default behavior, please explicitly set the option to 'false'!
2025-02-19T20:36:26Z D! [agent] Initializing plugins
2025-02-19T20:36:26Z D! [agent] Starting service inputs
2025-02-19T20:36:26Z D! [agent] Stopping service inputs
2025-02-19T20:36:26Z D! [agent] Input channel closed
2025-02-19T20:36:26Z D! [agent] Processor channel closed
2025-02-19T20:36:26Z D! [agent] Processor channel closed
2025-02-19T20:36:26Z D! [agent] Stopped Successfully
=== RUN   TestCases/processor-order-explicit
2025-02-19T20:36:26Z I! Loading config: testcases/processor-order-explicit/telegraf.conf
2025-02-19T20:36:26Z W! [agent] The default value of 'skip_processors_after_aggregators' will change to 'true' with Telegraf v1.40.0! If you need the current default behavior, please explicitly set the option to 'false'!
2025-02-19T20:36:26Z D! [agent] Initializing plugins
2025-02-19T20:36:26Z D! [agent] Starting service inputs
2025-02-19T20:36:26Z D! [agent] Stopping service inputs
2025-02-19T20:36:26Z D! [agent] Input channel closed
2025-02-19T20:36:26Z D! [agent] Processor channel closed
2025-02-19T20:36:26Z D! [agent] Processor channel closed
2025-02-19T20:36:26Z D! [agent] Stopped Successfully
=== RUN   TestCases/processor-order-mixed
2025-02-19T20:36:26Z I! Loading config: testcases/processor-order-mixed/telegraf.conf
2025-02-19T20:36:26Z W! [agent] The default value of 'skip_processors_after_aggregators' will change to 'true' with Telegraf v1.40.0! If you need the current default behavior, please explicitly set the option to 'false'!
2025-02-19T20:36:26Z D! [agent] Initializing plugins
2025-02-19T20:36:26Z D! [agent] Starting service inputs
2025-02-19T20:36:26Z D! [agent] Stopping service inputs
2025-02-19T20:36:26Z D! [agent] Input channel closed
2025-02-19T20:36:26Z D! [agent] Processor channel closed
2025-02-19T20:36:26Z D! [agent] Processor channel closed
2025-02-19T20:36:26Z D! [agent] Stopped Successfully
=== RUN   TestCases/processor-order-no-starlark
2025-02-19T20:36:26Z I! Loading config: testcases/processor-order-no-starlark/telegraf.conf
2025-02-19T20:36:26Z W! [agent] The default value of 'skip_processors_after_aggregators' will change to 'true' with Telegraf v1.40.0! If you need the current default behavior, please explicitly set the option to 'false'!
2025-02-19T20:36:26Z D! [agent] Initializing plugins
2025-02-19T20:36:26Z D! [agent] Starting service inputs
2025-02-19T20:36:26Z D! [agent] Stopping service inputs
2025-02-19T20:36:26Z D! [agent] Input channel closed
2025-02-19T20:36:26Z D! [agent] Processor channel closed
2025-02-19T20:36:26Z D! [agent] Processor channel closed
2025-02-19T20:36:26Z D! [agent] Stopped Successfully
--- PASS: TestCases (0.01s)
    --- PASS: TestCases/aggregators-rerun-processors (0.00s)
    --- PASS: TestCases/aggregators-skip-processors (0.00s)
    --- PASS: TestCases/processor-order-appearance (0.00s)
    --- PASS: TestCases/processor-order-explicit (0.00s)
    --- PASS: TestCases/processor-order-mixed (0.00s)
    --- PASS: TestCases/processor-order-no-starlark (0.00s)
=== RUN   TestAlignedTicker
--- PASS: TestAlignedTicker (0.02s)
=== RUN   TestAlignedTickerJitter
--- PASS: TestAlignedTickerJitter (0.08s)
=== RUN   TestAlignedTickerOffset
--- PASS: TestAlignedTickerOffset (0.01s)
=== RUN   TestAlignedTickerMissedTick
--- PASS: TestAlignedTickerMissedTick (0.01s)
=== RUN   TestUnalignedTicker
--- PASS: TestUnalignedTicker (0.02s)
=== RUN   TestRollingTicker
--- PASS: TestRollingTicker (0.02s)
=== RUN   TestAlignedTickerDistribution
 0 xxxxxxxxxxxxxx
 1 xxxxxxx
 2 xxxxxxxxxxxxxx
 3 xxxxxxxxxxx
 4 xxxxxxxxxxxxx
 5 
 6 
 7 
 8 
 9 
10 xxxxxxxxxxxxx
11 xxxxxxxxxxxxxxxx
12 xxxxxxx
13 xxxxxxxxxxxxxx
14 xxxxxxxxxx
15 
16 
17 
18 
19 
20 xxxxxxxxxxxxxxxxxxx
21 xxxxxxxxxxxxx
22 xxxxxxxxxx
23 xxxxxxxxxxxx
24 xxxxxx
25 
26 
27 
28 
29 
30 xxxxxxxxxxxxxxx
31 xxxxxxxx
32 xxxxxxxxxxxx
33 xxxxxxxxxxxxxx
34 xxxxxxxxxxx
35 
36 
37 
38 
39 
40 xxxxxxxxxxxx
41 xxxx
42 xxxxxxxxxxxxxx
43 xxxxxxxxxxxxxxxx
44 xxxxxxxxxxxxxx
45 
46 
47 
48 
49 
50 xxxxxxxxxxxxxxxx
51 xxxxxxxxxxxxxxx
52 xxxxxxxxxxxxxx
53 xxxxxxxx
54 xxxxxxx
55 
56 
57 
58 
59 
Average interval: 10.007490
Count: 359
--- PASS: TestAlignedTickerDistribution (5.06s)
=== RUN   TestAlignedTickerDistributionWithOffset
 0 
 1 
 2 
 3 xxxxxxxx
 4 xxxxxxxxxxxx
 5 xxxxxxxxxxxxxxx
 6 xxxxxxxxxxxxxxx
 7 xxxxxxxxx
 8 
 9 
10 
11 
12 
13 xxxxxxxxx
14 xxxxxxxxxxxxxxxx
15 xxxxxxxxxxxx
16 xxxxxxxxxxxxx
17 xxxxxxxxxx
18 
19 
20 
21 
22 
23 xxxxxxxxxxx
24 xxxxxxxxxx
25 xxxxxxxxxx
26 xxxxxxxxxxxx
27 xxxxxxxxxxxxxxxxx
28 
29 
30 
31 
32 
33 xxxxxxxxxxx
34 xxxxxxxx
35 xxxxxxxxxxxxx
36 xxxxxxxxxxxx
37 xxxxxxxxxxxxxxxx
38 
39 
40 
41 
42 
43 xxxxxxxxxx
44 xxxxxxxxxxxxxxx
45 xxxxxxxxxxxx
46 xxxxxxxxxx
47 xxxxxxxxxxxxx
48 
49 
50 
51 
52 
53 xxxxxxxxxxx
54 xxxxxxxxxxxx
55 xxxxxxxxxxxxxxxxx
56 xxxxxxxxx
57 xxxxxxxxxxx
58 
59 
Average interval: 10.015136
Count: 359
--- PASS: TestAlignedTickerDistributionWithOffset (5.36s)
=== RUN   TestUnalignedTickerDistribution
 0 xxxxxxxxxxxxx
 1 xxxxxxxxxxxx
 2 xxxxxxxxxxxxx
 3 xxxxxxxxxxxxx
 4 xxxxxxxxx
 5 
 6 
 7 
 8 
 9 
10 xxxxxxxxxxxxxx
11 xxxxxxxxxxxxx
12 xxxxxxxxxxxx
13 xxxxxxxxxxxxx
14 xxxxxxxx
15 
16 
17 
18 
19 
20 xxxxxxxxxxxxxx
21 xxxxxxxxxxx
22 xxxxxxxxxxxxx
23 xxxxxxxxxx
24 xxxxxxxxxxxx
25 
26 
27 
28 
29 
30 xxxxxxxxxxxx
31 xxxxxxxxxx
32 xxxxxxxxx
33 xxxxxxxxxxxxxxxx
34 xxxxxxxxxxxxx
35 
36 
37 
38 
39 
40 xxxxxxx
41 xxxxxxxxxxxxxx
42 xxxxxxxxxxxxx
43 xxxxxxxxxxxx
44 xxxxxxxxxxxxxx
45 
46 
47 
48 
49 
50 xxxxxxxxxxxx
51 xxxxxxxxxx
52 xxxxxxxxxxx
53 xxxxxxxxxxxxxxxx
54 xxxxxxxxxxx
55 
56 
57 
58 
59 
Average interval: 9.979552
Count: 360
--- PASS: TestUnalignedTickerDistribution (6.00s)
=== RUN   TestUnalignedTickerDistributionWithOffset
 0 
 1 
 2 
 3 xxxxxxxx
 4 xxxxxxxxx
 5 xxxxxxxxxxxxxxxx
 6 xxxxxxxxxxxxxxxxx
 7 xxxxxxxxx
 8 
 9 
10 
11 
12 
13 xxxxxxxx
14 xxxxxxxxxxxxxx
15 xxxxxxxxxxx
16 xxxxxxxxxxx
17 xxxxxxxxxxxxxxxx
18 
19 
20 
21 
22 
23 xxxxxxx
24 xxxxxxxxxxxxxx
25 xxxxxxxxxxx
26 xxxxxxxxxxxxxxx
27 xxxxxxxxxxxxx
28 
29 
30 
31 
32 
33 xxxxxxxxxxxx
34 xxxxxxxxx
35 xxxxxxxxxxx
36 xxxxxxxxxxxxxxxxxx
37 xxxxxxxxxx
38 
39 
40 
41 
42 
43 xxxxxxxxxxxxxxxxxx
44 xxxxxxxxxxxx
45 xxxxxxxx
46 xxxxxxxxxxxxx
47 xxxxxxxxx
48 
49 
50 
51 
52 
53 xxxxxxxxxxxxxx
54 xxxxxx
55 xxxxxxxxxxxxxxxxx
56 xxxxxxxxxxxx
57 xxxxxxxxxxx
58 
59 
Average interval: 10.011664
Count: 359
--- PASS: TestUnalignedTickerDistributionWithOffset (6.17s)
=== RUN   TestRollingTickerDistribution
 0 xxx
 1 xxxx
 2 xxx
 3 xxxxxxxx
 4 xxxxxxx
 5 xxxxxxx
 6 x
 7 xx
 8 xxx
 9 xxxxxx
10 xx
11 xxxxxxx
12 xxxxxx
13 xxxxxxx
14 xxxx
15 xx
16 xxxxxxxx
17 xxxxx
18 xxxxxx
19 xxx
20 xxx
21 xxx
22 xxxxxx
23 xx
24 xxxxxxx
25 xxxxx
26 xxxx
27 xxxxxx
28 xxxxxxx
29 xxxxxx
30 xxx
31 xxx
32 xxxxxx
33 xxxx
34 xxxx
35 xx
36 xxxxxx
37 xxxxxx
38 xx
39 xxxx
40 xxxxxxxx
41 xxxxxx
42 xxxxx
43 xxxxxxxx
44 x
45 xxxxxx
46 xxxxx
47 xxx
48 xxxxx
49 xxxxx
50 xxxxxxxx
51 x
52 xxxxxxxxx
53 xxx
54 xxxx
55 xxxxx
56 x
57 xxxxxx
58 xxxxxxx
59 xxxxx
Average interval: 12.646803
Count: 284
--- PASS: TestRollingTickerDistribution (5.43s)
PASS
ok  	github.com/influxdata/telegraf/agent	34.460s
=== RUN   TestUsageFlag
2025-02-19T20:36:23Z E! input example not found and output example not found
--- PASS: TestUsageFlag (0.00s)
=== RUN   TestInputListFlag
--- PASS: TestInputListFlag (0.00s)
=== RUN   TestOutputListFlag
--- PASS: TestOutputListFlag (0.00s)
=== RUN   TestDeprecationListFlag
--- PASS: TestDeprecationListFlag (0.00s)
=== RUN   TestPprofAddressFlag
--- PASS: TestPprofAddressFlag (0.00s)
=== RUN   TestPluginDirectoryFlag
2025-02-19T20:36:23Z I! Loading external plugins from: .
2025-02-19T20:36:23Z E! go plugin support is not enabled
--- PASS: TestPluginDirectoryFlag (0.00s)
=== RUN   TestCommandConfig
=== RUN   TestCommandConfig/deprecated_flag_--sample-config

###############################################################################
#                            SECRETSTORE PLUGINS                              #
###############################################################################

=== RUN   TestCommandConfig/no_filters

###############################################################################
#                            SECRETSTORE PLUGINS                              #
###############################################################################

=== RUN   TestCommandConfig/filter_sections_for_inputs
=== RUN   TestCommandConfig/filter_sections_for_inputs,outputs
=== RUN   TestCommandConfig/filter_input_plugins

###############################################################################
#                            SECRETSTORE PLUGINS                              #
###############################################################################

=== RUN   TestCommandConfig/filter_output_plugins

###############################################################################
#                            SECRETSTORE PLUGINS                              #
###############################################################################

=== RUN   TestCommandConfig/filter_processor_plugins

###############################################################################
#                            SECRETSTORE PLUGINS                              #
###############################################################################

=== RUN   TestCommandConfig/filter_aggregator_plugins

###############################################################################
#                            SECRETSTORE PLUGINS                              #
###############################################################################

=== RUN   TestCommandConfig/test_filters_before_config

###############################################################################
#                            SECRETSTORE PLUGINS                              #
###############################################################################

=== RUN   TestCommandConfig/test_filters_before_and_after_config

###############################################################################
#                            SECRETSTORE PLUGINS                              #
###############################################################################

--- PASS: TestCommandConfig (0.03s)
    --- PASS: TestCommandConfig/deprecated_flag_--sample-config (0.01s)
    --- PASS: TestCommandConfig/no_filters (0.00s)
    --- PASS: TestCommandConfig/filter_sections_for_inputs (0.00s)
    --- PASS: TestCommandConfig/filter_sections_for_inputs,outputs (0.00s)
    --- PASS: TestCommandConfig/filter_input_plugins (0.00s)
    --- PASS: TestCommandConfig/filter_output_plugins (0.00s)
    --- PASS: TestCommandConfig/filter_processor_plugins (0.00s)
    --- PASS: TestCommandConfig/filter_aggregator_plugins (0.00s)
    --- PASS: TestCommandConfig/test_filters_before_config (0.00s)
    --- PASS: TestCommandConfig/test_filters_before_and_after_config (0.00s)
=== RUN   TestCommandVersion
--- PASS: TestCommandVersion (0.00s)
=== RUN   TestFlagVersion
--- PASS: TestFlagVersion (0.00s)
=== RUN   TestGlobablBoolFlags
--- PASS: TestGlobablBoolFlags (0.00s)
=== RUN   TestFlagsAreSet
--- PASS: TestFlagsAreSet (0.00s)
PASS
ok  	github.com/influxdata/telegraf/cmd/telegraf	3.642s
=== RUN   TestPluginDeprecation
=== RUN   TestPluginDeprecation/Error_level
=== RUN   TestPluginDeprecation/Warn_level
=== RUN   TestPluginDeprecation/None
--- PASS: TestPluginDeprecation (0.00s)
    --- PASS: TestPluginDeprecation/Error_level (0.00s)
    --- PASS: TestPluginDeprecation/Warn_level (0.00s)
    --- PASS: TestPluginDeprecation/None (0.00s)
=== RUN   TestPluginOptionDeprecation
=== RUN   TestPluginOptionDeprecation/Error_level
=== RUN   TestPluginOptionDeprecation/Warn_level
=== RUN   TestPluginOptionDeprecation/No_removal_info
=== RUN   TestPluginOptionDeprecation/None
--- PASS: TestPluginOptionDeprecation (0.00s)
    --- PASS: TestPluginOptionDeprecation/Error_level (0.00s)
    --- PASS: TestPluginOptionDeprecation/Warn_level (0.00s)
    --- PASS: TestPluginOptionDeprecation/No_removal_info (0.00s)
    --- PASS: TestPluginOptionDeprecation/None (0.00s)
=== RUN   TestPluginOptionValueDeprecation
=== RUN   TestPluginOptionValueDeprecation/Error_level
=== RUN   TestPluginOptionValueDeprecation/Warn_level
=== RUN   TestPluginOptionValueDeprecation/No_removal_info
=== RUN   TestPluginOptionValueDeprecation/None
=== RUN   TestPluginOptionValueDeprecation/nil_value
=== RUN   TestPluginOptionValueDeprecation/Boolean_value
=== RUN   TestPluginOptionValueDeprecation/Integer_value
--- PASS: TestPluginOptionValueDeprecation (1.61s)
    --- PASS: TestPluginOptionValueDeprecation/Error_level (0.10s)
    --- PASS: TestPluginOptionValueDeprecation/Warn_level (0.10s)
    --- PASS: TestPluginOptionValueDeprecation/No_removal_info (0.10s)
    --- PASS: TestPluginOptionValueDeprecation/None (1.00s)
    --- PASS: TestPluginOptionValueDeprecation/nil_value (0.10s)
    --- PASS: TestPluginOptionValueDeprecation/Boolean_value (0.10s)
    --- PASS: TestPluginOptionValueDeprecation/Integer_value (0.10s)
=== RUN   TestEnvironmentSubstitution
=== RUN   TestEnvironmentSubstitution/Legacy_with_${}_and_without_{}
=== RUN   TestEnvironmentSubstitution/Env_not_set
=== RUN   TestEnvironmentSubstitution/Env_not_set,_fallback_to_default
=== RUN   TestEnvironmentSubstitution/No_fallback
=== RUN   TestEnvironmentSubstitution/Mix_and_match
=== RUN   TestEnvironmentSubstitution/empty_but_set
=== RUN   TestEnvironmentSubstitution/Default_has_special_chars
=== RUN   TestEnvironmentSubstitution/unset_error
=== RUN   TestEnvironmentSubstitution/env_empty_error
=== RUN   TestEnvironmentSubstitution/Fallback_as_env_variable
--- PASS: TestEnvironmentSubstitution (0.00s)
    --- PASS: TestEnvironmentSubstitution/Legacy_with_${}_and_without_{} (0.00s)
    --- PASS: TestEnvironmentSubstitution/Env_not_set (0.00s)
    --- PASS: TestEnvironmentSubstitution/Env_not_set,_fallback_to_default (0.00s)
    --- PASS: TestEnvironmentSubstitution/No_fallback (0.00s)
    --- PASS: TestEnvironmentSubstitution/Mix_and_match (0.00s)
    --- PASS: TestEnvironmentSubstitution/empty_but_set (0.00s)
    --- PASS: TestEnvironmentSubstitution/Default_has_special_chars (0.00s)
    --- PASS: TestEnvironmentSubstitution/unset_error (0.00s)
    --- PASS: TestEnvironmentSubstitution/env_empty_error (0.00s)
    --- PASS: TestEnvironmentSubstitution/Fallback_as_env_variable (0.00s)
=== RUN   TestEnvironmentSubstitutionOldBehavior
=== RUN   TestEnvironmentSubstitutionOldBehavior/not_defined_no_brackets
=== RUN   TestEnvironmentSubstitutionOldBehavior/not_defined_brackets
=== RUN   TestEnvironmentSubstitutionOldBehavior/not_defined_no_brackets_double_dollar
=== RUN   TestEnvironmentSubstitutionOldBehavior/not_defined_no_brackets_backslash
=== RUN   TestEnvironmentSubstitutionOldBehavior/not_defined_brackets_backslash
=== RUN   TestEnvironmentSubstitutionOldBehavior/no_brackets_and_suffix
=== RUN   TestEnvironmentSubstitutionOldBehavior/no_brackets
=== RUN   TestEnvironmentSubstitutionOldBehavior/brackets
=== RUN   TestEnvironmentSubstitutionOldBehavior/no_brackets_double_dollar
=== RUN   TestEnvironmentSubstitutionOldBehavior/brackets_double_dollar
=== RUN   TestEnvironmentSubstitutionOldBehavior/no_brackets_backslash
=== RUN   TestEnvironmentSubstitutionOldBehavior/brackets_backslash
=== RUN   TestEnvironmentSubstitutionOldBehavior/fallback
=== RUN   TestEnvironmentSubstitutionOldBehavior/fallback_env
=== RUN   TestEnvironmentSubstitutionOldBehavior/regex_substitution
=== RUN   TestEnvironmentSubstitutionOldBehavior/empty_but_set
--- PASS: TestEnvironmentSubstitutionOldBehavior (0.00s)
    --- PASS: TestEnvironmentSubstitutionOldBehavior/not_defined_no_brackets (0.00s)
    --- PASS: TestEnvironmentSubstitutionOldBehavior/not_defined_brackets (0.00s)
    --- PASS: TestEnvironmentSubstitutionOldBehavior/not_defined_no_brackets_double_dollar (0.00s)
    --- PASS: TestEnvironmentSubstitutionOldBehavior/not_defined_no_brackets_backslash (0.00s)
    --- PASS: TestEnvironmentSubstitutionOldBehavior/not_defined_brackets_backslash (0.00s)
    --- PASS: TestEnvironmentSubstitutionOldBehavior/no_brackets_and_suffix (0.00s)
    --- PASS: TestEnvironmentSubstitutionOldBehavior/no_brackets (0.00s)
    --- PASS: TestEnvironmentSubstitutionOldBehavior/brackets (0.00s)
    --- PASS: TestEnvironmentSubstitutionOldBehavior/no_brackets_double_dollar (0.00s)
    --- PASS: TestEnvironmentSubstitutionOldBehavior/brackets_double_dollar (0.00s)
    --- PASS: TestEnvironmentSubstitutionOldBehavior/no_brackets_backslash (0.00s)
    --- PASS: TestEnvironmentSubstitutionOldBehavior/brackets_backslash (0.00s)
    --- PASS: TestEnvironmentSubstitutionOldBehavior/fallback (0.00s)
    --- PASS: TestEnvironmentSubstitutionOldBehavior/fallback_env (0.00s)
    --- PASS: TestEnvironmentSubstitutionOldBehavior/regex_substitution (0.00s)
    --- PASS: TestEnvironmentSubstitutionOldBehavior/empty_but_set (0.00s)
=== RUN   TestEnvironmentSubstitutionNewBehavior
=== RUN   TestEnvironmentSubstitutionNewBehavior/not_defined_no_brackets
=== RUN   TestEnvironmentSubstitutionNewBehavior/not_defined_brackets
=== RUN   TestEnvironmentSubstitutionNewBehavior/not_defined_no_brackets_double_dollar
=== RUN   TestEnvironmentSubstitutionNewBehavior/not_defined_no_brackets_backslash
=== RUN   TestEnvironmentSubstitutionNewBehavior/not_defined_brackets_backslash
=== RUN   TestEnvironmentSubstitutionNewBehavior/no_brackets_and_suffix
=== RUN   TestEnvironmentSubstitutionNewBehavior/no_brackets
=== RUN   TestEnvironmentSubstitutionNewBehavior/brackets
=== RUN   TestEnvironmentSubstitutionNewBehavior/no_brackets_double_dollar
=== RUN   TestEnvironmentSubstitutionNewBehavior/brackets_double_dollar
=== RUN   TestEnvironmentSubstitutionNewBehavior/no_brackets_backslash
=== RUN   TestEnvironmentSubstitutionNewBehavior/brackets_backslash
=== RUN   TestEnvironmentSubstitutionNewBehavior/fallback
=== RUN   TestEnvironmentSubstitutionNewBehavior/fallback_env
=== RUN   TestEnvironmentSubstitutionNewBehavior/regex_substitution
--- PASS: TestEnvironmentSubstitutionNewBehavior (0.00s)
    --- PASS: TestEnvironmentSubstitutionNewBehavior/not_defined_no_brackets (0.00s)
    --- PASS: TestEnvironmentSubstitutionNewBehavior/not_defined_brackets (0.00s)
    --- PASS: TestEnvironmentSubstitutionNewBehavior/not_defined_no_brackets_double_dollar (0.00s)
    --- PASS: TestEnvironmentSubstitutionNewBehavior/not_defined_no_brackets_backslash (0.00s)
    --- PASS: TestEnvironmentSubstitutionNewBehavior/not_defined_brackets_backslash (0.00s)
    --- PASS: TestEnvironmentSubstitutionNewBehavior/no_brackets_and_suffix (0.00s)
    --- PASS: TestEnvironmentSubstitutionNewBehavior/no_brackets (0.00s)
    --- PASS: TestEnvironmentSubstitutionNewBehavior/brackets (0.00s)
    --- PASS: TestEnvironmentSubstitutionNewBehavior/no_brackets_double_dollar (0.00s)
    --- PASS: TestEnvironmentSubstitutionNewBehavior/brackets_double_dollar (0.00s)
    --- PASS: TestEnvironmentSubstitutionNewBehavior/no_brackets_backslash (0.00s)
    --- PASS: TestEnvironmentSubstitutionNewBehavior/brackets_backslash (0.00s)
    --- PASS: TestEnvironmentSubstitutionNewBehavior/fallback (0.00s)
    --- PASS: TestEnvironmentSubstitutionNewBehavior/fallback_env (0.00s)
    --- PASS: TestEnvironmentSubstitutionNewBehavior/regex_substitution (0.00s)
=== RUN   TestParseConfig
=== RUN   TestParseConfig/empty_var_name
=== RUN   TestParseConfig/comment_in_command_(issue_#13643)
--- PASS: TestParseConfig (0.00s)
    --- PASS: TestParseConfig/empty_var_name (0.00s)
    --- PASS: TestParseConfig/comment_in_command_(issue_#13643) (0.00s)
=== RUN   TestRemoveComments
--- PASS: TestRemoveComments (0.00s)
=== RUN   TestURLRetries3Fails
2025-02-19T20:36:22Z I! Loading config: http://127.0.0.1:56990
2025-02-19T20:36:22Z I! Error getting HTTP config (attempt 0 of 3): failed to fetch HTTP config: 404 Not Found
2025-02-19T20:36:22Z I! Error getting HTTP config (attempt 1 of 3): failed to fetch HTTP config: 404 Not Found
2025-02-19T20:36:22Z I! Error getting HTTP config (attempt 2 of 3): failed to fetch HTTP config: 404 Not Found
2025-02-19T20:36:22Z I! Error getting HTTP config (attempt 3 of 3): failed to fetch HTTP config: 404 Not Found
--- PASS: TestURLRetries3Fails (0.00s)
=== RUN   TestURLRetries3FailsThenPasses
2025-02-19T20:36:22Z I! Loading config: http://127.0.0.1:56992
2025-02-19T20:36:22Z I! Error getting HTTP config (attempt 0 of 3): failed to fetch HTTP config: 404 Not Found
2025-02-19T20:36:22Z I! Error getting HTTP config (attempt 1 of 3): failed to fetch HTTP config: 404 Not Found
2025-02-19T20:36:22Z I! Error getting HTTP config (attempt 2 of 3): failed to fetch HTTP config: 404 Not Found
--- PASS: TestURLRetries3FailsThenPasses (0.00s)
=== RUN   TestSecretConstantManually
--- PASS: TestSecretConstantManually (0.00s)
=== RUN   TestLinking
--- PASS: TestLinking (0.00s)
=== RUN   TestLinkingResolverError
--- PASS: TestLinkingResolverError (0.00s)
=== RUN   TestGettingUnlinked
--- PASS: TestGettingUnlinked (0.00s)
=== RUN   TestGettingMissingResolver
--- PASS: TestGettingMissingResolver (0.00s)
=== RUN   TestGettingResolverError
--- PASS: TestGettingResolverError (0.00s)
=== RUN   TestUninitializedEnclave
--- PASS: TestUninitializedEnclave (0.00s)
=== RUN   TestEnclaveOpenError
--- PASS: TestEnclaveOpenError (0.00s)
=== RUN   TestMissingResolver
--- PASS: TestMissingResolver (0.00s)
=== RUN   TestSecretConstant
=== RUN   TestSecretConstant/simple_string
=== RUN   TestSecretConstant/mail_address
--- PASS: TestSecretConstant (0.00s)
    --- PASS: TestSecretConstant/simple_string (0.00s)
    --- PASS: TestSecretConstant/mail_address (0.00s)
=== RUN   TestSecretUnquote
=== RUN   TestSecretUnquote/single_quotes
=== RUN   TestSecretUnquote/double_quotes
=== RUN   TestSecretUnquote/triple_single_quotes
=== RUN   TestSecretUnquote/triple_double_quotes
=== RUN   TestSecretUnquote/escaped_double_quotes
=== RUN   TestSecretUnquote/mix_double-single_quotes_(single)
=== RUN   TestSecretUnquote/mix_single-double_quotes_(single)
=== RUN   TestSecretUnquote/mix_double-single_quotes_(triple-single)
=== RUN   TestSecretUnquote/mix_single-double_quotes_(triple-single)
=== RUN   TestSecretUnquote/mix_double-single_quotes_(triple)
=== RUN   TestSecretUnquote/mix_single-double_quotes_(triple)
=== RUN   TestSecretUnquote/single_quotes_with_backslashes
=== RUN   TestSecretUnquote/double_quotes_with_backslashes
=== RUN   TestSecretUnquote/triple_single_quotes_with_backslashes
=== RUN   TestSecretUnquote/triple_double_quotes_with_backslashes
--- PASS: TestSecretUnquote (0.01s)
    --- PASS: TestSecretUnquote/single_quotes (0.00s)
    --- PASS: TestSecretUnquote/double_quotes (0.00s)
    --- PASS: TestSecretUnquote/triple_single_quotes (0.00s)
    --- PASS: TestSecretUnquote/triple_double_quotes (0.00s)
    --- PASS: TestSecretUnquote/escaped_double_quotes (0.00s)
    --- PASS: TestSecretUnquote/mix_double-single_quotes_(single) (0.00s)
    --- PASS: TestSecretUnquote/mix_single-double_quotes_(single) (0.00s)
    --- PASS: TestSecretUnquote/mix_double-single_quotes_(triple-single) (0.00s)
    --- PASS: TestSecretUnquote/mix_single-double_quotes_(triple-single) (0.00s)
    --- PASS: TestSecretUnquote/mix_double-single_quotes_(triple) (0.00s)
    --- PASS: TestSecretUnquote/mix_single-double_quotes_(triple) (0.00s)
    --- PASS: TestSecretUnquote/single_quotes_with_backslashes (0.00s)
    --- PASS: TestSecretUnquote/double_quotes_with_backslashes (0.00s)
    --- PASS: TestSecretUnquote/triple_single_quotes_with_backslashes (0.00s)
    --- PASS: TestSecretUnquote/triple_double_quotes_with_backslashes (0.00s)
=== RUN   TestSecretEnvironmentVariable
--- PASS: TestSecretEnvironmentVariable (0.00s)
=== RUN   TestSecretCount
--- PASS: TestSecretCount (0.00s)
=== RUN   TestSecretStoreStatic
--- PASS: TestSecretStoreStatic (0.00s)
=== RUN   TestSecretStoreInvalidKeys
2025-02-19T20:36:22Z W! Secret "@{mock:wild?%go}" contains invalid character(s), only letters, digits and underscores are allowed.
2025-02-19T20:36:22Z W! Secret "@{mock:a-strange-secret}" contains invalid character(s), only letters, digits and underscores are allowed.
2025-02-19T20:36:22Z W! Secret "@{mock:a weird secret}" contains invalid character(s), only letters, digits and underscores are allowed.
--- PASS: TestSecretStoreInvalidKeys (0.00s)
=== RUN   TestSecretStoreDeclarationMissingID
--- PASS: TestSecretStoreDeclarationMissingID (0.00s)
=== RUN   TestSecretStoreDeclarationInvalidID
=== RUN   TestSecretStoreDeclarationInvalidID/foo.bar
=== RUN   TestSecretStoreDeclarationInvalidID/dummy-123
=== RUN   TestSecretStoreDeclarationInvalidID/test!
=== RUN   TestSecretStoreDeclarationInvalidID/wohoo+
--- PASS: TestSecretStoreDeclarationInvalidID (0.00s)
    --- PASS: TestSecretStoreDeclarationInvalidID/foo.bar (0.00s)
    --- PASS: TestSecretStoreDeclarationInvalidID/dummy-123 (0.00s)
    --- PASS: TestSecretStoreDeclarationInvalidID/test! (0.00s)
    --- PASS: TestSecretStoreDeclarationInvalidID/wohoo+ (0.00s)
=== RUN   TestSecretStoreDeclarationValidID
=== RUN   TestSecretStoreDeclarationValidID/foobar
=== RUN   TestSecretStoreDeclarationValidID/dummy123
=== RUN   TestSecretStoreDeclarationValidID/test_id
=== RUN   TestSecretStoreDeclarationValidID/W0Hoo_lala123
--- PASS: TestSecretStoreDeclarationValidID (0.00s)
    --- PASS: TestSecretStoreDeclarationValidID/foobar (0.00s)
    --- PASS: TestSecretStoreDeclarationValidID/dummy123 (0.00s)
    --- PASS: TestSecretStoreDeclarationValidID/test_id (0.00s)
    --- PASS: TestSecretStoreDeclarationValidID/W0Hoo_lala123 (0.00s)
=== RUN   TestSecretImplUnprotected
--- PASS: TestSecretImplUnprotected (0.00s)
=== RUN   TestSecretImplTestSuiteUnprotected
=== RUN   TestSecretImplTestSuiteUnprotected/TestSecretEqualTo
=== RUN   TestSecretImplTestSuiteUnprotected/TestSecretInvalidWarn
=== RUN   TestSecretImplTestSuiteUnprotected/TestSecretSet
=== RUN   TestSecretImplTestSuiteUnprotected/TestSecretSetResolve
=== RUN   TestSecretImplTestSuiteUnprotected/TestSecretSetResolveInvalid
=== RUN   TestSecretImplTestSuiteUnprotected/TestSecretStoreDynamic
=== RUN   TestSecretImplTestSuiteUnprotected/TestSecretStoreInvalidReference
=== RUN   TestSecretImplTestSuiteUnprotected/TestSecretStoreStaticChanging
--- PASS: TestSecretImplTestSuiteUnprotected (0.00s)
    --- PASS: TestSecretImplTestSuiteUnprotected/TestSecretEqualTo (0.00s)
    --- PASS: TestSecretImplTestSuiteUnprotected/TestSecretInvalidWarn (0.00s)
    --- PASS: TestSecretImplTestSuiteUnprotected/TestSecretSet (0.00s)
    --- PASS: TestSecretImplTestSuiteUnprotected/TestSecretSetResolve (0.00s)
    --- PASS: TestSecretImplTestSuiteUnprotected/TestSecretSetResolveInvalid (0.00s)
    --- PASS: TestSecretImplTestSuiteUnprotected/TestSecretStoreDynamic (0.00s)
    --- PASS: TestSecretImplTestSuiteUnprotected/TestSecretStoreInvalidReference (0.00s)
    --- PASS: TestSecretImplTestSuiteUnprotected/TestSecretStoreStaticChanging (0.00s)
=== RUN   TestSecretImplTestSuiteProtected
=== RUN   TestSecretImplTestSuiteProtected/TestSecretEqualTo
=== RUN   TestSecretImplTestSuiteProtected/TestSecretInvalidWarn
=== RUN   TestSecretImplTestSuiteProtected/TestSecretSet
=== RUN   TestSecretImplTestSuiteProtected/TestSecretSetResolve
=== RUN   TestSecretImplTestSuiteProtected/TestSecretSetResolveInvalid
=== RUN   TestSecretImplTestSuiteProtected/TestSecretStoreDynamic
=== RUN   TestSecretImplTestSuiteProtected/TestSecretStoreInvalidReference
=== RUN   TestSecretImplTestSuiteProtected/TestSecretStoreStaticChanging
--- PASS: TestSecretImplTestSuiteProtected (0.00s)
    --- PASS: TestSecretImplTestSuiteProtected/TestSecretEqualTo (0.00s)
    --- PASS: TestSecretImplTestSuiteProtected/TestSecretInvalidWarn (0.00s)
    --- PASS: TestSecretImplTestSuiteProtected/TestSecretSet (0.00s)
    --- PASS: TestSecretImplTestSuiteProtected/TestSecretSetResolve (0.00s)
    --- PASS: TestSecretImplTestSuiteProtected/TestSecretSetResolveInvalid (0.00s)
    --- PASS: TestSecretImplTestSuiteProtected/TestSecretStoreDynamic (0.00s)
    --- PASS: TestSecretImplTestSuiteProtected/TestSecretStoreInvalidReference (0.00s)
    --- PASS: TestSecretImplTestSuiteProtected/TestSecretStoreStaticChanging (0.00s)
=== RUN   TestReadBinaryFile
2025-02-19T20:36:23Z I! Loading config: /var/folders/83/999jb4l55z3gww5zs2b5s0c40000gn/T/TestReadBinaryFile1224663088/001/custom_builder
--- PASS: TestReadBinaryFile (0.94s)
=== RUN   TestConfig_LoadSingleInputWithEnvVars
2025-02-19T20:36:23Z I! Loading config: testdata/single_plugin_env_vars.toml
--- PASS: TestConfig_LoadSingleInputWithEnvVars (0.00s)
=== RUN   TestConfig_LoadSingleInput
2025-02-19T20:36:23Z I! Loading config: testdata/single_plugin.toml
--- PASS: TestConfig_LoadSingleInput (0.00s)
=== RUN   TestConfig_LoadSingleInput_WithSeparators
2025-02-19T20:36:23Z I! Loading config: testdata/single_plugin_with_separators.toml
--- PASS: TestConfig_LoadSingleInput_WithSeparators (0.00s)
=== RUN   TestConfig_LoadSingleInput_WithCommentInArray
2025-02-19T20:36:23Z I! Loading config: ./testdata/single_plugin_with_comment_in_array.toml
--- PASS: TestConfig_LoadSingleInput_WithCommentInArray (0.00s)
=== RUN   TestConfig_LoadDirectory
2025-02-19T20:36:23Z I! Loading config: testdata/single_plugin.toml
2025-02-19T20:36:23Z I! Loading config: testdata/subconfig/exec.conf
2025-02-19T20:36:23Z I! Loading config: testdata/subconfig/memcached.conf
2025-02-19T20:36:23Z W! DeprecationWarning: Option "pass" of plugin "inputs.memcached" deprecated since version 0.10.4 and will be removed in 1.35.0: use 'fieldinclude' instead
2025-02-19T20:36:23Z W! DeprecationWarning: Option "drop" of plugin "inputs.memcached" deprecated since version 0.10.4 and will be removed in 1.35.0: use 'fieldexclude' instead
2025-02-19T20:36:23Z I! Loading config: testdata/subconfig/procstat.conf
--- PASS: TestConfig_LoadDirectory (0.00s)
=== RUN   TestConfig_WrongCertPath
2025-02-19T20:36:23Z I! Loading config: ./testdata/wrong_cert_path.toml
--- PASS: TestConfig_WrongCertPath (0.00s)
=== RUN   TestConfig_DefaultParser
2025-02-19T20:36:23Z I! Loading config: ./testdata/default_parser.toml
--- PASS: TestConfig_DefaultParser (0.00s)
=== RUN   TestConfig_DefaultExecParser
2025-02-19T20:36:23Z I! Loading config: ./testdata/default_parser_exec.toml
--- PASS: TestConfig_DefaultExecParser (0.00s)
=== RUN   TestConfig_LoadSpecialTypes
2025-02-19T20:36:23Z I! Loading config: ./testdata/special_types.toml
--- PASS: TestConfig_LoadSpecialTypes (0.00s)
=== RUN   TestConfig_DeprecatedFilters
2025-02-19T20:36:23Z I! Loading config: ./testdata/deprecated_field_filter.toml
2025-02-19T20:36:23Z W! DeprecationWarning: Option "pass" of plugin "inputs.file" deprecated since version 0.10.4 and will be removed in 1.35.0: use 'fieldinclude' instead
2025-02-19T20:36:23Z W! DeprecationWarning: Option "fieldpass" of plugin "inputs.file" deprecated since version 1.29.0 and will be removed in 1.40.0: use 'fieldinclude' instead
2025-02-19T20:36:23Z W! DeprecationWarning: Option "drop" of plugin "inputs.file" deprecated since version 0.10.4 and will be removed in 1.35.0: use 'fieldexclude' instead
2025-02-19T20:36:23Z W! DeprecationWarning: Option "fielddrop" of plugin "inputs.file" deprecated since version 1.29.0 and will be removed in 1.40.0: use 'fieldexclude' instead
--- PASS: TestConfig_DeprecatedFilters (0.00s)
=== RUN   TestConfig_FieldNotDefined
=== RUN   TestConfig_FieldNotDefined/in_input_plugin_without_parser
2025-02-19T20:36:23Z I! Loading config: ./testdata/invalid_field.toml
=== RUN   TestConfig_FieldNotDefined/in_input_plugin_with_parser
2025-02-19T20:36:23Z I! Loading config: ./testdata/invalid_field_with_parser.toml
=== RUN   TestConfig_FieldNotDefined/in_input_plugin_with_parser_func
2025-02-19T20:36:23Z I! Loading config: ./testdata/invalid_field_with_parserfunc.toml
=== RUN   TestConfig_FieldNotDefined/in_parser_of_input_plugin
2025-02-19T20:36:23Z I! Loading config: ./testdata/invalid_field_in_parser_table.toml
=== RUN   TestConfig_FieldNotDefined/in_parser_of_input_plugin_with_parser-func
2025-02-19T20:36:23Z I! Loading config: ./testdata/invalid_field_in_parserfunc_table.toml
=== RUN   TestConfig_FieldNotDefined/in_processor_plugin_without_parser
2025-02-19T20:36:23Z I! Loading config: ./testdata/invalid_field_processor.toml
=== RUN   TestConfig_FieldNotDefined/in_processor_plugin_with_parser
2025-02-19T20:36:23Z I! Loading config: ./testdata/invalid_field_processor_with_parser.toml
=== RUN   TestConfig_FieldNotDefined/in_processor_plugin_with_parser_func
2025-02-19T20:36:23Z I! Loading config: ./testdata/invalid_field_processor_with_parserfunc.toml
=== RUN   TestConfig_FieldNotDefined/in_parser_of_processor_plugin
2025-02-19T20:36:23Z I! Loading config: ./testdata/invalid_field_processor_in_parser_table.toml
=== RUN   TestConfig_FieldNotDefined/in_parser_of_processor_plugin_with_parser-func
2025-02-19T20:36:23Z I! Loading config: ./testdata/invalid_field_processor_in_parserfunc_table.toml
--- PASS: TestConfig_FieldNotDefined (0.00s)
    --- PASS: TestConfig_FieldNotDefined/in_input_plugin_without_parser (0.00s)
    --- PASS: TestConfig_FieldNotDefined/in_input_plugin_with_parser (0.00s)
    --- PASS: TestConfig_FieldNotDefined/in_input_plugin_with_parser_func (0.00s)
    --- PASS: TestConfig_FieldNotDefined/in_parser_of_input_plugin (0.00s)
    --- PASS: TestConfig_FieldNotDefined/in_parser_of_input_plugin_with_parser-func (0.00s)
    --- PASS: TestConfig_FieldNotDefined/in_processor_plugin_without_parser (0.00s)
    --- PASS: TestConfig_FieldNotDefined/in_processor_plugin_with_parser (0.00s)
    --- PASS: TestConfig_FieldNotDefined/in_processor_plugin_with_parser_func (0.00s)
    --- PASS: TestConfig_FieldNotDefined/in_parser_of_processor_plugin (0.00s)
    --- PASS: TestConfig_FieldNotDefined/in_parser_of_processor_plugin_with_parser-func (0.00s)
=== RUN   TestConfig_WrongFieldType
2025-02-19T20:36:23Z I! Loading config: ./testdata/wrong_field_type.toml
2025-02-19T20:36:23Z I! Loading config: ./testdata/wrong_field_type2.toml
--- PASS: TestConfig_WrongFieldType (0.00s)
=== RUN   TestConfig_InlineTables
2025-02-19T20:36:23Z I! Loading config: ./testdata/inline_table.toml
--- PASS: TestConfig_InlineTables (0.00s)
=== RUN   TestConfig_SliceComment
2025-02-19T20:36:23Z I! Loading config: ./testdata/slice_comment.toml
--- PASS: TestConfig_SliceComment (0.00s)
=== RUN   TestConfig_BadOrdering
2025-02-19T20:36:23Z I! Loading config: ./testdata/non_slice_slice.toml
--- PASS: TestConfig_BadOrdering (0.00s)
=== RUN   TestConfig_AzureMonitorNamespacePrefix
2025-02-19T20:36:23Z I! Loading config: ./testdata/azure_monitor.toml
--- PASS: TestConfig_AzureMonitorNamespacePrefix (0.00s)
=== RUN   TestGetDefaultConfigPathFromEnvURL
2025-02-19T20:36:23Z I! Loading config: http://127.0.0.1:56994
--- PASS: TestGetDefaultConfigPathFromEnvURL (0.00s)
=== RUN   TestConfig_URLLikeFileName
2025-02-19T20:36:23Z I! Loading config: http:##www.example.com.conf
--- PASS: TestConfig_URLLikeFileName (0.00s)
=== RUN   TestConfig_Filtering
2025-02-19T20:36:23Z I! Loading config: ./testdata/filter_metricpass.toml
--- PASS: TestConfig_Filtering (0.00s)
=== RUN   TestConfig_SerializerInterfaceNewFormat
2025-02-19T20:36:23Z I! Loading config: ./testdata/serializers_new.toml
    config_test.go:657: new-style "carbon2"
    config_test.go:657: new-style "csv"
    config_test.go:657: new-style "graphite"
    config_test.go:657: new-style "influx"
    config_test.go:657: new-style "json"
    config_test.go:657: new-style "msgpack"
    config_test.go:657: new-style "nowmetric"
    config_test.go:657: new-style "prometheus"
    config_test.go:657: new-style "prometheusremotewrite"
    config_test.go:657: new-style "splunkmetric"
    config_test.go:657: new-style "wavefront"
--- PASS: TestConfig_SerializerInterfaceNewFormat (0.00s)
=== RUN   TestConfig_ParserInterface
2025-02-19T20:36:23Z I! Loading config: ./testdata/parsers_new.toml
--- PASS: TestConfig_ParserInterface (0.01s)
=== RUN   TestConfig_MultipleProcessorsOrder
=== RUN   TestConfig_MultipleProcessorsOrder/Test_the_order_of_multiple_unique_processosr
2025-02-19T20:36:23Z I! Loading config: testdata/processor_order/multiple_processors.toml
=== RUN   TestConfig_MultipleProcessorsOrder/Test_using_a_single_'order'_configuration
2025-02-19T20:36:23Z I! Loading config: testdata/processor_order/multiple_processors_simple_order.toml
=== RUN   TestConfig_MultipleProcessorsOrder/Test_using_multiple_'order'_configurations
2025-02-19T20:36:23Z I! Loading config: testdata/processor_order/multiple_processors_messy_order.toml
=== RUN   TestConfig_MultipleProcessorsOrder/Test_loading_multiple_configuration_files
2025-02-19T20:36:23Z I! Loading config: testdata/processor_order/multiple_processors.toml
2025-02-19T20:36:23Z I! Loading config: testdata/processor_order/multiple_processors_simple_order.toml
=== RUN   TestConfig_MultipleProcessorsOrder/Test_loading_multiple_configuration_files_both_with_order
2025-02-19T20:36:23Z I! Loading config: testdata/processor_order/multiple_processors_simple_order.toml
2025-02-19T20:36:23Z I! Loading config: testdata/processor_order/multiple_processors_messy_order.toml
--- PASS: TestConfig_MultipleProcessorsOrder (0.00s)
    --- PASS: TestConfig_MultipleProcessorsOrder/Test_the_order_of_multiple_unique_processosr (0.00s)
    --- PASS: TestConfig_MultipleProcessorsOrder/Test_using_a_single_'order'_configuration (0.00s)
    --- PASS: TestConfig_MultipleProcessorsOrder/Test_using_multiple_'order'_configurations (0.00s)
    --- PASS: TestConfig_MultipleProcessorsOrder/Test_loading_multiple_configuration_files (0.00s)
    --- PASS: TestConfig_MultipleProcessorsOrder/Test_loading_multiple_configuration_files_both_with_order (0.00s)
=== RUN   TestConfig_ProcessorsWithParsers
2025-02-19T20:36:23Z I! Loading config: ./testdata/processors_with_parsers.toml
--- PASS: TestConfig_ProcessorsWithParsers (0.01s)
=== RUN   TestConfigPluginIDsDifferent
2025-02-19T20:36:23Z I! Loading config: ./testdata/state_persistence_input_all_different.toml
--- PASS: TestConfigPluginIDsDifferent (0.00s)
=== RUN   TestConfigPluginIDsSame
2025-02-19T20:36:23Z I! Loading config: ./testdata/state_persistence_input_all_same.toml
--- PASS: TestConfigPluginIDsSame (0.00s)
=== RUN   TestPersisterInputStoreLoad
2025-02-19T20:36:23Z I! Loading config: testdata/state_persistence_input_store_load.toml
2025-02-19T20:36:23Z I! Loading config: testdata/state_persistence_input_store_load.toml
--- PASS: TestPersisterInputStoreLoad (0.00s)
=== RUN   TestPersisterProcessorRegistration
2025-02-19T20:36:23Z I! Loading config: testdata/state_persistence_processors.toml
--- PASS: TestPersisterProcessorRegistration (0.00s)
=== RUN   TestConfigDuration
--- PASS: TestConfigDuration (0.00s)
=== RUN   TestDuration
--- PASS: TestDuration (0.00s)
=== RUN   TestSize
--- PASS: TestSize (0.00s)
=== RUN   TestTOMLParsingStringDurations
--- PASS: TestTOMLParsingStringDurations (0.00s)
=== RUN   TestTOMLParsingIntegerDurations
--- PASS: TestTOMLParsingIntegerDurations (0.00s)
=== RUN   TestTOMLParsingFloatDurations
--- PASS: TestTOMLParsingFloatDurations (0.00s)
=== RUN   TestTOMLParsingStringSizes
--- PASS: TestTOMLParsingStringSizes (0.00s)
=== RUN   TestTOMLParsingIntegerSizes
--- PASS: TestTOMLParsingIntegerSizes (0.00s)
PASS
ok  	github.com/influxdata/telegraf/config	3.444s
=== RUN   TestCompile
--- PASS: TestCompile (0.00s)
=== RUN   TestIncludeExclude
--- PASS: TestIncludeExclude (0.00s)
PASS
ok  	github.com/influxdata/telegraf/filter	1.087s
=== RUN   TestGzipEncodeDecode
--- PASS: TestGzipEncodeDecode (0.00s)
=== RUN   TestGzipReuse
--- PASS: TestGzipReuse (0.00s)
=== RUN   TestZlibEncodeDecode
--- PASS: TestZlibEncodeDecode (0.00s)
=== RUN   TestZlibEncodeDecodeWithTooLargeMessage
--- PASS: TestZlibEncodeDecodeWithTooLargeMessage (0.00s)
=== RUN   TestZstdEncodeDecode
--- PASS: TestZstdEncodeDecode (0.00s)
=== RUN   TestZstdReuse
--- PASS: TestZstdReuse (0.00s)
=== RUN   TestIdentityEncodeDecode
--- PASS: TestIdentityEncodeDecode (0.00s)
=== RUN   TestStreamIdentityDecode
--- PASS: TestStreamIdentityDecode (0.00s)
=== RUN   TestStreamGzipDecode
--- PASS: TestStreamGzipDecode (0.00s)
=== RUN   TestCompressionLevel
=== RUN   TestCompressionLevel/gzip_default
=== RUN   TestCompressionLevel/gzip_invalid
=== RUN   TestCompressionLevel/gzip_level_0
=== RUN   TestCompressionLevel/gzip_level_1
=== RUN   TestCompressionLevel/gzip_level_2
=== RUN   TestCompressionLevel/gzip_level_3
=== RUN   TestCompressionLevel/gzip_level_4
=== RUN   TestCompressionLevel/gzip_level_5
=== RUN   TestCompressionLevel/gzip_level_6
=== RUN   TestCompressionLevel/gzip_level_7
=== RUN   TestCompressionLevel/gzip_level_8
=== RUN   TestCompressionLevel/gzip_level_9
=== RUN   TestCompressionLevel/zlib_default
=== RUN   TestCompressionLevel/zlib_invalid
=== RUN   TestCompressionLevel/zlib_level_0
=== RUN   TestCompressionLevel/zlib_level_1
=== RUN   TestCompressionLevel/zlib_level_2
=== RUN   TestCompressionLevel/zlib_level_3
=== RUN   TestCompressionLevel/zlib_level_4
=== RUN   TestCompressionLevel/zlib_level_5
=== RUN   TestCompressionLevel/zlib_level_6
=== RUN   TestCompressionLevel/zlib_level_7
=== RUN   TestCompressionLevel/zlib_level_8
=== RUN   TestCompressionLevel/zlib_level_9
=== RUN   TestCompressionLevel/zstd_default
=== RUN   TestCompressionLevel/zstd_invalid
=== RUN   TestCompressionLevel/zstd_level_0
=== RUN   TestCompressionLevel/zstd_level_1
=== RUN   TestCompressionLevel/zstd_level_2
=== RUN   TestCompressionLevel/zstd_level_3
=== RUN   TestCompressionLevel/zstd_level_4
=== RUN   TestCompressionLevel/zstd_level_5
=== RUN   TestCompressionLevel/zstd_level_6
=== RUN   TestCompressionLevel/zstd_level_7
=== RUN   TestCompressionLevel/zstd_level_8
=== RUN   TestCompressionLevel/zstd_level_9
=== RUN   TestCompressionLevel/identity_default
=== RUN   TestCompressionLevel/identity_invalid
=== RUN   TestCompressionLevel/identity_level_0
=== RUN   TestCompressionLevel/identity_level_1
=== RUN   TestCompressionLevel/identity_level_2
=== RUN   TestCompressionLevel/identity_level_3
=== RUN   TestCompressionLevel/identity_level_4
=== RUN   TestCompressionLevel/identity_level_5
=== RUN   TestCompressionLevel/identity_level_6
=== RUN   TestCompressionLevel/identity_level_7
=== RUN   TestCompressionLevel/identity_level_8
=== RUN   TestCompressionLevel/identity_level_9
--- PASS: TestCompressionLevel (0.00s)
    --- PASS: TestCompressionLevel/gzip_default (0.00s)
    --- PASS: TestCompressionLevel/gzip_invalid (0.00s)
    --- PASS: TestCompressionLevel/gzip_level_0 (0.00s)
    --- PASS: TestCompressionLevel/gzip_level_1 (0.00s)
    --- PASS: TestCompressionLevel/gzip_level_2 (0.00s)
    --- PASS: TestCompressionLevel/gzip_level_3 (0.00s)
    --- PASS: TestCompressionLevel/gzip_level_4 (0.00s)
    --- PASS: TestCompressionLevel/gzip_level_5 (0.00s)
    --- PASS: TestCompressionLevel/gzip_level_6 (0.00s)
    --- PASS: TestCompressionLevel/gzip_level_7 (0.00s)
    --- PASS: TestCompressionLevel/gzip_level_8 (0.00s)
    --- PASS: TestCompressionLevel/gzip_level_9 (0.00s)
    --- PASS: TestCompressionLevel/zlib_default (0.00s)
    --- PASS: TestCompressionLevel/zlib_invalid (0.00s)
    --- PASS: TestCompressionLevel/zlib_level_0 (0.00s)
    --- PASS: TestCompressionLevel/zlib_level_1 (0.00s)
    --- PASS: TestCompressionLevel/zlib_level_2 (0.00s)
    --- PASS: TestCompressionLevel/zlib_level_3 (0.00s)
    --- PASS: TestCompressionLevel/zlib_level_4 (0.00s)
    --- PASS: TestCompressionLevel/zlib_level_5 (0.00s)
    --- PASS: TestCompressionLevel/zlib_level_6 (0.00s)
    --- PASS: TestCompressionLevel/zlib_level_7 (0.00s)
    --- PASS: TestCompressionLevel/zlib_level_8 (0.00s)
    --- PASS: TestCompressionLevel/zlib_level_9 (0.00s)
    --- PASS: TestCompressionLevel/zstd_default (0.00s)
    --- PASS: TestCompressionLevel/zstd_invalid (0.00s)
    --- PASS: TestCompressionLevel/zstd_level_0 (0.00s)
    --- PASS: TestCompressionLevel/zstd_level_1 (0.00s)
    --- PASS: TestCompressionLevel/zstd_level_2 (0.00s)
    --- PASS: TestCompressionLevel/zstd_level_3 (0.00s)
    --- PASS: TestCompressionLevel/zstd_level_4 (0.00s)
    --- PASS: TestCompressionLevel/zstd_level_5 (0.00s)
    --- PASS: TestCompressionLevel/zstd_level_6 (0.00s)
    --- PASS: TestCompressionLevel/zstd_level_7 (0.00s)
    --- PASS: TestCompressionLevel/zstd_level_8 (0.00s)
    --- PASS: TestCompressionLevel/zstd_level_9 (0.00s)
    --- PASS: TestCompressionLevel/identity_default (0.00s)
    --- PASS: TestCompressionLevel/identity_invalid (0.00s)
    --- PASS: TestCompressionLevel/identity_level_0 (0.00s)
    --- PASS: TestCompressionLevel/identity_level_1 (0.00s)
    --- PASS: TestCompressionLevel/identity_level_2 (0.00s)
    --- PASS: TestCompressionLevel/identity_level_3 (0.00s)
    --- PASS: TestCompressionLevel/identity_level_4 (0.00s)
    --- PASS: TestCompressionLevel/identity_level_5 (0.00s)
    --- PASS: TestCompressionLevel/identity_level_6 (0.00s)
    --- PASS: TestCompressionLevel/identity_level_7 (0.00s)
    --- PASS: TestCompressionLevel/identity_level_8 (0.00s)
    --- PASS: TestCompressionLevel/identity_level_9 (0.00s)
=== RUN   TestSnakeCase
=== RUN   TestSnakeCase/a
=== RUN   TestSnakeCase/snake
=== RUN   TestSnakeCase/A
=== RUN   TestSnakeCase/ID
=== RUN   TestSnakeCase/MOTD
=== RUN   TestSnakeCase/Snake
=== RUN   TestSnakeCase/SnakeTest
=== RUN   TestSnakeCase/APIResponse
=== RUN   TestSnakeCase/SnakeID
=== RUN   TestSnakeCase/SnakeIDGoogle
=== RUN   TestSnakeCase/LinuxMOTD
=== RUN   TestSnakeCase/OMGWTFBBQ
=== RUN   TestSnakeCase/omg_wtf_bbq
--- PASS: TestSnakeCase (0.00s)
    --- PASS: TestSnakeCase/a (0.00s)
    --- PASS: TestSnakeCase/snake (0.00s)
    --- PASS: TestSnakeCase/A (0.00s)
    --- PASS: TestSnakeCase/ID (0.00s)
    --- PASS: TestSnakeCase/MOTD (0.00s)
    --- PASS: TestSnakeCase/Snake (0.00s)
    --- PASS: TestSnakeCase/SnakeTest (0.00s)
    --- PASS: TestSnakeCase/APIResponse (0.00s)
    --- PASS: TestSnakeCase/SnakeID (0.00s)
    --- PASS: TestSnakeCase/SnakeIDGoogle (0.00s)
    --- PASS: TestSnakeCase/LinuxMOTD (0.00s)
    --- PASS: TestSnakeCase/OMGWTFBBQ (0.00s)
    --- PASS: TestSnakeCase/omg_wtf_bbq (0.00s)
=== RUN   TestRunTimeout
    internal_test.go:48: Skipping test due to random failures & a data race when running test-all.
--- SKIP: TestRunTimeout (0.00s)
=== RUN   TestRunTimeoutFastExit
--- PASS: TestRunTimeoutFastExit (0.09s)
=== RUN   TestCombinedOutputTimeout
    internal_test.go:92: Test failing too often, skip for now and revisit later.
--- SKIP: TestCombinedOutputTimeout (0.00s)
=== RUN   TestCombinedOutput
--- PASS: TestCombinedOutput (0.00s)
=== RUN   TestCombinedOutputError
--- PASS: TestCombinedOutputError (0.02s)
=== RUN   TestRunError
--- PASS: TestRunError (0.01s)
=== RUN   TestRandomSleep
    internal_test.go:150: Test failing too often, skip for now and revisit later.
--- SKIP: TestRandomSleep (0.00s)
=== RUN   TestCompressWithGzip
--- PASS: TestCompressWithGzip (0.00s)
=== RUN   TestCompressWithGzipEarlyClose
--- PASS: TestCompressWithGzipEarlyClose (0.00s)
=== RUN   TestCompressWithGzipErrorPropagationCopy
--- PASS: TestCompressWithGzipErrorPropagationCopy (0.00s)
=== RUN   TestCompressWithGzipErrorPropagationReadAll
--- PASS: TestCompressWithGzipErrorPropagationReadAll (0.00s)
=== RUN   TestAlignDuration
=== RUN   TestAlignDuration/aligned
=== RUN   TestAlignDuration/standard_interval
=== RUN   TestAlignDuration/odd_interval
=== RUN   TestAlignDuration/sub_second_interval
=== RUN   TestAlignDuration/non_divisible_not_aligned_on_minutes
=== RUN   TestAlignDuration/long_interval
--- PASS: TestAlignDuration (0.00s)
    --- PASS: TestAlignDuration/aligned (0.00s)
    --- PASS: TestAlignDuration/standard_interval (0.00s)
    --- PASS: TestAlignDuration/odd_interval (0.00s)
    --- PASS: TestAlignDuration/sub_second_interval (0.00s)
    --- PASS: TestAlignDuration/non_divisible_not_aligned_on_minutes (0.00s)
    --- PASS: TestAlignDuration/long_interval (0.00s)
=== RUN   TestAlignTime
=== RUN   TestAlignTime/aligned
=== RUN   TestAlignTime/aligned#01
--- PASS: TestAlignTime (0.00s)
    --- PASS: TestAlignTime/aligned (0.00s)
    --- PASS: TestAlignTime/aligned#01 (0.00s)
=== RUN   TestParseTimestamp
=== RUN   TestParseTimestamp/parse_layout_string_in_utc
=== RUN   TestParseTimestamp/layout_regression_6386
=== RUN   TestParseTimestamp/default_location_is_utc
=== RUN   TestParseTimestamp/unix_seconds_without_fractional
=== RUN   TestParseTimestamp/unix_seconds_with_fractional
=== RUN   TestParseTimestamp/unix_seconds_with_fractional_and_comma_decimal_point
=== RUN   TestParseTimestamp/unix_seconds_extra_precision
=== RUN   TestParseTimestamp/unix_seconds_with_thousand_separator_only_(dot)
=== RUN   TestParseTimestamp/unix_seconds_with_thousand_separator_only_(comma)
=== RUN   TestParseTimestamp/unix_seconds_with_thousand_separator_only_(space)
=== RUN   TestParseTimestamp/unix_seconds_with_thousand_separator_only_(underscore)
=== RUN   TestParseTimestamp/unix_seconds_with_thousand_and_decimal_separator_(US)
=== RUN   TestParseTimestamp/unix_seconds_with_thousand_and_decimal_separator_(EU)
=== RUN   TestParseTimestamp/unix_seconds_integer
=== RUN   TestParseTimestamp/unix_seconds_float
=== RUN   TestParseTimestamp/unix_seconds_float_exponential
=== RUN   TestParseTimestamp/unix_milliseconds
=== RUN   TestParseTimestamp/unix_milliseconds_with_fractional
=== RUN   TestParseTimestamp/unix_microseconds
=== RUN   TestParseTimestamp/unix_nanoseconds
=== RUN   TestParseTimestamp/unix_nanoseconds_exponential
=== RUN   TestParseTimestamp/rfc339_test
=== RUN   TestParseTimestamp/ANSIC
=== RUN   TestParseTimestamp/UnixDate
=== RUN   TestParseTimestamp/RubyDate
=== RUN   TestParseTimestamp/RFC822
=== RUN   TestParseTimestamp/RFC822Z
=== RUN   TestParseTimestamp/RFC850
=== RUN   TestParseTimestamp/RFC1123
=== RUN   TestParseTimestamp/RFC1123Z
=== RUN   TestParseTimestamp/RFC3339Nano
=== RUN   TestParseTimestamp/Stamp
=== RUN   TestParseTimestamp/StampMilli
=== RUN   TestParseTimestamp/StampMicro
=== RUN   TestParseTimestamp/StampNano
=== RUN   TestParseTimestamp/RFC850#01
--- PASS: TestParseTimestamp (0.00s)
    --- PASS: TestParseTimestamp/parse_layout_string_in_utc (0.00s)
    --- PASS: TestParseTimestamp/layout_regression_6386 (0.00s)
    --- PASS: TestParseTimestamp/default_location_is_utc (0.00s)
    --- PASS: TestParseTimestamp/unix_seconds_without_fractional (0.00s)
    --- PASS: TestParseTimestamp/unix_seconds_with_fractional (0.00s)
    --- PASS: TestParseTimestamp/unix_seconds_with_fractional_and_comma_decimal_point (0.00s)
    --- PASS: TestParseTimestamp/unix_seconds_extra_precision (0.00s)
    --- PASS: TestParseTimestamp/unix_seconds_with_thousand_separator_only_(dot) (0.00s)
    --- PASS: TestParseTimestamp/unix_seconds_with_thousand_separator_only_(comma) (0.00s)
    --- PASS: TestParseTimestamp/unix_seconds_with_thousand_separator_only_(space) (0.00s)
    --- PASS: TestParseTimestamp/unix_seconds_with_thousand_separator_only_(underscore) (0.00s)
    --- PASS: TestParseTimestamp/unix_seconds_with_thousand_and_decimal_separator_(US) (0.00s)
    --- PASS: TestParseTimestamp/unix_seconds_with_thousand_and_decimal_separator_(EU) (0.00s)
    --- PASS: TestParseTimestamp/unix_seconds_integer (0.00s)
    --- PASS: TestParseTimestamp/unix_seconds_float (0.00s)
    --- PASS: TestParseTimestamp/unix_seconds_float_exponential (0.00s)
    --- PASS: TestParseTimestamp/unix_milliseconds (0.00s)
    --- PASS: TestParseTimestamp/unix_milliseconds_with_fractional (0.00s)
    --- PASS: TestParseTimestamp/unix_microseconds (0.00s)
    --- PASS: TestParseTimestamp/unix_nanoseconds (0.00s)
    --- PASS: TestParseTimestamp/unix_nanoseconds_exponential (0.00s)
    --- PASS: TestParseTimestamp/rfc339_test (0.00s)
    --- PASS: TestParseTimestamp/ANSIC (0.00s)
    --- PASS: TestParseTimestamp/UnixDate (0.00s)
    --- PASS: TestParseTimestamp/RubyDate (0.00s)
    --- PASS: TestParseTimestamp/RFC822 (0.00s)
    --- PASS: TestParseTimestamp/RFC822Z (0.00s)
    --- PASS: TestParseTimestamp/RFC850 (0.00s)
    --- PASS: TestParseTimestamp/RFC1123 (0.00s)
    --- PASS: TestParseTimestamp/RFC1123Z (0.00s)
    --- PASS: TestParseTimestamp/RFC3339Nano (0.00s)
    --- PASS: TestParseTimestamp/Stamp (0.00s)
    --- PASS: TestParseTimestamp/StampMilli (0.00s)
    --- PASS: TestParseTimestamp/StampMicro (0.00s)
    --- PASS: TestParseTimestamp/StampNano (0.00s)
    --- PASS: TestParseTimestamp/RFC850#01 (0.00s)
=== RUN   TestParseTimestampInvalid
=== RUN   TestParseTimestampInvalid/too_few_digits
=== RUN   TestParseTimestampInvalid/invalid_layout
=== RUN   TestParseTimestampInvalid/layout_not_matching_time
=== RUN   TestParseTimestampInvalid/unix_wrong_type
=== RUN   TestParseTimestampInvalid/unix_multiple_separators_(dot)
=== RUN   TestParseTimestampInvalid/unix_multiple_separators_(comma)
=== RUN   TestParseTimestampInvalid/unix_multiple_separators_(mixed)
=== RUN   TestParseTimestampInvalid/invalid_timezone_abbreviation
--- PASS: TestParseTimestampInvalid (0.00s)
    --- PASS: TestParseTimestampInvalid/too_few_digits (0.00s)
    --- PASS: TestParseTimestampInvalid/invalid_layout (0.00s)
    --- PASS: TestParseTimestampInvalid/layout_not_matching_time (0.00s)
    --- PASS: TestParseTimestampInvalid/unix_wrong_type (0.00s)
    --- PASS: TestParseTimestampInvalid/unix_multiple_separators_(dot) (0.00s)
    --- PASS: TestParseTimestampInvalid/unix_multiple_separators_(comma) (0.00s)
    --- PASS: TestParseTimestampInvalid/unix_multiple_separators_(mixed) (0.00s)
    --- PASS: TestParseTimestampInvalid/invalid_timezone_abbreviation (0.00s)
=== RUN   TestTimestampAbbrevWarning
--- PASS: TestTimestampAbbrevWarning (0.00s)
=== RUN   TestProductToken
--- PASS: TestProductToken (0.00s)
PASS
ok  	github.com/influxdata/telegraf/internal	1.053s
?   	github.com/influxdata/telegraf/internal/choice	[no test files]
=== RUN   TestParseImage
=== RUN   TestParseImage/parse_name_postgres
=== RUN   TestParseImage/parse_name_postgres:latest
=== RUN   TestParseImage/parse_name_coreos/etcd
=== RUN   TestParseImage/parse_name_coreos/etcd:latest
=== RUN   TestParseImage/parse_name_quay.io/postgres
=== RUN   TestParseImage/parse_name_quay.io:4443/coreos/etcd
=== RUN   TestParseImage/parse_name_quay.io:4443/coreos/etcd:latest
--- PASS: TestParseImage (0.00s)
    --- PASS: TestParseImage/parse_name_postgres (0.00s)
    --- PASS: TestParseImage/parse_name_postgres:latest (0.00s)
    --- PASS: TestParseImage/parse_name_coreos/etcd (0.00s)
    --- PASS: TestParseImage/parse_name_coreos/etcd:latest (0.00s)
    --- PASS: TestParseImage/parse_name_quay.io/postgres (0.00s)
    --- PASS: TestParseImage/parse_name_quay.io:4443/coreos/etcd (0.00s)
    --- PASS: TestParseImage/parse_name_quay.io:4443/coreos/etcd:latest (0.00s)
PASS
ok  	github.com/influxdata/telegraf/internal/docker	3.801s
?   	github.com/influxdata/telegraf/internal/fuzz	[no test files]
=== RUN   TestCompileAndMatch
--- PASS: TestCompileAndMatch (0.00s)
=== RUN   TestRootGlob
--- PASS: TestRootGlob (0.00s)
=== RUN   TestFindNestedTextFile
--- PASS: TestFindNestedTextFile (0.00s)
=== RUN   TestMatch_ErrPermission
--- PASS: TestMatch_ErrPermission (0.00s)
=== RUN   TestWindowsSeparator
    globpath_test.go:107: Skipping Windows only test
--- SKIP: TestWindowsSeparator (0.00s)
PASS
ok  	github.com/influxdata/telegraf/internal/globpath	3.614s
?   	github.com/influxdata/telegraf/internal/goplugin	[no test files]
?   	github.com/influxdata/telegraf/internal/limiter	[no test files]
=== RUN   TestRestartingRebindsPipes
2025/02/19 21:36:26 I! [] Starting process: /var/folders/83/999jb4l55z3gww5zs2b5s0c40000gn/T/go-build3684050339/b3118/process.test [-external]
2025/02/19 21:36:26 E! [] Process /var/folders/83/999jb4l55z3gww5zs2b5s0c40000gn/T/go-build3684050339/b3118/process.test exited: signal: killed
2025/02/19 21:36:26 I! [] Restarting in 100ns...
2025/02/19 21:36:26 I! [] Starting process: /var/folders/83/999jb4l55z3gww5zs2b5s0c40000gn/T/go-build3684050339/b3118/process.test [-external]
2025/02/19 21:36:31 I! [] Process /var/folders/83/999jb4l55z3gww5zs2b5s0c40000gn/T/go-build3684050339/b3118/process.test shut down
--- PASS: TestRestartingRebindsPipes (5.04s)
PASS
ok  	github.com/influxdata/telegraf/internal/process	10.986s
=== RUN   TestFileWriter_NoRotation
--- PASS: TestFileWriter_NoRotation (0.00s)
=== RUN   TestFileWriter_TimeRotation
--- PASS: TestFileWriter_TimeRotation (0.01s)
=== RUN   TestFileWriter_ReopenTimeRotation
--- PASS: TestFileWriter_ReopenTimeRotation (0.01s)
=== RUN   TestFileWriter_SizeRotation
--- PASS: TestFileWriter_SizeRotation (0.00s)
=== RUN   TestFileWriter_ReopenSizeRotation
--- PASS: TestFileWriter_ReopenSizeRotation (0.00s)
=== RUN   TestFileWriter_DeleteArchives
--- PASS: TestFileWriter_DeleteArchives (2.01s)
=== RUN   TestFileWriter_CloseDoesNotRotate
--- PASS: TestFileWriter_CloseDoesNotRotate (0.00s)
PASS
ok  	github.com/influxdata/telegraf/internal/rotate	7.672s
=== RUN   TestConvertDefault
=== RUN   TestConvertDefault/integer
=== RUN   TestConvertDefault/octet_string_with_valid_bytes
=== RUN   TestConvertDefault/octet_string_with_invalid_bytes
=== RUN   TestConvertDefault/invalid
--- PASS: TestConvertDefault (0.00s)
    --- PASS: TestConvertDefault/integer (0.00s)
    --- PASS: TestConvertDefault/octet_string_with_valid_bytes (0.00s)
    --- PASS: TestConvertDefault/octet_string_with_invalid_bytes (0.00s)
    --- PASS: TestConvertDefault/invalid (0.00s)
=== RUN   TestConvertHex
=== RUN   TestConvertHex/octet_string_with_valid_bytes
=== RUN   TestConvertHex/octet_string_with_invalid_bytes
=== RUN   TestConvertHex/IPv4
=== RUN   TestConvertHex/IPv6
=== RUN   TestConvertHex/oid
=== RUN   TestConvertHex/integer
--- PASS: TestConvertHex (0.00s)
    --- PASS: TestConvertHex/octet_string_with_valid_bytes (0.00s)
    --- PASS: TestConvertHex/octet_string_with_invalid_bytes (0.00s)
    --- PASS: TestConvertHex/IPv4 (0.00s)
    --- PASS: TestConvertHex/IPv6 (0.00s)
    --- PASS: TestConvertHex/oid (0.00s)
    --- PASS: TestConvertHex/integer (0.00s)
=== RUN   TestConvertHextoint
=== RUN   TestConvertHextoint/empty
=== RUN   TestConvertHextoint/big_endian_uint64
=== RUN   TestConvertHextoint/big_endian_uint32
=== RUN   TestConvertHextoint/big_endian_uint16
=== RUN   TestConvertHextoint/big_endian_invalid
=== RUN   TestConvertHextoint/little_endian_uint64
=== RUN   TestConvertHextoint/little_endian_uint32
=== RUN   TestConvertHextoint/little_endian_uint16
=== RUN   TestConvertHextoint/little_endian_single_byte
=== RUN   TestConvertHextoint/little_endian_invalid
=== RUN   TestConvertHextoint/invalid
--- PASS: TestConvertHextoint (0.00s)
    --- PASS: TestConvertHextoint/empty (0.00s)
    --- PASS: TestConvertHextoint/big_endian_uint64 (0.00s)
    --- PASS: TestConvertHextoint/big_endian_uint32 (0.00s)
    --- PASS: TestConvertHextoint/big_endian_uint16 (0.00s)
    --- PASS: TestConvertHextoint/big_endian_invalid (0.00s)
    --- PASS: TestConvertHextoint/little_endian_uint64 (0.00s)
    --- PASS: TestConvertHextoint/little_endian_uint32 (0.00s)
    --- PASS: TestConvertHextoint/little_endian_uint16 (0.00s)
    --- PASS: TestConvertHextoint/little_endian_single_byte (0.00s)
    --- PASS: TestConvertHextoint/little_endian_invalid (0.00s)
    --- PASS: TestConvertHextoint/invalid (0.00s)
=== RUN   TestFolderLookup
=== RUN   TestFolderLookup/loading_folders
--- PASS: TestFolderLookup (0.00s)
    --- PASS: TestFolderLookup/loading_folders (0.00s)
=== RUN   TestMissingMibPath
2025-02-19T20:36:26Z W! [] No mibs found
2025-02-19T20:36:26Z W! [] MIB path doesn't exist: "non-existing-directory"
--- PASS: TestMissingMibPath (0.00s)
=== RUN   TestTableJoin_walk
--- PASS: TestTableJoin_walk (0.00s)
=== RUN   TestTableOuterJoin_walk
--- PASS: TestTableOuterJoin_walk (0.00s)
=== RUN   TestTableJoinNoIndexAsTag_walk
--- PASS: TestTableJoinNoIndexAsTag_walk (0.00s)
=== RUN   TestGosmiTranslator
Parse module: /Users/frederikmoschner/Documents/plugin_erweiterung/telegraf/internal/snmp/testdata/loadMibsFromPath/linkTarget/emptyFile:1:1: unexpected token ""
2025-02-19T20:36:26Z W! [] Couldn't load module emptyFile: Could not load module at emptyFile
Parse module: /Users/frederikmoschner/Documents/plugin_erweiterung/telegraf/internal/snmp/testdata/loadMibsFromPath/root/dirOne/dirTwo/empty:1:1: unexpected token ""
2025-02-19T20:36:26Z W! [] Couldn't load module empty: Could not load module at empty
Parse module: /Users/frederikmoschner/Documents/plugin_erweiterung/telegraf/internal/snmp/testdata/loadMibsFromPath/linkTarget/emptyFile:1:1: unexpected token ""
2025-02-19T20:36:26Z W! [] Couldn't load module emptyFile: Could not load module at emptyFile
--- PASS: TestGosmiTranslator (0.25s)
=== RUN   TestFieldInitGosmi
--- PASS: TestFieldInitGosmi (0.27s)
=== RUN   TestTableInitGosmi
--- PASS: TestTableInitGosmi (0.00s)
=== RUN   TestTableBuild_walk_noTranslate
--- PASS: TestTableBuild_walk_noTranslate (0.00s)
=== RUN   TestTableBuild_walk_Translate
--- PASS: TestTableBuild_walk_Translate (0.00s)
=== RUN   TestTableBuild_noWalkGosmi
--- PASS: TestTableBuild_noWalkGosmi (0.00s)
=== RUN   TestFieldConvertGosmi
--- PASS: TestFieldConvertGosmi (0.00s)
=== RUN   TestSnmpFormatDisplayHint
=== RUN   TestSnmpFormatDisplayHint/ifOperStatus
=== RUN   TestSnmpFormatDisplayHint/ifPhysAddress
=== RUN   TestSnmpFormatDisplayHint/DateAndTime_short
=== RUN   TestSnmpFormatDisplayHint/DateAndTime_long
--- PASS: TestSnmpFormatDisplayHint (0.00s)
    --- PASS: TestSnmpFormatDisplayHint/ifOperStatus (0.00s)
    --- PASS: TestSnmpFormatDisplayHint/ifPhysAddress (0.00s)
    --- PASS: TestSnmpFormatDisplayHint/DateAndTime_short (0.00s)
    --- PASS: TestSnmpFormatDisplayHint/DateAndTime_long (0.00s)
=== RUN   TestTableJoin_walkGosmi
--- PASS: TestTableJoin_walkGosmi (0.00s)
=== RUN   TestTableOuterJoin_walkGosmi
--- PASS: TestTableOuterJoin_walkGosmi (0.00s)
=== RUN   TestTableJoinNoIndexAsTag_walkGosmi
--- PASS: TestTableJoinNoIndexAsTag_walkGosmi (0.00s)
=== RUN   TestCanNotParse
--- PASS: TestCanNotParse (0.00s)
=== RUN   TestTrapLookup
=== RUN   TestTrapLookup/Known_trap_OID
=== RUN   TestTrapLookup/Known_trap_value_OID
=== RUN   TestTrapLookup/Unknown_enterprise_sub-OID
=== RUN   TestTrapLookup/Unknown_MIB
--- PASS: TestTrapLookup (0.00s)
    --- PASS: TestTrapLookup/Known_trap_OID (0.00s)
    --- PASS: TestTrapLookup/Known_trap_value_OID (0.00s)
    --- PASS: TestTrapLookup/Unknown_enterprise_sub-OID (0.00s)
    --- PASS: TestTrapLookup/Unknown_MIB (0.00s)
=== RUN   TestTrapLookupFail
=== RUN   TestTrapLookupFail/New_top_level_OID
=== RUN   TestTrapLookupFail/Malformed_OID
--- PASS: TestTrapLookupFail (0.00s)
    --- PASS: TestTrapLookupFail/New_top_level_OID (0.00s)
    --- PASS: TestTrapLookupFail/Malformed_OID (0.00s)
=== RUN   TestMockExecCommand
--- PASS: TestMockExecCommand (0.00s)
=== RUN   TestFieldInit
--- PASS: TestFieldInit (0.22s)
=== RUN   TestTableInit
--- PASS: TestTableInit (0.24s)
=== RUN   TestTableBuild_walk
--- PASS: TestTableBuild_walk (0.03s)
=== RUN   TestTableBuild_noWalk
--- PASS: TestTableBuild_noWalk (0.00s)
=== RUN   TestSnmpTranslateCache_miss
--- PASS: TestSnmpTranslateCache_miss (0.03s)
=== RUN   TestSnmpTranslateCache_hit
--- PASS: TestSnmpTranslateCache_hit (0.00s)
=== RUN   TestSnmpTableCache_miss
--- PASS: TestSnmpTableCache_miss (0.10s)
=== RUN   TestSnmpTableCache_hit
--- PASS: TestSnmpTableCache_hit (0.00s)
PASS
ok  	github.com/influxdata/telegraf/internal/snmp	7.073s
=== RUN   TestEngineAlternateSeparator
--- PASS: TestEngineAlternateSeparator (0.00s)
=== RUN   TestEngineWithWildcardTemplate
=== RUN   TestEngineWithWildcardTemplate/taskmanagerTask.alarm-detector.Assign.alarmDefinitionId.timeout_errors.duration.p75
=== RUN   TestEngineWithWildcardTemplate/taskmanagerTask.alarm-detector.Assign.numRecordsInPerSecond.m5_rate
--- PASS: TestEngineWithWildcardTemplate (0.00s)
    --- PASS: TestEngineWithWildcardTemplate/taskmanagerTask.alarm-detector.Assign.alarmDefinitionId.timeout_errors.duration.p75 (0.00s)
    --- PASS: TestEngineWithWildcardTemplate/taskmanagerTask.alarm-detector.Assign.numRecordsInPerSecond.m5_rate (0.00s)
PASS
ok  	github.com/influxdata/telegraf/internal/templating	5.650s
=== RUN   TestTextLogTargetDefault
--- PASS: TestTextLogTargetDefault (0.00s)
=== RUN   TestErrorCounting
2025-02-19T20:36:26Z E! [inputs.test] something went wrong
2025-02-19T20:36:26Z E! [inputs.test] something went wrong
--- PASS: TestErrorCounting (0.00s)
=== RUN   TestStructuredStderr
--- PASS: TestStructuredStderr (0.00s)
=== RUN   TestStructuredFile
--- PASS: TestStructuredFile (0.00s)
=== RUN   TestStructuredFileDebug
--- PASS: TestStructuredFileDebug (0.00s)
=== RUN   TestStructuredFileError
--- PASS: TestStructuredFileError (0.00s)
=== RUN   TestStructuredAddDefaultLogLevel
--- PASS: TestStructuredAddDefaultLogLevel (0.00s)
=== RUN   TestStructuredDerivedLogger
--- PASS: TestStructuredDerivedLogger (0.00s)
=== RUN   TestStructuredDerivedLoggerWithAttributes
--- PASS: TestStructuredDerivedLoggerWithAttributes (0.00s)
=== RUN   TestStructuredWriteToTruncatedFile
--- PASS: TestStructuredWriteToTruncatedFile (0.00s)
=== RUN   TestStructuredWriteToFileInRotation
--- PASS: TestStructuredWriteToFileInRotation (0.00s)
=== RUN   TestStructuredLogMessageKey
--- PASS: TestStructuredLogMessageKey (0.00s)
=== RUN   TestTextStderr
--- PASS: TestTextStderr (0.00s)
=== RUN   TestTextFile
--- PASS: TestTextFile (0.00s)
=== RUN   TestTextFileDebug
--- PASS: TestTextFileDebug (0.00s)
=== RUN   TestTextFileError
--- PASS: TestTextFileError (0.00s)
=== RUN   TestTextAddDefaultLogLevel
--- PASS: TestTextAddDefaultLogLevel (0.00s)
=== RUN   TestTextWriteToTruncatedFile
--- PASS: TestTextWriteToTruncatedFile (0.00s)
=== RUN   TestTextWriteToFileInRotation
--- PASS: TestTextWriteToFileInRotation (0.00s)
=== RUN   TestTextWriteDerivedLogger
--- PASS: TestTextWriteDerivedLogger (0.00s)
=== RUN   TestTextWriteDerivedLoggerWithAttributes
--- PASS: TestTextWriteDerivedLoggerWithAttributes (0.00s)
PASS
ok  	github.com/influxdata/telegraf/logger	5.766s
=== RUN   TestNewMetric
--- PASS: TestNewMetric (0.00s)
=== RUN   TestHasTag
--- PASS: TestHasTag (0.00s)
=== RUN   TestAddTagOverwrites
--- PASS: TestAddTagOverwrites (0.00s)
=== RUN   TestRemoveTagNoEffectOnMissingTags
--- PASS: TestRemoveTagNoEffectOnMissingTags (0.00s)
=== RUN   TestGetTag
--- PASS: TestGetTag (0.00s)
=== RUN   TestHasField
--- PASS: TestHasField (0.00s)
=== RUN   TestAddFieldOverwrites
--- PASS: TestAddFieldOverwrites (0.00s)
=== RUN   TestAddFieldChangesType
--- PASS: TestAddFieldChangesType (0.00s)
=== RUN   TestRemoveFieldNoEffectOnMissingFields
--- PASS: TestRemoveFieldNoEffectOnMissingFields (0.00s)
=== RUN   TestGetField
--- PASS: TestGetField (0.00s)
=== RUN   TestTagList_Sorted
--- PASS: TestTagList_Sorted (0.00s)
=== RUN   TestEquals
--- PASS: TestEquals (0.00s)
=== RUN   TestHashID
--- PASS: TestHashID (0.00s)
=== RUN   TestHashID_Consistency
--- PASS: TestHashID_Consistency (0.00s)
=== RUN   TestHashID_Delimiting
--- PASS: TestHashID_Delimiting (0.00s)
=== RUN   TestSetName
--- PASS: TestSetName (0.00s)
=== RUN   TestAddPrefix
--- PASS: TestAddPrefix (0.00s)
=== RUN   TestAddSuffix
--- PASS: TestAddSuffix (0.00s)
=== RUN   TestValueType
--- PASS: TestValueType (0.00s)
=== RUN   TestNewTrackingID
--- PASS: TestNewTrackingID (0.00s)
=== RUN   TestTracking
=== RUN   TestTracking/accept
=== RUN   TestTracking/reject
=== RUN   TestTracking/accept_copy
=== RUN   TestTracking/copy_with_accept_and_done
=== RUN   TestTracking/copy_with_mixed_delivery
--- PASS: TestTracking (0.00s)
    --- PASS: TestTracking/accept (0.00s)
    --- PASS: TestTracking/reject (0.00s)
    --- PASS: TestTracking/accept_copy (0.00s)
    --- PASS: TestTracking/copy_with_accept_and_done (0.00s)
    --- PASS: TestTracking/copy_with_mixed_delivery (0.00s)
=== RUN   TestGroupTracking
=== RUN   TestGroupTracking/accept
=== RUN   TestGroupTracking/reject
=== RUN   TestGroupTracking/remove
=== RUN   TestGroupTracking/mixed
--- PASS: TestGroupTracking (0.00s)
    --- PASS: TestGroupTracking/accept (0.00s)
    --- PASS: TestGroupTracking/reject (0.00s)
    --- PASS: TestGroupTracking/remove (0.00s)
    --- PASS: TestGroupTracking/mixed (0.00s)
PASS
ok  	github.com/influxdata/telegraf/metric	3.616s
?   	github.com/influxdata/telegraf/migrations	[no test files]
?   	github.com/influxdata/telegraf/migrations/all	[no test files]
?   	github.com/influxdata/telegraf/migrations/common	[no test files]
=== RUN   TestNoMigration
--- PASS: TestNoMigration (0.00s)
=== RUN   TestCases
=== RUN   TestCases/deprecated_drop
2025-02-19T20:36:27Z I! Loading config: testcases/deprecated_drop/expected.conf
=== RUN   TestCases/deprecated_fielddrop
2025-02-19T20:36:27Z I! Loading config: testcases/deprecated_fielddrop/expected.conf
=== RUN   TestCases/deprecated_fieldpass
2025-02-19T20:36:27Z I! Loading config: testcases/deprecated_fieldpass/expected.conf
=== RUN   TestCases/deprecated_pass
2025-02-19T20:36:27Z I! Loading config: testcases/deprecated_pass/expected.conf
=== RUN   TestCases/merge_all_overlap
2025-02-19T20:36:27Z I! Loading config: testcases/merge_all_overlap/expected.conf
=== RUN   TestCases/merge_fieldexclude
2025-02-19T20:36:27Z I! Loading config: testcases/merge_fieldexclude/expected.conf
=== RUN   TestCases/merge_fieldexclude_overlap
2025-02-19T20:36:27Z I! Loading config: testcases/merge_fieldexclude_overlap/expected.conf
=== RUN   TestCases/merge_fieldinclude
2025-02-19T20:36:27Z I! Loading config: testcases/merge_fieldinclude/expected.conf
=== RUN   TestCases/merge_fieldinclude_overlap
2025-02-19T20:36:27Z I! Loading config: testcases/merge_fieldinclude_overlap/expected.conf
--- PASS: TestCases (0.01s)
    --- PASS: TestCases/deprecated_drop (0.00s)
    --- PASS: TestCases/deprecated_fielddrop (0.00s)
    --- PASS: TestCases/deprecated_fieldpass (0.00s)
    --- PASS: TestCases/deprecated_pass (0.00s)
    --- PASS: TestCases/merge_all_overlap (0.00s)
    --- PASS: TestCases/merge_fieldexclude (0.00s)
    --- PASS: TestCases/merge_fieldexclude_overlap (0.00s)
    --- PASS: TestCases/merge_fieldinclude (0.00s)
    --- PASS: TestCases/merge_fieldinclude_overlap (0.00s)
PASS
ok  	github.com/influxdata/telegraf/migrations/general_metricfilter	3.830s
=== RUN   TestNoMigration
--- PASS: TestNoMigration (0.00s)
=== RUN   TestLogTargetEventlogCollision
--- PASS: TestLogTargetEventlogCollision (0.00s)
=== RUN   TestCases
=== RUN   TestCases/logtarget_eventlog
2025-02-19T20:36:27Z I! Loading config: testcases/logtarget_eventlog/expected.conf
=== RUN   TestCases/logtarget_eventlog_with_logfile
2025-02-19T20:36:27Z I! Loading config: testcases/logtarget_eventlog_with_logfile/expected.conf
=== RUN   TestCases/logtarget_file
2025-02-19T20:36:27Z I! Loading config: testcases/logtarget_file/expected.conf
=== RUN   TestCases/logtarget_file_no_logfile
2025-02-19T20:36:27Z I! Loading config: testcases/logtarget_file_no_logfile/expected.conf
=== RUN   TestCases/logtarget_stderr
2025-02-19T20:36:27Z I! Loading config: testcases/logtarget_stderr/expected.conf
=== RUN   TestCases/logtarget_stderr_with_logfile
2025-02-19T20:36:27Z I! Loading config: testcases/logtarget_stderr_with_logfile/expected.conf
--- PASS: TestCases (0.02s)
    --- PASS: TestCases/logtarget_eventlog (0.00s)
    --- PASS: TestCases/logtarget_eventlog_with_logfile (0.00s)
    --- PASS: TestCases/logtarget_file (0.00s)
    --- PASS: TestCases/logtarget_file_no_logfile (0.00s)
    --- PASS: TestCases/logtarget_stderr (0.00s)
    --- PASS: TestCases/logtarget_stderr_with_logfile (0.00s)
PASS
ok  	github.com/influxdata/telegraf/migrations/global_agent	3.594s
=== RUN   TestCases
=== RUN   TestCases/filter_options
2025-02-19T20:36:27Z I! Loading config: testcases/filter_options/expected.conf
=== RUN   TestCases/general_options
2025-02-19T20:36:27Z I! Loading config: testcases/general_options/expected.conf
=== RUN   TestCases/simple
2025-02-19T20:36:27Z I! Loading config: testcases/simple/expected.conf
--- PASS: TestCases (0.02s)
    --- PASS: TestCases/filter_options (0.01s)
    --- PASS: TestCases/general_options (0.01s)
    --- PASS: TestCases/simple (0.00s)
PASS
ok  	github.com/influxdata/telegraf/migrations/inputs_cassandra	3.971s
=== RUN   TestNoMigration
--- PASS: TestNoMigration (0.00s)
=== RUN   TestCases
=== RUN   TestCases/deprecated_mountpoints
2025-02-19T20:36:28Z I! Loading config: testcases/deprecated_mountpoints/expected.conf
=== RUN   TestCases/deprecated_mountpoints_existing
2025-02-19T20:36:28Z I! Loading config: testcases/deprecated_mountpoints_existing/expected.conf
--- PASS: TestCases (0.02s)
    --- PASS: TestCases/deprecated_mountpoints (0.00s)
    --- PASS: TestCases/deprecated_mountpoints_existing (0.02s)
PASS
ok  	github.com/influxdata/telegraf/migrations/inputs_disk	1.081s
=== RUN   TestNoMigration
--- PASS: TestNoMigration (0.00s)
=== RUN   TestCases
=== RUN   TestCases/deprecated_guess_path
2025-02-19T20:36:28Z I! Loading config: testcases/deprecated_guess_path/expected.conf
=== RUN   TestCases/deprecated_guess_path_false
2025-02-19T20:36:28Z I! Loading config: testcases/deprecated_guess_path_false/expected.conf
--- PASS: TestCases (0.00s)
    --- PASS: TestCases/deprecated_guess_path (0.00s)
    --- PASS: TestCases/deprecated_guess_path_false (0.00s)
PASS
ok  	github.com/influxdata/telegraf/migrations/inputs_gnmi	1.045s
=== RUN   TestCases
=== RUN   TestCases/array
2025-02-19T20:36:29Z I! Loading config: testcases/array/expected.conf
2025-02-19T20:36:29Z I! Plugin "inputs.httpjson" in line 1: 
    Replacement 'inputs.http' will not report the 'response_time' field and the
    'server' tag is replaced by the 'url' tag. Please adapt your queries!
=== RUN   TestCases/filters
2025-02-19T20:36:29Z I! Loading config: testcases/filters/expected.conf
2025-02-19T20:36:29Z I! Plugin "inputs.httpjson" in line 1: 
    Replacement 'inputs.http' will not report the 'response_time' field and the
    'server' tag is replaced by the 'url' tag. Please adapt your queries!
=== RUN   TestCases/headers
2025-02-19T20:36:29Z I! Loading config: testcases/headers/expected.conf
2025-02-19T20:36:29Z I! Plugin "inputs.httpjson" in line 1: 
    Replacement 'inputs.http' will not report the 'response_time' field and the
    'server' tag is replaced by the 'url' tag. Please adapt your queries!
=== RUN   TestCases/params
2025-02-19T20:36:29Z I! Loading config: testcases/params/expected.conf
2025-02-19T20:36:29Z I! Plugin "inputs.httpjson" in line 1: 
    Replacement 'inputs.http' will not report the 'response_time' field and the
    'server' tag is replaced by the 'url' tag. Please adapt your queries!
=== RUN   TestCases/single
2025-02-19T20:36:29Z I! Loading config: testcases/single/expected.conf
2025-02-19T20:36:29Z I! Plugin "inputs.httpjson" in line 2: 
    Replacement 'inputs.http' will not report the 'response_time' field and the
    'server' tag is replaced by the 'url' tag. Please adapt your queries!
--- PASS: TestCases (0.01s)
    --- PASS: TestCases/array (0.00s)
    --- PASS: TestCases/filters (0.00s)
    --- PASS: TestCases/headers (0.00s)
    --- PASS: TestCases/params (0.00s)
    --- PASS: TestCases/single (0.00s)
=== RUN   TestParsing
=== RUN   TestParsing/array
2025-02-19T20:36:29Z I! Loading config: testcases/array/expected.conf
=== RUN   TestParsing/single
2025-02-19T20:36:29Z I! Loading config: testcases/single/expected.conf
--- PASS: TestParsing (0.00s)
    --- PASS: TestParsing/array (0.00s)
    --- PASS: TestParsing/single (0.00s)
PASS
ok  	github.com/influxdata/telegraf/migrations/inputs_httpjson	0.711s
=== RUN   TestCases
=== RUN   TestCases/empty
2025-02-19T20:36:29Z I! Loading config: testcases/empty/expected.conf
=== RUN   TestCases/full
2025-02-19T20:36:29Z I! Loading config: testcases/full/expected.conf
--- PASS: TestCases (0.00s)
    --- PASS: TestCases/empty (0.00s)
    --- PASS: TestCases/full (0.00s)
PASS
ok  	github.com/influxdata/telegraf/migrations/inputs_io	0.920s
=== RUN   TestCases
=== RUN   TestCases/agent_default
2025-02-19T20:36:30Z I! Loading config: testcases/agent_default/expected.conf
=== RUN   TestCases/agent_more_complex
2025-02-19T20:36:30Z I! Loading config: testcases/agent_more_complex/expected.conf
=== RUN   TestCases/agent_response_timeout
2025-02-19T20:36:30Z I! Loading config: testcases/agent_response_timeout/expected.conf
=== RUN   TestCases/proxy_default
2025-02-19T20:36:30Z I! Loading config: testcases/proxy_default/expected.conf
--- PASS: TestCases (0.02s)
    --- PASS: TestCases/agent_default (0.00s)
    --- PASS: TestCases/agent_more_complex (0.01s)
    --- PASS: TestCases/agent_response_timeout (0.00s)
    --- PASS: TestCases/proxy_default (0.00s)
PASS
ok  	github.com/influxdata/telegraf/migrations/inputs_jolokia	1.717s
=== RUN   TestNoMigration
2025-02-19T20:36:30Z I! Plugin "inputs.kafka_consumer_legacy" in line 2: 
    This plugin cannot be migrated automatically and requires manual intervention!
--- PASS: TestNoMigration (0.00s)
PASS
ok  	github.com/influxdata/telegraf/migrations/inputs_kafka_consumer_legacy	1.468s
=== RUN   TestNoMigration
--- PASS: TestNoMigration (0.00s)
=== RUN   TestCases
=== RUN   TestCases/deprecated_metric_buffer
2025-02-19T20:36:29Z I! Loading config: testcases/deprecated_metric_buffer/expected.conf
=== RUN   TestCases/deprecated_metric_buffer_parser
2025-02-19T20:36:29Z I! Loading config: testcases/deprecated_metric_buffer_parser/expected.conf
--- PASS: TestCases (0.00s)
    --- PASS: TestCases/deprecated_metric_buffer (0.00s)
    --- PASS: TestCases/deprecated_metric_buffer_parser (0.00s)
PASS
ok  	github.com/influxdata/telegraf/migrations/inputs_mqtt_consumer	1.219s
=== RUN   TestNoMigration
--- PASS: TestNoMigration (0.00s)
=== RUN   TestCases
=== RUN   TestCases/deprecated_metric_buffer
2025-02-19T20:36:30Z I! Loading config: testcases/deprecated_metric_buffer/expected.conf
=== RUN   TestCases/deprecated_metric_buffer_parser
2025-02-19T20:36:30Z I! Loading config: testcases/deprecated_metric_buffer_parser/expected.conf
--- PASS: TestCases (0.00s)
    --- PASS: TestCases/deprecated_metric_buffer (0.00s)
    --- PASS: TestCases/deprecated_metric_buffer_parser (0.00s)
PASS
ok  	github.com/influxdata/telegraf/migrations/inputs_nats_consumer	2.016s
=== RUN   TestNoMigration
--- PASS: TestNoMigration (0.00s)
=== RUN   TestCases
=== RUN   TestCases/deprecated_supervisor_unit
2025-02-19T20:36:31Z I! Loading config: testcases/deprecated_supervisor_unit/expected.conf
=== RUN   TestCases/deprecated_supervisor_unit_merge
2025-02-19T20:36:31Z I! Loading config: testcases/deprecated_supervisor_unit merge/expected.conf
=== RUN   TestCases/deprecated_tagging_false
2025-02-19T20:36:31Z I! Loading config: testcases/deprecated_tagging_false/expected.conf
=== RUN   TestCases/deprecated_tagging_true
2025-02-19T20:36:31Z I! Loading config: testcases/deprecated_tagging_true/expected.conf
=== RUN   TestCases/deprecated_tagging_true_merge
2025-02-19T20:36:31Z I! Loading config: testcases/deprecated_tagging_true_merge/expected.conf
=== RUN   TestCases/deprecated_tagging_true_merge_overlap
2025-02-19T20:36:31Z I! Loading config: testcases/deprecated_tagging_true_merge_overlap/expected.conf
--- PASS: TestCases (0.04s)
    --- PASS: TestCases/deprecated_supervisor_unit (0.00s)
    --- PASS: TestCases/deprecated_supervisor_unit_merge (0.02s)
    --- PASS: TestCases/deprecated_tagging_false (0.00s)
    --- PASS: TestCases/deprecated_tagging_true (0.01s)
    --- PASS: TestCases/deprecated_tagging_true_merge (0.00s)
    --- PASS: TestCases/deprecated_tagging_true_merge_overlap (0.01s)
PASS
ok  	github.com/influxdata/telegraf/migrations/inputs_procstat	2.324s
=== RUN   TestCases
=== RUN   TestCases/filters
2025-02-19T20:36:31Z I! Loading config: testcases/filters/expected.conf
2025-02-19T20:36:31Z I! Plugin "inputs.sflow" in line 1: 
    Replacement 'inputs.netflow' will output a different metric format.
	Please adapt your queries!
=== RUN   TestCases/minimal
2025-02-19T20:36:31Z I! Loading config: testcases/minimal/expected.conf
2025-02-19T20:36:31Z I! Plugin "inputs.sflow" in line 2: 
    Replacement 'inputs.netflow' will output a different metric format.
	Please adapt your queries!
=== RUN   TestCases/read_buffer_size
2025-02-19T20:36:31Z I! Loading config: testcases/read_buffer_size/expected.conf
2025-02-19T20:36:31Z I! Plugin "inputs.sflow" in line 2: 
    Replacement 'inputs.netflow' will output a different metric format.
	Please adapt your queries!
--- PASS: TestCases (0.00s)
    --- PASS: TestCases/filters (0.00s)
    --- PASS: TestCases/minimal (0.00s)
    --- PASS: TestCases/read_buffer_size (0.00s)
PASS
ok  	github.com/influxdata/telegraf/migrations/inputs_sflow	2.315s
=== RUN   TestNoMigration
2025-02-19T20:36:31Z I! Plugin "inputs.snmp_legacy" in line 2: 
    This plugin cannot be migrated automatically and requires manual intervention!
--- PASS: TestNoMigration (0.00s)
PASS
ok  	github.com/influxdata/telegraf/migrations/inputs_snmp_legacy	1.771s
=== RUN   TestCases
=== RUN   TestCases/allow_pending_messages
2025-02-19T20:36:31Z I! Loading config: testcases/allow_pending_messages/expected.conf
2025-02-19T20:36:31Z I! Plugin "inputs.tcp_listener" in line 1: 
    Replacement 'inputs.socket_listener' does not allow to configure
    'allowed_pending_messages' and thus the setting is dropped.
=== RUN   TestCases/parser
2025-02-19T20:36:31Z I! Loading config: testcases/parser/expected.conf
=== RUN   TestCases/simple
2025-02-19T20:36:31Z I! Loading config: testcases/simple/expected.conf
--- PASS: TestCases (0.01s)
    --- PASS: TestCases/allow_pending_messages (0.00s)
    --- PASS: TestCases/parser (0.00s)
    --- PASS: TestCases/simple (0.00s)
PASS
ok  	github.com/influxdata/telegraf/migrations/inputs_tcp_listener	1.535s
=== RUN   TestCases
=== RUN   TestCases/all_deprecated_messages
2025-02-19T20:36:32Z I! Loading config: testcases/all_deprecated_messages/expected.conf
2025-02-19T20:36:32Z I! Plugin "inputs.udp_listener" in line 1: 
    Replacement 'inputs.socket_listener' does not allow to configure
    'allowed_pending_messages' and thus the setting will be dropped.

    The deprecated 'udp_buffer_size' setting will be dropped.
=== RUN   TestCases/allow_pending_messages
2025-02-19T20:36:32Z I! Loading config: testcases/allow_pending_messages/expected.conf
2025-02-19T20:36:32Z I! Plugin "inputs.udp_listener" in line 1: 
    Replacement 'inputs.socket_listener' does not allow to configure
    'allowed_pending_messages' and thus the setting will be dropped.
=== RUN   TestCases/parser
2025-02-19T20:36:32Z I! Loading config: testcases/parser/expected.conf
=== RUN   TestCases/simple
2025-02-19T20:36:32Z I! Loading config: testcases/simple/expected.conf
--- PASS: TestCases (0.01s)
    --- PASS: TestCases/all_deprecated_messages (0.00s)
    --- PASS: TestCases/allow_pending_messages (0.00s)
    --- PASS: TestCases/parser (0.00s)
    --- PASS: TestCases/simple (0.00s)
PASS
ok  	github.com/influxdata/telegraf/migrations/inputs_udp_listener	1.597s
=== RUN   TestNoMigration
--- PASS: TestNoMigration (0.00s)
=== RUN   TestCases
=== RUN   TestCases/convert_url
2025-02-19T20:36:32Z I! Loading config: testcases/convert_url/expected.conf
=== RUN   TestCases/merge_url
2025-02-19T20:36:32Z I! Loading config: testcases/merge_url/expected.conf
=== RUN   TestCases/merge_url_overlap
2025-02-19T20:36:32Z I! Loading config: testcases/merge_url_overlap/expected.conf
--- PASS: TestCases (0.03s)
    --- PASS: TestCases/convert_url (0.01s)
    --- PASS: TestCases/merge_url (0.02s)
    --- PASS: TestCases/merge_url_overlap (0.00s)
PASS
ok  	github.com/influxdata/telegraf/migrations/outputs_influxdb	1.799s
=== RUN   TestCases
=== RUN   TestCases/general_options
2025-02-19T20:36:32Z I! Loading config: testcases/general_options/expected.conf
=== RUN   TestCases/simple
2025-02-19T20:36:32Z I! Loading config: testcases/simple/expected.conf
--- PASS: TestCases (0.00s)
    --- PASS: TestCases/general_options (0.00s)
    --- PASS: TestCases/simple (0.00s)
PASS
ok  	github.com/influxdata/telegraf/migrations/outputs_riemann_legacy	1.822s
=== RUN   TestDiskBufferRetainsTrackingInformation
2025-02-19T20:36:33Z I! WAL file not found for plugin outputs.test (123), this can safely be ignored if you added this plugin instance for the first time
--- PASS: TestDiskBufferRetainsTrackingInformation (0.04s)
=== RUN   TestDiskBufferTrackingDroppedFromOldWal
--- PASS: TestDiskBufferTrackingDroppedFromOldWal (0.05s)
=== RUN   TestMemoryBufferAcceptCallsMetricAccept
--- PASS: TestMemoryBufferAcceptCallsMetricAccept (0.00s)
=== RUN   TestMemoryBufferSuite
=== RUN   TestMemoryBufferSuite/TestBufferAcceptRemovesBatch
=== RUN   TestMemoryBufferSuite/TestBufferAcceptWritesOverwrittenBatch
=== RUN   TestMemoryBufferSuite/TestBufferAddCallsMetricRejectWhenNoBatch
=== RUN   TestMemoryBufferSuite/TestBufferAddCallsMetricRejectWhenNotInBatch
=== RUN   TestMemoryBufferSuite/TestBufferAddDropsOverwrittenMetrics
=== RUN   TestMemoryBufferSuite/TestBufferAddOverwriteAndReject
=== RUN   TestMemoryBufferSuite/TestBufferAddOverwriteAndRejectOffset
=== RUN   TestMemoryBufferSuite/TestBufferBatchLatest
=== RUN   TestMemoryBufferSuite/TestBufferBatchLatestWrap
=== RUN   TestMemoryBufferSuite/TestBufferBatchLenBufferEmpty
=== RUN   TestMemoryBufferSuite/TestBufferBatchLenExact
=== RUN   TestMemoryBufferSuite/TestBufferBatchLenFill
=== RUN   TestMemoryBufferSuite/TestBufferBatchLenLargerThanBuffer
=== RUN   TestMemoryBufferSuite/TestBufferBatchLenUnderfill
=== RUN   TestMemoryBufferSuite/TestBufferBatchLenZero
=== RUN   TestMemoryBufferSuite/TestBufferBatchNotRemoved
=== RUN   TestMemoryBufferSuite/TestBufferBatchRejectAcceptNoop
=== RUN   TestMemoryBufferSuite/TestBufferBatchRejectDropsOverwrittenBatch
=== RUN   TestMemoryBufferSuite/TestBufferBatchWrap
=== RUN   TestMemoryBufferSuite/TestBufferFlushedFull
=== RUN   TestMemoryBufferSuite/TestBufferFlushedPartial
=== RUN   TestMemoryBufferSuite/TestBufferLenEmpty
=== RUN   TestMemoryBufferSuite/TestBufferLenFull
=== RUN   TestMemoryBufferSuite/TestBufferLenOne
=== RUN   TestMemoryBufferSuite/TestBufferLenOverfill
=== RUN   TestMemoryBufferSuite/TestBufferMetricsBatchAcceptRemoved
=== RUN   TestMemoryBufferSuite/TestBufferMetricsOverwriteBatchAccept
=== RUN   TestMemoryBufferSuite/TestBufferMetricsOverwriteBatchReject
=== RUN   TestMemoryBufferSuite/TestBufferMultipleBatch
=== RUN   TestMemoryBufferSuite/TestBufferRejectAdjustFirst
=== RUN   TestMemoryBufferSuite/TestBufferRejectCallsMetricRejectWithOverwritten
=== RUN   TestMemoryBufferSuite/TestBufferRejectEmptyBatch
=== RUN   TestMemoryBufferSuite/TestBufferRejectLeavesBatch
=== RUN   TestMemoryBufferSuite/TestBufferRejectNewMetricsWrapped
=== RUN   TestMemoryBufferSuite/TestBufferRejectNoRoom
=== RUN   TestMemoryBufferSuite/TestBufferRejectNothingNewFull
=== RUN   TestMemoryBufferSuite/TestBufferRejectPartialRoom
=== RUN   TestMemoryBufferSuite/TestBufferRejectRoomExact
=== RUN   TestMemoryBufferSuite/TestBufferRejectRoomOverwriteOld
=== RUN   TestMemoryBufferSuite/TestBufferRejectWithRoom
=== RUN   TestMemoryBufferSuite/TestBufferRejectWrapped
=== RUN   TestMemoryBufferSuite/TestBufferWrapWithBatch
=== RUN   TestMemoryBufferSuite/TestPartialWriteBackToFront
--- PASS: TestMemoryBufferSuite (0.00s)
    --- PASS: TestMemoryBufferSuite/TestBufferAcceptRemovesBatch (0.00s)
    --- PASS: TestMemoryBufferSuite/TestBufferAcceptWritesOverwrittenBatch (0.00s)
    --- PASS: TestMemoryBufferSuite/TestBufferAddCallsMetricRejectWhenNoBatch (0.00s)
    --- PASS: TestMemoryBufferSuite/TestBufferAddCallsMetricRejectWhenNotInBatch (0.00s)
    --- PASS: TestMemoryBufferSuite/TestBufferAddDropsOverwrittenMetrics (0.00s)
    --- PASS: TestMemoryBufferSuite/TestBufferAddOverwriteAndReject (0.00s)
    --- PASS: TestMemoryBufferSuite/TestBufferAddOverwriteAndRejectOffset (0.00s)
    --- PASS: TestMemoryBufferSuite/TestBufferBatchLatest (0.00s)
    --- PASS: TestMemoryBufferSuite/TestBufferBatchLatestWrap (0.00s)
    --- PASS: TestMemoryBufferSuite/TestBufferBatchLenBufferEmpty (0.00s)
    --- PASS: TestMemoryBufferSuite/TestBufferBatchLenExact (0.00s)
    --- PASS: TestMemoryBufferSuite/TestBufferBatchLenFill (0.00s)
    --- PASS: TestMemoryBufferSuite/TestBufferBatchLenLargerThanBuffer (0.00s)
    --- PASS: TestMemoryBufferSuite/TestBufferBatchLenUnderfill (0.00s)
    --- PASS: TestMemoryBufferSuite/TestBufferBatchLenZero (0.00s)
    --- PASS: TestMemoryBufferSuite/TestBufferBatchNotRemoved (0.00s)
    --- PASS: TestMemoryBufferSuite/TestBufferBatchRejectAcceptNoop (0.00s)
    --- PASS: TestMemoryBufferSuite/TestBufferBatchRejectDropsOverwrittenBatch (0.00s)
    --- PASS: TestMemoryBufferSuite/TestBufferBatchWrap (0.00s)
    --- PASS: TestMemoryBufferSuite/TestBufferFlushedFull (0.00s)
    --- PASS: TestMemoryBufferSuite/TestBufferFlushedPartial (0.00s)
    --- PASS: TestMemoryBufferSuite/TestBufferLenEmpty (0.00s)
    --- PASS: TestMemoryBufferSuite/TestBufferLenFull (0.00s)
    --- PASS: TestMemoryBufferSuite/TestBufferLenOne (0.00s)
    --- PASS: TestMemoryBufferSuite/TestBufferLenOverfill (0.00s)
    --- PASS: TestMemoryBufferSuite/TestBufferMetricsBatchAcceptRemoved (0.00s)
    --- PASS: TestMemoryBufferSuite/TestBufferMetricsOverwriteBatchAccept (0.00s)
    --- PASS: TestMemoryBufferSuite/TestBufferMetricsOverwriteBatchReject (0.00s)
    --- PASS: TestMemoryBufferSuite/TestBufferMultipleBatch (0.00s)
    --- PASS: TestMemoryBufferSuite/TestBufferRejectAdjustFirst (0.00s)
    --- PASS: TestMemoryBufferSuite/TestBufferRejectCallsMetricRejectWithOverwritten (0.00s)
    --- PASS: TestMemoryBufferSuite/TestBufferRejectEmptyBatch (0.00s)
    --- PASS: TestMemoryBufferSuite/TestBufferRejectLeavesBatch (0.00s)
    --- PASS: TestMemoryBufferSuite/TestBufferRejectNewMetricsWrapped (0.00s)
    --- PASS: TestMemoryBufferSuite/TestBufferRejectNoRoom (0.00s)
    --- PASS: TestMemoryBufferSuite/TestBufferRejectNothingNewFull (0.00s)
    --- PASS: TestMemoryBufferSuite/TestBufferRejectPartialRoom (0.00s)
    --- PASS: TestMemoryBufferSuite/TestBufferRejectRoomExact (0.00s)
    --- PASS: TestMemoryBufferSuite/TestBufferRejectRoomOverwriteOld (0.00s)
    --- PASS: TestMemoryBufferSuite/TestBufferRejectWithRoom (0.00s)
    --- PASS: TestMemoryBufferSuite/TestBufferRejectWrapped (0.00s)
    --- PASS: TestMemoryBufferSuite/TestBufferWrapWithBatch (0.00s)
    --- PASS: TestMemoryBufferSuite/TestPartialWriteBackToFront (0.00s)
=== RUN   TestDiskBufferSuite
=== RUN   TestDiskBufferSuite/TestBufferAcceptRemovesBatch
2025-02-19T20:36:33Z I! WAL file not found for plugin outputs.test (123), this can safely be ignored if you added this plugin instance for the first time
=== RUN   TestDiskBufferSuite/TestBufferAcceptWritesOverwrittenBatch
2025-02-19T20:36:33Z I! WAL file not found for plugin outputs.test (123), this can safely be ignored if you added this plugin instance for the first time
=== RUN   TestDiskBufferSuite/TestBufferAddCallsMetricRejectWhenNoBatch
    buffer_suite_test.go:728: tested buffer does not have a maximum capacity
=== RUN   TestDiskBufferSuite/TestBufferAddCallsMetricRejectWhenNotInBatch
    buffer_suite_test.go:748: tested buffer does not have a maximum capacity
=== RUN   TestDiskBufferSuite/TestBufferAddDropsOverwrittenMetrics
    buffer_suite_test.go:563: tested buffer does not have a maximum capacity
=== RUN   TestDiskBufferSuite/TestBufferAddOverwriteAndReject
    buffer_suite_test.go:796: tested buffer does not have a maximum capacity
=== RUN   TestDiskBufferSuite/TestBufferAddOverwriteAndRejectOffset
    buffer_suite_test.go:823: tested buffer does not have a maximum capacity
=== RUN   TestDiskBufferSuite/TestBufferBatchLatest
2025-02-19T20:36:33Z I! WAL file not found for plugin outputs.test (123), this can safely be ignored if you added this plugin instance for the first time
=== RUN   TestDiskBufferSuite/TestBufferBatchLatestWrap
    buffer_suite_test.go:187: tested buffer does not have a maximum capacity
=== RUN   TestDiskBufferSuite/TestBufferBatchLenBufferEmpty
2025-02-19T20:36:33Z I! WAL file not found for plugin outputs.test (123), this can safely be ignored if you added this plugin instance for the first time
=== RUN   TestDiskBufferSuite/TestBufferBatchLenExact
2025-02-19T20:36:33Z I! WAL file not found for plugin outputs.test (123), this can safely be ignored if you added this plugin instance for the first time
=== RUN   TestDiskBufferSuite/TestBufferBatchLenFill
2025-02-19T20:36:33Z I! WAL file not found for plugin outputs.test (123), this can safely be ignored if you added this plugin instance for the first time
=== RUN   TestDiskBufferSuite/TestBufferBatchLenLargerThanBuffer
2025-02-19T20:36:33Z I! WAL file not found for plugin outputs.test (123), this can safely be ignored if you added this plugin instance for the first time
=== RUN   TestDiskBufferSuite/TestBufferBatchLenUnderfill
2025-02-19T20:36:33Z I! WAL file not found for plugin outputs.test (123), this can safely be ignored if you added this plugin instance for the first time
=== RUN   TestDiskBufferSuite/TestBufferBatchLenZero
2025-02-19T20:36:33Z I! WAL file not found for plugin outputs.test (123), this can safely be ignored if you added this plugin instance for the first time
=== RUN   TestDiskBufferSuite/TestBufferBatchNotRemoved
2025-02-19T20:36:33Z I! WAL file not found for plugin outputs.test (123), this can safely be ignored if you added this plugin instance for the first time
=== RUN   TestDiskBufferSuite/TestBufferBatchRejectAcceptNoop
2025-02-19T20:36:33Z I! WAL file not found for plugin outputs.test (123), this can safely be ignored if you added this plugin instance for the first time
=== RUN   TestDiskBufferSuite/TestBufferBatchRejectDropsOverwrittenBatch
    buffer_suite_test.go:618: tested buffer does not have a maximum capacity
=== RUN   TestDiskBufferSuite/TestBufferBatchWrap
2025-02-19T20:36:33Z I! WAL file not found for plugin outputs.test (123), this can safely be ignored if you added this plugin instance for the first time
=== RUN   TestDiskBufferSuite/TestBufferFlushedFull
2025-02-19T20:36:33Z I! WAL file not found for plugin outputs.test (123), this can safely be ignored if you added this plugin instance for the first time
=== RUN   TestDiskBufferSuite/TestBufferFlushedPartial
2025-02-19T20:36:33Z I! WAL file not found for plugin outputs.test (123), this can safely be ignored if you added this plugin instance for the first time
=== RUN   TestDiskBufferSuite/TestBufferLenEmpty
2025-02-19T20:36:33Z I! WAL file not found for plugin outputs.test (123), this can safely be ignored if you added this plugin instance for the first time
=== RUN   TestDiskBufferSuite/TestBufferLenFull
2025-02-19T20:36:33Z I! WAL file not found for plugin outputs.test (123), this can safely be ignored if you added this plugin instance for the first time
=== RUN   TestDiskBufferSuite/TestBufferLenOne
2025-02-19T20:36:33Z I! WAL file not found for plugin outputs.test (123), this can safely be ignored if you added this plugin instance for the first time
=== RUN   TestDiskBufferSuite/TestBufferLenOverfill
    buffer_suite_test.go:88: tested buffer does not have a maximum capacity
=== RUN   TestDiskBufferSuite/TestBufferMetricsBatchAcceptRemoved
    buffer_suite_test.go:669: tested buffer does not have a maximum capacity
=== RUN   TestDiskBufferSuite/TestBufferMetricsOverwriteBatchAccept
2025-02-19T20:36:33Z I! WAL file not found for plugin outputs.test (123), this can safely be ignored if you added this plugin instance for the first time
=== RUN   TestDiskBufferSuite/TestBufferMetricsOverwriteBatchReject
    buffer_suite_test.go:651: tested buffer does not have a maximum capacity
=== RUN   TestDiskBufferSuite/TestBufferMultipleBatch
2025-02-19T20:36:33Z I! WAL file not found for plugin outputs.test (123), this can safely be ignored if you added this plugin instance for the first time
=== RUN   TestDiskBufferSuite/TestBufferRejectAdjustFirst
    buffer_suite_test.go:504: tested buffer does not have a maximum capacity
=== RUN   TestDiskBufferSuite/TestBufferRejectCallsMetricRejectWithOverwritten
    buffer_suite_test.go:772: tested buffer does not have a maximum capacity
=== RUN   TestDiskBufferSuite/TestBufferRejectEmptyBatch
2025-02-19T20:36:33Z I! WAL file not found for plugin outputs.test (123), this can safely be ignored if you added this plugin instance for the first time
=== RUN   TestDiskBufferSuite/TestBufferRejectLeavesBatch
2025-02-19T20:36:33Z I! WAL file not found for plugin outputs.test (123), this can safely be ignored if you added this plugin instance for the first time
=== RUN   TestDiskBufferSuite/TestBufferRejectNewMetricsWrapped
    buffer_suite_test.go:416: tested buffer does not have a maximum capacity
=== RUN   TestDiskBufferSuite/TestBufferRejectNoRoom
    buffer_suite_test.go:291: tested buffer does not have a maximum capacity
=== RUN   TestDiskBufferSuite/TestBufferRejectNothingNewFull
2025-02-19T20:36:33Z I! WAL file not found for plugin outputs.test (123), this can safely be ignored if you added this plugin instance for the first time
=== RUN   TestDiskBufferSuite/TestBufferRejectPartialRoom
    buffer_suite_test.go:384: tested buffer does not have a maximum capacity
=== RUN   TestDiskBufferSuite/TestBufferRejectRoomExact
2025-02-19T20:36:33Z I! WAL file not found for plugin outputs.test (123), this can safely be ignored if you added this plugin instance for the first time
=== RUN   TestDiskBufferSuite/TestBufferRejectRoomOverwriteOld
    buffer_suite_test.go:352: tested buffer does not have a maximum capacity
=== RUN   TestDiskBufferSuite/TestBufferRejectWithRoom
2025-02-19T20:36:33Z I! WAL file not found for plugin outputs.test (123), this can safely be ignored if you added this plugin instance for the first time
=== RUN   TestDiskBufferSuite/TestBufferRejectWrapped
    buffer_suite_test.go:466: tested buffer does not have a maximum capacity
=== RUN   TestDiskBufferSuite/TestBufferWrapWithBatch
    buffer_suite_test.go:687: tested buffer does not have a maximum capacity
=== RUN   TestDiskBufferSuite/TestPartialWriteBackToFront
2025-02-19T20:36:33Z I! WAL file not found for plugin outputs.test (123), this can safely be ignored if you added this plugin instance for the first time
--- PASS: TestDiskBufferSuite (0.69s)
    --- PASS: TestDiskBufferSuite/TestBufferAcceptRemovesBatch (0.02s)
    --- PASS: TestDiskBufferSuite/TestBufferAcceptWritesOverwrittenBatch (0.07s)
    --- SKIP: TestDiskBufferSuite/TestBufferAddCallsMetricRejectWhenNoBatch (0.00s)
    --- SKIP: TestDiskBufferSuite/TestBufferAddCallsMetricRejectWhenNotInBatch (0.00s)
    --- SKIP: TestDiskBufferSuite/TestBufferAddDropsOverwrittenMetrics (0.00s)
    --- SKIP: TestDiskBufferSuite/TestBufferAddOverwriteAndReject (0.00s)
    --- SKIP: TestDiskBufferSuite/TestBufferAddOverwriteAndRejectOffset (0.00s)
    --- PASS: TestDiskBufferSuite/TestBufferBatchLatest (0.03s)
    --- SKIP: TestDiskBufferSuite/TestBufferBatchLatestWrap (0.00s)
    --- PASS: TestDiskBufferSuite/TestBufferBatchLenBufferEmpty (0.01s)
    --- PASS: TestDiskBufferSuite/TestBufferBatchLenExact (0.02s)
    --- PASS: TestDiskBufferSuite/TestBufferBatchLenFill (0.02s)
    --- PASS: TestDiskBufferSuite/TestBufferBatchLenLargerThanBuffer (0.04s)
    --- PASS: TestDiskBufferSuite/TestBufferBatchLenUnderfill (0.01s)
    --- PASS: TestDiskBufferSuite/TestBufferBatchLenZero (0.01s)
    --- PASS: TestDiskBufferSuite/TestBufferBatchNotRemoved (0.04s)
    --- PASS: TestDiskBufferSuite/TestBufferBatchRejectAcceptNoop (0.04s)
    --- SKIP: TestDiskBufferSuite/TestBufferBatchRejectDropsOverwrittenBatch (0.00s)
    --- PASS: TestDiskBufferSuite/TestBufferBatchWrap (0.05s)
    --- PASS: TestDiskBufferSuite/TestBufferFlushedFull (0.02s)
    --- PASS: TestDiskBufferSuite/TestBufferFlushedPartial (0.03s)
    --- PASS: TestDiskBufferSuite/TestBufferLenEmpty (0.01s)
    --- PASS: TestDiskBufferSuite/TestBufferLenFull (0.03s)
    --- PASS: TestDiskBufferSuite/TestBufferLenOne (0.01s)
    --- SKIP: TestDiskBufferSuite/TestBufferLenOverfill (0.00s)
    --- SKIP: TestDiskBufferSuite/TestBufferMetricsBatchAcceptRemoved (0.00s)
    --- PASS: TestDiskBufferSuite/TestBufferMetricsOverwriteBatchAccept (0.04s)
    --- SKIP: TestDiskBufferSuite/TestBufferMetricsOverwriteBatchReject (0.00s)
    --- PASS: TestDiskBufferSuite/TestBufferMultipleBatch (0.03s)
    --- SKIP: TestDiskBufferSuite/TestBufferRejectAdjustFirst (0.00s)
    --- SKIP: TestDiskBufferSuite/TestBufferRejectCallsMetricRejectWithOverwritten (0.00s)
    --- PASS: TestDiskBufferSuite/TestBufferRejectEmptyBatch (0.02s)
    --- PASS: TestDiskBufferSuite/TestBufferRejectLeavesBatch (0.02s)
    --- SKIP: TestDiskBufferSuite/TestBufferRejectNewMetricsWrapped (0.00s)
    --- SKIP: TestDiskBufferSuite/TestBufferRejectNoRoom (0.00s)
    --- PASS: TestDiskBufferSuite/TestBufferRejectNothingNewFull (0.03s)
    --- SKIP: TestDiskBufferSuite/TestBufferRejectPartialRoom (0.00s)
    --- PASS: TestDiskBufferSuite/TestBufferRejectRoomExact (0.03s)
    --- SKIP: TestDiskBufferSuite/TestBufferRejectRoomOverwriteOld (0.00s)
    --- PASS: TestDiskBufferSuite/TestBufferRejectWithRoom (0.03s)
    --- SKIP: TestDiskBufferSuite/TestBufferRejectWrapped (0.00s)
    --- SKIP: TestDiskBufferSuite/TestBufferWrapWithBatch (0.00s)
    --- PASS: TestDiskBufferSuite/TestPartialWriteBackToFront (0.02s)
=== RUN   TestFilterApplyEmpty
--- PASS: TestFilterApplyEmpty (0.00s)
=== RUN   TestFilterApplyTagsDontPass
--- PASS: TestFilterApplyTagsDontPass (0.00s)
=== RUN   TestFilterApplyDeleteFields
--- PASS: TestFilterApplyDeleteFields (0.00s)
=== RUN   TestFilterApplyDeleteAllFields
--- PASS: TestFilterApplyDeleteAllFields (0.00s)
=== RUN   TestFilterEmpty
--- PASS: TestFilterEmpty (0.00s)
=== RUN   TestFilterNamePass
--- PASS: TestFilterNamePass (0.00s)
=== RUN   TestFilterNamePass_WithSeparator
--- PASS: TestFilterNamePass_WithSeparator (0.00s)
=== RUN   TestFilterNameDrop
--- PASS: TestFilterNameDrop (0.00s)
=== RUN   TestFilterNameDrop_WithSeparator
--- PASS: TestFilterNameDrop_WithSeparator (0.00s)
=== RUN   TestFilterFieldInclude
--- PASS: TestFilterFieldInclude (0.00s)
=== RUN   TestFilterFieldExclude
--- PASS: TestFilterFieldExclude (0.00s)
=== RUN   TestFilterTagPass
--- PASS: TestFilterTagPass (0.00s)
=== RUN   TestFilterTagDrop
--- PASS: TestFilterTagDrop (0.00s)
=== RUN   TestFilterTagsNoMatches
--- PASS: TestFilterTagsNoMatches (0.00s)
=== RUN   TestFilterTagsMatches
--- PASS: TestFilterTagsMatches (0.00s)
=== RUN   TestFilterNamePassAndDrop
--- PASS: TestFilterNamePassAndDrop (0.00s)
=== RUN   TestFilterFieldIncludeAndExclude
--- PASS: TestFilterFieldIncludeAndExclude (0.00s)
=== RUN   TestFilterTagsPassAndDrop
--- PASS: TestFilterTagsPassAndDrop (0.00s)
=== RUN   TestFilterMetricPass
=== RUN   TestFilterMetricPass/empty
=== RUN   TestFilterMetricPass/exact_name_match_(pass)
=== RUN   TestFilterMetricPass/exact_name_match_(fail)
=== RUN   TestFilterMetricPass/case-insensitive_tag_match
=== RUN   TestFilterMetricPass/regexp_tag_match
=== RUN   TestFilterMetricPass/match_field_value
=== RUN   TestFilterMetricPass/match_timestamp_year
=== RUN   TestFilterMetricPass/now
=== RUN   TestFilterMetricPass/arithmetic
=== RUN   TestFilterMetricPass/logical_expression
=== RUN   TestFilterMetricPass/time_arithmetic
=== RUN   TestFilterMetricPass/complex_field_filtering
=== RUN   TestFilterMetricPass/complex_field_filtering_(exactly_one)
--- PASS: TestFilterMetricPass (0.01s)
    --- PASS: TestFilterMetricPass/empty (0.00s)
    --- PASS: TestFilterMetricPass/exact_name_match_(pass) (0.00s)
    --- PASS: TestFilterMetricPass/exact_name_match_(fail) (0.00s)
    --- PASS: TestFilterMetricPass/case-insensitive_tag_match (0.00s)
    --- PASS: TestFilterMetricPass/regexp_tag_match (0.00s)
    --- PASS: TestFilterMetricPass/match_field_value (0.00s)
    --- PASS: TestFilterMetricPass/match_timestamp_year (0.00s)
    --- PASS: TestFilterMetricPass/now (0.00s)
    --- PASS: TestFilterMetricPass/arithmetic (0.00s)
    --- PASS: TestFilterMetricPass/logical_expression (0.00s)
    --- PASS: TestFilterMetricPass/time_arithmetic (0.00s)
    --- PASS: TestFilterMetricPass/complex_field_filtering (0.00s)
    --- PASS: TestFilterMetricPass/complex_field_filtering_(exactly_one) (0.00s)
=== RUN   TestRunningAggregatorAdd
--- PASS: TestRunningAggregatorAdd (0.00s)
=== RUN   TestRunningAggregatorAddMetricsOutsideCurrentPeriod
--- PASS: TestRunningAggregatorAddMetricsOutsideCurrentPeriod (0.00s)
=== RUN   TestRunningAggregatorAddMetricsOutsideCurrentPeriodWithGrace
--- PASS: TestRunningAggregatorAddMetricsOutsideCurrentPeriodWithGrace (0.00s)
=== RUN   TestRunningAggregatorAddAndPushOnePeriod
--- PASS: TestRunningAggregatorAddAndPushOnePeriod (0.00s)
=== RUN   TestRunningAggregatorAddDropOriginal
--- PASS: TestRunningAggregatorAddDropOriginal (0.00s)
=== RUN   TestRunningAggregatorAddDoesNotModifyMetric
--- PASS: TestRunningAggregatorAddDoesNotModifyMetric (0.00s)
=== RUN   TestRunningInputMakeMetricFilterAfterApplyingGlobalTags
--- PASS: TestRunningInputMakeMetricFilterAfterApplyingGlobalTags (0.00s)
=== RUN   TestRunningInputMakeMetricNoFields
--- PASS: TestRunningInputMakeMetricNoFields (0.00s)
=== RUN   TestRunningInputMakeMetricNilFields
--- PASS: TestRunningInputMakeMetricNilFields (0.00s)
=== RUN   TestRunningInputMakeMetricWithPluginTags
--- PASS: TestRunningInputMakeMetricWithPluginTags (0.00s)
=== RUN   TestRunningInputMakeMetricFilteredOut
--- PASS: TestRunningInputMakeMetricFilteredOut (0.00s)
=== RUN   TestRunningInputMakeMetricWithDaemonTags
--- PASS: TestRunningInputMakeMetricWithDaemonTags (0.00s)
=== RUN   TestRunningInputMakeMetricNameOverride
--- PASS: TestRunningInputMakeMetricNameOverride (0.00s)
=== RUN   TestRunningInputMakeMetricNamePrefix
--- PASS: TestRunningInputMakeMetricNamePrefix (0.00s)
=== RUN   TestRunningInputMakeMetricNameSuffix
--- PASS: TestRunningInputMakeMetricNameSuffix (0.00s)
=== RUN   TestRunningInputMetricErrorCounters
2025-02-19T20:36:33Z E! [inputs.TestMetricErrorCounters] Oh no
--- PASS: TestRunningInputMetricErrorCounters (0.00s)
=== RUN   TestRunningInputMakeMetricWithAlwaysKeepingPluginTagsDisabled
--- PASS: TestRunningInputMakeMetricWithAlwaysKeepingPluginTagsDisabled (0.00s)
=== RUN   TestRunningInputMakeMetricWithAlwaysKeepingLocalPluginTagsEnabled
--- PASS: TestRunningInputMakeMetricWithAlwaysKeepingLocalPluginTagsEnabled (0.00s)
=== RUN   TestRunningInputMakeMetricWithAlwaysKeepingGlobalPluginTagsEnabled
--- PASS: TestRunningInputMakeMetricWithAlwaysKeepingGlobalPluginTagsEnabled (0.00s)
=== RUN   TestRunningInputMakeMetricWithAlwaysKeepingPluginTagsEnabled
--- PASS: TestRunningInputMakeMetricWithAlwaysKeepingPluginTagsEnabled (0.00s)
=== RUN   TestRunningInputMakeMetricWithGatherMetricTimeSource
--- PASS: TestRunningInputMakeMetricWithGatherMetricTimeSource (0.00s)
=== RUN   TestRunningInputMakeMetricWithGatherStartTimeSource
--- PASS: TestRunningInputMakeMetricWithGatherStartTimeSource (0.00s)
=== RUN   TestRunningInputMakeMetricWithGatherEndTimeSource
--- PASS: TestRunningInputMakeMetricWithGatherEndTimeSource (0.00s)
=== RUN   TestRunningInputProbingFailure
--- PASS: TestRunningInputProbingFailure (0.00s)
=== RUN   TestRunningInputProbingSuccess
=== RUN   TestRunningInputProbingSuccess/non-probing_plugin_with_probe_value_set
=== RUN   TestRunningInputProbingSuccess/non-probing_plugin_with_probe_value_not_set
=== RUN   TestRunningInputProbingSuccess/probing_plugin_with_probe_value_not_set
--- PASS: TestRunningInputProbingSuccess (0.00s)
    --- PASS: TestRunningInputProbingSuccess/non-probing_plugin_with_probe_value_set (0.00s)
    --- PASS: TestRunningInputProbingSuccess/non-probing_plugin_with_probe_value_not_set (0.00s)
    --- PASS: TestRunningInputProbingSuccess/probing_plugin_with_probe_value_not_set (0.00s)
=== RUN   TestRunningOutputDropFilter
--- PASS: TestRunningOutputDropFilter (0.00s)
=== RUN   TestRunningOutputPassFilter
--- PASS: TestRunningOutputPassFilter (0.00s)
=== RUN   TestRunningOutputTagIncludeNoMatch
--- PASS: TestRunningOutputTagIncludeNoMatch (0.00s)
=== RUN   TestRunningOutputTagExcludeMatch
--- PASS: TestRunningOutputTagExcludeMatch (0.00s)
=== RUN   TestRunningOutputTagExcludeNoMatch
--- PASS: TestRunningOutputTagExcludeNoMatch (0.00s)
=== RUN   TestRunningOutputTagIncludeMatch
--- PASS: TestRunningOutputTagIncludeMatch (0.00s)
=== RUN   TestRunningOutputNameOverride
--- PASS: TestRunningOutputNameOverride (0.00s)
=== RUN   TestRunningOutputNamePrefix
--- PASS: TestRunningOutputNamePrefix (0.00s)
=== RUN   TestRunningOutputNameSuffix
--- PASS: TestRunningOutputNameSuffix (0.00s)
=== RUN   TestRunningOutputDefault
--- PASS: TestRunningOutputDefault (0.00s)
=== RUN   TestRunningOutputWriteFail
--- PASS: TestRunningOutputWriteFail (0.00s)
=== RUN   TestRunningOutputWriteFailOrder
--- PASS: TestRunningOutputWriteFailOrder (0.00s)
=== RUN   TestRunningOutputWriteFailOrder2
--- PASS: TestRunningOutputWriteFailOrder2 (0.00s)
=== RUN   TestRunningOutputWriteFailOrder3
--- PASS: TestRunningOutputWriteFailOrder3 (0.00s)
=== RUN   TestRunningOutputInternalMetrics
--- PASS: TestRunningOutputInternalMetrics (0.00s)
=== RUN   TestRunningOutputStartupBehaviorInvalid
--- PASS: TestRunningOutputStartupBehaviorInvalid (0.00s)
=== RUN   TestRunningOutputRetryableStartupBehaviorDefault
--- PASS: TestRunningOutputRetryableStartupBehaviorDefault (0.00s)
=== RUN   TestRunningOutputRetryableStartupBehaviorError
--- PASS: TestRunningOutputRetryableStartupBehaviorError (0.00s)
=== RUN   TestRunningOutputRetryableStartupBehaviorRetry
2025-02-19T20:36:33Z I! [outputs.test_name::test_alias] Connect failed: retryable err; retrying...
--- PASS: TestRunningOutputRetryableStartupBehaviorRetry (0.00s)
=== RUN   TestRunningOutputRetryableStartupBehaviorIgnore
--- PASS: TestRunningOutputRetryableStartupBehaviorIgnore (0.00s)
=== RUN   TestRunningOutputNonRetryableStartupBehaviorDefault
=== RUN   TestRunningOutputNonRetryableStartupBehaviorDefault/#00
=== RUN   TestRunningOutputNonRetryableStartupBehaviorDefault/error
=== RUN   TestRunningOutputNonRetryableStartupBehaviorDefault/retry
=== RUN   TestRunningOutputNonRetryableStartupBehaviorDefault/ignore
--- PASS: TestRunningOutputNonRetryableStartupBehaviorDefault (0.00s)
    --- PASS: TestRunningOutputNonRetryableStartupBehaviorDefault/#00 (0.00s)
    --- PASS: TestRunningOutputNonRetryableStartupBehaviorDefault/error (0.00s)
    --- PASS: TestRunningOutputNonRetryableStartupBehaviorDefault/retry (0.00s)
    --- PASS: TestRunningOutputNonRetryableStartupBehaviorDefault/ignore (0.00s)
=== RUN   TestRunningOutputUntypedStartupBehaviorIgnore
=== RUN   TestRunningOutputUntypedStartupBehaviorIgnore/#00
=== RUN   TestRunningOutputUntypedStartupBehaviorIgnore/error
=== RUN   TestRunningOutputUntypedStartupBehaviorIgnore/retry
=== RUN   TestRunningOutputUntypedStartupBehaviorIgnore/ignore
--- PASS: TestRunningOutputUntypedStartupBehaviorIgnore (0.00s)
    --- PASS: TestRunningOutputUntypedStartupBehaviorIgnore/#00 (0.00s)
    --- PASS: TestRunningOutputUntypedStartupBehaviorIgnore/error (0.00s)
    --- PASS: TestRunningOutputUntypedStartupBehaviorIgnore/retry (0.00s)
    --- PASS: TestRunningOutputUntypedStartupBehaviorIgnore/ignore (0.00s)
=== RUN   TestRunningOutputPartiallyStarted
2025-02-19T20:36:33Z I! [outputs.test_name::test_alias] Connect failed: partial err; retrying...
--- PASS: TestRunningOutputPartiallyStarted (0.00s)
=== RUN   TestRunningOutputWritePartialSuccess
--- PASS: TestRunningOutputWritePartialSuccess (0.00s)
=== RUN   TestRunningOutputWritePartialSuccessAndLoss
--- PASS: TestRunningOutputWritePartialSuccessAndLoss (0.00s)
=== RUN   TestRunningOutputWriteBatchPartialSuccess
--- PASS: TestRunningOutputWriteBatchPartialSuccess (0.00s)
=== RUN   TestRunningOutputWriteBatchPartialSuccessAndLoss
--- PASS: TestRunningOutputWriteBatchPartialSuccessAndLoss (0.00s)
=== RUN   TestRunningProcessorInit
--- PASS: TestRunningProcessorInit (0.00s)
=== RUN   TestRunningProcessorApply
=== RUN   TestRunningProcessorApply/inactive_filter_applies_metrics
=== RUN   TestRunningProcessorApply/filter_applies
=== RUN   TestRunningProcessorApply/filter_doesn't_apply
--- PASS: TestRunningProcessorApply (0.00s)
    --- PASS: TestRunningProcessorApply/inactive_filter_applies_metrics (0.00s)
    --- PASS: TestRunningProcessorApply/filter_applies (0.00s)
    --- PASS: TestRunningProcessorApply/filter_doesn't_apply (0.00s)
=== RUN   TestRunningProcessorOrder
--- PASS: TestRunningProcessorOrder (0.00s)
PASS
ok  	github.com/influxdata/telegraf/models	1.963s
?   	github.com/influxdata/telegraf/persister	[no test files]
=== RUN   Test_AllPlugins
=== RUN   Test_AllPlugins/aggregators/all/basicstats.go
=== RUN   Test_AllPlugins/aggregators/all/derivative.go
=== RUN   Test_AllPlugins/aggregators/all/final.go
=== RUN   Test_AllPlugins/aggregators/all/histogram.go
=== RUN   Test_AllPlugins/aggregators/all/merge.go
=== RUN   Test_AllPlugins/aggregators/all/minmax.go
=== RUN   Test_AllPlugins/aggregators/all/quantile.go
=== RUN   Test_AllPlugins/aggregators/all/starlark.go
=== RUN   Test_AllPlugins/aggregators/all/valuecounter.go
=== RUN   Test_AllPlugins/inputs/all/activemq.go
=== RUN   Test_AllPlugins/inputs/all/aerospike.go
=== RUN   Test_AllPlugins/inputs/all/aliyuncms.go
=== RUN   Test_AllPlugins/inputs/all/amd_rocm_smi.go
=== RUN   Test_AllPlugins/inputs/all/amqp_consumer.go
=== RUN   Test_AllPlugins/inputs/all/apache.go
=== RUN   Test_AllPlugins/inputs/all/apcupsd.go
=== RUN   Test_AllPlugins/inputs/all/aurora.go
=== RUN   Test_AllPlugins/inputs/all/azure_monitor.go
=== RUN   Test_AllPlugins/inputs/all/azure_storage_queue.go
=== RUN   Test_AllPlugins/inputs/all/bcache.go
=== RUN   Test_AllPlugins/inputs/all/beanstalkd.go
=== RUN   Test_AllPlugins/inputs/all/beat.go
=== RUN   Test_AllPlugins/inputs/all/bind.go
=== RUN   Test_AllPlugins/inputs/all/bond.go
=== RUN   Test_AllPlugins/inputs/all/burrow.go
=== RUN   Test_AllPlugins/inputs/all/ceph.go
=== RUN   Test_AllPlugins/inputs/all/cgroup.go
=== RUN   Test_AllPlugins/inputs/all/chrony.go
=== RUN   Test_AllPlugins/inputs/all/cisco_telemetry_mdt.go
=== RUN   Test_AllPlugins/inputs/all/clickhouse.go
=== RUN   Test_AllPlugins/inputs/all/cloud_pubsub.go
=== RUN   Test_AllPlugins/inputs/all/cloud_pubsub_push.go
=== RUN   Test_AllPlugins/inputs/all/cloudwatch.go
=== RUN   Test_AllPlugins/inputs/all/cloudwatch_metric_streams.go
=== RUN   Test_AllPlugins/inputs/all/conntrack.go
=== RUN   Test_AllPlugins/inputs/all/consul.go
=== RUN   Test_AllPlugins/inputs/all/consul_agent.go
=== RUN   Test_AllPlugins/inputs/all/couchbase.go
=== RUN   Test_AllPlugins/inputs/all/couchdb.go
=== RUN   Test_AllPlugins/inputs/all/cpu.go
=== RUN   Test_AllPlugins/inputs/all/csgo.go
=== RUN   Test_AllPlugins/inputs/all/ctrlx_datalayer.go
=== RUN   Test_AllPlugins/inputs/all/dcos.go
=== RUN   Test_AllPlugins/inputs/all/directory_monitor.go
=== RUN   Test_AllPlugins/inputs/all/disk.go
=== RUN   Test_AllPlugins/inputs/all/diskio.go
=== RUN   Test_AllPlugins/inputs/all/disque.go
=== RUN   Test_AllPlugins/inputs/all/dmcache.go
=== RUN   Test_AllPlugins/inputs/all/dns_query.go
=== RUN   Test_AllPlugins/inputs/all/docker.go
=== RUN   Test_AllPlugins/inputs/all/docker_log.go
=== RUN   Test_AllPlugins/inputs/all/dovecot.go
=== RUN   Test_AllPlugins/inputs/all/dpdk.go
=== RUN   Test_AllPlugins/inputs/all/ecs.go
=== RUN   Test_AllPlugins/inputs/all/elasticsearch.go
=== RUN   Test_AllPlugins/inputs/all/elasticsearch_query.go
=== RUN   Test_AllPlugins/inputs/all/ethtool.go
=== RUN   Test_AllPlugins/inputs/all/eventhub_consumer.go
=== RUN   Test_AllPlugins/inputs/all/exec.go
=== RUN   Test_AllPlugins/inputs/all/execd.go
=== RUN   Test_AllPlugins/inputs/all/fail2ban.go
=== RUN   Test_AllPlugins/inputs/all/fibaro.go
=== RUN   Test_AllPlugins/inputs/all/file.go
=== RUN   Test_AllPlugins/inputs/all/filecount.go
=== RUN   Test_AllPlugins/inputs/all/filestat.go
=== RUN   Test_AllPlugins/inputs/all/fireboard.go
=== RUN   Test_AllPlugins/inputs/all/firehose.go
=== RUN   Test_AllPlugins/inputs/all/fluentd.go
=== RUN   Test_AllPlugins/inputs/all/github.go
=== RUN   Test_AllPlugins/inputs/all/gnmi.go
=== RUN   Test_AllPlugins/inputs/all/google_cloud_storage.go
=== RUN   Test_AllPlugins/inputs/all/graylog.go
=== RUN   Test_AllPlugins/inputs/all/haproxy.go
=== RUN   Test_AllPlugins/inputs/all/hddtemp.go
=== RUN   Test_AllPlugins/inputs/all/http.go
=== RUN   Test_AllPlugins/inputs/all/http_listener_v2.go
=== RUN   Test_AllPlugins/inputs/all/http_response.go
=== RUN   Test_AllPlugins/inputs/all/hugepages.go
=== RUN   Test_AllPlugins/inputs/all/icinga2.go
=== RUN   Test_AllPlugins/inputs/all/infiniband.go
=== RUN   Test_AllPlugins/inputs/all/influxdb.go
=== RUN   Test_AllPlugins/inputs/all/influxdb_listener.go
=== RUN   Test_AllPlugins/inputs/all/influxdb_v2_listener.go
=== RUN   Test_AllPlugins/inputs/all/intel_baseband.go
=== RUN   Test_AllPlugins/inputs/all/intel_dlb.go
=== RUN   Test_AllPlugins/inputs/all/intel_pmt.go
=== RUN   Test_AllPlugins/inputs/all/intel_pmu.go
=== RUN   Test_AllPlugins/inputs/all/intel_powerstat.go
=== RUN   Test_AllPlugins/inputs/all/intel_rdt.go
=== RUN   Test_AllPlugins/inputs/all/internal.go
=== RUN   Test_AllPlugins/inputs/all/internet_speed.go
=== RUN   Test_AllPlugins/inputs/all/interrupts.go
=== RUN   Test_AllPlugins/inputs/all/ipmi_sensor.go
=== RUN   Test_AllPlugins/inputs/all/ipset.go
=== RUN   Test_AllPlugins/inputs/all/iptables.go
=== RUN   Test_AllPlugins/inputs/all/ipvs.go
=== RUN   Test_AllPlugins/inputs/all/jenkins.go
=== RUN   Test_AllPlugins/inputs/all/jolokia2_agent.go
=== RUN   Test_AllPlugins/inputs/all/jolokia2_proxy.go
=== RUN   Test_AllPlugins/inputs/all/jti_openconfig_telemetry.go
=== RUN   Test_AllPlugins/inputs/all/kafka_consumer.go
=== RUN   Test_AllPlugins/inputs/all/kapacitor.go
=== RUN   Test_AllPlugins/inputs/all/kernel.go
=== RUN   Test_AllPlugins/inputs/all/kernel_vmstat.go
=== RUN   Test_AllPlugins/inputs/all/kibana.go
=== RUN   Test_AllPlugins/inputs/all/kinesis_consumer.go
=== RUN   Test_AllPlugins/inputs/all/knx_listener.go
=== RUN   Test_AllPlugins/inputs/all/kube_inventory.go
=== RUN   Test_AllPlugins/inputs/all/kubernetes.go
=== RUN   Test_AllPlugins/inputs/all/lanz.go
=== RUN   Test_AllPlugins/inputs/all/ldap.go
=== RUN   Test_AllPlugins/inputs/all/leofs.go
=== RUN   Test_AllPlugins/inputs/all/libvirt.go
=== RUN   Test_AllPlugins/inputs/all/linux_cpu.go
=== RUN   Test_AllPlugins/inputs/all/linux_sysctl_fs.go
=== RUN   Test_AllPlugins/inputs/all/logparser.go
=== RUN   Test_AllPlugins/inputs/all/logstash.go
=== RUN   Test_AllPlugins/inputs/all/lustre2.go
=== RUN   Test_AllPlugins/inputs/all/lvm.go
=== RUN   Test_AllPlugins/inputs/all/mailchimp.go
=== RUN   Test_AllPlugins/inputs/all/marklogic.go
=== RUN   Test_AllPlugins/inputs/all/mcrouter.go
=== RUN   Test_AllPlugins/inputs/all/mdstat.go
=== RUN   Test_AllPlugins/inputs/all/mem.go
=== RUN   Test_AllPlugins/inputs/all/memcached.go
=== RUN   Test_AllPlugins/inputs/all/mesos.go
=== RUN   Test_AllPlugins/inputs/all/minecraft.go
=== RUN   Test_AllPlugins/inputs/all/mock.go
=== RUN   Test_AllPlugins/inputs/all/modbus.go
=== RUN   Test_AllPlugins/inputs/all/mongodb.go
=== RUN   Test_AllPlugins/inputs/all/monit.go
=== RUN   Test_AllPlugins/inputs/all/mqtt_consumer.go
=== RUN   Test_AllPlugins/inputs/all/multifile.go
=== RUN   Test_AllPlugins/inputs/all/mysql.go
=== RUN   Test_AllPlugins/inputs/all/nats.go
=== RUN   Test_AllPlugins/inputs/all/nats_consumer.go
=== RUN   Test_AllPlugins/inputs/all/neoom_beaam.go
=== RUN   Test_AllPlugins/inputs/all/neptune_apex.go
=== RUN   Test_AllPlugins/inputs/all/net.go
=== RUN   Test_AllPlugins/inputs/all/net_response.go
=== RUN   Test_AllPlugins/inputs/all/netflow.go
=== RUN   Test_AllPlugins/inputs/all/netstat.go
=== RUN   Test_AllPlugins/inputs/all/nfsclient.go
=== RUN   Test_AllPlugins/inputs/all/nginx.go
=== RUN   Test_AllPlugins/inputs/all/nginx_plus.go
=== RUN   Test_AllPlugins/inputs/all/nginx_plus_api.go
=== RUN   Test_AllPlugins/inputs/all/nginx_sts.go
=== RUN   Test_AllPlugins/inputs/all/nginx_upstream_check.go
=== RUN   Test_AllPlugins/inputs/all/nginx_vts.go
=== RUN   Test_AllPlugins/inputs/all/nomad.go
=== RUN   Test_AllPlugins/inputs/all/nsd.go
=== RUN   Test_AllPlugins/inputs/all/nsq.go
=== RUN   Test_AllPlugins/inputs/all/nsq_consumer.go
=== RUN   Test_AllPlugins/inputs/all/nstat.go
=== RUN   Test_AllPlugins/inputs/all/ntpq.go
=== RUN   Test_AllPlugins/inputs/all/nvidia_smi.go
=== RUN   Test_AllPlugins/inputs/all/opcua.go
=== RUN   Test_AllPlugins/inputs/all/opcua_listener.go
=== RUN   Test_AllPlugins/inputs/all/openldap.go
=== RUN   Test_AllPlugins/inputs/all/openntpd.go
=== RUN   Test_AllPlugins/inputs/all/opensearch_query.go
=== RUN   Test_AllPlugins/inputs/all/opensmtpd.go
=== RUN   Test_AllPlugins/inputs/all/openstack.go
=== RUN   Test_AllPlugins/inputs/all/opentelemetry.go
=== RUN   Test_AllPlugins/inputs/all/openweathermap.go
=== RUN   Test_AllPlugins/inputs/all/p4runtime.go
=== RUN   Test_AllPlugins/inputs/all/passenger.go
=== RUN   Test_AllPlugins/inputs/all/pf.go
=== RUN   Test_AllPlugins/inputs/all/pgbouncer.go
=== RUN   Test_AllPlugins/inputs/all/phpfpm.go
=== RUN   Test_AllPlugins/inputs/all/ping.go
=== RUN   Test_AllPlugins/inputs/all/postfix.go
=== RUN   Test_AllPlugins/inputs/all/postgresql.go
=== RUN   Test_AllPlugins/inputs/all/postgresql_extensible.go
=== RUN   Test_AllPlugins/inputs/all/powerdns.go
=== RUN   Test_AllPlugins/inputs/all/powerdns_recursor.go
=== RUN   Test_AllPlugins/inputs/all/processes.go
=== RUN   Test_AllPlugins/inputs/all/procstat.go
=== RUN   Test_AllPlugins/inputs/all/prometheus.go
=== RUN   Test_AllPlugins/inputs/all/proxmox.go
=== RUN   Test_AllPlugins/inputs/all/puppetagent.go
=== RUN   Test_AllPlugins/inputs/all/rabbitmq.go
=== RUN   Test_AllPlugins/inputs/all/radius.go
=== RUN   Test_AllPlugins/inputs/all/raindrops.go
=== RUN   Test_AllPlugins/inputs/all/ras.go
=== RUN   Test_AllPlugins/inputs/all/ravendb.go
=== RUN   Test_AllPlugins/inputs/all/redfish.go
=== RUN   Test_AllPlugins/inputs/all/redis.go
=== RUN   Test_AllPlugins/inputs/all/redis_sentinel.go
=== RUN   Test_AllPlugins/inputs/all/rethinkdb.go
=== RUN   Test_AllPlugins/inputs/all/riak.go
=== RUN   Test_AllPlugins/inputs/all/riemann_listener.go
=== RUN   Test_AllPlugins/inputs/all/s7comm.go
=== RUN   Test_AllPlugins/inputs/all/salesforce.go
=== RUN   Test_AllPlugins/inputs/all/sensors.go
=== RUN   Test_AllPlugins/inputs/all/sflow.go
=== RUN   Test_AllPlugins/inputs/all/slab.go
=== RUN   Test_AllPlugins/inputs/all/slurm.go
=== RUN   Test_AllPlugins/inputs/all/smart.go
=== RUN   Test_AllPlugins/inputs/all/smartctl.go
=== RUN   Test_AllPlugins/inputs/all/snmp.go
=== RUN   Test_AllPlugins/inputs/all/snmp_trap.go
=== RUN   Test_AllPlugins/inputs/all/socket_listener.go
=== RUN   Test_AllPlugins/inputs/all/socketstat.go
=== RUN   Test_AllPlugins/inputs/all/solr.go
=== RUN   Test_AllPlugins/inputs/all/sql.go
=== RUN   Test_AllPlugins/inputs/all/sqlserver.go
=== RUN   Test_AllPlugins/inputs/all/stackdriver.go
=== RUN   Test_AllPlugins/inputs/all/statsd.go
=== RUN   Test_AllPlugins/inputs/all/supervisor.go
=== RUN   Test_AllPlugins/inputs/all/suricata.go
=== RUN   Test_AllPlugins/inputs/all/swap.go
=== RUN   Test_AllPlugins/inputs/all/synproxy.go
=== RUN   Test_AllPlugins/inputs/all/syslog.go
=== RUN   Test_AllPlugins/inputs/all/sysstat.go
=== RUN   Test_AllPlugins/inputs/all/system.go
=== RUN   Test_AllPlugins/inputs/all/systemd_units.go
=== RUN   Test_AllPlugins/inputs/all/tacacs.go
=== RUN   Test_AllPlugins/inputs/all/tail.go
=== RUN   Test_AllPlugins/inputs/all/teamspeak.go
=== RUN   Test_AllPlugins/inputs/all/temp.go
=== RUN   Test_AllPlugins/inputs/all/tengine.go
=== RUN   Test_AllPlugins/inputs/all/tomcat.go
=== RUN   Test_AllPlugins/inputs/all/trig.go
=== RUN   Test_AllPlugins/inputs/all/twemproxy.go
=== RUN   Test_AllPlugins/inputs/all/unbound.go
=== RUN   Test_AllPlugins/inputs/all/upsd.go
=== RUN   Test_AllPlugins/inputs/all/uwsgi.go
=== RUN   Test_AllPlugins/inputs/all/varnish.go
=== RUN   Test_AllPlugins/inputs/all/vault.go
=== RUN   Test_AllPlugins/inputs/all/vsphere.go
=== RUN   Test_AllPlugins/inputs/all/webhooks.go
=== RUN   Test_AllPlugins/inputs/all/win_eventlog.go
=== RUN   Test_AllPlugins/inputs/all/win_perf_counters.go
=== RUN   Test_AllPlugins/inputs/all/win_services.go
=== RUN   Test_AllPlugins/inputs/all/win_wmi.go
=== RUN   Test_AllPlugins/inputs/all/wireguard.go
=== RUN   Test_AllPlugins/inputs/all/wireless.go
=== RUN   Test_AllPlugins/inputs/all/x509_cert.go
=== RUN   Test_AllPlugins/inputs/all/xtremio.go
=== RUN   Test_AllPlugins/inputs/all/zfs.go
=== RUN   Test_AllPlugins/inputs/all/zipkin.go
=== RUN   Test_AllPlugins/inputs/all/zookeeper.go
=== RUN   Test_AllPlugins/outputs/all/amon.go
=== RUN   Test_AllPlugins/outputs/all/amqp.go
=== RUN   Test_AllPlugins/outputs/all/application_insights.go
=== RUN   Test_AllPlugins/outputs/all/azure_data_explorer.go
=== RUN   Test_AllPlugins/outputs/all/azure_monitor.go
=== RUN   Test_AllPlugins/outputs/all/bigquery.go
=== RUN   Test_AllPlugins/outputs/all/clarify.go
=== RUN   Test_AllPlugins/outputs/all/cloud_pubsub.go
=== RUN   Test_AllPlugins/outputs/all/cloudwatch.go
=== RUN   Test_AllPlugins/outputs/all/cloudwatch_logs.go
=== RUN   Test_AllPlugins/outputs/all/cratedb.go
=== RUN   Test_AllPlugins/outputs/all/datadog.go
=== RUN   Test_AllPlugins/outputs/all/discard.go
=== RUN   Test_AllPlugins/outputs/all/dynatrace.go
=== RUN   Test_AllPlugins/outputs/all/elasticsearch.go
=== RUN   Test_AllPlugins/outputs/all/event_hubs.go
=== RUN   Test_AllPlugins/outputs/all/exec.go
=== RUN   Test_AllPlugins/outputs/all/execd.go
=== RUN   Test_AllPlugins/outputs/all/file.go
=== RUN   Test_AllPlugins/outputs/all/graphite.go
=== RUN   Test_AllPlugins/outputs/all/graylog.go
=== RUN   Test_AllPlugins/outputs/all/groundwork.go
=== RUN   Test_AllPlugins/outputs/all/health.go
=== RUN   Test_AllPlugins/outputs/all/http.go
=== RUN   Test_AllPlugins/outputs/all/influxdb.go
=== RUN   Test_AllPlugins/outputs/all/influxdb_v2.go
=== RUN   Test_AllPlugins/outputs/all/instrumental.go
=== RUN   Test_AllPlugins/outputs/all/iotdb.go
=== RUN   Test_AllPlugins/outputs/all/kafka.go
=== RUN   Test_AllPlugins/outputs/all/kinesis.go
=== RUN   Test_AllPlugins/outputs/all/librato.go
=== RUN   Test_AllPlugins/outputs/all/logzio.go
=== RUN   Test_AllPlugins/outputs/all/loki.go
=== RUN   Test_AllPlugins/outputs/all/mongodb.go
=== RUN   Test_AllPlugins/outputs/all/mqtt.go
=== RUN   Test_AllPlugins/outputs/all/nats.go
=== RUN   Test_AllPlugins/outputs/all/nebius_cloud_monitoring.go
=== RUN   Test_AllPlugins/outputs/all/newrelic.go
=== RUN   Test_AllPlugins/outputs/all/nsq.go
=== RUN   Test_AllPlugins/outputs/all/opensearch.go
=== RUN   Test_AllPlugins/outputs/all/opentelemetry.go
=== RUN   Test_AllPlugins/outputs/all/opentsdb.go
=== RUN   Test_AllPlugins/outputs/all/parquet.go
=== RUN   Test_AllPlugins/outputs/all/postgresql.go
=== RUN   Test_AllPlugins/outputs/all/prometheus_client.go
=== RUN   Test_AllPlugins/outputs/all/quix.go
=== RUN   Test_AllPlugins/outputs/all/redistimeseries.go
=== RUN   Test_AllPlugins/outputs/all/remotefile.go
=== RUN   Test_AllPlugins/outputs/all/riemann.go
=== RUN   Test_AllPlugins/outputs/all/sensu.go
=== RUN   Test_AllPlugins/outputs/all/signalfx.go
=== RUN   Test_AllPlugins/outputs/all/socket_writer.go
=== RUN   Test_AllPlugins/outputs/all/sql.go
=== RUN   Test_AllPlugins/outputs/all/stackdriver.go
=== RUN   Test_AllPlugins/outputs/all/stomp.go
=== RUN   Test_AllPlugins/outputs/all/sumologic.go
=== RUN   Test_AllPlugins/outputs/all/syslog.go
=== RUN   Test_AllPlugins/outputs/all/timestream.go
=== RUN   Test_AllPlugins/outputs/all/warp10.go
=== RUN   Test_AllPlugins/outputs/all/wavefront.go
=== RUN   Test_AllPlugins/outputs/all/websocket.go
=== RUN   Test_AllPlugins/outputs/all/yandex_cloud_monitoring.go
=== RUN   Test_AllPlugins/outputs/all/zabbix.go
=== RUN   Test_AllPlugins/parsers/all/avro.go
=== RUN   Test_AllPlugins/parsers/all/binary.go
=== RUN   Test_AllPlugins/parsers/all/collectd.go
=== RUN   Test_AllPlugins/parsers/all/csv.go
=== RUN   Test_AllPlugins/parsers/all/dropwizard.go
=== RUN   Test_AllPlugins/parsers/all/form_urlencoded.go
=== RUN   Test_AllPlugins/parsers/all/graphite.go
=== RUN   Test_AllPlugins/parsers/all/grok.go
=== RUN   Test_AllPlugins/parsers/all/influx.go
=== RUN   Test_AllPlugins/parsers/all/json.go
=== RUN   Test_AllPlugins/parsers/all/json_v2.go
=== RUN   Test_AllPlugins/parsers/all/logfmt.go
=== RUN   Test_AllPlugins/parsers/all/nagios.go
=== RUN   Test_AllPlugins/parsers/all/openmetrics.go
=== RUN   Test_AllPlugins/parsers/all/opentsdb.go
=== RUN   Test_AllPlugins/parsers/all/parquet.go
=== RUN   Test_AllPlugins/parsers/all/prometheus.go
=== RUN   Test_AllPlugins/parsers/all/prometheusremotewrite.go
=== RUN   Test_AllPlugins/parsers/all/value.go
=== RUN   Test_AllPlugins/parsers/all/wavefront.go
=== RUN   Test_AllPlugins/parsers/all/xpath.go
=== RUN   Test_AllPlugins/processors/all/aws_ec2.go
=== RUN   Test_AllPlugins/processors/all/batch.go
=== RUN   Test_AllPlugins/processors/all/clone.go
=== RUN   Test_AllPlugins/processors/all/converter.go
=== RUN   Test_AllPlugins/processors/all/date.go
=== RUN   Test_AllPlugins/processors/all/dedup.go
=== RUN   Test_AllPlugins/processors/all/defaults.go
=== RUN   Test_AllPlugins/processors/all/enum.go
=== RUN   Test_AllPlugins/processors/all/execd.go
=== RUN   Test_AllPlugins/processors/all/filepath.go
=== RUN   Test_AllPlugins/processors/all/filter.go
=== RUN   Test_AllPlugins/processors/all/ifname.go
=== RUN   Test_AllPlugins/processors/all/lookup.go
=== RUN   Test_AllPlugins/processors/all/noise.go
=== RUN   Test_AllPlugins/processors/all/override.go
=== RUN   Test_AllPlugins/processors/all/parser.go
=== RUN   Test_AllPlugins/processors/all/pivot.go
=== RUN   Test_AllPlugins/processors/all/port_name.go
=== RUN   Test_AllPlugins/processors/all/printer.go
=== RUN   Test_AllPlugins/processors/all/processors.go
=== RUN   Test_AllPlugins/processors/all/regex.go
=== RUN   Test_AllPlugins/processors/all/rename.go
=== RUN   Test_AllPlugins/processors/all/reverse_dns.go
=== RUN   Test_AllPlugins/processors/all/s2geo.go
=== RUN   Test_AllPlugins/processors/all/scale.go
=== RUN   Test_AllPlugins/processors/all/snmp_lookup.go
=== RUN   Test_AllPlugins/processors/all/split.go
=== RUN   Test_AllPlugins/processors/all/starlark.go
=== RUN   Test_AllPlugins/processors/all/strings.go
=== RUN   Test_AllPlugins/processors/all/tag_limit.go
=== RUN   Test_AllPlugins/processors/all/template.go
=== RUN   Test_AllPlugins/processors/all/topk.go
=== RUN   Test_AllPlugins/processors/all/unpivot.go
=== RUN   Test_AllPlugins/secretstores/all/docker.go
=== RUN   Test_AllPlugins/secretstores/all/http.go
=== RUN   Test_AllPlugins/secretstores/all/jose.go
=== RUN   Test_AllPlugins/secretstores/all/oauth2.go
=== RUN   Test_AllPlugins/secretstores/all/os.go
=== RUN   Test_AllPlugins/secretstores/all/systemd.go
--- PASS: Test_AllPlugins (0.15s)
    --- PASS: Test_AllPlugins/aggregators/all/basicstats.go (0.00s)
    --- PASS: Test_AllPlugins/aggregators/all/derivative.go (0.00s)
    --- PASS: Test_AllPlugins/aggregators/all/final.go (0.00s)
    --- PASS: Test_AllPlugins/aggregators/all/histogram.go (0.00s)
    --- PASS: Test_AllPlugins/aggregators/all/merge.go (0.00s)
    --- PASS: Test_AllPlugins/aggregators/all/minmax.go (0.00s)
    --- PASS: Test_AllPlugins/aggregators/all/quantile.go (0.00s)
    --- PASS: Test_AllPlugins/aggregators/all/starlark.go (0.00s)
    --- PASS: Test_AllPlugins/aggregators/all/valuecounter.go (0.00s)
    --- PASS: Test_AllPlugins/inputs/all/activemq.go (0.00s)
    --- PASS: Test_AllPlugins/inputs/all/aerospike.go (0.00s)
    --- PASS: Test_AllPlugins/inputs/all/aliyuncms.go (0.00s)
    --- PASS: Test_AllPlugins/inputs/all/amd_rocm_smi.go (0.00s)
    --- PASS: Test_AllPlugins/inputs/all/amqp_consumer.go (0.00s)
    --- PASS: Test_AllPlugins/inputs/all/apache.go (0.00s)
    --- PASS: Test_AllPlugins/inputs/all/apcupsd.go (0.00s)
    --- PASS: Test_AllPlugins/inputs/all/aurora.go (0.00s)
    --- PASS: Test_AllPlugins/inputs/all/azure_monitor.go (0.00s)
    --- PASS: Test_AllPlugins/inputs/all/azure_storage_queue.go (0.00s)
    --- PASS: Test_AllPlugins/inputs/all/bcache.go (0.00s)
    --- PASS: Test_AllPlugins/inputs/all/beanstalkd.go (0.00s)
    --- PASS: Test_AllPlugins/inputs/all/beat.go (0.00s)
    --- PASS: Test_AllPlugins/inputs/all/bind.go (0.00s)
    --- PASS: Test_AllPlugins/inputs/all/bond.go (0.00s)
    --- PASS: Test_AllPlugins/inputs/all/burrow.go (0.00s)
    --- PASS: Test_AllPlugins/inputs/all/ceph.go (0.00s)
    --- PASS: Test_AllPlugins/inputs/all/cgroup.go (0.00s)
    --- PASS: Test_AllPlugins/inputs/all/chrony.go (0.00s)
    --- PASS: Test_AllPlugins/inputs/all/cisco_telemetry_mdt.go (0.00s)
    --- PASS: Test_AllPlugins/inputs/all/clickhouse.go (0.00s)
    --- PASS: Test_AllPlugins/inputs/all/cloud_pubsub.go (0.00s)
    --- PASS: Test_AllPlugins/inputs/all/cloud_pubsub_push.go (0.00s)
    --- PASS: Test_AllPlugins/inputs/all/cloudwatch.go (0.00s)
    --- PASS: Test_AllPlugins/inputs/all/cloudwatch_metric_streams.go (0.00s)
    --- PASS: Test_AllPlugins/inputs/all/conntrack.go (0.00s)
    --- PASS: Test_AllPlugins/inputs/all/consul.go (0.00s)
    --- PASS: Test_AllPlugins/inputs/all/consul_agent.go (0.00s)
    --- PASS: Test_AllPlugins/inputs/all/couchbase.go (0.00s)
    --- PASS: Test_AllPlugins/inputs/all/couchdb.go (0.00s)
    --- PASS: Test_AllPlugins/inputs/all/cpu.go (0.00s)
    --- PASS: Test_AllPlugins/inputs/all/csgo.go (0.00s)
    --- PASS: Test_AllPlugins/inputs/all/ctrlx_datalayer.go (0.00s)
    --- PASS: Test_AllPlugins/inputs/all/dcos.go (0.00s)
    --- PASS: Test_AllPlugins/inputs/all/directory_monitor.go (0.00s)
    --- PASS: Test_AllPlugins/inputs/all/disk.go (0.00s)
    --- PASS: Test_AllPlugins/inputs/all/diskio.go (0.00s)
    --- PASS: Test_AllPlugins/inputs/all/disque.go (0.00s)
    --- PASS: Test_AllPlugins/inputs/all/dmcache.go (0.00s)
    --- PASS: Test_AllPlugins/inputs/all/dns_query.go (0.00s)
    --- PASS: Test_AllPlugins/inputs/all/docker.go (0.00s)
    --- PASS: Test_AllPlugins/inputs/all/docker_log.go (0.00s)
    --- PASS: Test_AllPlugins/inputs/all/dovecot.go (0.00s)
    --- PASS: Test_AllPlugins/inputs/all/dpdk.go (0.00s)
    --- PASS: Test_AllPlugins/inputs/all/ecs.go (0.00s)
    --- PASS: Test_AllPlugins/inputs/all/elasticsearch.go (0.00s)
    --- PASS: Test_AllPlugins/inputs/all/elasticsearch_query.go (0.00s)
    --- PASS: Test_AllPlugins/inputs/all/ethtool.go (0.00s)
    --- PASS: Test_AllPlugins/inputs/all/eventhub_consumer.go (0.00s)
    --- PASS: Test_AllPlugins/inputs/all/exec.go (0.00s)
    --- PASS: Test_AllPlugins/inputs/all/execd.go (0.00s)
    --- PASS: Test_AllPlugins/inputs/all/fail2ban.go (0.00s)
    --- PASS: Test_AllPlugins/inputs/all/fibaro.go (0.00s)
    --- PASS: Test_AllPlugins/inputs/all/file.go (0.00s)
    --- PASS: Test_AllPlugins/inputs/all/filecount.go (0.00s)
    --- PASS: Test_AllPlugins/inputs/all/filestat.go (0.00s)
    --- PASS: Test_AllPlugins/inputs/all/fireboard.go (0.00s)
    --- PASS: Test_AllPlugins/inputs/all/firehose.go (0.00s)
    --- PASS: Test_AllPlugins/inputs/all/fluentd.go (0.00s)
    --- PASS: Test_AllPlugins/inputs/all/github.go (0.00s)
    --- PASS: Test_AllPlugins/inputs/all/gnmi.go (0.00s)
    --- PASS: Test_AllPlugins/inputs/all/google_cloud_storage.go (0.00s)
    --- PASS: Test_AllPlugins/inputs/all/graylog.go (0.00s)
    --- PASS: Test_AllPlugins/inputs/all/haproxy.go (0.00s)
    --- PASS: Test_AllPlugins/inputs/all/hddtemp.go (0.00s)
    --- PASS: Test_AllPlugins/inputs/all/http.go (0.00s)
    --- PASS: Test_AllPlugins/inputs/all/http_listener_v2.go (0.00s)
    --- PASS: Test_AllPlugins/inputs/all/http_response.go (0.00s)
    --- PASS: Test_AllPlugins/inputs/all/hugepages.go (0.00s)
    --- PASS: Test_AllPlugins/inputs/all/icinga2.go (0.00s)
    --- PASS: Test_AllPlugins/inputs/all/infiniband.go (0.00s)
    --- PASS: Test_AllPlugins/inputs/all/influxdb.go (0.00s)
    --- PASS: Test_AllPlugins/inputs/all/influxdb_listener.go (0.00s)
    --- PASS: Test_AllPlugins/inputs/all/influxdb_v2_listener.go (0.00s)
    --- PASS: Test_AllPlugins/inputs/all/intel_baseband.go (0.00s)
    --- PASS: Test_AllPlugins/inputs/all/intel_dlb.go (0.00s)
    --- PASS: Test_AllPlugins/inputs/all/intel_pmt.go (0.00s)
    --- PASS: Test_AllPlugins/inputs/all/intel_pmu.go (0.00s)
    --- PASS: Test_AllPlugins/inputs/all/intel_powerstat.go (0.00s)
    --- PASS: Test_AllPlugins/inputs/all/intel_rdt.go (0.00s)
    --- PASS: Test_AllPlugins/inputs/all/internal.go (0.00s)
    --- PASS: Test_AllPlugins/inputs/all/internet_speed.go (0.00s)
    --- PASS: Test_AllPlugins/inputs/all/interrupts.go (0.00s)
    --- PASS: Test_AllPlugins/inputs/all/ipmi_sensor.go (0.00s)
    --- PASS: Test_AllPlugins/inputs/all/ipset.go (0.00s)
    --- PASS: Test_AllPlugins/inputs/all/iptables.go (0.00s)
    --- PASS: Test_AllPlugins/inputs/all/ipvs.go (0.00s)
    --- PASS: Test_AllPlugins/inputs/all/jenkins.go (0.00s)
    --- PASS: Test_AllPlugins/inputs/all/jolokia2_agent.go (0.00s)
    --- PASS: Test_AllPlugins/inputs/all/jolokia2_proxy.go (0.00s)
    --- PASS: Test_AllPlugins/inputs/all/jti_openconfig_telemetry.go (0.00s)
    --- PASS: Test_AllPlugins/inputs/all/kafka_consumer.go (0.00s)
    --- PASS: Test_AllPlugins/inputs/all/kapacitor.go (0.00s)
    --- PASS: Test_AllPlugins/inputs/all/kernel.go (0.00s)
    --- PASS: Test_AllPlugins/inputs/all/kernel_vmstat.go (0.00s)
    --- PASS: Test_AllPlugins/inputs/all/kibana.go (0.00s)
    --- PASS: Test_AllPlugins/inputs/all/kinesis_consumer.go (0.00s)
    --- PASS: Test_AllPlugins/inputs/all/knx_listener.go (0.00s)
    --- PASS: Test_AllPlugins/inputs/all/kube_inventory.go (0.00s)
    --- PASS: Test_AllPlugins/inputs/all/kubernetes.go (0.00s)
    --- PASS: Test_AllPlugins/inputs/all/lanz.go (0.00s)
    --- PASS: Test_AllPlugins/inputs/all/ldap.go (0.00s)
    --- PASS: Test_AllPlugins/inputs/all/leofs.go (0.00s)
    --- PASS: Test_AllPlugins/inputs/all/libvirt.go (0.00s)
    --- PASS: Test_AllPlugins/inputs/all/linux_cpu.go (0.00s)
    --- PASS: Test_AllPlugins/inputs/all/linux_sysctl_fs.go (0.00s)
    --- PASS: Test_AllPlugins/inputs/all/logparser.go (0.00s)
    --- PASS: Test_AllPlugins/inputs/all/logstash.go (0.00s)
    --- PASS: Test_AllPlugins/inputs/all/lustre2.go (0.00s)
    --- PASS: Test_AllPlugins/inputs/all/lvm.go (0.00s)
    --- PASS: Test_AllPlugins/inputs/all/mailchimp.go (0.00s)
    --- PASS: Test_AllPlugins/inputs/all/marklogic.go (0.00s)
    --- PASS: Test_AllPlugins/inputs/all/mcrouter.go (0.00s)
    --- PASS: Test_AllPlugins/inputs/all/mdstat.go (0.00s)
    --- PASS: Test_AllPlugins/inputs/all/mem.go (0.00s)
    --- PASS: Test_AllPlugins/inputs/all/memcached.go (0.00s)
    --- PASS: Test_AllPlugins/inputs/all/mesos.go (0.00s)
    --- PASS: Test_AllPlugins/inputs/all/minecraft.go (0.00s)
    --- PASS: Test_AllPlugins/inputs/all/mock.go (0.00s)
    --- PASS: Test_AllPlugins/inputs/all/modbus.go (0.00s)
    --- PASS: Test_AllPlugins/inputs/all/mongodb.go (0.00s)
    --- PASS: Test_AllPlugins/inputs/all/monit.go (0.00s)
    --- PASS: Test_AllPlugins/inputs/all/mqtt_consumer.go (0.00s)
    --- PASS: Test_AllPlugins/inputs/all/multifile.go (0.00s)
    --- PASS: Test_AllPlugins/inputs/all/mysql.go (0.00s)
    --- PASS: Test_AllPlugins/inputs/all/nats.go (0.00s)
    --- PASS: Test_AllPlugins/inputs/all/nats_consumer.go (0.00s)
    --- PASS: Test_AllPlugins/inputs/all/neoom_beaam.go (0.00s)
    --- PASS: Test_AllPlugins/inputs/all/neptune_apex.go (0.00s)
    --- PASS: Test_AllPlugins/inputs/all/net.go (0.00s)
    --- PASS: Test_AllPlugins/inputs/all/net_response.go (0.00s)
    --- PASS: Test_AllPlugins/inputs/all/netflow.go (0.00s)
    --- PASS: Test_AllPlugins/inputs/all/netstat.go (0.00s)
    --- PASS: Test_AllPlugins/inputs/all/nfsclient.go (0.00s)
    --- PASS: Test_AllPlugins/inputs/all/nginx.go (0.00s)
    --- PASS: Test_AllPlugins/inputs/all/nginx_plus.go (0.00s)
    --- PASS: Test_AllPlugins/inputs/all/nginx_plus_api.go (0.00s)
    --- PASS: Test_AllPlugins/inputs/all/nginx_sts.go (0.00s)
    --- PASS: Test_AllPlugins/inputs/all/nginx_upstream_check.go (0.00s)
    --- PASS: Test_AllPlugins/inputs/all/nginx_vts.go (0.00s)
    --- PASS: Test_AllPlugins/inputs/all/nomad.go (0.00s)
    --- PASS: Test_AllPlugins/inputs/all/nsd.go (0.00s)
    --- PASS: Test_AllPlugins/inputs/all/nsq.go (0.00s)
    --- PASS: Test_AllPlugins/inputs/all/nsq_consumer.go (0.00s)
    --- PASS: Test_AllPlugins/inputs/all/nstat.go (0.00s)
    --- PASS: Test_AllPlugins/inputs/all/ntpq.go (0.00s)
    --- PASS: Test_AllPlugins/inputs/all/nvidia_smi.go (0.00s)
    --- PASS: Test_AllPlugins/inputs/all/opcua.go (0.00s)
    --- PASS: Test_AllPlugins/inputs/all/opcua_listener.go (0.00s)
    --- PASS: Test_AllPlugins/inputs/all/openldap.go (0.00s)
    --- PASS: Test_AllPlugins/inputs/all/openntpd.go (0.00s)
    --- PASS: Test_AllPlugins/inputs/all/opensearch_query.go (0.00s)
    --- PASS: Test_AllPlugins/inputs/all/opensmtpd.go (0.00s)
    --- PASS: Test_AllPlugins/inputs/all/openstack.go (0.00s)
    --- PASS: Test_AllPlugins/inputs/all/opentelemetry.go (0.00s)
    --- PASS: Test_AllPlugins/inputs/all/openweathermap.go (0.00s)
    --- PASS: Test_AllPlugins/inputs/all/p4runtime.go (0.00s)
    --- PASS: Test_AllPlugins/inputs/all/passenger.go (0.00s)
    --- PASS: Test_AllPlugins/inputs/all/pf.go (0.00s)
    --- PASS: Test_AllPlugins/inputs/all/pgbouncer.go (0.00s)
    --- PASS: Test_AllPlugins/inputs/all/phpfpm.go (0.00s)
    --- PASS: Test_AllPlugins/inputs/all/ping.go (0.00s)
    --- PASS: Test_AllPlugins/inputs/all/postfix.go (0.00s)
    --- PASS: Test_AllPlugins/inputs/all/postgresql.go (0.00s)
    --- PASS: Test_AllPlugins/inputs/all/postgresql_extensible.go (0.00s)
    --- PASS: Test_AllPlugins/inputs/all/powerdns.go (0.00s)
    --- PASS: Test_AllPlugins/inputs/all/powerdns_recursor.go (0.00s)
    --- PASS: Test_AllPlugins/inputs/all/processes.go (0.00s)
    --- PASS: Test_AllPlugins/inputs/all/procstat.go (0.00s)
    --- PASS: Test_AllPlugins/inputs/all/prometheus.go (0.00s)
    --- PASS: Test_AllPlugins/inputs/all/proxmox.go (0.00s)
    --- PASS: Test_AllPlugins/inputs/all/puppetagent.go (0.00s)
    --- PASS: Test_AllPlugins/inputs/all/rabbitmq.go (0.00s)
    --- PASS: Test_AllPlugins/inputs/all/radius.go (0.00s)
    --- PASS: Test_AllPlugins/inputs/all/raindrops.go (0.00s)
    --- PASS: Test_AllPlugins/inputs/all/ras.go (0.00s)
    --- PASS: Test_AllPlugins/inputs/all/ravendb.go (0.00s)
    --- PASS: Test_AllPlugins/inputs/all/redfish.go (0.00s)
    --- PASS: Test_AllPlugins/inputs/all/redis.go (0.00s)
    --- PASS: Test_AllPlugins/inputs/all/redis_sentinel.go (0.00s)
    --- PASS: Test_AllPlugins/inputs/all/rethinkdb.go (0.00s)
    --- PASS: Test_AllPlugins/inputs/all/riak.go (0.00s)
    --- PASS: Test_AllPlugins/inputs/all/riemann_listener.go (0.00s)
    --- PASS: Test_AllPlugins/inputs/all/s7comm.go (0.00s)
    --- PASS: Test_AllPlugins/inputs/all/salesforce.go (0.00s)
    --- PASS: Test_AllPlugins/inputs/all/sensors.go (0.00s)
    --- PASS: Test_AllPlugins/inputs/all/sflow.go (0.00s)
    --- PASS: Test_AllPlugins/inputs/all/slab.go (0.00s)
    --- PASS: Test_AllPlugins/inputs/all/slurm.go (0.00s)
    --- PASS: Test_AllPlugins/inputs/all/smart.go (0.00s)
    --- PASS: Test_AllPlugins/inputs/all/smartctl.go (0.00s)
    --- PASS: Test_AllPlugins/inputs/all/snmp.go (0.00s)
    --- PASS: Test_AllPlugins/inputs/all/snmp_trap.go (0.00s)
    --- PASS: Test_AllPlugins/inputs/all/socket_listener.go (0.00s)
    --- PASS: Test_AllPlugins/inputs/all/socketstat.go (0.00s)
    --- PASS: Test_AllPlugins/inputs/all/solr.go (0.00s)
    --- PASS: Test_AllPlugins/inputs/all/sql.go (0.00s)
    --- PASS: Test_AllPlugins/inputs/all/sqlserver.go (0.00s)
    --- PASS: Test_AllPlugins/inputs/all/stackdriver.go (0.00s)
    --- PASS: Test_AllPlugins/inputs/all/statsd.go (0.00s)
    --- PASS: Test_AllPlugins/inputs/all/supervisor.go (0.00s)
    --- PASS: Test_AllPlugins/inputs/all/suricata.go (0.00s)
    --- PASS: Test_AllPlugins/inputs/all/swap.go (0.00s)
    --- PASS: Test_AllPlugins/inputs/all/synproxy.go (0.00s)
    --- PASS: Test_AllPlugins/inputs/all/syslog.go (0.00s)
    --- PASS: Test_AllPlugins/inputs/all/sysstat.go (0.00s)
    --- PASS: Test_AllPlugins/inputs/all/system.go (0.00s)
    --- PASS: Test_AllPlugins/inputs/all/systemd_units.go (0.00s)
    --- PASS: Test_AllPlugins/inputs/all/tacacs.go (0.00s)
    --- PASS: Test_AllPlugins/inputs/all/tail.go (0.00s)
    --- PASS: Test_AllPlugins/inputs/all/teamspeak.go (0.00s)
    --- PASS: Test_AllPlugins/inputs/all/temp.go (0.00s)
    --- PASS: Test_AllPlugins/inputs/all/tengine.go (0.00s)
    --- PASS: Test_AllPlugins/inputs/all/tomcat.go (0.00s)
    --- PASS: Test_AllPlugins/inputs/all/trig.go (0.00s)
    --- PASS: Test_AllPlugins/inputs/all/twemproxy.go (0.00s)
    --- PASS: Test_AllPlugins/inputs/all/unbound.go (0.00s)
    --- PASS: Test_AllPlugins/inputs/all/upsd.go (0.00s)
    --- PASS: Test_AllPlugins/inputs/all/uwsgi.go (0.00s)
    --- PASS: Test_AllPlugins/inputs/all/varnish.go (0.00s)
    --- PASS: Test_AllPlugins/inputs/all/vault.go (0.00s)
    --- PASS: Test_AllPlugins/inputs/all/vsphere.go (0.00s)
    --- PASS: Test_AllPlugins/inputs/all/webhooks.go (0.00s)
    --- PASS: Test_AllPlugins/inputs/all/win_eventlog.go (0.00s)
    --- PASS: Test_AllPlugins/inputs/all/win_perf_counters.go (0.00s)
    --- PASS: Test_AllPlugins/inputs/all/win_services.go (0.00s)
    --- PASS: Test_AllPlugins/inputs/all/win_wmi.go (0.00s)
    --- PASS: Test_AllPlugins/inputs/all/wireguard.go (0.00s)
    --- PASS: Test_AllPlugins/inputs/all/wireless.go (0.00s)
    --- PASS: Test_AllPlugins/inputs/all/x509_cert.go (0.00s)
    --- PASS: Test_AllPlugins/inputs/all/xtremio.go (0.00s)
    --- PASS: Test_AllPlugins/inputs/all/zfs.go (0.00s)
    --- PASS: Test_AllPlugins/inputs/all/zipkin.go (0.00s)
    --- PASS: Test_AllPlugins/inputs/all/zookeeper.go (0.00s)
    --- PASS: Test_AllPlugins/outputs/all/amon.go (0.00s)
    --- PASS: Test_AllPlugins/outputs/all/amqp.go (0.00s)
    --- PASS: Test_AllPlugins/outputs/all/application_insights.go (0.00s)
    --- PASS: Test_AllPlugins/outputs/all/azure_data_explorer.go (0.00s)
    --- PASS: Test_AllPlugins/outputs/all/azure_monitor.go (0.00s)
    --- PASS: Test_AllPlugins/outputs/all/bigquery.go (0.00s)
    --- PASS: Test_AllPlugins/outputs/all/clarify.go (0.00s)
    --- PASS: Test_AllPlugins/outputs/all/cloud_pubsub.go (0.00s)
    --- PASS: Test_AllPlugins/outputs/all/cloudwatch.go (0.00s)
    --- PASS: Test_AllPlugins/outputs/all/cloudwatch_logs.go (0.00s)
    --- PASS: Test_AllPlugins/outputs/all/cratedb.go (0.00s)
    --- PASS: Test_AllPlugins/outputs/all/datadog.go (0.00s)
    --- PASS: Test_AllPlugins/outputs/all/discard.go (0.00s)
    --- PASS: Test_AllPlugins/outputs/all/dynatrace.go (0.00s)
    --- PASS: Test_AllPlugins/outputs/all/elasticsearch.go (0.00s)
    --- PASS: Test_AllPlugins/outputs/all/event_hubs.go (0.00s)
    --- PASS: Test_AllPlugins/outputs/all/exec.go (0.00s)
    --- PASS: Test_AllPlugins/outputs/all/execd.go (0.00s)
    --- PASS: Test_AllPlugins/outputs/all/file.go (0.00s)
    --- PASS: Test_AllPlugins/outputs/all/graphite.go (0.00s)
    --- PASS: Test_AllPlugins/outputs/all/graylog.go (0.00s)
    --- PASS: Test_AllPlugins/outputs/all/groundwork.go (0.00s)
    --- PASS: Test_AllPlugins/outputs/all/health.go (0.00s)
    --- PASS: Test_AllPlugins/outputs/all/http.go (0.00s)
    --- PASS: Test_AllPlugins/outputs/all/influxdb.go (0.00s)
    --- PASS: Test_AllPlugins/outputs/all/influxdb_v2.go (0.00s)
    --- PASS: Test_AllPlugins/outputs/all/instrumental.go (0.00s)
    --- PASS: Test_AllPlugins/outputs/all/iotdb.go (0.00s)
    --- PASS: Test_AllPlugins/outputs/all/kafka.go (0.00s)
    --- PASS: Test_AllPlugins/outputs/all/kinesis.go (0.00s)
    --- PASS: Test_AllPlugins/outputs/all/librato.go (0.00s)
    --- PASS: Test_AllPlugins/outputs/all/logzio.go (0.00s)
    --- PASS: Test_AllPlugins/outputs/all/loki.go (0.00s)
    --- PASS: Test_AllPlugins/outputs/all/mongodb.go (0.00s)
    --- PASS: Test_AllPlugins/outputs/all/mqtt.go (0.00s)
    --- PASS: Test_AllPlugins/outputs/all/nats.go (0.00s)
    --- PASS: Test_AllPlugins/outputs/all/nebius_cloud_monitoring.go (0.00s)
    --- PASS: Test_AllPlugins/outputs/all/newrelic.go (0.00s)
    --- PASS: Test_AllPlugins/outputs/all/nsq.go (0.00s)
    --- PASS: Test_AllPlugins/outputs/all/opensearch.go (0.00s)
    --- PASS: Test_AllPlugins/outputs/all/opentelemetry.go (0.00s)
    --- PASS: Test_AllPlugins/outputs/all/opentsdb.go (0.00s)
    --- PASS: Test_AllPlugins/outputs/all/parquet.go (0.00s)
    --- PASS: Test_AllPlugins/outputs/all/postgresql.go (0.00s)
    --- PASS: Test_AllPlugins/outputs/all/prometheus_client.go (0.00s)
    --- PASS: Test_AllPlugins/outputs/all/quix.go (0.00s)
    --- PASS: Test_AllPlugins/outputs/all/redistimeseries.go (0.00s)
    --- PASS: Test_AllPlugins/outputs/all/remotefile.go (0.00s)
    --- PASS: Test_AllPlugins/outputs/all/riemann.go (0.00s)
    --- PASS: Test_AllPlugins/outputs/all/sensu.go (0.00s)
    --- PASS: Test_AllPlugins/outputs/all/signalfx.go (0.00s)
    --- PASS: Test_AllPlugins/outputs/all/socket_writer.go (0.00s)
    --- PASS: Test_AllPlugins/outputs/all/sql.go (0.00s)
    --- PASS: Test_AllPlugins/outputs/all/stackdriver.go (0.00s)
    --- PASS: Test_AllPlugins/outputs/all/stomp.go (0.00s)
    --- PASS: Test_AllPlugins/outputs/all/sumologic.go (0.00s)
    --- PASS: Test_AllPlugins/outputs/all/syslog.go (0.00s)
    --- PASS: Test_AllPlugins/outputs/all/timestream.go (0.00s)
    --- PASS: Test_AllPlugins/outputs/all/warp10.go (0.00s)
    --- PASS: Test_AllPlugins/outputs/all/wavefront.go (0.00s)
    --- PASS: Test_AllPlugins/outputs/all/websocket.go (0.00s)
    --- PASS: Test_AllPlugins/outputs/all/yandex_cloud_monitoring.go (0.00s)
    --- PASS: Test_AllPlugins/outputs/all/zabbix.go (0.00s)
    --- PASS: Test_AllPlugins/parsers/all/avro.go (0.00s)
    --- PASS: Test_AllPlugins/parsers/all/binary.go (0.00s)
    --- PASS: Test_AllPlugins/parsers/all/collectd.go (0.00s)
    --- PASS: Test_AllPlugins/parsers/all/csv.go (0.00s)
    --- PASS: Test_AllPlugins/parsers/all/dropwizard.go (0.00s)
    --- PASS: Test_AllPlugins/parsers/all/form_urlencoded.go (0.00s)
    --- PASS: Test_AllPlugins/parsers/all/graphite.go (0.00s)
    --- PASS: Test_AllPlugins/parsers/all/grok.go (0.00s)
    --- PASS: Test_AllPlugins/parsers/all/influx.go (0.00s)
    --- PASS: Test_AllPlugins/parsers/all/json.go (0.00s)
    --- PASS: Test_AllPlugins/parsers/all/json_v2.go (0.00s)
    --- PASS: Test_AllPlugins/parsers/all/logfmt.go (0.00s)
    --- PASS: Test_AllPlugins/parsers/all/nagios.go (0.00s)
    --- PASS: Test_AllPlugins/parsers/all/openmetrics.go (0.00s)
    --- PASS: Test_AllPlugins/parsers/all/opentsdb.go (0.00s)
    --- PASS: Test_AllPlugins/parsers/all/parquet.go (0.00s)
    --- PASS: Test_AllPlugins/parsers/all/prometheus.go (0.00s)
    --- PASS: Test_AllPlugins/parsers/all/prometheusremotewrite.go (0.00s)
    --- PASS: Test_AllPlugins/parsers/all/value.go (0.00s)
    --- PASS: Test_AllPlugins/parsers/all/wavefront.go (0.00s)
    --- PASS: Test_AllPlugins/parsers/all/xpath.go (0.00s)
    --- PASS: Test_AllPlugins/processors/all/aws_ec2.go (0.00s)
    --- PASS: Test_AllPlugins/processors/all/batch.go (0.00s)
    --- PASS: Test_AllPlugins/processors/all/clone.go (0.00s)
    --- PASS: Test_AllPlugins/processors/all/converter.go (0.00s)
    --- PASS: Test_AllPlugins/processors/all/date.go (0.00s)
    --- PASS: Test_AllPlugins/processors/all/dedup.go (0.00s)
    --- PASS: Test_AllPlugins/processors/all/defaults.go (0.00s)
    --- PASS: Test_AllPlugins/processors/all/enum.go (0.00s)
    --- PASS: Test_AllPlugins/processors/all/execd.go (0.00s)
    --- PASS: Test_AllPlugins/processors/all/filepath.go (0.00s)
    --- PASS: Test_AllPlugins/processors/all/filter.go (0.00s)
    --- PASS: Test_AllPlugins/processors/all/ifname.go (0.00s)
    --- PASS: Test_AllPlugins/processors/all/lookup.go (0.00s)
    --- PASS: Test_AllPlugins/processors/all/noise.go (0.00s)
    --- PASS: Test_AllPlugins/processors/all/override.go (0.00s)
    --- PASS: Test_AllPlugins/processors/all/parser.go (0.00s)
    --- PASS: Test_AllPlugins/processors/all/pivot.go (0.00s)
    --- PASS: Test_AllPlugins/processors/all/port_name.go (0.00s)
    --- PASS: Test_AllPlugins/processors/all/printer.go (0.00s)
    --- PASS: Test_AllPlugins/processors/all/processors.go (0.00s)
    --- PASS: Test_AllPlugins/processors/all/regex.go (0.00s)
    --- PASS: Test_AllPlugins/processors/all/rename.go (0.00s)
    --- PASS: Test_AllPlugins/processors/all/reverse_dns.go (0.00s)
    --- PASS: Test_AllPlugins/processors/all/s2geo.go (0.00s)
    --- PASS: Test_AllPlugins/processors/all/scale.go (0.00s)
    --- PASS: Test_AllPlugins/processors/all/snmp_lookup.go (0.00s)
    --- PASS: Test_AllPlugins/processors/all/split.go (0.00s)
    --- PASS: Test_AllPlugins/processors/all/starlark.go (0.00s)
    --- PASS: Test_AllPlugins/processors/all/strings.go (0.00s)
    --- PASS: Test_AllPlugins/processors/all/tag_limit.go (0.00s)
    --- PASS: Test_AllPlugins/processors/all/template.go (0.00s)
    --- PASS: Test_AllPlugins/processors/all/topk.go (0.00s)
    --- PASS: Test_AllPlugins/processors/all/unpivot.go (0.00s)
    --- PASS: Test_AllPlugins/secretstores/all/docker.go (0.00s)
    --- PASS: Test_AllPlugins/secretstores/all/http.go (0.00s)
    --- PASS: Test_AllPlugins/secretstores/all/jose.go (0.00s)
    --- PASS: Test_AllPlugins/secretstores/all/oauth2.go (0.00s)
    --- PASS: Test_AllPlugins/secretstores/all/os.go (0.00s)
    --- PASS: Test_AllPlugins/secretstores/all/systemd.go (0.00s)
PASS
ok  	github.com/influxdata/telegraf/plugins	1.394s
?   	github.com/influxdata/telegraf/plugins/aggregators	[no test files]
?   	github.com/influxdata/telegraf/plugins/aggregators/all	[no test files]
=== RUN   TestBasicStatsWithPeriod
--- PASS: TestBasicStatsWithPeriod (0.00s)
=== RUN   TestBasicStatsDifferentPeriods
--- PASS: TestBasicStatsDifferentPeriods (0.00s)
=== RUN   TestBasicStatsWithOnlyCount
--- PASS: TestBasicStatsWithOnlyCount (0.00s)
=== RUN   TestBasicStatsWithOnlyMin
--- PASS: TestBasicStatsWithOnlyMin (0.00s)
=== RUN   TestBasicStatsWithOnlyMax
--- PASS: TestBasicStatsWithOnlyMax (0.00s)
=== RUN   TestBasicStatsWithOnlyMean
--- PASS: TestBasicStatsWithOnlyMean (0.00s)
=== RUN   TestBasicStatsWithOnlySum
--- PASS: TestBasicStatsWithOnlySum (0.00s)
=== RUN   TestBasicStatsWithOnlySumFloatingPointErrata
--- PASS: TestBasicStatsWithOnlySumFloatingPointErrata (0.00s)
=== RUN   TestBasicStatsWithOnlyVariance
--- PASS: TestBasicStatsWithOnlyVariance (0.00s)
=== RUN   TestBasicStatsWithOnlyStandardDeviation
--- PASS: TestBasicStatsWithOnlyStandardDeviation (0.00s)
=== RUN   TestBasicStatsWithMinAndMax
--- PASS: TestBasicStatsWithMinAndMax (0.00s)
=== RUN   TestBasicStatsWithDiff
--- PASS: TestBasicStatsWithDiff (0.00s)
=== RUN   TestBasicStatsWithRate
--- PASS: TestBasicStatsWithRate (0.00s)
=== RUN   TestBasicStatsWithNonNegativeRate
--- PASS: TestBasicStatsWithNonNegativeRate (0.00s)
=== RUN   TestBasicStatsWithPctChange
--- PASS: TestBasicStatsWithPctChange (0.00s)
=== RUN   TestBasicStatsWithInterval
--- PASS: TestBasicStatsWithInterval (0.00s)
=== RUN   TestBasicStatsWithNonNegativeDiff
--- PASS: TestBasicStatsWithNonNegativeDiff (0.00s)
=== RUN   TestBasicStatsWithAllStats
--- PASS: TestBasicStatsWithAllStats (0.00s)
=== RUN   TestBasicStatsWithNoStats
--- PASS: TestBasicStatsWithNoStats (0.00s)
=== RUN   TestBasicStatsWithUnknownStat
2025/02/19 21:36:33 W! [] Unrecognized basic stat "crazy", ignoring
--- PASS: TestBasicStatsWithUnknownStat (0.00s)
=== RUN   TestBasicStatsWithDefaultStats
--- PASS: TestBasicStatsWithDefaultStats (0.00s)
=== RUN   TestBasicStatsWithOnlyLast
--- PASS: TestBasicStatsWithOnlyLast (0.00s)
=== RUN   TestBasicStatsWithOnlyFirst
--- PASS: TestBasicStatsWithOnlyFirst (0.00s)
PASS
ok  	github.com/influxdata/telegraf/plugins/aggregators/basicstats	0.629s
=== RUN   TestTwoFullEventsWithParameter
2025/02/19 21:36:33 D! [] Adding derivative "increasing_by_parameter" to "TestMetric".
2025/02/19 21:36:33 D! [] Adding derivative "decreasing_by_parameter" to "TestMetric".
2025/02/19 21:36:33 D! [] Adding derivative "unchanged_by_parameter" to "TestMetric".
--- PASS: TestTwoFullEventsWithParameter (0.00s)
=== RUN   TestTwoFullEventsWithParameterReverseSequence
2025/02/19 21:36:33 D! [] Adding derivative "increasing_by_parameter" to "TestMetric".
2025/02/19 21:36:33 D! [] Adding derivative "decreasing_by_parameter" to "TestMetric".
2025/02/19 21:36:33 D! [] Adding derivative "unchanged_by_parameter" to "TestMetric".
--- PASS: TestTwoFullEventsWithParameterReverseSequence (0.00s)
=== RUN   TestTwoFullEventsWithoutParameter
2025/02/19 21:36:33 D! [] Adding derivative "value_rate" to "One Field".
--- PASS: TestTwoFullEventsWithoutParameter (0.00s)
=== RUN   TestTwoFullEventsInSeparatePushes
2025/02/19 21:36:33 D! [] Same first and last event for "TestMetric", skipping.
2025/02/19 21:36:33 D! [] Adding derivative "increasing_wrt_parameter" to "TestMetric".
2025/02/19 21:36:33 D! [] Adding derivative "decreasing_wrt_parameter" to "TestMetric".
2025/02/19 21:36:33 D! [] Adding derivative "unchanged_wrt_parameter" to "TestMetric".
--- PASS: TestTwoFullEventsInSeparatePushes (0.00s)
=== RUN   TestTwoFullEventsInSeparatePushesWithSeveralRollOvers
2025/02/19 21:36:33 D! [] Same first and last event for "TestMetric", skipping.
2025/02/19 21:36:33 D! [] Same first and last event for "TestMetric", skipping.
2025/02/19 21:36:33 D! [] Same first and last event for "TestMetric", skipping.
2025/02/19 21:36:33 D! [] Same first and last event for "TestMetric", skipping.
2025/02/19 21:36:33 D! [] Adding derivative "increasing_wrt_parameter" to "TestMetric".
2025/02/19 21:36:33 D! [] Adding derivative "decreasing_wrt_parameter" to "TestMetric".
2025/02/19 21:36:33 D! [] Adding derivative "unchanged_wrt_parameter" to "TestMetric".
--- PASS: TestTwoFullEventsInSeparatePushesWithSeveralRollOvers (0.00s)
=== RUN   TestTwoFullEventsInSeparatePushesWithOutRollOver
2025/02/19 21:36:33 D! [] Same first and last event for "TestMetric", skipping.
2025/02/19 21:36:33 D! [] Removed "TestMetric" from cache.
2025/02/19 21:36:33 D! [] Same first and last event for "TestMetric", skipping.
--- PASS: TestTwoFullEventsInSeparatePushesWithOutRollOver (0.00s)
=== RUN   TestIgnoresMissingVariable
2025/02/19 21:36:33 D! [] Same first and last event for "TestMetric", skipping.
2025/02/19 21:36:33 D! [] Same first and last event for "TestMetric", skipping.
2025/02/19 21:36:33 D! [] Adding derivative "decreasing_by_parameter" to "TestMetric".
2025/02/19 21:36:33 D! [] Adding derivative "unchanged_by_parameter" to "TestMetric".
2025/02/19 21:36:33 D! [] Adding derivative "increasing_by_parameter" to "TestMetric".
--- PASS: TestIgnoresMissingVariable (0.00s)
=== RUN   TestMergesDifferentMetricsWithSameHash
2025/02/19 21:36:33 D! [] Same first and last event for "TestMetric", skipping.
2025/02/19 21:36:33 D! [] Same first and last event for "TestMetric", skipping.
2025/02/19 21:36:33 D! [] Adding derivative "field1_rate" to "TestMetric".
2025/02/19 21:36:33 D! [] Adding derivative "field2_rate" to "TestMetric".
--- PASS: TestMergesDifferentMetricsWithSameHash (0.00s)
=== RUN   TestDropsAggregatesOnMaxRollOver
2025/02/19 21:36:33 D! [] Same first and last event for "TestMetric", skipping.
2025/02/19 21:36:33 D! [] Roll-Over "TestMetric" for the 1 time.
2025/02/19 21:36:33 D! [] Same first and last event for "TestMetric", skipping.
2025/02/19 21:36:33 D! [] Removed "TestMetric" from cache.
2025/02/19 21:36:33 D! [] Same first and last event for "TestMetric", skipping.
2025/02/19 21:36:33 D! [] Roll-Over "TestMetric" for the 1 time.
--- PASS: TestDropsAggregatesOnMaxRollOver (0.00s)
=== RUN   TestAddMetricsResetsRollOver
2025/02/19 21:36:33 D! [] Same first and last event for "TestMetric", skipping.
2025/02/19 21:36:33 D! [] Roll-Over "TestMetric" for the 1 time.
2025/02/19 21:36:33 D! [] Roll-Over "TestMetric" for the 1 time.
2025/02/19 21:36:33 D! [] Adding derivative "increasing_by_parameter" to "TestMetric".
2025/02/19 21:36:33 D! [] Adding derivative "decreasing_by_parameter" to "TestMetric".
2025/02/19 21:36:33 D! [] Adding derivative "unchanged_by_parameter" to "TestMetric".
--- PASS: TestAddMetricsResetsRollOver (0.00s)
=== RUN   TestCalculatesCorrectDerivativeOnTwoConsecutivePeriods
2025/02/19 21:36:33 D! [] Same first and last event for "One Field", skipping.
2025/02/19 21:36:33 D! [] Roll-Over "One Field" for the 1 time.
2025/02/19 21:36:33 D! [] Adding derivative "value_rate" to "One Field".
2025/02/19 21:36:33 D! [] Roll-Over "One Field" for the 1 time.
2025/02/19 21:36:33 D! [] Adding derivative "value_rate" to "One Field".
2025/02/19 21:36:33 D! [] Roll-Over "One Field" for the 1 time.
--- PASS: TestCalculatesCorrectDerivativeOnTwoConsecutivePeriods (0.00s)
PASS
ok  	github.com/influxdata/telegraf/plugins/aggregators/derivative	0.832s
=== RUN   TestSimple
--- PASS: TestSimple (0.00s)
=== RUN   TestTwoTags
--- PASS: TestTwoTags (0.00s)
=== RUN   TestLongDifference
--- PASS: TestLongDifference (0.00s)
=== RUN   TestOutputStrategyInvalid
--- PASS: TestOutputStrategyInvalid (0.00s)
=== RUN   TestOutputStrategyTimeout
--- PASS: TestOutputStrategyTimeout (0.00s)
=== RUN   TestOutputStrategyPeriodic
--- PASS: TestOutputStrategyPeriodic (0.00s)
=== RUN   TestKeepOriginalFieldNames
--- PASS: TestKeepOriginalFieldNames (0.00s)
PASS
ok  	github.com/influxdata/telegraf/plugins/aggregators/final	0.681s
=== RUN   TestHistogram
--- PASS: TestHistogram (0.00s)
=== RUN   TestHistogramPushOnUpdate
--- PASS: TestHistogramPushOnUpdate (0.00s)
=== RUN   TestHistogramNonCumulative
--- PASS: TestHistogramNonCumulative (0.00s)
=== RUN   TestHistogramWithReset
--- PASS: TestHistogramWithReset (0.00s)
=== RUN   TestHistogramWithAllFields
--- PASS: TestHistogramWithAllFields (0.00s)
=== RUN   TestHistogramWithAllFieldsNonCumulative
--- PASS: TestHistogramWithAllFieldsNonCumulative (0.00s)
=== RUN   TestHistogramWithTwoPeriodsAndAllFields
--- PASS: TestHistogramWithTwoPeriodsAndAllFields (0.00s)
=== RUN   TestWrongBucketsOrder
--- PASS: TestWrongBucketsOrder (0.00s)
=== RUN   TestHistogramMetricExpiration
--- PASS: TestHistogramMetricExpiration (0.00s)
PASS
ok  	github.com/influxdata/telegraf/plugins/aggregators/histogram	0.895s
=== RUN   TestSimple
--- PASS: TestSimple (0.00s)
=== RUN   TestNanosecondPrecision
--- PASS: TestNanosecondPrecision (0.00s)
=== RUN   TestNoRounding
--- PASS: TestNoRounding (0.00s)
=== RUN   TestWithRounding
--- PASS: TestWithRounding (0.00s)
=== RUN   TestReset
--- PASS: TestReset (0.00s)
PASS
ok  	github.com/influxdata/telegraf/plugins/aggregators/merge	0.778s
=== RUN   TestMinMaxWithPeriod
--- PASS: TestMinMaxWithPeriod (0.00s)
=== RUN   TestMinMaxDifferentPeriods
--- PASS: TestMinMaxDifferentPeriods (0.00s)
PASS
ok  	github.com/influxdata/telegraf/plugins/aggregators/minmax	0.959s
=== RUN   TestConfigInvalidAlgorithm
--- PASS: TestConfigInvalidAlgorithm (0.00s)
=== RUN   TestConfigInvalidCompression
--- PASS: TestConfigInvalidCompression (0.00s)
=== RUN   TestConfigInvalidQuantiles
--- PASS: TestConfigInvalidQuantiles (0.00s)
=== RUN   TestSingleMetricTDigest
--- PASS: TestSingleMetricTDigest (0.00s)
=== RUN   TestMultipleMetricsTDigest
--- PASS: TestMultipleMetricsTDigest (0.00s)
=== RUN   TestSingleMetricExactR7
--- PASS: TestSingleMetricExactR7 (0.00s)
=== RUN   TestMultipleMetricsExactR7
--- PASS: TestMultipleMetricsExactR7 (0.00s)
=== RUN   TestSingleMetricExactR8
--- PASS: TestSingleMetricExactR8 (0.00s)
=== RUN   TestMultipleMetricsExactR8
--- PASS: TestMultipleMetricsExactR8 (0.00s)
PASS
ok  	github.com/influxdata/telegraf/plugins/aggregators/quantile	1.110s
=== RUN   TestMinMaxWithPeriod
--- PASS: TestMinMaxWithPeriod (0.00s)
=== RUN   TestMinMaxDifferentPeriods
--- PASS: TestMinMaxDifferentPeriods (0.00s)
=== RUN   TestSimple
--- PASS: TestSimple (0.00s)
=== RUN   TestNanosecondPrecision
--- PASS: TestNanosecondPrecision (0.00s)
=== RUN   TestReset
--- PASS: TestReset (0.00s)
=== RUN   TestLastFromSource
--- PASS: TestLastFromSource (0.00s)
PASS
ok  	github.com/influxdata/telegraf/plugins/aggregators/starlark	1.321s
=== RUN   TestBasic
--- PASS: TestBasic (0.00s)
=== RUN   TestMultipleFields
--- PASS: TestMultipleFields (0.00s)
=== RUN   TestWithReset
--- PASS: TestWithReset (0.00s)
PASS
ok  	github.com/influxdata/telegraf/plugins/aggregators/valuecounter	1.064s
=== RUN   TestBasicAuth_VerifyWithCredentials
--- PASS: TestBasicAuth_VerifyWithCredentials (0.00s)
=== RUN   TestBasicAuth_VerifyWithoutCredentials
--- PASS: TestBasicAuth_VerifyWithoutCredentials (0.00s)
=== RUN   TestBasicAuth_VerifyWithInvalidCredentials
--- PASS: TestBasicAuth_VerifyWithInvalidCredentials (0.00s)
PASS
ok  	github.com/influxdata/telegraf/plugins/common/auth	0.770s
?   	github.com/influxdata/telegraf/plugins/common/aws	[no test files]
=== RUN   TestAuthConfig_Start
=== RUN   TestAuthConfig_Start/success_no_creds,_no_body,_default_method
=== RUN   TestAuthConfig_Start/success_no_creds,_no_body,_default_method,_header_set
=== RUN   TestAuthConfig_Start/success_with_creds,_no_body
=== RUN   TestAuthConfig_Start/failure_with_bad_creds
2025-02-19T20:36:35Z E! [cookie_auth] renewal failed for "http://127.0.0.1:57010/authWithCreds": cookie auth renewal received status code: 401 (Unauthorized) []
2025-02-19T20:36:35Z E! [cookie_auth] renewal failed for "http://127.0.0.1:57010/authWithCreds": cookie auth renewal received status code: 401 (Unauthorized) []
2025-02-19T20:36:35Z E! [cookie_auth] renewal failed for "http://127.0.0.1:57010/authWithCreds": cookie auth renewal received status code: 401 (Unauthorized) []
2025-02-19T20:36:35Z E! [cookie_auth] renewal failed for "http://127.0.0.1:57010/authWithCreds": cookie auth renewal received status code: 401 (Unauthorized) []
2025-02-19T20:36:35Z E! [cookie_auth] renewal failed for "http://127.0.0.1:57010/authWithCreds": cookie auth renewal received status code: 401 (Unauthorized) []
=== RUN   TestAuthConfig_Start/success_with_no_creds,_with_good_body
=== RUN   TestAuthConfig_Start/failure_with_bad_body
2025-02-19T20:36:35Z E! [cookie_auth] renewal failed for "http://127.0.0.1:57015/authWithBody": cookie auth renewal received status code: 401 (Unauthorized) []
2025-02-19T20:36:35Z E! [cookie_auth] renewal failed for "http://127.0.0.1:57015/authWithBody": cookie auth renewal received status code: 401 (Unauthorized) []
2025-02-19T20:36:35Z E! [cookie_auth] renewal failed for "http://127.0.0.1:57015/authWithBody": cookie auth renewal received status code: 401 (Unauthorized) []
2025-02-19T20:36:35Z E! [cookie_auth] renewal failed for "http://127.0.0.1:57015/authWithBody": cookie auth renewal received status code: 401 (Unauthorized) []
--- PASS: TestAuthConfig_Start (0.13s)
    --- PASS: TestAuthConfig_Start/success_no_creds,_no_body,_default_method (0.02s)
    --- PASS: TestAuthConfig_Start/success_no_creds,_no_body,_default_method,_header_set (0.02s)
    --- PASS: TestAuthConfig_Start/success_with_creds,_no_body (0.02s)
    --- PASS: TestAuthConfig_Start/failure_with_bad_creds (0.02s)
    --- PASS: TestAuthConfig_Start/success_with_no_creds,_with_good_body (0.02s)
    --- PASS: TestAuthConfig_Start/failure_with_bad_body (0.03s)
PASS
ok  	github.com/influxdata/telegraf/plugins/common/cookie	1.256s
?   	github.com/influxdata/telegraf/plugins/common/docker	[no test files]
=== RUN   TestDecoder
=== RUN   TestDecoder/no_decoder_utf-8
=== RUN   TestDecoder/utf-8_decoder
=== RUN   TestDecoder/utf-8_decoder_invalid_bytes_replaced_with_replacement_char
=== RUN   TestDecoder/utf-16le_decoder_no_BOM
=== RUN   TestDecoder/utf-16le_decoder_with_BOM
=== RUN   TestDecoder/utf-16be_decoder_no_BOM
=== RUN   TestDecoder/utf-16be_decoder_with_BOM
--- PASS: TestDecoder (0.00s)
    --- PASS: TestDecoder/no_decoder_utf-8 (0.00s)
    --- PASS: TestDecoder/utf-8_decoder (0.00s)
    --- PASS: TestDecoder/utf-8_decoder_invalid_bytes_replaced_with_replacement_char (0.00s)
    --- PASS: TestDecoder/utf-16le_decoder_no_BOM (0.00s)
    --- PASS: TestDecoder/utf-16le_decoder_with_BOM (0.00s)
    --- PASS: TestDecoder/utf-16be_decoder_no_BOM (0.00s)
    --- PASS: TestDecoder/utf-16be_decoder_with_BOM (0.00s)
PASS
ok  	github.com/influxdata/telegraf/plugins/common/encoding	1.194s
?   	github.com/influxdata/telegraf/plugins/common/http	[no test files]
=== RUN   TestJolokia2_makeReadRequests
--- PASS: TestJolokia2_makeReadRequests (0.00s)
PASS
ok  	github.com/influxdata/telegraf/plugins/common/jolokia2	1.191s
=== RUN   TestBackoffFunc
--- PASS: TestBackoffFunc (0.00s)
PASS
ok  	github.com/influxdata/telegraf/plugins/common/kafka	1.353s
?   	github.com/influxdata/telegraf/plugins/common/logrus	[no test files]
=== RUN   TestRandomClientID
--- PASS: TestRandomClientID (0.00s)
PASS
ok  	github.com/influxdata/telegraf/plugins/common/mqtt	1.416s
?   	github.com/influxdata/telegraf/plugins/common/oauth	[no test files]
=== RUN   TestSetupWorkarounds
--- PASS: TestSetupWorkarounds (0.00s)
=== RUN   TestCheckStatusCode
--- PASS: TestCheckStatusCode (0.00s)
PASS
ok  	github.com/influxdata/telegraf/plugins/common/opcua	1.468s
=== RUN   TestTagsSliceToMap
--- PASS: TestTagsSliceToMap (0.00s)
=== RUN   TestTagsSliceToMap_twoStrings
--- PASS: TestTagsSliceToMap_twoStrings (0.00s)
=== RUN   TestTagsSliceToMap_dupeKey
--- PASS: TestTagsSliceToMap_dupeKey (0.00s)
=== RUN   TestTagsSliceToMap_empty
--- PASS: TestTagsSliceToMap_empty (0.00s)
=== RUN   TestValidateOPCTags
=== RUN   TestValidateOPCTags/duplicates
=== RUN   TestValidateOPCTags/empty_tag_value_not_allowed
=== RUN   TestValidateOPCTags/empty_tag_name_not_allowed
=== RUN   TestValidateOPCTags/different_metric_tag_names
=== RUN   TestValidateOPCTags/different_metric_tag_values
=== RUN   TestValidateOPCTags/different_metric_names
=== RUN   TestValidateOPCTags/different_field_names
--- PASS: TestValidateOPCTags (0.00s)
    --- PASS: TestValidateOPCTags/duplicates (0.00s)
    --- PASS: TestValidateOPCTags/empty_tag_value_not_allowed (0.00s)
    --- PASS: TestValidateOPCTags/empty_tag_name_not_allowed (0.00s)
    --- PASS: TestValidateOPCTags/different_metric_tag_names (0.00s)
    --- PASS: TestValidateOPCTags/different_metric_tag_values (0.00s)
    --- PASS: TestValidateOPCTags/different_metric_names (0.00s)
    --- PASS: TestValidateOPCTags/different_field_names (0.00s)
=== RUN   TestNewNodeMetricMappingTags
=== RUN   TestNewNodeMetricMappingTags/empty_tags
=== RUN   TestNewNodeMetricMappingTags/node_tags_only
=== RUN   TestNewNodeMetricMappingTags/group_tags_only
=== RUN   TestNewNodeMetricMappingTags/node_tag_overrides_group_tags
=== RUN   TestNewNodeMetricMappingTags/node_tag_merged_with_group_tags
--- PASS: TestNewNodeMetricMappingTags (0.00s)
    --- PASS: TestNewNodeMetricMappingTags/empty_tags (0.00s)
    --- PASS: TestNewNodeMetricMappingTags/node_tags_only (0.00s)
    --- PASS: TestNewNodeMetricMappingTags/group_tags_only (0.00s)
    --- PASS: TestNewNodeMetricMappingTags/node_tag_overrides_group_tags (0.00s)
    --- PASS: TestNewNodeMetricMappingTags/node_tag_merged_with_group_tags (0.00s)
=== RUN   TestNewNodeMetricMappingIdStrInstantiated
--- PASS: TestNewNodeMetricMappingIdStrInstantiated (0.00s)
=== RUN   TestValidateNodeToAdd
=== RUN   TestValidateNodeToAdd/valid
=== RUN   TestValidateNodeToAdd/empty_field_name_not_allowed
=== RUN   TestValidateNodeToAdd/empty_namespace_not_allowed
=== RUN   TestValidateNodeToAdd/empty_identifier_type_not_allowed
=== RUN   TestValidateNodeToAdd/invalid_identifier_type_not_allowed
=== RUN   TestValidateNodeToAdd/duplicate_metric_not_allowed
=== RUN   TestValidateNodeToAdd/identifier_type_mismatch
=== RUN   TestValidateNodeToAdd/identifier_type_s_allowed
=== RUN   TestValidateNodeToAdd/identifier_type_i_allowed
=== RUN   TestValidateNodeToAdd/identifier_type_g_allowed
=== RUN   TestValidateNodeToAdd/identifier_type_b_allowed
--- PASS: TestValidateNodeToAdd (0.00s)
    --- PASS: TestValidateNodeToAdd/valid (0.00s)
    --- PASS: TestValidateNodeToAdd/empty_field_name_not_allowed (0.00s)
    --- PASS: TestValidateNodeToAdd/empty_namespace_not_allowed (0.00s)
    --- PASS: TestValidateNodeToAdd/empty_identifier_type_not_allowed (0.00s)
    --- PASS: TestValidateNodeToAdd/invalid_identifier_type_not_allowed (0.00s)
    --- PASS: TestValidateNodeToAdd/duplicate_metric_not_allowed (0.00s)
    --- PASS: TestValidateNodeToAdd/identifier_type_mismatch (0.00s)
    --- PASS: TestValidateNodeToAdd/identifier_type_s_allowed (0.00s)
    --- PASS: TestValidateNodeToAdd/identifier_type_i_allowed (0.00s)
    --- PASS: TestValidateNodeToAdd/identifier_type_g_allowed (0.00s)
    --- PASS: TestValidateNodeToAdd/identifier_type_b_allowed (0.00s)
=== RUN   TestInitNodeMetricMapping
=== RUN   TestInitNodeMetricMapping/only_root_node
=== RUN   TestInitNodeMetricMapping/root_node_and_group_node
=== RUN   TestInitNodeMetricMapping/only_group_node
=== RUN   TestInitNodeMetricMapping/tags_and_default_only_default_tags_used
=== RUN   TestInitNodeMetricMapping/only_root_node_default_overrides_slice
--- PASS: TestInitNodeMetricMapping (0.00s)
    --- PASS: TestInitNodeMetricMapping/only_root_node (0.00s)
    --- PASS: TestInitNodeMetricMapping/root_node_and_group_node (0.00s)
    --- PASS: TestInitNodeMetricMapping/only_group_node (0.00s)
    --- PASS: TestInitNodeMetricMapping/tags_and_default_only_default_tags_used (0.00s)
    --- PASS: TestInitNodeMetricMapping/only_root_node_default_overrides_slice (0.00s)
=== RUN   TestUpdateNodeValue
=== RUN   TestUpdateNodeValue/value_should_update_when_code_ok
=== RUN   TestUpdateNodeValue/value_should_not_update_when_code_bad
2025-02-19T20:36:37Z E! [] status not OK for node f (63): The operation failed. StatusBad (0x80000000)
--- PASS: TestUpdateNodeValue (0.00s)
    --- PASS: TestUpdateNodeValue/value_should_update_when_code_ok (0.00s)
    --- PASS: TestUpdateNodeValue/value_should_not_update_when_code_bad (0.00s)
=== RUN   TestMetricForNode
=== RUN   TestMetricForNode/metric_build_correctly
--- PASS: TestMetricForNode (0.00s)
    --- PASS: TestMetricForNode/metric_build_correctly (0.00s)
PASS
ok  	github.com/influxdata/telegraf/plugins/common/opcua/input	1.188s
=== RUN   TestOrderedJobsStayOrdered
--- PASS: TestOrderedJobsStayOrdered (0.04s)
=== RUN   TestUnorderedJobsDontDropAnyJobs
--- PASS: TestUnorderedJobsDontDropAnyJobs (0.03s)
PASS
ok  	github.com/influxdata/telegraf/plugins/common/parallel	1.462s
=== RUN   TestURIParsing
=== RUN   TestURIParsing/short
=== RUN   TestURIParsing/with_port
=== RUN   TestURIParsing/with_database
=== RUN   TestURIParsing/with_additional_parameters
=== RUN   TestURIParsing/with_database_setting_in_params
=== RUN   TestURIParsing/with_authentication
=== RUN   TestURIParsing/with_spaces
=== RUN   TestURIParsing/with_equal_signs
=== RUN   TestURIParsing/multiple_hosts
=== RUN   TestURIParsing/multiple_hosts_without_ports
--- PASS: TestURIParsing (0.00s)
    --- PASS: TestURIParsing/short (0.00s)
    --- PASS: TestURIParsing/with_port (0.00s)
    --- PASS: TestURIParsing/with_database (0.00s)
    --- PASS: TestURIParsing/with_additional_parameters (0.00s)
    --- PASS: TestURIParsing/with_database_setting_in_params (0.00s)
    --- PASS: TestURIParsing/with_authentication (0.00s)
    --- PASS: TestURIParsing/with_spaces (0.00s)
    --- PASS: TestURIParsing/with_equal_signs (0.00s)
    --- PASS: TestURIParsing/multiple_hosts (0.00s)
    --- PASS: TestURIParsing/multiple_hosts_without_ports (0.00s)
=== RUN   TestSanitizeAddressKeyValue
=== RUN   TestSanitizeAddressKeyValue/simple_text
=== RUN   TestSanitizeAddressKeyValue/spaced_simple_text
=== RUN   TestSanitizeAddressKeyValue/empty_values
=== RUN   TestSanitizeAddressKeyValue/spaced_empty_values
=== RUN   TestSanitizeAddressKeyValue/space_in_value
=== RUN   TestSanitizeAddressKeyValue/spaced_space_in_value
=== RUN   TestSanitizeAddressKeyValue/equal_sign_in_value
=== RUN   TestSanitizeAddressKeyValue/spaced_equal_sign_in_value
=== RUN   TestSanitizeAddressKeyValue/escaped_quote
=== RUN   TestSanitizeAddressKeyValue/spaced_escaped_quote
=== RUN   TestSanitizeAddressKeyValue/escaped_quote_no_space
=== RUN   TestSanitizeAddressKeyValue/spaced_escaped_quote_no_space
=== RUN   TestSanitizeAddressKeyValue/escaped_backslash
=== RUN   TestSanitizeAddressKeyValue/spaced_escaped_backslash
=== RUN   TestSanitizeAddressKeyValue/escaped_quote_and_backslash
=== RUN   TestSanitizeAddressKeyValue/spaced_escaped_quote_and_backslash
=== RUN   TestSanitizeAddressKeyValue/two_escaped_backslashes
=== RUN   TestSanitizeAddressKeyValue/spaced_two_escaped_backslashes
=== RUN   TestSanitizeAddressKeyValue/multiple_inline_spaces
=== RUN   TestSanitizeAddressKeyValue/spaced_multiple_inline_spaces
=== RUN   TestSanitizeAddressKeyValue/leading_space
=== RUN   TestSanitizeAddressKeyValue/spaced_leading_space
=== RUN   TestSanitizeAddressKeyValue/trailing_space
=== RUN   TestSanitizeAddressKeyValue/spaced_trailing_space
=== RUN   TestSanitizeAddressKeyValue/multiple_equal_signs
=== RUN   TestSanitizeAddressKeyValue/spaced_multiple_equal_signs
=== RUN   TestSanitizeAddressKeyValue/leading_equal_sign
=== RUN   TestSanitizeAddressKeyValue/spaced_leading_equal_sign
=== RUN   TestSanitizeAddressKeyValue/trailing_equal_sign
=== RUN   TestSanitizeAddressKeyValue/spaced_trailing_equal_sign
=== RUN   TestSanitizeAddressKeyValue/mix_of_equal_signs_and_spaces
=== RUN   TestSanitizeAddressKeyValue/spaced_mix_of_equal_signs_and_spaces
--- PASS: TestSanitizeAddressKeyValue (0.01s)
    --- PASS: TestSanitizeAddressKeyValue/simple_text (0.00s)
    --- PASS: TestSanitizeAddressKeyValue/spaced_simple_text (0.00s)
    --- PASS: TestSanitizeAddressKeyValue/empty_values (0.00s)
    --- PASS: TestSanitizeAddressKeyValue/spaced_empty_values (0.00s)
    --- PASS: TestSanitizeAddressKeyValue/space_in_value (0.00s)
    --- PASS: TestSanitizeAddressKeyValue/spaced_space_in_value (0.00s)
    --- PASS: TestSanitizeAddressKeyValue/equal_sign_in_value (0.00s)
    --- PASS: TestSanitizeAddressKeyValue/spaced_equal_sign_in_value (0.00s)
    --- PASS: TestSanitizeAddressKeyValue/escaped_quote (0.00s)
    --- PASS: TestSanitizeAddressKeyValue/spaced_escaped_quote (0.00s)
    --- PASS: TestSanitizeAddressKeyValue/escaped_quote_no_space (0.00s)
    --- PASS: TestSanitizeAddressKeyValue/spaced_escaped_quote_no_space (0.00s)
    --- PASS: TestSanitizeAddressKeyValue/escaped_backslash (0.00s)
    --- PASS: TestSanitizeAddressKeyValue/spaced_escaped_backslash (0.00s)
    --- PASS: TestSanitizeAddressKeyValue/escaped_quote_and_backslash (0.00s)
    --- PASS: TestSanitizeAddressKeyValue/spaced_escaped_quote_and_backslash (0.00s)
    --- PASS: TestSanitizeAddressKeyValue/two_escaped_backslashes (0.00s)
    --- PASS: TestSanitizeAddressKeyValue/spaced_two_escaped_backslashes (0.00s)
    --- PASS: TestSanitizeAddressKeyValue/multiple_inline_spaces (0.00s)
    --- PASS: TestSanitizeAddressKeyValue/spaced_multiple_inline_spaces (0.00s)
    --- PASS: TestSanitizeAddressKeyValue/leading_space (0.00s)
    --- PASS: TestSanitizeAddressKeyValue/spaced_leading_space (0.00s)
    --- PASS: TestSanitizeAddressKeyValue/trailing_space (0.00s)
    --- PASS: TestSanitizeAddressKeyValue/spaced_trailing_space (0.00s)
    --- PASS: TestSanitizeAddressKeyValue/multiple_equal_signs (0.00s)
    --- PASS: TestSanitizeAddressKeyValue/spaced_multiple_equal_signs (0.00s)
    --- PASS: TestSanitizeAddressKeyValue/leading_equal_sign (0.00s)
    --- PASS: TestSanitizeAddressKeyValue/spaced_leading_equal_sign (0.00s)
    --- PASS: TestSanitizeAddressKeyValue/trailing_equal_sign (0.00s)
    --- PASS: TestSanitizeAddressKeyValue/spaced_trailing_equal_sign (0.00s)
    --- PASS: TestSanitizeAddressKeyValue/mix_of_equal_signs_and_spaces (0.00s)
    --- PASS: TestSanitizeAddressKeyValue/spaced_mix_of_equal_signs_and_spaces (0.00s)
=== RUN   TestSanitizeAddressURI
=== RUN   TestSanitizeAddressURI/simple_text
=== RUN   TestSanitizeAddressURI/empty_values
=== RUN   TestSanitizeAddressURI/space_in_value
=== RUN   TestSanitizeAddressURI/equal_sign_in_value
--- PASS: TestSanitizeAddressURI (0.00s)
    --- PASS: TestSanitizeAddressURI/simple_text (0.00s)
    --- PASS: TestSanitizeAddressURI/empty_values (0.00s)
    --- PASS: TestSanitizeAddressURI/space_in_value (0.00s)
    --- PASS: TestSanitizeAddressURI/equal_sign_in_value (0.00s)
PASS
ok  	github.com/influxdata/telegraf/plugins/common/postgresql	1.571s
=== RUN   TestSocks5ProxyConfigIntegration
--- PASS: TestSocks5ProxyConfigIntegration (0.01s)
PASS
ok  	github.com/influxdata/telegraf/plugins/common/proxy	1.503s
=== RUN   TestInvalidPeriod
--- PASS: TestInvalidPeriod (0.00s)
=== RUN   TestUnlimited
--- PASS: TestUnlimited (0.00s)
=== RUN   TestUnlimitedWithPeriod
--- PASS: TestUnlimitedWithPeriod (0.00s)
=== RUN   TestLimited
=== RUN   TestLimited/constant_usage_at_period
=== RUN   TestLimited/variable_usage_at_period
=== RUN   TestLimited/constant_usage
=== RUN   TestLimited/variable_usage
--- PASS: TestLimited (0.00s)
    --- PASS: TestLimited/constant_usage_at_period (0.00s)
    --- PASS: TestLimited/variable_usage_at_period (0.00s)
    --- PASS: TestLimited/constant_usage (0.00s)
    --- PASS: TestLimited/variable_usage (0.00s)
=== RUN   TestUndo
=== RUN   TestUndo/constant_usage_at_period
=== RUN   TestUndo/variable_usage_at_period
=== RUN   TestUndo/constant_usage
=== RUN   TestUndo/variable_usage
--- PASS: TestUndo (0.00s)
    --- PASS: TestUndo/constant_usage_at_period (0.00s)
    --- PASS: TestUndo/variable_usage_at_period (0.00s)
    --- PASS: TestUndo/constant_usage (0.00s)
    --- PASS: TestUndo/variable_usage (0.00s)
=== RUN   TestIndividualSerializer
--- PASS: TestIndividualSerializer (0.00s)
=== RUN   TestIndividualSerializerFirstTooBig
--- PASS: TestIndividualSerializerFirstTooBig (0.00s)
=== RUN   TestIndividualSerializerUnlimited
--- PASS: TestIndividualSerializerUnlimited (0.00s)
PASS
ok  	github.com/influxdata/telegraf/plugins/common/ratelimiter	1.715s
=== RUN   TestLoadConfig
--- PASS: TestLoadConfig (0.00s)
=== RUN   TestLoadingSpecialTypes
--- PASS: TestLoadingSpecialTypes (0.00s)
=== RUN   TestLoadingProcessorWithConfig
--- PASS: TestLoadingProcessorWithConfig (0.00s)
=== RUN   TestShimSetsUpLogger
--- PASS: TestShimSetsUpLogger (0.00s)
=== RUN   TestInputShimTimer
--- PASS: TestInputShimTimer (0.01s)
=== RUN   TestInputShimStdinSignalingWorks
--- PASS: TestInputShimStdinSignalingWorks (0.00s)
=== RUN   TestOutputShim
--- PASS: TestOutputShim (0.00s)
=== RUN   TestProcessorShim
--- PASS: TestProcessorShim (0.00s)
=== RUN   TestProcessorShimWithLargerThanDefaultScannerBufferSize
--- PASS: TestProcessorShimWithLargerThanDefaultScannerBufferSize (0.01s)
PASS
ok  	github.com/influxdata/telegraf/plugins/common/shim	1.325s
?   	github.com/influxdata/telegraf/plugins/common/shim/example/cmd	[no test files]
=== RUN   TestListenData
=== RUN   TestListenData/TCP
=== RUN   TestListenData/TCP_with_TLS
=== RUN   TestListenData/TCP_with_gzip_encoding
=== RUN   TestListenData/UDP
=== RUN   TestListenData/UDP_with_gzip_encoding
=== RUN   TestListenData/unix_socket
2025-02-19T20:36:39Z W! [] Setting read buffer on socket failed: set unix /tmp/sock: setsockopt: invalid argument
=== RUN   TestListenData/unix_socket_with_TLS
=== RUN   TestListenData/unix_socket_with_gzip_encoding
=== RUN   TestListenData/unixgram_socket
--- PASS: TestListenData (0.95s)
    --- PASS: TestListenData/TCP (0.11s)
    --- PASS: TestListenData/TCP_with_TLS (0.11s)
    --- PASS: TestListenData/TCP_with_gzip_encoding (0.11s)
    --- PASS: TestListenData/UDP (0.10s)
    --- PASS: TestListenData/UDP_with_gzip_encoding (0.11s)
    --- PASS: TestListenData/unix_socket (0.10s)
    --- PASS: TestListenData/unix_socket_with_TLS (0.11s)
    --- PASS: TestListenData/unix_socket_with_gzip_encoding (0.10s)
    --- PASS: TestListenData/unixgram_socket (0.10s)
=== RUN   TestListenConnection
=== RUN   TestListenConnection/TCP
=== RUN   TestListenConnection/TCP_with_TLS
=== RUN   TestListenConnection/TCP_with_gzip_encoding
=== RUN   TestListenConnection/UDP
=== RUN   TestListenConnection/UDP_with_gzip_encoding
=== RUN   TestListenConnection/unix_socket
2025-02-19T20:36:40Z W! [] Setting read buffer on socket failed: set unix /tmp/sock: setsockopt: invalid argument
2025-02-19T20:36:40Z W! [] Setting read buffer on socket failed: set unix /tmp/sock: setsockopt: invalid argument
=== RUN   TestListenConnection/unix_socket_with_TLS
=== RUN   TestListenConnection/unix_socket_with_gzip_encoding
=== RUN   TestListenConnection/unixgram_socket
--- PASS: TestListenConnection (0.93s)
    --- PASS: TestListenConnection/TCP (0.10s)
    --- PASS: TestListenConnection/TCP_with_TLS (0.11s)
    --- PASS: TestListenConnection/TCP_with_gzip_encoding (0.10s)
    --- PASS: TestListenConnection/UDP (0.10s)
    --- PASS: TestListenConnection/UDP_with_gzip_encoding (0.10s)
    --- PASS: TestListenConnection/unix_socket (0.10s)
    --- PASS: TestListenConnection/unix_socket_with_TLS (0.11s)
    --- PASS: TestListenConnection/unix_socket_with_gzip_encoding (0.10s)
    --- PASS: TestListenConnection/unixgram_socket (0.10s)
=== RUN   TestClosingConnections
--- PASS: TestClosingConnections (0.10s)
=== RUN   TestMaxConnections
    socket_test.go:503: Skipping on darwin due to missing socket options
--- SKIP: TestMaxConnections (0.00s)
=== RUN   TestNoSplitter
--- PASS: TestNoSplitter (0.30s)
=== RUN   TestTLSMemLeak
--- PASS: TestTLSMemLeak (3.47s)
PASS
ok  	github.com/influxdata/telegraf/plugins/common/socket	6.690s
?   	github.com/influxdata/telegraf/plugins/common/starlark	[no test files]
=== RUN   TestClientConfig
=== RUN   TestClientConfig/unset
=== RUN   TestClientConfig/success
=== RUN   TestClientConfig/success_with_tls_key_password_set
=== RUN   TestClientConfig/success_with_unencrypted_pkcs#8_key
=== RUN   TestClientConfig/encrypted_pkcs#8_key_but_missing_password
=== RUN   TestClientConfig/encrypted_pkcs#8_key_and_incorrect_password
=== RUN   TestClientConfig/success_with_encrypted_pkcs#8_key_and_password_set
=== RUN   TestClientConfig/error_with_encrypted_pkcs#1_key_and_password_set
=== RUN   TestClientConfig/invalid_ca
=== RUN   TestClientConfig/missing_ca_is_okay
=== RUN   TestClientConfig/invalid_cert
=== RUN   TestClientConfig/missing_cert_skips_client_keypair
=== RUN   TestClientConfig/missing_key_skips_client_keypair
=== RUN   TestClientConfig/support_deprecated_ssl_field_names
=== RUN   TestClientConfig/set_SNI_server_name
--- PASS: TestClientConfig (0.01s)
    --- PASS: TestClientConfig/unset (0.00s)
    --- PASS: TestClientConfig/success (0.00s)
    --- PASS: TestClientConfig/success_with_tls_key_password_set (0.00s)
    --- PASS: TestClientConfig/success_with_unencrypted_pkcs#8_key (0.00s)
    --- PASS: TestClientConfig/encrypted_pkcs#8_key_but_missing_password (0.00s)
    --- PASS: TestClientConfig/encrypted_pkcs#8_key_and_incorrect_password (0.00s)
    --- PASS: TestClientConfig/success_with_encrypted_pkcs#8_key_and_password_set (0.00s)
    --- PASS: TestClientConfig/error_with_encrypted_pkcs#1_key_and_password_set (0.00s)
    --- PASS: TestClientConfig/invalid_ca (0.00s)
    --- PASS: TestClientConfig/missing_ca_is_okay (0.00s)
    --- PASS: TestClientConfig/invalid_cert (0.00s)
    --- PASS: TestClientConfig/missing_cert_skips_client_keypair (0.00s)
    --- PASS: TestClientConfig/missing_key_skips_client_keypair (0.00s)
    --- PASS: TestClientConfig/support_deprecated_ssl_field_names (0.00s)
    --- PASS: TestClientConfig/set_SNI_server_name (0.00s)
=== RUN   TestServerConfig
=== RUN   TestServerConfig/unset
=== RUN   TestServerConfig/success
=== RUN   TestServerConfig/success_with_tls_key_password_set
=== RUN   TestServerConfig/missing_tls_cipher_suites_is_okay
=== RUN   TestServerConfig/missing_tls_max_version_is_okay
=== RUN   TestServerConfig/missing_tls_min_version_is_okay
=== RUN   TestServerConfig/missing_tls_min/max_versions_is_okay
=== RUN   TestServerConfig/invalid_ca
=== RUN   TestServerConfig/missing_allowed_ca_is_okay
=== RUN   TestServerConfig/invalid_cert
=== RUN   TestServerConfig/missing_cert
=== RUN   TestServerConfig/missing_key
=== RUN   TestServerConfig/invalid_cipher_suites
=== RUN   TestServerConfig/TLS_Max_Version_less_than_TLS_Min_version
=== RUN   TestServerConfig/invalid_tls_min_version
=== RUN   TestServerConfig/invalid_tls_max_version
--- PASS: TestServerConfig (0.01s)
    --- PASS: TestServerConfig/unset (0.00s)
    --- PASS: TestServerConfig/success (0.00s)
    --- PASS: TestServerConfig/success_with_tls_key_password_set (0.00s)
    --- PASS: TestServerConfig/missing_tls_cipher_suites_is_okay (0.00s)
    --- PASS: TestServerConfig/missing_tls_max_version_is_okay (0.00s)
    --- PASS: TestServerConfig/missing_tls_min_version_is_okay (0.00s)
    --- PASS: TestServerConfig/missing_tls_min/max_versions_is_okay (0.00s)
    --- PASS: TestServerConfig/invalid_ca (0.00s)
    --- PASS: TestServerConfig/missing_allowed_ca_is_okay (0.00s)
    --- PASS: TestServerConfig/invalid_cert (0.00s)
    --- PASS: TestServerConfig/missing_cert (0.00s)
    --- PASS: TestServerConfig/missing_key (0.00s)
    --- PASS: TestServerConfig/invalid_cipher_suites (0.00s)
    --- PASS: TestServerConfig/TLS_Max_Version_less_than_TLS_Min_version (0.00s)
    --- PASS: TestServerConfig/invalid_tls_min_version (0.00s)
    --- PASS: TestServerConfig/invalid_tls_max_version (0.00s)
=== RUN   TestConnect
--- PASS: TestConnect (0.01s)
=== RUN   TestConnectClientMinTLSVersion
=== RUN   TestConnectClientMinTLSVersion/TLS_version_default_vs_TLS_1.0
2025/02/19 21:36:38 http: TLS handshake error from 127.0.0.1:57034: tls: client offered only unsupported versions: [304 303]
=== RUN   TestConnectClientMinTLSVersion/TLS_version_default_vs_TLS_1.1
2025/02/19 21:36:38 http: TLS handshake error from 127.0.0.1:57036: tls: client offered only unsupported versions: [304 303]
=== RUN   TestConnectClientMinTLSVersion/TLS_version_default_vs_TLS_1.2
=== RUN   TestConnectClientMinTLSVersion/TLS_version_default_vs_TLS_1.3
=== RUN   TestConnectClientMinTLSVersion/TLS_version_1.0_vs_TLS_1.0
=== RUN   TestConnectClientMinTLSVersion/TLS_version_1.0_vs_TLS_1.1
=== RUN   TestConnectClientMinTLSVersion/TLS_version_1.0_vs_TLS_1.2
=== RUN   TestConnectClientMinTLSVersion/TLS_version_1.0_vs_TLS_1.3
=== RUN   TestConnectClientMinTLSVersion/TLS_version_1.1_vs_TLS_1.0
2025/02/19 21:36:38 http: TLS handshake error from 127.0.0.1:57050: tls: client offered only unsupported versions: [304 303 302]
=== RUN   TestConnectClientMinTLSVersion/TLS_version_1.1_vs_TLS_1.1
=== RUN   TestConnectClientMinTLSVersion/TLS_version_1.1_vs_TLS_1.2
=== RUN   TestConnectClientMinTLSVersion/TLS_version_1.1_vs_TLS_1.3
=== RUN   TestConnectClientMinTLSVersion/TLS_version_1.2_vs_TLS_1.0
2025/02/19 21:36:38 http: TLS handshake error from 127.0.0.1:57058: tls: client offered only unsupported versions: [304 303]
=== RUN   TestConnectClientMinTLSVersion/TLS_version_1.2_vs_TLS_1.1
2025/02/19 21:36:38 http: TLS handshake error from 127.0.0.1:57060: tls: client offered only unsupported versions: [304 303]
=== RUN   TestConnectClientMinTLSVersion/TLS_version_1.2_vs_TLS_1.2
=== RUN   TestConnectClientMinTLSVersion/TLS_version_1.2_vs_TLS_1.3
=== RUN   TestConnectClientMinTLSVersion/TLS_version_1.3_vs_TLS_1.0
2025/02/19 21:36:38 http: TLS handshake error from 127.0.0.1:57066: tls: client offered only unsupported versions: [304]
=== RUN   TestConnectClientMinTLSVersion/TLS_version_1.3_vs_TLS_1.1
2025/02/19 21:36:38 http: TLS handshake error from 127.0.0.1:57068: tls: client offered only unsupported versions: [304]
=== RUN   TestConnectClientMinTLSVersion/TLS_version_1.3_vs_TLS_1.2
2025/02/19 21:36:38 http: TLS handshake error from 127.0.0.1:57070: tls: client offered only unsupported versions: [304]
=== RUN   TestConnectClientMinTLSVersion/TLS_version_1.3_vs_TLS_1.3
--- PASS: TestConnectClientMinTLSVersion (0.08s)
    --- PASS: TestConnectClientMinTLSVersion/TLS_version_default_vs_TLS_1.0 (0.00s)
    --- PASS: TestConnectClientMinTLSVersion/TLS_version_default_vs_TLS_1.1 (0.00s)
    --- PASS: TestConnectClientMinTLSVersion/TLS_version_default_vs_TLS_1.2 (0.01s)
    --- PASS: TestConnectClientMinTLSVersion/TLS_version_default_vs_TLS_1.3 (0.00s)
    --- PASS: TestConnectClientMinTLSVersion/TLS_version_1.0_vs_TLS_1.0 (0.01s)
    --- PASS: TestConnectClientMinTLSVersion/TLS_version_1.0_vs_TLS_1.1 (0.00s)
    --- PASS: TestConnectClientMinTLSVersion/TLS_version_1.0_vs_TLS_1.2 (0.00s)
    --- PASS: TestConnectClientMinTLSVersion/TLS_version_1.0_vs_TLS_1.3 (0.01s)
    --- PASS: TestConnectClientMinTLSVersion/TLS_version_1.1_vs_TLS_1.0 (0.00s)
    --- PASS: TestConnectClientMinTLSVersion/TLS_version_1.1_vs_TLS_1.1 (0.00s)
    --- PASS: TestConnectClientMinTLSVersion/TLS_version_1.1_vs_TLS_1.2 (0.00s)
    --- PASS: TestConnectClientMinTLSVersion/TLS_version_1.1_vs_TLS_1.3 (0.01s)
    --- PASS: TestConnectClientMinTLSVersion/TLS_version_1.2_vs_TLS_1.0 (0.00s)
    --- PASS: TestConnectClientMinTLSVersion/TLS_version_1.2_vs_TLS_1.1 (0.00s)
    --- PASS: TestConnectClientMinTLSVersion/TLS_version_1.2_vs_TLS_1.2 (0.01s)
    --- PASS: TestConnectClientMinTLSVersion/TLS_version_1.2_vs_TLS_1.3 (0.00s)
    --- PASS: TestConnectClientMinTLSVersion/TLS_version_1.3_vs_TLS_1.0 (0.00s)
    --- PASS: TestConnectClientMinTLSVersion/TLS_version_1.3_vs_TLS_1.1 (0.00s)
    --- PASS: TestConnectClientMinTLSVersion/TLS_version_1.3_vs_TLS_1.2 (0.00s)
    --- PASS: TestConnectClientMinTLSVersion/TLS_version_1.3_vs_TLS_1.3 (0.01s)
=== RUN   TestConnectClientInvalidMinTLSVersion
--- PASS: TestConnectClientInvalidMinTLSVersion (0.00s)
=== RUN   TestConnectWrongDNS
2025/02/19 21:36:38 http: TLS handshake error from 127.0.0.1:57074: peer certificate not in allowed DNS Name list: [localhost]
--- PASS: TestConnectWrongDNS (0.00s)
=== RUN   TestEnableFlagAuto
--- PASS: TestEnableFlagAuto (0.00s)
=== RUN   TestEnableFlagDisabled
--- PASS: TestEnableFlagDisabled (0.00s)
=== RUN   TestEnableFlagEnabled
--- PASS: TestEnableFlagEnabled (0.00s)
PASS
ok  	github.com/influxdata/telegraf/plugins/common/tls	1.276s
?   	github.com/influxdata/telegraf/plugins/common/yangmodel	[no test files]
?   	github.com/influxdata/telegraf/plugins/inputs	[no test files]
=== RUN   TestGatherQueuesMetrics
--- PASS: TestGatherQueuesMetrics (0.00s)
=== RUN   TestGatherTopicsMetrics
--- PASS: TestGatherTopicsMetrics (0.00s)
=== RUN   TestGatherSubscribersMetrics
--- PASS: TestGatherSubscribersMetrics (0.00s)
=== RUN   TestURLs
--- PASS: TestURLs (0.00s)
PASS
ok  	github.com/influxdata/telegraf/plugins/inputs/activemq	0.722s
=== RUN   TestAerospikeStatisticsIntegration
--- FAIL: TestAerospikeStatisticsIntegration (0.00s)
panic: check host "unix:///var/run/docker.sock": docker info: Cannot connect to the Docker daemon at unix:///var/run/docker.sock. Is the docker daemon running?
	check host "unix:///Users/frederikmoschner/.docker/run/docker.sock": docker info: Cannot connect to the Docker daemon at unix:///Users/frederikmoschner/.docker/run/docker.sock. Is the docker daemon running? [recovered]
	panic: check host "unix:///var/run/docker.sock": docker info: Cannot connect to the Docker daemon at unix:///var/run/docker.sock. Is the docker daemon running?
	check host "unix:///Users/frederikmoschner/.docker/run/docker.sock": docker info: Cannot connect to the Docker daemon at unix:///Users/frederikmoschner/.docker/run/docker.sock. Is the docker daemon running?

goroutine 34 [running]:
testing.tRunner.func1.2({0x102fe2bc0, 0x14000430270})
	/opt/homebrew/Cellar/go/1.24.0/libexec/src/testing/testing.go:1734 +0x1ac
testing.tRunner.func1()
	/opt/homebrew/Cellar/go/1.24.0/libexec/src/testing/testing.go:1737 +0x334
panic({0x102fe2bc0?, 0x14000430270?})
	/opt/homebrew/Cellar/go/1.24.0/libexec/src/runtime/panic.go:787 +0x124
github.com/testcontainers/testcontainers-go/internal/core.MustExtractDockerHost.func1()
	/Users/frederikmoschner/go/pkg/mod/github.com/testcontainers/testcontainers-go@v0.34.0/internal/core/docker_host.go:91 +0x70
sync.(*Once).doSlow(0x0?, 0x2540be400?)
	/opt/homebrew/Cellar/go/1.24.0/libexec/src/sync/once.go:78 +0xf0
sync.(*Once).Do(...)
	/opt/homebrew/Cellar/go/1.24.0/libexec/src/sync/once.go:69
github.com/testcontainers/testcontainers-go/internal/core.MustExtractDockerHost({0x1030bd868?, 0x103492ae0?})
	/Users/frederikmoschner/go/pkg/mod/github.com/testcontainers/testcontainers-go@v0.34.0/internal/core/docker_host.go:88 +0x54
github.com/testcontainers/testcontainers-go/internal/core.NewClient({0x1030bd868, 0x103492ae0}, {0x0, 0x0, 0x0?})
	/Users/frederikmoschner/go/pkg/mod/github.com/testcontainers/testcontainers-go@v0.34.0/internal/core/client.go:17 +0x9c
github.com/testcontainers/testcontainers-go.NewDockerClientWithOpts({0x1030bd868, 0x103492ae0}, {0x0, 0x0, 0x0})
	/Users/frederikmoschner/go/pkg/mod/github.com/testcontainers/testcontainers-go@v0.34.0/docker_client.go:117 +0x4c
github.com/testcontainers/testcontainers-go.NewDockerProvider({0x1400043c100, 0x2, 0x102e77d3e?})
	/Users/frederikmoschner/go/pkg/mod/github.com/testcontainers/testcontainers-go@v0.34.0/provider.go:143 +0xf0
github.com/testcontainers/testcontainers-go.ProviderType.GetProvider(0x0, {0x140000eb2a8, 0x1, 0x0?})
	/Users/frederikmoschner/go/pkg/mod/github.com/testcontainers/testcontainers-go@v0.34.0/provider.go:114 +0x380
github.com/testcontainers/testcontainers-go.GenericContainer({_, _}, {{{{0x0, 0x0}, {0x0, 0x0}, {0x0, 0x0}, {0x0, 0x0}, ...}, ...}, ...})
	/Users/frederikmoschner/go/pkg/mod/github.com/testcontainers/testcontainers-go@v0.34.0/generic.go:59 +0xf0
github.com/influxdata/telegraf/testutil.(*Container).Start(0x1400046e000)
	/Users/frederikmoschner/Documents/plugin_erweiterung/telegraf/testutil/container.go:76 +0x2d8
github.com/influxdata/telegraf/plugins/inputs/aerospike.launchTestServer(0x140004601c0)
	/Users/frederikmoschner/Documents/plugin_erweiterung/telegraf/plugins/inputs/aerospike/aerospike_test.go:23 +0x130
github.com/influxdata/telegraf/plugins/inputs/aerospike.TestAerospikeStatisticsIntegration(0x140004601c0)
	/Users/frederikmoschner/Documents/plugin_erweiterung/telegraf/plugins/inputs/aerospike/aerospike_test.go:34 +0x8c
testing.tRunner(0x140004601c0, 0x1030b1de8)
	/opt/homebrew/Cellar/go/1.24.0/libexec/src/testing/testing.go:1792 +0xe4
created by testing.(*T).Run in goroutine 1
	/opt/homebrew/Cellar/go/1.24.0/libexec/src/testing/testing.go:1851 +0x374
FAIL	github.com/influxdata/telegraf/plugins/inputs/aerospike	0.801s
=== RUN   TestPluginDefaults
--- PASS: TestPluginDefaults (0.00s)
=== RUN   TestPluginInitialize
=== RUN   TestPluginInitialize/Empty_project
=== RUN   TestPluginInitialize/Valid_project
2025-02-19T20:36:40Z I! [inputs.aliyuncms] 1 object(s) discovered...
=== RUN   TestPluginInitialize/'regions'_is_not_set
2025-02-19T20:36:40Z I! [inputs.aliyuncms] 'regions' is not set. Metrics will be queried across 21 regions:
cn-qingdao,cn-beijing,cn-zhangjiakou,cn-huhehaote,cn-hangzhou,cn-shanghai,cn-shenzhen,cn-heyuan,cn-chengdu,cn-hongkong,ap-southeast-1,ap-southeast-2,ap-southeast-3,ap-southeast-5,ap-south-1,ap-northeast-1,us-west-1,us-east-1,eu-central-1,eu-west-1,me-east-1
2025-02-19T20:36:40Z I! [inputs.aliyuncms] 1 object(s) discovered...
--- PASS: TestPluginInitialize (0.00s)
    --- PASS: TestPluginInitialize/Empty_project (0.00s)
    --- PASS: TestPluginInitialize/Valid_project (0.00s)
    --- PASS: TestPluginInitialize/'regions'_is_not_set (0.00s)
=== RUN   TestPluginMetricsInitialize
=== RUN   TestPluginMetricsInitialize/Valid_project
2025-02-19T20:36:40Z I! [inputs.aliyuncms] 1 object(s) discovered...
=== RUN   TestPluginMetricsInitialize/Valid_project#01
2025-02-19T20:36:40Z I! [inputs.aliyuncms] 1 object(s) discovered...
=== RUN   TestPluginMetricsInitialize/Valid_project#02
--- PASS: TestPluginMetricsInitialize (0.00s)
    --- PASS: TestPluginMetricsInitialize/Valid_project (0.00s)
    --- PASS: TestPluginMetricsInitialize/Valid_project#01 (0.00s)
    --- PASS: TestPluginMetricsInitialize/Valid_project#02 (0.00s)
=== RUN   TestUpdateWindow
--- PASS: TestUpdateWindow (0.00s)
=== RUN   TestGatherMetric
=== RUN   TestGatherMetric/Datapoint_with_corrupted_JSON
=== RUN   TestGatherMetric/General_CMS_response_error
--- PASS: TestGatherMetric (0.00s)
    --- PASS: TestGatherMetric/Datapoint_with_corrupted_JSON (0.00s)
    --- PASS: TestGatherMetric/General_CMS_response_error (0.00s)
=== RUN   TestGather
=== RUN   TestGather/Empty_data_point
=== RUN   TestGather/Data_point_with_fields_&_tags
--- PASS: TestGather (0.00s)
    --- PASS: TestGather/Empty_data_point (0.00s)
    --- PASS: TestGather/Data_point_with_fields_&_tags (0.00s)
=== RUN   TestGetDiscoveryDataAcrossRegions
=== RUN   TestGetDiscoveryDataAcrossRegions/No_root_key_in_discovery_response
=== RUN   TestGetDiscoveryDataAcrossRegions/1_object_discovered
--- PASS: TestGetDiscoveryDataAcrossRegions (0.00s)
    --- PASS: TestGetDiscoveryDataAcrossRegions/No_root_key_in_discovery_response (0.00s)
    --- PASS: TestGetDiscoveryDataAcrossRegions/1_object_discovered (0.00s)
PASS
ok  	github.com/influxdata/telegraf/plugins/inputs/aliyuncms	0.632s
?   	github.com/influxdata/telegraf/plugins/inputs/all	[no test files]
=== RUN   TestErrorBehaviorDefault
--- PASS: TestErrorBehaviorDefault (0.00s)
=== RUN   TestErrorBehaviorError
--- PASS: TestErrorBehaviorError (0.00s)
=== RUN   TestErrorBehaviorRetry
--- PASS: TestErrorBehaviorRetry (0.00s)
=== RUN   TestErrorBehaviorIgnore
--- PASS: TestErrorBehaviorIgnore (0.00s)
=== RUN   TestGatherValidJSON
=== RUN   TestGatherValidJSON/Vega_10_XT
=== RUN   TestGatherValidJSON/Vega_20_WKS_GL-XE_[Radeon_Pro_VII]
=== RUN   TestGatherValidJSON/mi100_+_ROCm_571
=== RUN   TestGatherValidJSON/mi100_+_ROCm_602
=== RUN   TestGatherValidJSON/rx6700xt_+_ROCm_430
=== RUN   TestGatherValidJSON/rx6700xt_+_ROCm_571
=== RUN   TestGatherValidJSON/rx6700xt_+_ROCm_602
=== RUN   TestGatherValidJSON/rx6700xt_+_ROCm_612
--- PASS: TestGatherValidJSON (0.01s)
    --- PASS: TestGatherValidJSON/Vega_10_XT (0.00s)
    --- PASS: TestGatherValidJSON/Vega_20_WKS_GL-XE_[Radeon_Pro_VII] (0.00s)
    --- PASS: TestGatherValidJSON/mi100_+_ROCm_571 (0.00s)
    --- PASS: TestGatherValidJSON/mi100_+_ROCm_602 (0.00s)
    --- PASS: TestGatherValidJSON/rx6700xt_+_ROCm_430 (0.00s)
    --- PASS: TestGatherValidJSON/rx6700xt_+_ROCm_571 (0.00s)
    --- PASS: TestGatherValidJSON/rx6700xt_+_ROCm_602 (0.00s)
    --- PASS: TestGatherValidJSON/rx6700xt_+_ROCm_612 (0.00s)
PASS
ok  	github.com/influxdata/telegraf/plugins/inputs/amd_rocm_smi	1.428s
=== RUN   TestAutoEncoding
--- PASS: TestAutoEncoding (0.00s)
=== RUN   TestIntegration
--- FAIL: TestIntegration (0.00s)
panic: check host "unix:///var/run/docker.sock": docker info: Cannot connect to the Docker daemon at unix:///var/run/docker.sock. Is the docker daemon running?
	check host "unix:///Users/frederikmoschner/.docker/run/docker.sock": docker info: Cannot connect to the Docker daemon at unix:///Users/frederikmoschner/.docker/run/docker.sock. Is the docker daemon running? [recovered]
	panic: check host "unix:///var/run/docker.sock": docker info: Cannot connect to the Docker daemon at unix:///var/run/docker.sock. Is the docker daemon running?
	check host "unix:///Users/frederikmoschner/.docker/run/docker.sock": docker info: Cannot connect to the Docker daemon at unix:///Users/frederikmoschner/.docker/run/docker.sock. Is the docker daemon running?

goroutine 26 [running]:
testing.tRunner.func1.2({0x102dc1ca0, 0x14000600318})
	/opt/homebrew/Cellar/go/1.24.0/libexec/src/testing/testing.go:1734 +0x1ac
testing.tRunner.func1()
	/opt/homebrew/Cellar/go/1.24.0/libexec/src/testing/testing.go:1737 +0x334
panic({0x102dc1ca0?, 0x14000600318?})
	/opt/homebrew/Cellar/go/1.24.0/libexec/src/runtime/panic.go:787 +0x124
github.com/testcontainers/testcontainers-go/internal/core.MustExtractDockerHost.func1()
	/Users/frederikmoschner/go/pkg/mod/github.com/testcontainers/testcontainers-go@v0.34.0/internal/core/docker_host.go:91 +0x70
sync.(*Once).doSlow(0x6d5f6176616a0000?, 0x2540be400?)
	/opt/homebrew/Cellar/go/1.24.0/libexec/src/sync/once.go:78 +0xf0
sync.(*Once).Do(...)
	/opt/homebrew/Cellar/go/1.24.0/libexec/src/sync/once.go:69
github.com/testcontainers/testcontainers-go/internal/core.MustExtractDockerHost({0x102f00ae8?, 0x103551d20?})
	/Users/frederikmoschner/go/pkg/mod/github.com/testcontainers/testcontainers-go@v0.34.0/internal/core/docker_host.go:88 +0x54
github.com/testcontainers/testcontainers-go/internal/core.NewClient({0x102f00ae8, 0x103551d20}, {0x0, 0x0, 0x0?})
	/Users/frederikmoschner/go/pkg/mod/github.com/testcontainers/testcontainers-go@v0.34.0/internal/core/client.go:17 +0x9c
github.com/testcontainers/testcontainers-go.NewDockerClientWithOpts({0x102f00ae8, 0x103551d20}, {0x0, 0x0, 0x0})
	/Users/frederikmoschner/go/pkg/mod/github.com/testcontainers/testcontainers-go@v0.34.0/docker_client.go:117 +0x4c
github.com/testcontainers/testcontainers-go.NewDockerProvider({0x140003906e0, 0x2, 0x102b331b0?})
	/Users/frederikmoschner/go/pkg/mod/github.com/testcontainers/testcontainers-go@v0.34.0/provider.go:143 +0xf0
github.com/testcontainers/testcontainers-go.ProviderType.GetProvider(0x0, {0x1400013d188, 0x1, 0x0?})
	/Users/frederikmoschner/go/pkg/mod/github.com/testcontainers/testcontainers-go@v0.34.0/provider.go:114 +0x380
github.com/testcontainers/testcontainers-go.GenericContainer({_, _}, {{{{0x0, 0x0}, {0x0, 0x0}, {0x0, 0x0}, {0x0, 0x0}, ...}, ...}, ...})
	/Users/frederikmoschner/go/pkg/mod/github.com/testcontainers/testcontainers-go@v0.34.0/generic.go:59 +0xf0
github.com/influxdata/telegraf/testutil.(*Container).Start(0x140000005a0)
	/Users/frederikmoschner/Documents/plugin_erweiterung/telegraf/testutil/container.go:76 +0x2d8
github.com/influxdata/telegraf/plugins/inputs/amqp_consumer.TestIntegration(0x140006048c0)
	/Users/frederikmoschner/Documents/plugin_erweiterung/telegraf/plugins/inputs/amqp_consumer/amqp_consumer_test.go:92 +0x26c
testing.tRunner(0x140006048c0, 0x102ef0068)
	/opt/homebrew/Cellar/go/1.24.0/libexec/src/testing/testing.go:1792 +0xe4
created by testing.(*T).Run in goroutine 1
	/opt/homebrew/Cellar/go/1.24.0/libexec/src/testing/testing.go:1851 +0x374
FAIL	github.com/influxdata/telegraf/plugins/inputs/amqp_consumer	0.918s
=== RUN   TestHTTPApache
--- PASS: TestHTTPApache (0.00s)
PASS
ok  	github.com/influxdata/telegraf/plugins/inputs/apache	1.928s
=== RUN   TestApcupsdDocs
--- PASS: TestApcupsdDocs (0.00s)
=== RUN   TestApcupsdInit
--- PASS: TestApcupsdInit (0.00s)
=== RUN   TestConfig
=== RUN   TestConfig/test_listen_address_no_scheme
=== RUN   TestConfig/test_no_port
--- PASS: TestConfig (0.00s)
    --- PASS: TestConfig/test_listen_address_no_scheme (0.00s)
    --- PASS: TestConfig/test_no_port (0.00s)
=== RUN   TestApcupsdGather
=== RUN   TestApcupsdGather/test_listening_server_with_output
=== RUN   TestApcupsdGather/test_with_bad_output
--- PASS: TestApcupsdGather (0.01s)
    --- PASS: TestApcupsdGather/test_listening_server_with_output (0.00s)
    --- PASS: TestApcupsdGather/test_with_bad_output (0.00s)
PASS
ok  	github.com/influxdata/telegraf/plugins/inputs/apcupsd	1.178s
=== RUN   TestAurora
=== RUN   TestAurora/minimal
=== RUN   TestAurora/disabled_role
=== RUN   TestAurora/no_metrics_available
=== RUN   TestAurora/string_metrics_skipped
=== RUN   TestAurora/float64_unparsable
=== RUN   TestAurora/int64_unparsable
=== RUN   TestAurora/bad_json
=== RUN   TestAurora/wrong_status_code
--- PASS: TestAurora (0.02s)
    --- PASS: TestAurora/minimal (0.01s)
    --- PASS: TestAurora/disabled_role (0.00s)
    --- PASS: TestAurora/no_metrics_available (0.00s)
    --- PASS: TestAurora/string_metrics_skipped (0.01s)
    --- PASS: TestAurora/float64_unparsable (0.00s)
    --- PASS: TestAurora/int64_unparsable (0.00s)
    --- PASS: TestAurora/bad_json (0.00s)
    --- PASS: TestAurora/wrong_status_code (0.00s)
=== RUN   TestBasicAuth
=== RUN   TestBasicAuth/no_auth
=== RUN   TestBasicAuth/basic_auth
=== RUN   TestBasicAuth/username_only
=== RUN   TestBasicAuth/password_only
--- PASS: TestBasicAuth (0.02s)
    --- PASS: TestBasicAuth/no_auth (0.00s)
    --- PASS: TestBasicAuth/basic_auth (0.01s)
    --- PASS: TestBasicAuth/username_only (0.01s)
    --- PASS: TestBasicAuth/password_only (0.00s)
PASS
ok  	github.com/influxdata/telegraf/plugins/inputs/aurora	1.728s
=== RUN   TestInit_ResourceTargetsOnly
2025/02/19 21:36:41 D! [] Total resource targets: 8
--- PASS: TestInit_ResourceTargetsOnly (0.00s)
=== RUN   TestInit_ResourceGroupTargetsOnly
2025/02/19 21:36:41 D! [] Total resource targets: 9
--- PASS: TestInit_ResourceGroupTargetsOnly (0.01s)
=== RUN   TestInit_SubscriptionTargetsOnly
2025/02/19 21:36:41 D! [] Total resource targets: 11
--- PASS: TestInit_SubscriptionTargetsOnly (0.00s)
=== RUN   TestInit_AllTargetTypes
2025/02/19 21:36:41 D! [] Total resource targets: 28
--- PASS: TestInit_AllTargetTypes (0.01s)
=== RUN   TestInit_NoSubscriptionID
--- PASS: TestInit_NoSubscriptionID (0.00s)
=== RUN   TestInit_NoTargets
--- PASS: TestInit_NoTargets (0.00s)
=== RUN   TestInit_ResourceTargetWithoutResourceID
--- PASS: TestInit_ResourceTargetWithoutResourceID (0.00s)
=== RUN   TestInit_ResourceTargetWithInvalidResourceID
--- PASS: TestInit_ResourceTargetWithInvalidResourceID (0.00s)
=== RUN   TestInit_ResourceTargetWithInvalidMetric
--- PASS: TestInit_ResourceTargetWithInvalidMetric (0.00s)
=== RUN   TestInit_ResourceTargetWithInvalidAggregation
--- PASS: TestInit_ResourceTargetWithInvalidAggregation (0.00s)
=== RUN   TestInit_ResourceGroupTargetWithoutResourceGroup
--- PASS: TestInit_ResourceGroupTargetWithoutResourceGroup (0.00s)
=== RUN   TestInit_ResourceGroupTargetWithResourceWithoutResourceType
--- PASS: TestInit_ResourceGroupTargetWithResourceWithoutResourceType (0.00s)
=== RUN   TestInit_ResourceGroupTargetWithInvalidResourceGroup
--- PASS: TestInit_ResourceGroupTargetWithInvalidResourceGroup (0.00s)
=== RUN   TestInit_ResourceGroupTargetWithInvalidResourceType
--- PASS: TestInit_ResourceGroupTargetWithInvalidResourceType (0.00s)
=== RUN   TestInit_ResourceGroupTargetWithInvalidMetric
--- PASS: TestInit_ResourceGroupTargetWithInvalidMetric (0.00s)
=== RUN   TestInit_ResourceGroupTargetWithInvalidAggregation
--- PASS: TestInit_ResourceGroupTargetWithInvalidAggregation (0.00s)
=== RUN   TestInit_ResourceGroupTargetWithoutResources
--- PASS: TestInit_ResourceGroupTargetWithoutResources (0.00s)
=== RUN   TestInit_ResourceGroupTargetNoResourceFound
--- PASS: TestInit_ResourceGroupTargetNoResourceFound (0.00s)
=== RUN   TestInit_SubscriptionTargetWithoutResourceType
--- PASS: TestInit_SubscriptionTargetWithoutResourceType (0.00s)
=== RUN   TestInit_SubscriptionTargetWithInvalidResourceType
--- PASS: TestInit_SubscriptionTargetWithInvalidResourceType (0.00s)
=== RUN   TestInit_SubscriptionTargetWithInvalidMetric
--- PASS: TestInit_SubscriptionTargetWithInvalidMetric (0.00s)
=== RUN   TestInit_SubscriptionTargetWithInvalidAggregation
--- PASS: TestInit_SubscriptionTargetWithInvalidAggregation (0.00s)
=== RUN   TestInit_SubscriptionTargetNoResourceFound
--- PASS: TestInit_SubscriptionTargetNoResourceFound (0.00s)
=== RUN   TestInit_BadCredentials
--- PASS: TestInit_BadCredentials (0.28s)
=== RUN   TestGather_Success
2025/02/19 21:36:42 D! [] Collecting metrics for resource target /subscriptions/subscriptionID/resourceGroups/resourceGroup1/providers/Microsoft.Test/type1/resource1
2025/02/19 21:36:42 D! [] Collecting metrics for resource target /subscriptions/subscriptionID/resourceGroups/resourceGroup1/providers/Microsoft.Test/type2/resource2
2025/02/19 21:36:42 D! [] Collecting metrics for resource target /subscriptions/subscriptionID/resourceGroups/resourceGroup2/providers/Microsoft.Test/type1/resource3
2025/02/19 21:36:42 D! [] Collecting metrics for resource target /subscriptions/subscriptionID/resourceGroups/resourceGroup2/providers/Microsoft.Test/type2/resource4
2025/02/19 21:36:42 D! [] Collecting metrics for resource target /subscriptions/subscriptionID/resourceGroups/resourceGroup2/providers/Microsoft.Test/type2/resource5
2025/02/19 21:36:42 D! [] Collecting metrics for resource target /subscriptions/subscriptionID/resourceGroups/resourceGroup2/providers/Microsoft.Test/type2/resource6
2025/02/19 21:36:42 I! [] Did not get any metric value from Azure Monitor API for the metric ID /subscriptions/subscriptionID/resourceGroups/resourceGroup2/providers/Microsoft.Test/type2/resource6/providers/Microsoft.Insights/metrics/metric2
2025/02/19 21:36:42 I! [] Did not get any metric value from Azure Monitor API for the metric ID /subscriptions/subscriptionID/resourceGroups/resourceGroup2/providers/Microsoft.Test/type2/resource4/providers/Microsoft.Insights/metrics/metric1
2025/02/19 21:36:42 I! [] Did not get any metric value from Azure Monitor API for the metric ID /subscriptions/subscriptionID/resourceGroups/resourceGroup2/providers/Microsoft.Test/type2/resource5/providers/Microsoft.Insights/metrics/metric2
--- PASS: TestGather_Success (0.00s)
=== RUN   TestGather_China_Success
--- PASS: TestGather_China_Success (0.00s)
=== RUN   TestGather_Government_Success
--- PASS: TestGather_Government_Success (0.00s)
=== RUN   TestGather_Public_Success
--- PASS: TestGather_Public_Success (0.00s)
PASS
ok  	github.com/influxdata/telegraf/plugins/inputs/azure_monitor	2.150s
?   	github.com/influxdata/telegraf/plugins/inputs/azure_storage_queue	[no test files]
?   	github.com/influxdata/telegraf/plugins/inputs/bcache	[no test files]
=== RUN   TestBeanstalkd
=== RUN   TestBeanstalkd/All_tubes_stats
=== RUN   TestBeanstalkd/Specified_tubes_stats
=== RUN   TestBeanstalkd/Unknown_tube_stats
--- PASS: TestBeanstalkd (0.02s)
    --- PASS: TestBeanstalkd/All_tubes_stats (0.02s)
    --- PASS: TestBeanstalkd/Specified_tubes_stats (0.00s)
    --- PASS: TestBeanstalkd/Unknown_tube_stats (0.00s)
PASS
ok  	github.com/influxdata/telegraf/plugins/inputs/beanstalkd	1.665s
=== RUN   Test_BeatStats
--- PASS: Test_BeatStats (0.00s)
=== RUN   Test_BeatRequest
--- PASS: Test_BeatRequest (0.00s)
PASS
ok  	github.com/influxdata/telegraf/plugins/inputs/beat	1.262s
=== RUN   TestBindJsonStats
=== RUN   TestBindJsonStats/opcode
=== RUN   TestBindJsonStats/rcode
=== RUN   TestBindJsonStats/qtype
=== RUN   TestBindJsonStats/nsstat
=== RUN   TestBindJsonStats/sockstat
=== RUN   TestBindJsonStats/zonestat
=== RUN   TestBindJsonStats/memory
=== RUN   TestBindJsonStats/memory_context
--- PASS: TestBindJsonStats (0.01s)
    --- PASS: TestBindJsonStats/opcode (0.00s)
    --- PASS: TestBindJsonStats/rcode (0.00s)
    --- PASS: TestBindJsonStats/qtype (0.00s)
    --- PASS: TestBindJsonStats/nsstat (0.00s)
    --- PASS: TestBindJsonStats/sockstat (0.00s)
    --- PASS: TestBindJsonStats/zonestat (0.00s)
    --- PASS: TestBindJsonStats/memory (0.00s)
    --- PASS: TestBindJsonStats/memory_context (0.00s)
=== RUN   TestBindXmlStatsV2
=== RUN   TestBindXmlStatsV2/opcode
=== RUN   TestBindXmlStatsV2/qtype
=== RUN   TestBindXmlStatsV2/nsstat
=== RUN   TestBindXmlStatsV2/sockstat
=== RUN   TestBindXmlStatsV2/memory
=== RUN   TestBindXmlStatsV2/memory_context
--- PASS: TestBindXmlStatsV2 (0.00s)
    --- PASS: TestBindXmlStatsV2/opcode (0.00s)
    --- PASS: TestBindXmlStatsV2/qtype (0.00s)
    --- PASS: TestBindXmlStatsV2/nsstat (0.00s)
    --- PASS: TestBindXmlStatsV2/sockstat (0.00s)
    --- PASS: TestBindXmlStatsV2/memory (0.00s)
    --- PASS: TestBindXmlStatsV2/memory_context (0.00s)
=== RUN   TestBindXmlStatsV3
=== RUN   TestBindXmlStatsV3/opcode
=== RUN   TestBindXmlStatsV3/qtype
=== RUN   TestBindXmlStatsV3/nsstat
=== RUN   TestBindXmlStatsV3/sockstat
=== RUN   TestBindXmlStatsV3/memory
=== RUN   TestBindXmlStatsV3/memory_context
--- PASS: TestBindXmlStatsV3 (0.01s)
    --- PASS: TestBindXmlStatsV3/opcode (0.00s)
    --- PASS: TestBindXmlStatsV3/qtype (0.00s)
    --- PASS: TestBindXmlStatsV3/nsstat (0.00s)
    --- PASS: TestBindXmlStatsV3/sockstat (0.00s)
    --- PASS: TestBindXmlStatsV3/memory (0.00s)
    --- PASS: TestBindXmlStatsV3/memory_context (0.00s)
=== RUN   TestBindXmlStatsV3Signed
--- PASS: TestBindXmlStatsV3Signed (0.01s)
=== RUN   TestBindXmlStatsV3Unsigned
--- PASS: TestBindXmlStatsV3Unsigned (0.01s)
=== RUN   TestBindUnparsableURL
--- PASS: TestBindUnparsableURL (0.00s)
PASS
ok  	github.com/influxdata/telegraf/plugins/inputs/bind	0.995s
=== RUN   TestGatherBondInterface
--- PASS: TestGatherBondInterface (0.00s)
PASS
ok  	github.com/influxdata/telegraf/plugins/inputs/bond	0.662s
=== RUN   TestBurrowTopic
--- PASS: TestBurrowTopic (0.01s)
=== RUN   TestBurrowPartition
--- PASS: TestBurrowPartition (0.00s)
=== RUN   TestBurrowGroup
--- PASS: TestBurrowGroup (0.00s)
=== RUN   TestMultipleServers
--- PASS: TestMultipleServers (0.00s)
=== RUN   TestMultipleRuns
--- PASS: TestMultipleRuns (0.01s)
=== RUN   TestBasicAuthConfig
--- PASS: TestBasicAuthConfig (0.01s)
=== RUN   TestFilterClusters
--- PASS: TestFilterClusters (0.00s)
=== RUN   TestFilterGroups
--- PASS: TestFilterGroups (0.00s)
=== RUN   TestFilterTopics
--- PASS: TestFilterTopics (0.00s)
PASS
ok  	github.com/influxdata/telegraf/plugins/inputs/burrow	1.032s
=== RUN   TestParseSockId
--- PASS: TestParseSockId (0.00s)
=== RUN   TestParseMonDump
--- PASS: TestParseMonDump (0.00s)
=== RUN   TestParseOsdDump
--- PASS: TestParseOsdDump (0.00s)
=== RUN   TestParseMdsDump
--- PASS: TestParseMdsDump (0.00s)
=== RUN   TestParseRgwDump
--- PASS: TestParseRgwDump (0.00s)
=== RUN   TestDecodeStatus
--- PASS: TestDecodeStatus (0.00s)
=== RUN   TestDecodeStatusNestedOSD
--- PASS: TestDecodeStatusNestedOSD (0.00s)
=== RUN   TestDecodeDf
--- PASS: TestDecodeDf (0.00s)
=== RUN   TestDecodeOSDPoolStats
--- PASS: TestDecodeOSDPoolStats (0.00s)
=== RUN   TestGather
--- PASS: TestGather (0.00s)
=== RUN   TestParseSchema
--- PASS: TestParseSchema (0.00s)
=== RUN   TestFindSockets
Checking /var/folders/83/999jb4l55z3gww5zs2b5s0c40000gn/T/TestFindSockets3379305293/001/ceph-client.1.asok
Checking /var/folders/83/999jb4l55z3gww5zs2b5s0c40000gn/T/TestFindSockets3379305293/001/ceph-client.2.asok
Checking /var/folders/83/999jb4l55z3gww5zs2b5s0c40000gn/T/TestFindSockets3379305293/001/ceph-mds.1.asok
Checking /var/folders/83/999jb4l55z3gww5zs2b5s0c40000gn/T/TestFindSockets3379305293/001/ceph-mds.2.asok
Checking /var/folders/83/999jb4l55z3gww5zs2b5s0c40000gn/T/TestFindSockets3379305293/001/ceph-mon.1.asok
Checking /var/folders/83/999jb4l55z3gww5zs2b5s0c40000gn/T/TestFindSockets3379305293/001/ceph-mon.2.asok
Checking /var/folders/83/999jb4l55z3gww5zs2b5s0c40000gn/T/TestFindSockets3379305293/001/ceph-osd.1.asok
Checking /var/folders/83/999jb4l55z3gww5zs2b5s0c40000gn/T/TestFindSockets3379305293/001/ceph-osd.2.asok
Checking /var/folders/83/999jb4l55z3gww5zs2b5s0c40000gn/T/TestFindSockets3379305293/001/ceph-client.1.asok
Checking /var/folders/83/999jb4l55z3gww5zs2b5s0c40000gn/T/TestFindSockets3379305293/001/ceph-client.2.asok
Checking /var/folders/83/999jb4l55z3gww5zs2b5s0c40000gn/T/TestFindSockets3379305293/001/ceph-mds.1.asok
Checking /var/folders/83/999jb4l55z3gww5zs2b5s0c40000gn/T/TestFindSockets3379305293/001/ceph-mds.2.asok
Checking /var/folders/83/999jb4l55z3gww5zs2b5s0c40000gn/T/TestFindSockets3379305293/001/ceph-mon.1.asok
Checking /var/folders/83/999jb4l55z3gww5zs2b5s0c40000gn/T/TestFindSockets3379305293/001/ceph-mon.2.asok
Checking /var/folders/83/999jb4l55z3gww5zs2b5s0c40000gn/T/TestFindSockets3379305293/001/ceph-osd.1.asok
Checking /var/folders/83/999jb4l55z3gww5zs2b5s0c40000gn/T/TestFindSockets3379305293/001/ceph-osd.2.asok
Checking /var/folders/83/999jb4l55z3gww5zs2b5s0c40000gn/T/TestFindSockets3379305293/001/ceph-client.1.asok
Checking /var/folders/83/999jb4l55z3gww5zs2b5s0c40000gn/T/TestFindSockets3379305293/001/ceph-client.2.asok
Checking /var/folders/83/999jb4l55z3gww5zs2b5s0c40000gn/T/TestFindSockets3379305293/001/ceph-mds.1.asok
Checking /var/folders/83/999jb4l55z3gww5zs2b5s0c40000gn/T/TestFindSockets3379305293/001/ceph-mds.2.asok
Checking /var/folders/83/999jb4l55z3gww5zs2b5s0c40000gn/T/TestFindSockets3379305293/001/ceph-mon.1.asok
Checking /var/folders/83/999jb4l55z3gww5zs2b5s0c40000gn/T/TestFindSockets3379305293/001/ceph-mon.2.asok
Checking /var/folders/83/999jb4l55z3gww5zs2b5s0c40000gn/T/TestFindSockets3379305293/001/ceph-osd.1.asok
Checking /var/folders/83/999jb4l55z3gww5zs2b5s0c40000gn/T/TestFindSockets3379305293/001/ceph-osd.2.asok
Checking /var/folders/83/999jb4l55z3gww5zs2b5s0c40000gn/T/TestFindSockets3379305293/001/ceph-client.1.asok
Checking /var/folders/83/999jb4l55z3gww5zs2b5s0c40000gn/T/TestFindSockets3379305293/001/ceph-client.2.asok
Checking /var/folders/83/999jb4l55z3gww5zs2b5s0c40000gn/T/TestFindSockets3379305293/001/ceph-mds.1.asok
Checking /var/folders/83/999jb4l55z3gww5zs2b5s0c40000gn/T/TestFindSockets3379305293/001/ceph-mds.2.asok
Checking /var/folders/83/999jb4l55z3gww5zs2b5s0c40000gn/T/TestFindSockets3379305293/001/ceph-mon.1.asok
Checking /var/folders/83/999jb4l55z3gww5zs2b5s0c40000gn/T/TestFindSockets3379305293/001/ceph-mon.2.asok
Checking /var/folders/83/999jb4l55z3gww5zs2b5s0c40000gn/T/TestFindSockets3379305293/001/ceph-osd.1.asok
Checking /var/folders/83/999jb4l55z3gww5zs2b5s0c40000gn/T/TestFindSockets3379305293/001/ceph-osd.2.asok
Checking /var/folders/83/999jb4l55z3gww5zs2b5s0c40000gn/T/TestFindSockets3379305293/001/ceph-client.1.asok
Checking /var/folders/83/999jb4l55z3gww5zs2b5s0c40000gn/T/TestFindSockets3379305293/001/ceph-client.2.asok
Checking /var/folders/83/999jb4l55z3gww5zs2b5s0c40000gn/T/TestFindSockets3379305293/001/ceph-mds.1.asok
Checking /var/folders/83/999jb4l55z3gww5zs2b5s0c40000gn/T/TestFindSockets3379305293/001/ceph-mds.2.asok
Checking /var/folders/83/999jb4l55z3gww5zs2b5s0c40000gn/T/TestFindSockets3379305293/001/ceph-mon.1.asok
Checking /var/folders/83/999jb4l55z3gww5zs2b5s0c40000gn/T/TestFindSockets3379305293/001/ceph-mon.2.asok
Checking /var/folders/83/999jb4l55z3gww5zs2b5s0c40000gn/T/TestFindSockets3379305293/001/ceph-osd.1.asok
Checking /var/folders/83/999jb4l55z3gww5zs2b5s0c40000gn/T/TestFindSockets3379305293/001/ceph-osd.2.asok
Checking /var/folders/83/999jb4l55z3gww5zs2b5s0c40000gn/T/TestFindSockets3379305293/001/ceph-client.1.asok
Checking /var/folders/83/999jb4l55z3gww5zs2b5s0c40000gn/T/TestFindSockets3379305293/001/ceph-client.2.asok
Checking /var/folders/83/999jb4l55z3gww5zs2b5s0c40000gn/T/TestFindSockets3379305293/001/ceph-mds.1.asok
Checking /var/folders/83/999jb4l55z3gww5zs2b5s0c40000gn/T/TestFindSockets3379305293/001/ceph-mds.2.asok
Checking /var/folders/83/999jb4l55z3gww5zs2b5s0c40000gn/T/TestFindSockets3379305293/001/ceph-mon.1.asok
Checking /var/folders/83/999jb4l55z3gww5zs2b5s0c40000gn/T/TestFindSockets3379305293/001/ceph-mon.2.asok
Checking /var/folders/83/999jb4l55z3gww5zs2b5s0c40000gn/T/TestFindSockets3379305293/001/ceph-osd.1.asok
Checking /var/folders/83/999jb4l55z3gww5zs2b5s0c40000gn/T/TestFindSockets3379305293/001/ceph-osd.2.asok
Checking /var/folders/83/999jb4l55z3gww5zs2b5s0c40000gn/T/TestFindSockets3379305293/001/ceph-client.1.asok
Checking /var/folders/83/999jb4l55z3gww5zs2b5s0c40000gn/T/TestFindSockets3379305293/001/ceph-client.2.asok
Checking /var/folders/83/999jb4l55z3gww5zs2b5s0c40000gn/T/TestFindSockets3379305293/001/ceph-mds.1.asok
Checking /var/folders/83/999jb4l55z3gww5zs2b5s0c40000gn/T/TestFindSockets3379305293/001/ceph-mds.2.asok
Checking /var/folders/83/999jb4l55z3gww5zs2b5s0c40000gn/T/TestFindSockets3379305293/001/ceph-mon.1.asok
Checking /var/folders/83/999jb4l55z3gww5zs2b5s0c40000gn/T/TestFindSockets3379305293/001/ceph-mon.2.asok
Checking /var/folders/83/999jb4l55z3gww5zs2b5s0c40000gn/T/TestFindSockets3379305293/001/ceph-osd.1.asok
Checking /var/folders/83/999jb4l55z3gww5zs2b5s0c40000gn/T/TestFindSockets3379305293/001/ceph-osd.2.asok
Checking /var/folders/83/999jb4l55z3gww5zs2b5s0c40000gn/T/TestFindSockets3379305293/001/ceph-client.1.asok
Checking /var/folders/83/999jb4l55z3gww5zs2b5s0c40000gn/T/TestFindSockets3379305293/001/ceph-client.2.asok
Checking /var/folders/83/999jb4l55z3gww5zs2b5s0c40000gn/T/TestFindSockets3379305293/001/ceph-mds.1.asok
Checking /var/folders/83/999jb4l55z3gww5zs2b5s0c40000gn/T/TestFindSockets3379305293/001/ceph-mds.2.asok
Checking /var/folders/83/999jb4l55z3gww5zs2b5s0c40000gn/T/TestFindSockets3379305293/001/ceph-mon.1.asok
Checking /var/folders/83/999jb4l55z3gww5zs2b5s0c40000gn/T/TestFindSockets3379305293/001/ceph-mon.2.asok
Checking /var/folders/83/999jb4l55z3gww5zs2b5s0c40000gn/T/TestFindSockets3379305293/001/ceph-osd.1.asok
Checking /var/folders/83/999jb4l55z3gww5zs2b5s0c40000gn/T/TestFindSockets3379305293/001/ceph-osd.2.asok
Checking /var/folders/83/999jb4l55z3gww5zs2b5s0c40000gn/T/TestFindSockets3379305293/001/ceph-mon.1.asok
Checking /var/folders/83/999jb4l55z3gww5zs2b5s0c40000gn/T/TestFindSockets3379305293/001/ceph-osd.1.asok
Checking /var/folders/83/999jb4l55z3gww5zs2b5s0c40000gn/T/TestFindSockets3379305293/001/ceph-mds.1.asok
Checking /var/folders/83/999jb4l55z3gww5zs2b5s0c40000gn/T/TestFindSockets3379305293/001/ceph-client.1.asok
--- PASS: TestFindSockets (0.00s)
PASS
ok  	github.com/influxdata/telegraf/plugins/inputs/ceph	1.082s
?   	github.com/influxdata/telegraf/plugins/inputs/cgroup	[no test files]
=== RUN   TestGatherActivity
    chrony_test.go:760: mock server: received 416 bytes from "127.0.0.1:64683"
    chrony_test.go:770: mock server: received request 44
    chrony_test.go:821: mock server [activity]: successfully wrote reply
--- PASS: TestGatherActivity (0.00s)
=== RUN   TestGatherTracking
    chrony_test.go:760: mock server: received 416 bytes from "127.0.0.1:63447"
    chrony_test.go:770: mock server: received request 33
    chrony_test.go:796: mock server [tracking]: successfully wrote reply
--- PASS: TestGatherTracking (0.00s)
=== RUN   TestGatherServerStats
    chrony_test.go:760: mock server: received 416 bytes from "127.0.0.1:51978"
    chrony_test.go:770: mock server: received request 54
    chrony_test.go:834: mock server [serverstats]: successfully wrote reply
--- PASS: TestGatherServerStats (0.00s)
=== RUN   TestGatherServerStats2
    chrony_test.go:760: mock server: received 416 bytes from "127.0.0.1:62997"
    chrony_test.go:770: mock server: received request 54
    chrony_test.go:834: mock server [serverstats]: successfully wrote reply
--- PASS: TestGatherServerStats2 (0.00s)
=== RUN   TestGatherServerStats3
    chrony_test.go:760: mock server: received 416 bytes from "127.0.0.1:61951"
    chrony_test.go:770: mock server: received request 54
    chrony_test.go:834: mock server [serverstats]: successfully wrote reply
--- PASS: TestGatherServerStats3 (0.00s)
=== RUN   TestGatherSources
    chrony_test.go:760: mock server: received 416 bytes from "127.0.0.1:53924"
    chrony_test.go:770: mock server: received request 14
    chrony_test.go:777: mock server [sources]: successfully wrote reply
    chrony_test.go:760: mock server: received 420 bytes from "127.0.0.1:53924"
    chrony_test.go:770: mock server: received request 15
    chrony_test.go:789: mock server [source data]: successfully wrote reply
    chrony_test.go:760: mock server: received 424 bytes from "127.0.0.1:53924"
    chrony_test.go:770: mock server: received request 65
    chrony_test.go:844: mock server [source name]: resolving 192.168.0.1
    chrony_test.go:849: mock server [source name]: successfully wrote reply
    chrony_test.go:760: mock server: received 420 bytes from "127.0.0.1:53924"
    chrony_test.go:770: mock server: received request 15
    chrony_test.go:789: mock server [source data]: successfully wrote reply
    chrony_test.go:760: mock server: received 424 bytes from "127.0.0.1:53924"
    chrony_test.go:770: mock server: received request 65
    chrony_test.go:844: mock server [source name]: resolving 192.168.0.2
    chrony_test.go:849: mock server [source name]: successfully wrote reply
    chrony_test.go:760: mock server: received 420 bytes from "127.0.0.1:53924"
    chrony_test.go:770: mock server: received request 15
    chrony_test.go:789: mock server [source data]: successfully wrote reply
    chrony_test.go:760: mock server: received 424 bytes from "127.0.0.1:53924"
    chrony_test.go:770: mock server: received request 65
    chrony_test.go:844: mock server [source name]: resolving 192.168.0.3
    chrony_test.go:849: mock server [source name]: successfully wrote reply
--- PASS: TestGatherSources (0.00s)
=== RUN   TestGatherSourceStats
    chrony_test.go:760: mock server: received 416 bytes from "127.0.0.1:64670"
    chrony_test.go:770: mock server: received request 14
    chrony_test.go:777: mock server [sources]: successfully wrote reply
    chrony_test.go:760: mock server: received 420 bytes from "127.0.0.1:64670"
    chrony_test.go:770: mock server: received request 34
    chrony_test.go:808: mock server [source stats]: successfully wrote reply
    chrony_test.go:760: mock server: received 424 bytes from "127.0.0.1:64670"
    chrony_test.go:770: mock server: received request 65
    chrony_test.go:844: mock server [source name]: resolving 192.168.0.1
    chrony_test.go:849: mock server [source name]: successfully wrote reply
    chrony_test.go:760: mock server: received 420 bytes from "127.0.0.1:64670"
    chrony_test.go:770: mock server: received request 34
    chrony_test.go:808: mock server [source stats]: successfully wrote reply
    chrony_test.go:760: mock server: received 424 bytes from "127.0.0.1:64670"
    chrony_test.go:770: mock server: received request 65
    chrony_test.go:844: mock server [source name]: resolving 192.168.0.2
    chrony_test.go:849: mock server [source name]: successfully wrote reply
    chrony_test.go:760: mock server: received 420 bytes from "127.0.0.1:64670"
    chrony_test.go:770: mock server: received request 34
    chrony_test.go:808: mock server [source stats]: successfully wrote reply
    chrony_test.go:760: mock server: received 424 bytes from "127.0.0.1:64670"
    chrony_test.go:770: mock server: received request 65
    chrony_test.go:844: mock server [source name]: resolving 192.168.0.3
    chrony_test.go:849: mock server [source name]: successfully wrote reply
--- PASS: TestGatherSourceStats (0.00s)
=== RUN   TestIntegration
--- FAIL: TestIntegration (0.00s)
panic: check host "unix:///var/run/docker.sock": docker info: Cannot connect to the Docker daemon at unix:///var/run/docker.sock. Is the docker daemon running?
	check host "unix:///Users/frederikmoschner/.docker/run/docker.sock": docker info: Cannot connect to the Docker daemon at unix:///Users/frederikmoschner/.docker/run/docker.sock. Is the docker daemon running? [recovered]
	panic: check host "unix:///var/run/docker.sock": docker info: Cannot connect to the Docker daemon at unix:///var/run/docker.sock. Is the docker daemon running?
	check host "unix:///Users/frederikmoschner/.docker/run/docker.sock": docker info: Cannot connect to the Docker daemon at unix:///Users/frederikmoschner/.docker/run/docker.sock. Is the docker daemon running?

goroutine 107 [running]:
testing.tRunner.func1.2({0x10518d660, 0x14000255e00})
	/opt/homebrew/Cellar/go/1.24.0/libexec/src/testing/testing.go:1734 +0x1ac
testing.tRunner.func1()
	/opt/homebrew/Cellar/go/1.24.0/libexec/src/testing/testing.go:1737 +0x334
panic({0x10518d660?, 0x14000255e00?})
	/opt/homebrew/Cellar/go/1.24.0/libexec/src/runtime/panic.go:787 +0x124
github.com/testcontainers/testcontainers-go/internal/core.MustExtractDockerHost.func1()
	/Users/frederikmoschner/go/pkg/mod/github.com/testcontainers/testcontainers-go@v0.34.0/internal/core/docker_host.go:91 +0x70
sync.(*Once).doSlow(0x14000260000?, 0x2540be400?)
	/opt/homebrew/Cellar/go/1.24.0/libexec/src/sync/once.go:78 +0xf0
sync.(*Once).Do(...)
	/opt/homebrew/Cellar/go/1.24.0/libexec/src/sync/once.go:69
github.com/testcontainers/testcontainers-go/internal/core.MustExtractDockerHost({0x1052bc528?, 0x1058c6ac0?})
	/Users/frederikmoschner/go/pkg/mod/github.com/testcontainers/testcontainers-go@v0.34.0/internal/core/docker_host.go:88 +0x54
github.com/testcontainers/testcontainers-go/internal/core.NewClient({0x1052bc528, 0x1058c6ac0}, {0x0, 0x0, 0x14000182138?})
	/Users/frederikmoschner/go/pkg/mod/github.com/testcontainers/testcontainers-go@v0.34.0/internal/core/client.go:17 +0x9c
github.com/testcontainers/testcontainers-go.NewDockerClientWithOpts({0x1052bc528, 0x1058c6ac0}, {0x0, 0x0, 0x0})
	/Users/frederikmoschner/go/pkg/mod/github.com/testcontainers/testcontainers-go@v0.34.0/docker_client.go:117 +0x4c
github.com/testcontainers/testcontainers-go.NewDockerProvider({0x14000200f40, 0x2, 0x104f121a2?})
	/Users/frederikmoschner/go/pkg/mod/github.com/testcontainers/testcontainers-go@v0.34.0/provider.go:143 +0xf0
github.com/testcontainers/testcontainers-go.ProviderType.GetProvider(0x0, {0x14000017068, 0x1, 0x10485aa7c?})
	/Users/frederikmoschner/go/pkg/mod/github.com/testcontainers/testcontainers-go@v0.34.0/provider.go:114 +0x380
github.com/testcontainers/testcontainers-go.GenericContainer({_, _}, {{{{0x0, 0x0}, {0x0, 0x0}, {0x0, 0x0}, {0x0, 0x0}, ...}, ...}, ...})
	/Users/frederikmoschner/go/pkg/mod/github.com/testcontainers/testcontainers-go@v0.34.0/generic.go:59 +0xf0
github.com/influxdata/telegraf/testutil.(*Container).Start(0x140004af8c0)
	/Users/frederikmoschner/Documents/plugin_erweiterung/telegraf/testutil/container.go:76 +0x2d8
github.com/influxdata/telegraf/plugins/inputs/chrony.TestIntegration(0x1400050c8c0)
	/Users/frederikmoschner/Documents/plugin_erweiterung/telegraf/plugins/inputs/chrony/chrony_test.go:666 +0x264
testing.tRunner(0x1400050c8c0, 0x1052abe78)
	/opt/homebrew/Cellar/go/1.24.0/libexec/src/testing/testing.go:1792 +0xe4
created by testing.(*T).Run in goroutine 1
	/opt/homebrew/Cellar/go/1.24.0/libexec/src/testing/testing.go:1851 +0x374
FAIL	github.com/influxdata/telegraf/plugins/inputs/chrony	0.600s
=== RUN   TestHandleTelemetryTwoSimple
--- PASS: TestHandleTelemetryTwoSimple (0.00s)
=== RUN   TestIncludeDeleteField
--- PASS: TestIncludeDeleteField (0.00s)
=== RUN   TestHandleTelemetrySingleNested
--- PASS: TestHandleTelemetrySingleNested (0.00s)
=== RUN   TestHandleEmbeddedTags
--- PASS: TestHandleEmbeddedTags (0.00s)
=== RUN   TestHandleNXAPI
--- PASS: TestHandleNXAPI (0.00s)
=== RUN   TestHandleNXAPIXformNXAPI
--- PASS: TestHandleNXAPIXformNXAPI (0.00s)
=== RUN   TestHandleNXXformMulti
--- PASS: TestHandleNXXformMulti (0.00s)
=== RUN   TestHandleNXDME
--- PASS: TestHandleNXDME (0.00s)
=== RUN   TestHandleNXDMESubtree
--- PASS: TestHandleNXDMESubtree (0.00s)
=== RUN   TestTCPDialoutOverflow
--- PASS: TestTCPDialoutOverflow (0.00s)
=== RUN   TestGRPCDialoutMicroburst
--- PASS: TestGRPCDialoutMicroburst (0.00s)
=== RUN   TestTCPDialoutMultiple
--- PASS: TestTCPDialoutMultiple (0.00s)
=== RUN   TestGRPCDialoutError
--- PASS: TestGRPCDialoutError (0.01s)
=== RUN   TestGRPCDialoutMultiple
--- PASS: TestGRPCDialoutMultiple (0.00s)
=== RUN   TestGRPCDialoutKeepalive
--- PASS: TestGRPCDialoutKeepalive (0.00s)
=== RUN   TestSourceFieldRewrite
--- PASS: TestSourceFieldRewrite (0.00s)
PASS
ok  	github.com/influxdata/telegraf/plugins/inputs/cisco_telemetry_mdt	0.611s
=== RUN   TestClusterIncludeExcludeFilter
--- PASS: TestClusterIncludeExcludeFilter (0.00s)
=== RUN   TestChInt64
--- PASS: TestChInt64 (0.00s)
=== RUN   TestGather
--- PASS: TestGather (0.00s)
=== RUN   TestGatherWithSomeTablesNotExists
--- PASS: TestGatherWithSomeTablesNotExists (0.00s)
=== RUN   TestGatherClickhouseCloud
--- PASS: TestGatherClickhouseCloud (0.00s)
=== RUN   TestWrongJSONMarshalling
--- PASS: TestWrongJSONMarshalling (0.01s)
=== RUN   TestOfflineServer
--- PASS: TestOfflineServer (0.02s)
=== RUN   TestAutoDiscovery
--- PASS: TestAutoDiscovery (0.00s)
PASS
ok  	github.com/influxdata/telegraf/plugins/inputs/clickhouse	0.881s
=== RUN   TestRunParse
2025-02-19T20:36:45Z I! [] Starting receiver for subscription sub-run-parse...
--- PASS: TestRunParse (0.00s)
=== RUN   TestRunBase64
2025-02-19T20:36:45Z I! [] Starting receiver for subscription sub-run-base64...
--- PASS: TestRunBase64 (0.00s)
=== RUN   TestRunGzipDecode
2025-02-19T20:36:45Z I! [] Starting receiver for subscription sub-run-gzip...
--- PASS: TestRunGzipDecode (0.00s)
=== RUN   TestRunInvalidMessages
2025-02-19T20:36:45Z I! [] Starting receiver for subscription sub-invalid-messages...
--- PASS: TestRunInvalidMessages (0.00s)
=== RUN   TestRunOverlongMessages
2025-02-19T20:36:45Z I! [] Starting receiver for subscription sub-message-too-long...
--- PASS: TestRunOverlongMessages (0.00s)
=== RUN   TestRunErrorInSubscriber
2025-02-19T20:36:45Z I! [] Starting receiver for subscription sub-unexpected-error...
2025-02-19T20:36:45Z E! [] Receiver for subscription sub-unexpected-error exited with error: a fake error
2025-02-19T20:36:45Z I! [] Waiting 1 seconds before attempting to restart receiver...
2025-02-19T20:36:46Z I! [] Starting receiver for subscription sub-unexpected-error...
--- PASS: TestRunErrorInSubscriber (1.00s)
PASS
ok  	github.com/influxdata/telegraf/plugins/inputs/cloud_pubsub	2.171s
=== RUN   TestServeHTTP
2025-02-19T20:36:45Z E! [] Error decoding payload invalid character 'i' looking for beginning of value
2025-02-19T20:36:45Z E! [] Base64-decode failed illegal base64 data at input byte 3
2025-02-19T20:36:45Z E! [] Error decoding payload json: cannot unmarshal number into Go struct field message.message.attributes of type string
--- PASS: TestServeHTTP (0.02s)
PASS
ok  	github.com/influxdata/telegraf/plugins/inputs/cloud_pubsub_push	0.868s
=== RUN   TestSnakeCase
--- PASS: TestSnakeCase (0.00s)
=== RUN   TestGather
--- PASS: TestGather (0.00s)
=== RUN   TestGatherDenseMetric
--- PASS: TestGatherDenseMetric (0.00s)
=== RUN   TestMultiAccountGather
--- PASS: TestMultiAccountGather (0.00s)
=== RUN   TestGather_MultipleNamespaces
--- PASS: TestGather_MultipleNamespaces (0.00s)
=== RUN   TestSelectMetrics
--- PASS: TestSelectMetrics (0.00s)
=== RUN   TestGenerateStatisticsInputParams
--- PASS: TestGenerateStatisticsInputParams (0.00s)
=== RUN   TestGenerateStatisticsInputParamsFiltered
--- PASS: TestGenerateStatisticsInputParamsFiltered (0.00s)
=== RUN   TestMetricsCacheTimeout
--- PASS: TestMetricsCacheTimeout (0.00s)
=== RUN   TestUpdateWindow
--- PASS: TestUpdateWindow (0.00s)
=== RUN   TestProxyFunction
--- PASS: TestProxyFunction (0.00s)
=== RUN   TestCombineNamespaces
--- PASS: TestCombineNamespaces (0.00s)
PASS
ok  	github.com/influxdata/telegraf/plugins/inputs/cloudwatch	1.355s
=== RUN   TestInvalidListenerConfig
--- PASS: TestInvalidListenerConfig (0.00s)
=== RUN   TestWriteHTTPSNoClientAuth
2025-02-19T20:36:45Z I! [] Listening on 127.0.0.1:8080
--- PASS: TestWriteHTTPSNoClientAuth (0.00s)
=== RUN   TestWriteHTTPSWithClientAuth
2025-02-19T20:36:45Z I! [] Listening on 127.0.0.1:8080
--- PASS: TestWriteHTTPSWithClientAuth (0.00s)
=== RUN   TestWriteHTTPSuccessfulAuth
2025-02-19T20:36:45Z I! [] Listening on 127.0.0.1:8080
--- PASS: TestWriteHTTPSuccessfulAuth (0.00s)
=== RUN   TestWriteHTTPFailedAuth
2025-02-19T20:36:45Z I! [] Listening on 127.0.0.1:8080
--- PASS: TestWriteHTTPFailedAuth (0.00s)
=== RUN   TestWriteHTTP
2025-02-19T20:36:45Z I! [] Listening on 127.0.0.1:8080
--- PASS: TestWriteHTTP (0.00s)
=== RUN   TestWriteHTTPMultipleRecords
2025-02-19T20:36:45Z I! [] Listening on 127.0.0.1:8080
--- PASS: TestWriteHTTPMultipleRecords (0.01s)
=== RUN   TestWriteHTTPExactMaxBodySize
2025-02-19T20:36:45Z I! [] Listening on 127.0.0.1:8080
--- PASS: TestWriteHTTPExactMaxBodySize (0.00s)
=== RUN   TestWriteHTTPVerySmallMaxBody
2025-02-19T20:36:45Z I! [] Listening on 127.0.0.1:8080
2025-02-19T20:36:45Z E! [] content length exceeded maximum body size
--- PASS: TestWriteHTTPVerySmallMaxBody (0.00s)
=== RUN   TestReceive404ForInvalidEndpoint
2025-02-19T20:36:45Z I! [] Listening on 127.0.0.1:8080
--- PASS: TestReceive404ForInvalidEndpoint (0.00s)
=== RUN   TestWriteHTTPInvalid
2025-02-19T20:36:45Z I! [] Listening on 127.0.0.1:8080
2025-02-19T20:36:45Z E! [] unable to decode metric-streams request: invalid character 'b' looking for beginning of value
--- PASS: TestWriteHTTPInvalid (0.00s)
=== RUN   TestWriteHTTPEmpty
2025-02-19T20:36:45Z I! [] Listening on 127.0.0.1:8080
2025-02-19T20:36:45Z E! [] unable to decode metric-streams request: EOF
--- PASS: TestWriteHTTPEmpty (0.00s)
=== RUN   TestComposeMetrics
2025-02-19T20:36:45Z I! [] Listening on 127.0.0.1:8080
--- PASS: TestComposeMetrics (0.00s)
=== RUN   TestComposeAPICompatibleMetrics
2025-02-19T20:36:45Z I! [] Listening on 127.0.0.1:8080
--- PASS: TestComposeAPICompatibleMetrics (0.00s)
=== RUN   TestWriteHTTPGzippedData
2025-02-19T20:36:45Z I! [] Listening on 127.0.0.1:8080
--- PASS: TestWriteHTTPGzippedData (0.01s)
PASS
ok  	github.com/influxdata/telegraf/plugins/inputs/cloudwatch_metric_streams	1.584s
?   	github.com/influxdata/telegraf/plugins/inputs/conntrack	[no test files]
=== RUN   TestGatherHealthCheck
--- PASS: TestGatherHealthCheck (0.00s)
=== RUN   TestGatherHealthCheckWithDelimitedTags
--- PASS: TestGatherHealthCheckWithDelimitedTags (0.00s)
=== RUN   TestGatherHealthCheckV2
--- PASS: TestGatherHealthCheckV2 (0.00s)
=== RUN   TestGatherHealthCheckWithDelimitedTagsV2
--- PASS: TestGatherHealthCheckWithDelimitedTagsV2 (0.00s)
PASS
ok  	github.com/influxdata/telegraf/plugins/inputs/consul	0.940s
=== RUN   TestConsulStats
=== RUN   TestConsulStats/Metrics
--- PASS: TestConsulStats (0.01s)
    --- PASS: TestConsulStats/Metrics (0.01s)
PASS
ok  	github.com/influxdata/telegraf/plugins/inputs/consul_agent	1.322s
=== RUN   TestGatherServer
--- PASS: TestGatherServer (0.04s)
=== RUN   TestSanitizeURI
--- PASS: TestSanitizeURI (0.00s)
=== RUN   TestGatherDetailedBucketMetrics
=== RUN   TestGatherDetailedBucketMetrics/cluster-level_with_all_fields
=== RUN   TestGatherDetailedBucketMetrics/cluster-level_with_missing_fields
=== RUN   TestGatherDetailedBucketMetrics/node-level_with_all_fields
--- PASS: TestGatherDetailedBucketMetrics (0.01s)
    --- PASS: TestGatherDetailedBucketMetrics/cluster-level_with_all_fields (0.01s)
    --- PASS: TestGatherDetailedBucketMetrics/cluster-level_with_missing_fields (0.00s)
    --- PASS: TestGatherDetailedBucketMetrics/node-level_with_all_fields (0.00s)
=== RUN   TestGatherNodeOnly
--- PASS: TestGatherNodeOnly (0.00s)
=== RUN   TestGatherFailover
--- PASS: TestGatherFailover (0.00s)
PASS
ok  	github.com/influxdata/telegraf/plugins/inputs/couchbase	1.078s
=== RUN   TestBasic
--- PASS: TestBasic (0.00s)
PASS
ok  	github.com/influxdata/telegraf/plugins/inputs/couchdb	1.448s
=== RUN   TestCPUStats
--- PASS: TestCPUStats (0.00s)
=== RUN   TestCPUCountIncrease
--- PASS: TestCPUCountIncrease (0.00s)
=== RUN   TestCPUTimesDecrease
--- PASS: TestCPUTimesDecrease (0.00s)
PASS
ok  	github.com/influxdata/telegraf/plugins/inputs/cpu	1.486s
=== RUN   TestCPUStats
--- PASS: TestCPUStats (0.00s)
PASS
ok  	github.com/influxdata/telegraf/plugins/inputs/csgo	1.523s
=== RUN   TestSubscription_createRequest
=== RUN   TestSubscription_createRequest/Should_Return_Expected_Request
--- PASS: TestSubscription_createRequest (0.00s)
    --- PASS: TestSubscription_createRequest/Should_Return_Expected_Request (0.00s)
=== RUN   TestSubscription_node
=== RUN   TestSubscription_node/Should_Return_Node_Of_Given_Address
=== RUN   TestSubscription_node/Should_Return_Nil_If_Node_With_Given_Address_Not_Found
--- PASS: TestSubscription_node (0.00s)
    --- PASS: TestSubscription_node/Should_Return_Node_Of_Given_Address (0.00s)
    --- PASS: TestSubscription_node/Should_Return_Nil_If_Node_With_Given_Address_Not_Found (0.00s)
=== RUN   TestSubscription_addressList
=== RUN   TestSubscription_addressList/Should_Return_AddressArray_Of_All_Nodes
--- PASS: TestSubscription_addressList (0.00s)
    --- PASS: TestSubscription_addressList/Should_Return_AddressArray_Of_All_Nodes (0.00s)
=== RUN   TestNode_fieldKey
=== RUN   TestNode_fieldKey/Should_Return_Name_When_Name_Is_Not_Empty
=== RUN   TestNode_fieldKey/Should_Return_Address_Base_When_Name_Is_Empty_And_Address_Contains_Full_Path
=== RUN   TestNode_fieldKey/Should_Return_Address_Base_Root_When_Name_Is_Empty_And_Address_Contains_Root_Path
=== RUN   TestNode_fieldKey/Should_Return_Empty_When_Name_and_Address_Are_Empty
--- PASS: TestNode_fieldKey (0.00s)
    --- PASS: TestNode_fieldKey/Should_Return_Name_When_Name_Is_Not_Empty (0.00s)
    --- PASS: TestNode_fieldKey/Should_Return_Address_Base_When_Name_Is_Empty_And_Address_Contains_Full_Path (0.00s)
    --- PASS: TestNode_fieldKey/Should_Return_Address_Base_Root_When_Name_Is_Empty_And_Address_Contains_Root_Path (0.00s)
    --- PASS: TestNode_fieldKey/Should_Return_Empty_When_Name_and_Address_Are_Empty (0.00s)
=== RUN   TestCtrlXCreateSubscriptionBasic
--- PASS: TestCtrlXCreateSubscriptionBasic (0.00s)
=== RUN   TestCtrlXCreateSubscriptionDriven
=== RUN   TestCtrlXCreateSubscriptionDriven/{"status":200}
=== RUN   TestCtrlXCreateSubscriptionDriven/{"status":401}
--- PASS: TestCtrlXCreateSubscriptionDriven (0.00s)
    --- PASS: TestCtrlXCreateSubscriptionDriven/{"status":200} (0.00s)
    --- PASS: TestCtrlXCreateSubscriptionDriven/{"status":401} (0.00s)
=== RUN   TestCtrlXMetricsField
2025-02-19T20:36:47Z E! [] Requesting data of subscription 0 failed: got end of sse data input
2025-02-19T20:36:47Z E! [] Requesting data of subscription 0 failed: got end of sse data input
2025-02-19T20:36:47Z E! [] Requesting data of subscription 0 failed: got end of sse data input
2025-02-19T20:36:47Z E! [] Requesting data of subscription 0 failed: got end of sse data input
2025-02-19T20:36:47Z E! [] Requesting data of subscription 0 failed: got end of sse data input
2025-02-19T20:36:47Z E! [] Requesting data of subscription 0 failed: got end of sse data input
2025-02-19T20:36:47Z E! [] Requesting data of subscription 0 failed: got end of sse data input
2025-02-19T20:36:47Z E! [] Requesting data of subscription 0 failed: got end of sse data input
2025-02-19T20:36:47Z E! [] Requesting data of subscription 0 failed: got end of sse data input
2025-02-19T20:36:47Z E! [] Requesting data of subscription 0 failed: got end of sse data input
2025-02-19T20:36:47Z E! [] Requesting data of subscription 0 failed: got end of sse data input
2025-02-19T20:36:47Z E! [] Requesting data of subscription 0 failed: got end of sse data input
2025-02-19T20:36:47Z E! [] Requesting data of subscription 0 failed: got end of sse data input
2025-02-19T20:36:47Z E! [] Requesting data of subscription 0 failed: got end of sse data input
2025-02-19T20:36:47Z E! [] Requesting data of subscription 0 failed: got end of sse data input
2025-02-19T20:36:47Z E! [] Requesting data of subscription 0 failed: got end of sse data input
2025-02-19T20:36:47Z E! [] Requesting data of subscription 0 failed: got end of sse data input
2025-02-19T20:36:47Z E! [] Requesting data of subscription 0 failed: got end of sse data input
2025-02-19T20:36:47Z E! [] Requesting data of subscription 0 failed: got end of sse data input
2025-02-19T20:36:47Z E! [] Requesting data of subscription 0 failed: got end of sse data input
2025-02-19T20:36:47Z E! [] Requesting data of subscription 0 failed: got end of sse data input
2025-02-19T20:36:47Z E! [] Requesting data of subscription 0 failed: got end of sse data input
2025-02-19T20:36:47Z E! [] Requesting data of subscription 0 failed: got end of sse data input
2025-02-19T20:36:47Z E! [] Requesting data of subscription 0 failed: got end of sse data input
2025-02-19T20:36:47Z E! [] Requesting data of subscription 0 failed: got end of sse data input
2025-02-19T20:36:47Z E! [] Requesting data of subscription 0 failed: got end of sse data input
2025-02-19T20:36:47Z E! [] Requesting data of subscription 0 failed: got end of sse data input
2025-02-19T20:36:47Z E! [] Requesting data of subscription 0 failed: got end of sse data input
2025-02-19T20:36:47Z E! [] Requesting data of subscription 0 failed: got end of sse data input
2025-02-19T20:36:47Z E! [] Requesting data of subscription 0 failed: got end of sse data input
2025-02-19T20:36:47Z E! [] Requesting data of subscription 0 failed: got end of sse data input
2025-02-19T20:36:47Z E! [] Requesting data of subscription 0 failed: got end of sse data input
2025-02-19T20:36:47Z E! [] Requesting data of subscription 0 failed: got end of sse data input
2025-02-19T20:36:47Z E! [] Requesting data of subscription 0 failed: got end of sse data input
2025-02-19T20:36:47Z E! [] Requesting data of subscription 0 failed: got end of sse data input
2025-02-19T20:36:47Z E! [] Requesting data of subscription 0 failed: got end of sse data input
2025-02-19T20:36:47Z E! [] Requesting data of subscription 0 failed: got end of sse data input
2025-02-19T20:36:47Z E! [] Requesting data of subscription 0 failed: got end of sse data input
2025-02-19T20:36:47Z E! [] Requesting data of subscription 0 failed: got end of sse data input
2025-02-19T20:36:47Z E! [] Requesting data of subscription 0 failed: got end of sse data input
2025-02-19T20:36:47Z E! [] Requesting data of subscription 0 failed: got end of sse data input
2025-02-19T20:36:47Z E! [] Requesting data of subscription 0 failed: got end of sse data input
2025-02-19T20:36:47Z E! [] Requesting data of subscription 0 failed: got end of sse data input
2025-02-19T20:36:47Z E! [] Requesting data of subscription 0 failed: got end of sse data input
2025-02-19T20:36:47Z E! [] Requesting data of subscription 0 failed: got end of sse data input
2025-02-19T20:36:47Z E! [] Requesting data of subscription 0 failed: got end of sse data input
2025-02-19T20:36:47Z E! [] Requesting data of subscription 0 failed: got end of sse data input
2025-02-19T20:36:47Z E! [] Requesting data of subscription 0 failed: got end of sse data input
2025-02-19T20:36:47Z E! [] Requesting data of subscription 0 failed: got end of sse data input
2025-02-19T20:36:47Z E! [] Requesting data of subscription 0 failed: got end of sse data input
2025-02-19T20:36:47Z E! [] Requesting data of subscription 0 failed: got end of sse data input
2025-02-19T20:36:47Z E! [] Requesting data of subscription 0 failed: got end of sse data input
2025-02-19T20:36:47Z E! [] Requesting data of subscription 0 failed: got end of sse data input
2025-02-19T20:36:47Z E! [] Requesting data of subscription 0 failed: got end of sse data input
2025-02-19T20:36:47Z E! [] Requesting data of subscription 0 failed: got end of sse data input
2025-02-19T20:36:47Z E! [] Requesting data of subscription 0 failed: got end of sse data input
2025-02-19T20:36:47Z E! [] Requesting data of subscription 0 failed: got end of sse data input
2025-02-19T20:36:47Z E! [] Requesting data of subscription 0 failed: got end of sse data input
2025-02-19T20:36:47Z E! [] Requesting data of subscription 0 failed: got end of sse data input
2025-02-19T20:36:47Z E! [] Requesting data of subscription 0 failed: got end of sse data input
2025-02-19T20:36:47Z E! [] Requesting data of subscription 0 failed: got end of sse data input
2025-02-19T20:36:47Z E! [] Requesting data of subscription 0 failed: got end of sse data input
2025-02-19T20:36:47Z E! [] Requesting data of subscription 0 failed: got end of sse data input
2025-02-19T20:36:47Z E! [] Requesting data of subscription 0 failed: got end of sse data input
2025-02-19T20:36:47Z E! [] Requesting data of subscription 0 failed: got end of sse data input
2025-02-19T20:36:47Z E! [] Requesting data of subscription 0 failed: got end of sse data input
2025-02-19T20:36:47Z E! [] Requesting data of subscription 0 failed: got end of sse data input
2025-02-19T20:36:47Z E! [] Requesting data of subscription 0 failed: got end of sse data input
2025-02-19T20:36:47Z E! [] Requesting data of subscription 0 failed: got end of sse data input
2025-02-19T20:36:47Z E! [] Requesting data of subscription 0 failed: got end of sse data input
2025-02-19T20:36:47Z E! [] Requesting data of subscription 0 failed: got end of sse data input
2025-02-19T20:36:47Z E! [] Requesting data of subscription 0 failed: got end of sse data input
2025-02-19T20:36:47Z E! [] Requesting data of subscription 0 failed: got end of sse data input
2025-02-19T20:36:47Z E! [] Requesting data of subscription 0 failed: got end of sse data input
2025-02-19T20:36:47Z E! [] Requesting data of subscription 0 failed: got end of sse data input
2025-02-19T20:36:47Z E! [] Requesting data of subscription 0 failed: got end of sse data input
2025-02-19T20:36:47Z E! [] Requesting data of subscription 0 failed: got end of sse data input
2025-02-19T20:36:47Z E! [] Requesting data of subscription 0 failed: got end of sse data input
2025-02-19T20:36:47Z E! [] Requesting data of subscription 0 failed: got end of sse data input
2025-02-19T20:36:47Z E! [] Requesting data of subscription 0 failed: got end of sse data input
2025-02-19T20:36:47Z E! [] Requesting data of subscription 0 failed: got end of sse data input
2025-02-19T20:36:47Z E! [] Requesting data of subscription 0 failed: got end of sse data input
2025-02-19T20:36:47Z E! [] Requesting data of subscription 0 failed: got end of sse data input
2025-02-19T20:36:47Z E! [] Requesting data of subscription 0 failed: got end of sse data input
2025-02-19T20:36:47Z E! [] Requesting data of subscription 0 failed: got end of sse data input
2025-02-19T20:36:47Z E! [] Requesting data of subscription 0 failed: got end of sse data input
2025-02-19T20:36:47Z E! [] Requesting data of subscription 0 failed: got end of sse data input
2025-02-19T20:36:47Z E! [] Requesting data of subscription 0 failed: got end of sse data input
2025-02-19T20:36:47Z E! [] Requesting data of subscription 0 failed: got end of sse data input
2025-02-19T20:36:47Z E! [] Requesting data of subscription 0 failed: got end of sse data input
2025-02-19T20:36:47Z E! [] Requesting data of subscription 0 failed: got end of sse data input
2025-02-19T20:36:47Z E! [] Requesting data of subscription 0 failed: got end of sse data input
2025-02-19T20:36:47Z E! [] Requesting data of subscription 0 failed: got end of sse data input
2025-02-19T20:36:47Z E! [] Requesting data of subscription 0 failed: got end of sse data input
2025-02-19T20:36:47Z E! [] Requesting data of subscription 0 failed: got end of sse data input
2025-02-19T20:36:47Z E! [] Requesting data of subscription 0 failed: got end of sse data input
2025-02-19T20:36:47Z E! [] Requesting data of subscription 0 failed: got end of sse data input
2025-02-19T20:36:47Z E! [] Requesting data of subscription 0 failed: got end of sse data input
2025-02-19T20:36:47Z E! [] Requesting data of subscription 0 failed: got end of sse data input
2025-02-19T20:36:47Z E! [] Requesting data of subscription 0 failed: got end of sse data input
2025-02-19T20:36:47Z E! [] Requesting data of subscription 0 failed: got end of sse data input
2025-02-19T20:36:47Z E! [] Requesting data of subscription 0 failed: got end of sse data input
2025-02-19T20:36:47Z E! [] Requesting data of subscription 0 failed: got end of sse data input
2025-02-19T20:36:47Z E! [] Requesting data of subscription 0 failed: got end of sse data input
2025-02-19T20:36:47Z E! [] Requesting data of subscription 0 failed: got end of sse data input
2025-02-19T20:36:47Z E! [] Requesting data of subscription 0 failed: got end of sse data input
2025-02-19T20:36:47Z E! [] Requesting data of subscription 0 failed: got end of sse data input
2025-02-19T20:36:47Z E! [] Requesting data of subscription 0 failed: got end of sse data input
2025-02-19T20:36:47Z E! [] Requesting data of subscription 0 failed: got end of sse data input
2025-02-19T20:36:47Z E! [] Requesting data of subscription 0 failed: got end of sse data input
2025-02-19T20:36:47Z E! [] Requesting data of subscription 0 failed: got end of sse data input
2025-02-19T20:36:47Z E! [] Requesting data of subscription 0 failed: got end of sse data input
2025-02-19T20:36:47Z E! [] Requesting data of subscription 0 failed: got end of sse data input
2025-02-19T20:36:47Z E! [] Requesting data of subscription 0 failed: got end of sse data input
2025-02-19T20:36:47Z E! [] Requesting data of subscription 0 failed: got end of sse data input
2025-02-19T20:36:47Z E! [] Requesting data of subscription 0 failed: got end of sse data input
2025-02-19T20:36:47Z E! [] Requesting data of subscription 0 failed: got end of sse data input
2025-02-19T20:36:47Z E! [] Requesting data of subscription 0 failed: got end of sse data input
2025-02-19T20:36:47Z E! [] Requesting data of subscription 0 failed: got end of sse data input
2025-02-19T20:36:47Z E! [] Requesting data of subscription 0 failed: got end of sse data input
2025-02-19T20:36:47Z E! [] Requesting data of subscription 0 failed: got end of sse data input
2025-02-19T20:36:47Z E! [] Requesting data of subscription 0 failed: got end of sse data input
2025-02-19T20:36:47Z E! [] Requesting data of subscription 0 failed: got end of sse data input
2025-02-19T20:36:47Z E! [] Requesting data of subscription 0 failed: got end of sse data input
2025-02-19T20:36:47Z E! [] Requesting data of subscription 0 failed: got end of sse data input
2025-02-19T20:36:47Z E! [] Requesting data of subscription 0 failed: got end of sse data input
2025-02-19T20:36:47Z E! [] Requesting data of subscription 0 failed: got end of sse data input
2025-02-19T20:36:47Z E! [] Requesting data of subscription 0 failed: got end of sse data input
2025-02-19T20:36:47Z E! [] Requesting data of subscription 0 failed: got end of sse data input
2025-02-19T20:36:47Z E! [] Requesting data of subscription 0 failed: got end of sse data input
2025-02-19T20:36:47Z E! [] Requesting data of subscription 0 failed: got end of sse data input
2025-02-19T20:36:47Z E! [] Requesting data of subscription 0 failed: got end of sse data input
2025-02-19T20:36:47Z E! [] Requesting data of subscription 0 failed: got end of sse data input
2025-02-19T20:36:47Z E! [] Requesting data of subscription 0 failed: got end of sse data input
2025-02-19T20:36:47Z E! [] Requesting data of subscription 0 failed: got end of sse data input
2025-02-19T20:36:47Z E! [] Requesting data of subscription 0 failed: got end of sse data input
2025-02-19T20:36:47Z E! [] Requesting data of subscription 0 failed: got end of sse data input
2025-02-19T20:36:47Z E! [] Requesting data of subscription 0 failed: got end of sse data input
2025-02-19T20:36:47Z E! [] Requesting data of subscription 0 failed: got end of sse data input
2025-02-19T20:36:47Z E! [] Requesting data of subscription 0 failed: got end of sse data input
2025-02-19T20:36:47Z E! [] Requesting data of subscription 0 failed: got end of sse data input
2025-02-19T20:36:47Z E! [] Requesting data of subscription 0 failed: got end of sse data input
2025-02-19T20:36:47Z E! [] Requesting data of subscription 0 failed: got end of sse data input
2025-02-19T20:36:47Z E! [] Requesting data of subscription 0 failed: got end of sse data input
2025-02-19T20:36:47Z E! [] Requesting data of subscription 0 failed: got end of sse data input
2025-02-19T20:36:47Z E! [] Requesting data of subscription 0 failed: got end of sse data input
2025-02-19T20:36:47Z E! [] Requesting data of subscription 0 failed: got end of sse data input
2025-02-19T20:36:47Z E! [] Requesting data of subscription 0 failed: got end of sse data input
2025-02-19T20:36:47Z E! [] Requesting data of subscription 0 failed: got end of sse data input
2025-02-19T20:36:47Z E! [] Requesting data of subscription 0 failed: got end of sse data input
2025-02-19T20:36:47Z E! [] Requesting data of subscription 0 failed: got end of sse data input
2025-02-19T20:36:47Z E! [] Requesting data of subscription 0 failed: got end of sse data input
2025-02-19T20:36:47Z E! [] Requesting data of subscription 0 failed: got end of sse data input
2025-02-19T20:36:47Z E! [] Requesting data of subscription 0 failed: got end of sse data input
2025-02-19T20:36:47Z E! [] Requesting data of subscription 0 failed: got end of sse data input
2025-02-19T20:36:47Z E! [] Requesting data of subscription 0 failed: got end of sse data input
2025-02-19T20:36:47Z E! [] Requesting data of subscription 0 failed: got end of sse data input
2025-02-19T20:36:47Z E! [] Requesting data of subscription 0 failed: got end of sse data input
2025-02-19T20:36:47Z E! [] Requesting data of subscription 0 failed: got end of sse data input
2025-02-19T20:36:47Z E! [] Requesting data of subscription 0 failed: got end of sse data input
2025-02-19T20:36:47Z E! [] Requesting data of subscription 0 failed: got end of sse data input
2025-02-19T20:36:47Z E! [] Requesting data of subscription 0 failed: got end of sse data input
2025-02-19T20:36:47Z E! [] Requesting data of subscription 0 failed: got end of sse data input
2025-02-19T20:36:47Z E! [] Requesting data of subscription 0 failed: got end of sse data input
2025-02-19T20:36:47Z E! [] Requesting data of subscription 0 failed: got end of sse data input
2025-02-19T20:36:47Z E! [] Requesting data of subscription 0 failed: got end of sse data input
2025-02-19T20:36:47Z E! [] Requesting data of subscription 0 failed: got end of sse data input
2025-02-19T20:36:47Z E! [] Requesting data of subscription 0 failed: got end of sse data input
2025-02-19T20:36:47Z E! [] Requesting data of subscription 0 failed: got end of sse data input
2025-02-19T20:36:47Z E! [] Requesting data of subscription 0 failed: got end of sse data input
2025-02-19T20:36:47Z E! [] Requesting data of subscription 0 failed: got end of sse data input
2025-02-19T20:36:47Z E! [] Requesting data of subscription 0 failed: got end of sse data input
2025-02-19T20:36:47Z E! [] Requesting data of subscription 0 failed: got end of sse data input
2025-02-19T20:36:47Z E! [] Requesting data of subscription 0 failed: got end of sse data input
2025-02-19T20:36:47Z E! [] Requesting data of subscription 0 failed: got end of sse data input
2025-02-19T20:36:47Z E! [] Requesting data of subscription 0 failed: got end of sse data input
2025-02-19T20:36:47Z E! [] Requesting data of subscription 0 failed: got end of sse data input
2025-02-19T20:36:47Z E! [] Requesting data of subscription 0 failed: got end of sse data input
2025-02-19T20:36:47Z E! [] Requesting data of subscription 0 failed: got end of sse data input
2025-02-19T20:36:47Z E! [] Requesting data of subscription 0 failed: got end of sse data input
2025-02-19T20:36:47Z E! [] Requesting data of subscription 0 failed: got end of sse data input
2025-02-19T20:36:47Z E! [] Requesting data of subscription 0 failed: got end of sse data input
2025-02-19T20:36:47Z E! [] Requesting data of subscription 0 failed: got end of sse data input
2025-02-19T20:36:47Z E! [] Requesting data of subscription 0 failed: got end of sse data input
2025-02-19T20:36:47Z E! [] Requesting data of subscription 0 failed: got end of sse data input
2025-02-19T20:36:47Z E! [] Requesting data of subscription 0 failed: got end of sse data input
2025-02-19T20:36:47Z E! [] Requesting data of subscription 0 failed: got end of sse data input
2025-02-19T20:36:47Z E! [] Requesting data of subscription 0 failed: got end of sse data input
2025-02-19T20:36:47Z E! [] Requesting data of subscription 0 failed: got end of sse data input
2025-02-19T20:36:47Z E! [] Requesting data of subscription 0 failed: got end of sse data input
2025-02-19T20:36:47Z E! [] Requesting data of subscription 0 failed: got end of sse data input
2025-02-19T20:36:47Z E! [] Requesting data of subscription 0 failed: got end of sse data input
2025-02-19T20:36:47Z E! [] Requesting data of subscription 0 failed: got end of sse data input
2025-02-19T20:36:47Z E! [] Requesting data of subscription 0 failed: got end of sse data input
2025-02-19T20:36:47Z E! [] Requesting data of subscription 0 failed: got end of sse data input
2025-02-19T20:36:47Z E! [] Requesting data of subscription 0 failed: got end of sse data input
2025-02-19T20:36:47Z E! [] Requesting data of subscription 0 failed: got end of sse data input
2025-02-19T20:36:47Z E! [] Requesting data of subscription 0 failed: got end of sse data input
2025-02-19T20:36:47Z E! [] Requesting data of subscription 0 failed: got end of sse data input
2025-02-19T20:36:47Z E! [] Requesting data of subscription 0 failed: got end of sse data input
2025-02-19T20:36:47Z E! [] Requesting data of subscription 0 failed: got end of sse data input
2025-02-19T20:36:47Z E! [] Requesting data of subscription 0 failed: got end of sse data input
2025-02-19T20:36:47Z E! [] Requesting data of subscription 0 failed: got end of sse data input
2025-02-19T20:36:47Z E! [] Requesting data of subscription 0 failed: got end of sse data input
2025-02-19T20:36:47Z E! [] Requesting data of subscription 0 failed: got end of sse data input
2025-02-19T20:36:47Z E! [] Requesting data of subscription 0 failed: got end of sse data input
2025-02-19T20:36:47Z E! [] Requesting data of subscription 0 failed: got end of sse data input
2025-02-19T20:36:47Z E! [] Requesting data of subscription 0 failed: got end of sse data input
2025-02-19T20:36:47Z E! [] Requesting data of subscription 0 failed: got end of sse data input
2025-02-19T20:36:47Z E! [] Requesting data of subscription 0 failed: got end of sse data input
2025-02-19T20:36:47Z E! [] Requesting data of subscription 0 failed: got end of sse data input
2025-02-19T20:36:47Z E! [] Requesting data of subscription 0 failed: got end of sse data input
2025-02-19T20:36:47Z E! [] Requesting data of subscription 0 failed: got end of sse data input
2025-02-19T20:36:47Z E! [] Requesting data of subscription 0 failed: got end of sse data input
2025-02-19T20:36:47Z E! [] Requesting data of subscription 0 failed: got end of sse data input
2025-02-19T20:36:47Z E! [] Requesting data of subscription 0 failed: got end of sse data input
2025-02-19T20:36:47Z E! [] Requesting data of subscription 0 failed: got end of sse data input
2025-02-19T20:36:47Z E! [] Requesting data of subscription 0 failed: got end of sse data input
2025-02-19T20:36:47Z E! [] Requesting data of subscription 0 failed: got end of sse data input
2025-02-19T20:36:47Z E! [] Requesting data of subscription 0 failed: got end of sse data input
2025-02-19T20:36:47Z E! [] Requesting data of subscription 0 failed: got end of sse data input
2025-02-19T20:36:47Z E! [] Requesting data of subscription 0 failed: got end of sse data input
2025-02-19T20:36:47Z E! [] Requesting data of subscription 0 failed: got end of sse data input
2025-02-19T20:36:47Z E! [] Requesting data of subscription 0 failed: got end of sse data input
2025-02-19T20:36:47Z E! [] Requesting data of subscription 0 failed: got end of sse data input
2025-02-19T20:36:47Z E! [] Requesting data of subscription 0 failed: got end of sse data input
2025-02-19T20:36:47Z E! [] Requesting data of subscription 0 failed: got end of sse data input
2025-02-19T20:36:47Z E! [] Requesting data of subscription 0 failed: got end of sse data input
2025-02-19T20:36:47Z E! [] Requesting data of subscription 0 failed: got end of sse data input
2025-02-19T20:36:47Z E! [] Requesting data of subscription 0 failed: got end of sse data input
2025-02-19T20:36:47Z E! [] Requesting data of subscription 0 failed: got end of sse data input
2025-02-19T20:36:47Z E! [] Requesting data of subscription 0 failed: got end of sse data input
2025-02-19T20:36:47Z E! [] Requesting data of subscription 0 failed: got end of sse data input
2025-02-19T20:36:47Z E! [] Requesting data of subscription 0 failed: got end of sse data input
2025-02-19T20:36:47Z E! [] Requesting data of subscription 0 failed: got end of sse data input
2025-02-19T20:36:47Z E! [] Requesting data of subscription 0 failed: got end of sse data input
2025-02-19T20:36:47Z E! [] Requesting data of subscription 0 failed: got end of sse data input
2025-02-19T20:36:47Z E! [] Requesting data of subscription 0 failed: got end of sse data input
2025-02-19T20:36:47Z E! [] Requesting data of subscription 0 failed: got end of sse data input
2025-02-19T20:36:47Z E! [] Requesting data of subscription 0 failed: got end of sse data input
2025-02-19T20:36:47Z E! [] Requesting data of subscription 0 failed: got end of sse data input
2025-02-19T20:36:47Z E! [] Requesting data of subscription 0 failed: got end of sse data input
2025-02-19T20:36:47Z E! [] Requesting data of subscription 0 failed: got end of sse data input
2025-02-19T20:36:47Z E! [] Requesting data of subscription 0 failed: got end of sse data input
2025-02-19T20:36:47Z E! [] Requesting data of subscription 0 failed: got end of sse data input
2025-02-19T20:36:47Z E! [] Requesting data of subscription 0 failed: got end of sse data input
2025-02-19T20:36:47Z E! [] Requesting data of subscription 0 failed: got end of sse data input
2025-02-19T20:36:47Z E! [] Requesting data of subscription 0 failed: got end of sse data input
2025-02-19T20:36:47Z E! [] Requesting data of subscription 0 failed: got end of sse data input
2025-02-19T20:36:47Z E! [] Requesting data of subscription 0 failed: got end of sse data input
2025-02-19T20:36:47Z E! [] Requesting data of subscription 0 failed: got end of sse data input
2025-02-19T20:36:47Z E! [] Requesting data of subscription 0 failed: got end of sse data input
2025-02-19T20:36:47Z E! [] Requesting data of subscription 0 failed: got end of sse data input
2025-02-19T20:36:47Z E! [] Requesting data of subscription 0 failed: got end of sse data input
2025-02-19T20:36:47Z E! [] Requesting data of subscription 0 failed: got end of sse data input
2025-02-19T20:36:47Z E! [] Requesting data of subscription 0 failed: got end of sse data input
2025-02-19T20:36:47Z E! [] Requesting data of subscription 0 failed: got end of sse data input
2025-02-19T20:36:47Z E! [] Requesting data of subscription 0 failed: got end of sse data input
2025-02-19T20:36:47Z E! [] Requesting data of subscription 0 failed: got end of sse data input
2025-02-19T20:36:47Z E! [] Requesting data of subscription 0 failed: got end of sse data input
2025-02-19T20:36:47Z E! [] Requesting data of subscription 0 failed: got end of sse data input
2025-02-19T20:36:47Z E! [] Requesting data of subscription 0 failed: got end of sse data input
2025-02-19T20:36:47Z E! [] Requesting data of subscription 0 failed: got end of sse data input
2025-02-19T20:36:47Z E! [] Requesting data of subscription 0 failed: got end of sse data input
2025-02-19T20:36:47Z E! [] Requesting data of subscription 0 failed: got end of sse data input
2025-02-19T20:36:47Z E! [] Requesting data of subscription 0 failed: got end of sse data input
2025-02-19T20:36:47Z E! [] Requesting data of subscription 0 failed: got end of sse data input
2025-02-19T20:36:47Z E! [] Requesting data of subscription 0 failed: got end of sse data input
2025-02-19T20:36:47Z E! [] Requesting data of subscription 0 failed: got end of sse data input
2025-02-19T20:36:47Z E! [] Requesting data of subscription 0 failed: got end of sse data input
2025-02-19T20:36:47Z E! [] Requesting data of subscription 0 failed: got end of sse data input
2025-02-19T20:36:47Z E! [] Requesting data of subscription 0 failed: got end of sse data input
2025-02-19T20:36:47Z E! [] Requesting data of subscription 0 failed: got end of sse data input
2025-02-19T20:36:47Z E! [] Requesting data of subscription 0 failed: got end of sse data input
2025-02-19T20:36:47Z E! [] Requesting data of subscription 0 failed: got end of sse data input
2025-02-19T20:36:47Z E! [] Requesting data of subscription 0 failed: got end of sse data input
2025-02-19T20:36:47Z E! [] Requesting data of subscription 0 failed: got end of sse data input
2025-02-19T20:36:47Z E! [] Requesting data of subscription 0 failed: got end of sse data input
2025-02-19T20:36:47Z E! [] Requesting data of subscription 0 failed: got end of sse data input
2025-02-19T20:36:47Z E! [] Requesting data of subscription 0 failed: got end of sse data input
2025-02-19T20:36:47Z E! [] Requesting data of subscription 0 failed: got end of sse data input
2025-02-19T20:36:47Z E! [] Requesting data of subscription 0 failed: got end of sse data input
2025-02-19T20:36:47Z E! [] Requesting data of subscription 0 failed: got end of sse data input
2025-02-19T20:36:47Z E! [] Requesting data of subscription 0 failed: got end of sse data input
2025-02-19T20:36:47Z E! [] Requesting data of subscription 0 failed: got end of sse data input
2025-02-19T20:36:47Z E! [] Requesting data of subscription 0 failed: got end of sse data input
2025-02-19T20:36:47Z E! [] Requesting data of subscription 0 failed: got end of sse data input
2025-02-19T20:36:47Z E! [] Requesting data of subscription 0 failed: got end of sse data input
2025-02-19T20:36:47Z E! [] Requesting data of subscription 0 failed: got end of sse data input
2025-02-19T20:36:47Z E! [] Requesting data of subscription 0 failed: got end of sse data input
2025-02-19T20:36:47Z E! [] Requesting data of subscription 0 failed: got end of sse data input
2025-02-19T20:36:47Z E! [] Requesting data of subscription 0 failed: got end of sse data input
2025-02-19T20:36:47Z E! [] Requesting data of subscription 0 failed: got end of sse data input
2025-02-19T20:36:47Z E! [] Requesting data of subscription 0 failed: got end of sse data input
2025-02-19T20:36:47Z E! [] Requesting data of subscription 0 failed: got end of sse data input
2025-02-19T20:36:47Z E! [] Requesting data of subscription 0 failed: got end of sse data input
2025-02-19T20:36:47Z E! [] Requesting data of subscription 0 failed: got end of sse data input
2025-02-19T20:36:47Z E! [] Requesting data of subscription 0 failed: got end of sse data input
2025-02-19T20:36:47Z E! [] Requesting data of subscription 0 failed: got end of sse data input
2025-02-19T20:36:47Z E! [] Requesting data of subscription 0 failed: got end of sse data input
2025-02-19T20:36:47Z E! [] Requesting data of subscription 0 failed: got end of sse data input
2025-02-19T20:36:47Z E! [] Requesting data of subscription 0 failed: got end of sse data input
2025-02-19T20:36:47Z E! [] Requesting data of subscription 0 failed: got end of sse data input
2025-02-19T20:36:47Z E! [] Requesting data of subscription 0 failed: got end of sse data input
2025-02-19T20:36:47Z E! [] Requesting data of subscription 0 failed: got end of sse data input
2025-02-19T20:36:47Z E! [] Requesting data of subscription 0 failed: got end of sse data input
2025-02-19T20:36:47Z E! [] Requesting data of subscription 0 failed: got end of sse data input
2025-02-19T20:36:47Z E! [] Requesting data of subscription 0 failed: got end of sse data input
2025-02-19T20:36:47Z E! [] Requesting data of subscription 0 failed: got end of sse data input
2025-02-19T20:36:47Z E! [] Requesting data of subscription 0 failed: got end of sse data input
2025-02-19T20:36:47Z E! [] Requesting data of subscription 0 failed: got end of sse data input
2025-02-19T20:36:47Z E! [] Requesting data of subscription 0 failed: got end of sse data input
2025-02-19T20:36:47Z E! [] Requesting data of subscription 0 failed: got end of sse data input
2025-02-19T20:36:47Z E! [] Requesting data of subscription 0 failed: got end of sse data input
2025-02-19T20:36:47Z E! [] Requesting data of subscription 0 failed: got end of sse data input
2025-02-19T20:36:47Z E! [] Requesting data of subscription 0 failed: got end of sse data input
2025-02-19T20:36:47Z E! [] Requesting data of subscription 0 failed: got end of sse data input
2025-02-19T20:36:47Z E! [] Requesting data of subscription 0 failed: got end of sse data input
2025-02-19T20:36:47Z E! [] Requesting data of subscription 0 failed: got end of sse data input
2025-02-19T20:36:47Z E! [] Requesting data of subscription 0 failed: got end of sse data input
2025-02-19T20:36:47Z E! [] Requesting data of subscription 0 failed: got end of sse data input
2025-02-19T20:36:47Z E! [] Requesting data of subscription 0 failed: got end of sse data input
2025-02-19T20:36:47Z E! [] Requesting data of subscription 0 failed: got end of sse data input
2025-02-19T20:36:47Z E! [] Requesting data of subscription 0 failed: got end of sse data input
2025-02-19T20:36:47Z E! [] Requesting data of subscription 0 failed: got end of sse data input
2025-02-19T20:36:47Z E! [] Requesting data of subscription 0 failed: got end of sse data input
2025-02-19T20:36:47Z E! [] Requesting data of subscription 0 failed: got end of sse data input
2025-02-19T20:36:47Z E! [] Requesting data of subscription 0 failed: got end of sse data input
2025-02-19T20:36:47Z E! [] Requesting data of subscription 0 failed: got end of sse data input
2025-02-19T20:36:47Z E! [] Requesting data of subscription 0 failed: got end of sse data input
2025-02-19T20:36:47Z E! [] Requesting data of subscription 0 failed: got end of sse data input
2025-02-19T20:36:47Z E! [] Requesting data of subscription 0 failed: got end of sse data input
2025-02-19T20:36:47Z E! [] Requesting data of subscription 0 failed: got end of sse data input
2025-02-19T20:36:47Z E! [] Requesting data of subscription 0 failed: got end of sse data input
2025-02-19T20:36:47Z E! [] Requesting data of subscription 0 failed: got end of sse data input
2025-02-19T20:36:47Z E! [] Requesting data of subscription 0 failed: got end of sse data input
2025-02-19T20:36:47Z E! [] Requesting data of subscription 0 failed: got end of sse data input
2025-02-19T20:36:47Z E! [] Requesting data of subscription 0 failed: got end of sse data input
2025-02-19T20:36:47Z E! [] Requesting data of subscription 0 failed: got end of sse data input
2025-02-19T20:36:47Z E! [] Requesting data of subscription 0 failed: got end of sse data input
2025-02-19T20:36:47Z E! [] Requesting data of subscription 0 failed: got end of sse data input
2025-02-19T20:36:47Z E! [] Requesting data of subscription 0 failed: got end of sse data input
2025-02-19T20:36:47Z E! [] Requesting data of subscription 0 failed: got end of sse data input
2025-02-19T20:36:47Z E! [] Requesting data of subscription 0 failed: got end of sse data input
2025-02-19T20:36:47Z E! [] Requesting data of subscription 0 failed: got end of sse data input
2025-02-19T20:36:47Z E! [] Requesting data of subscription 0 failed: got end of sse data input
2025-02-19T20:36:47Z E! [] Requesting data of subscription 0 failed: got end of sse data input
2025-02-19T20:36:47Z E! [] Requesting data of subscription 0 failed: got end of sse data input
2025-02-19T20:36:47Z E! [] Requesting data of subscription 0 failed: got end of sse data input
2025-02-19T20:36:47Z E! [] Requesting data of subscription 0 failed: got end of sse data input
2025-02-19T20:36:47Z E! [] Requesting data of subscription 0 failed: got end of sse data input
2025-02-19T20:36:47Z E! [] Requesting data of subscription 0 failed: got end of sse data input
2025-02-19T20:36:47Z E! [] Requesting data of subscription 0 failed: got end of sse data input
2025-02-19T20:36:47Z E! [] Requesting data of subscription 0 failed: got end of sse data input
2025-02-19T20:36:47Z E! [] Requesting data of subscription 0 failed: got end of sse data input
2025-02-19T20:36:47Z E! [] Requesting data of subscription 0 failed: got end of sse data input
2025-02-19T20:36:47Z E! [] Requesting data of subscription 0 failed: got end of sse data input
2025-02-19T20:36:47Z E! [] Requesting data of subscription 0 failed: got end of sse data input
2025-02-19T20:36:47Z E! [] Requesting data of subscription 0 failed: got end of sse data input
2025-02-19T20:36:47Z E! [] Requesting data of subscription 0 failed: got end of sse data input
2025-02-19T20:36:47Z E! [] Requesting data of subscription 0 failed: got end of sse data input
2025-02-19T20:36:47Z E! [] Requesting data of subscription 0 failed: got end of sse data input
2025-02-19T20:36:47Z E! [] Requesting data of subscription 0 failed: got end of sse data input
2025-02-19T20:36:47Z E! [] Requesting data of subscription 0 failed: got end of sse data input
2025-02-19T20:36:47Z E! [] Requesting data of subscription 0 failed: got end of sse data input
2025-02-19T20:36:47Z E! [] Requesting data of subscription 0 failed: got end of sse data input
2025-02-19T20:36:47Z E! [] Requesting data of subscription 0 failed: got end of sse data input
2025-02-19T20:36:47Z E! [] Requesting data of subscription 0 failed: got end of sse data input
2025-02-19T20:36:47Z E! [] Requesting data of subscription 0 failed: got end of sse data input
2025-02-19T20:36:47Z E! [] Requesting data of subscription 0 failed: got end of sse data input
2025-02-19T20:36:47Z E! [] Requesting data of subscription 0 failed: got end of sse data input
2025-02-19T20:36:47Z E! [] Requesting data of subscription 0 failed: got end of sse data input
2025-02-19T20:36:47Z E! [] Requesting data of subscription 0 failed: got end of sse data input
2025-02-19T20:36:47Z E! [] Requesting data of subscription 0 failed: got end of sse data input
2025-02-19T20:36:47Z E! [] Requesting data of subscription 0 failed: got end of sse data input
2025-02-19T20:36:47Z E! [] Requesting data of subscription 0 failed: got end of sse data input
2025-02-19T20:36:47Z E! [] Requesting data of subscription 0 failed: got end of sse data input
2025-02-19T20:36:47Z E! [] Requesting data of subscription 0 failed: got end of sse data input
2025-02-19T20:36:47Z E! [] Requesting data of subscription 0 failed: got end of sse data input
2025-02-19T20:36:47Z E! [] Requesting data of subscription 0 failed: got end of sse data input
2025-02-19T20:36:47Z E! [] Requesting data of subscription 0 failed: got end of sse data input
2025-02-19T20:36:47Z E! [] Requesting data of subscription 0 failed: got end of sse data input
2025-02-19T20:36:47Z E! [] Requesting data of subscription 0 failed: got end of sse data input
2025-02-19T20:36:47Z E! [] Requesting data of subscription 0 failed: got end of sse data input
2025-02-19T20:36:47Z E! [] Requesting data of subscription 0 failed: got end of sse data input
2025-02-19T20:36:47Z E! [] Requesting data of subscription 0 failed: got end of sse data input
2025-02-19T20:36:47Z E! [] Requesting data of subscription 0 failed: got end of sse data input
2025-02-19T20:36:47Z E! [] Requesting data of subscription 0 failed: got end of sse data input
2025-02-19T20:36:47Z E! [] Requesting data of subscription 0 failed: got end of sse data input
2025-02-19T20:36:47Z E! [] Requesting data of subscription 0 failed: got end of sse data input
2025-02-19T20:36:47Z E! [] Requesting data of subscription 0 failed: got end of sse data input
2025-02-19T20:36:47Z E! [] Requesting data of subscription 0 failed: got end of sse data input
2025-02-19T20:36:47Z E! [] Requesting data of subscription 0 failed: got end of sse data input
2025-02-19T20:36:47Z E! [] Requesting data of subscription 0 failed: got end of sse data input
2025-02-19T20:36:47Z E! [] Requesting data of subscription 0 failed: got end of sse data input
2025-02-19T20:36:47Z E! [] Requesting data of subscription 0 failed: got end of sse data input
2025-02-19T20:36:47Z E! [] Requesting data of subscription 0 failed: got end of sse data input
2025-02-19T20:36:47Z E! [] Requesting data of subscription 0 failed: got end of sse data input
2025-02-19T20:36:47Z E! [] Requesting data of subscription 0 failed: got end of sse data input
2025-02-19T20:36:47Z E! [] Requesting data of subscription 0 failed: got end of sse data input
2025-02-19T20:36:47Z E! [] Requesting data of subscription 0 failed: got end of sse data input
2025-02-19T20:36:47Z E! [] Requesting data of subscription 0 failed: got end of sse data input
2025-02-19T20:36:47Z E! [] Requesting data of subscription 0 failed: got end of sse data input
2025-02-19T20:36:47Z E! [] Requesting data of subscription 0 failed: got end of sse data input
2025-02-19T20:36:47Z E! [] Requesting data of subscription 0 failed: got end of sse data input
2025-02-19T20:36:47Z E! [] Requesting data of subscription 0 failed: got end of sse data input
2025-02-19T20:36:47Z E! [] Requesting data of subscription 0 failed: got end of sse data input
2025-02-19T20:36:47Z E! [] Requesting data of subscription 0 failed: got end of sse data input
2025-02-19T20:36:47Z E! [] Requesting data of subscription 0 failed: got end of sse data input
2025-02-19T20:36:47Z E! [] Requesting data of subscription 0 failed: got end of sse data input
2025-02-19T20:36:47Z E! [] Requesting data of subscription 0 failed: got end of sse data input
2025-02-19T20:36:47Z E! [] Requesting data of subscription 0 failed: got end of sse data input
2025-02-19T20:36:47Z E! [] Requesting data of subscription 0 failed: got end of sse data input
2025-02-19T20:36:47Z E! [] Requesting data of subscription 0 failed: got end of sse data input
2025-02-19T20:36:47Z E! [] Requesting data of subscription 0 failed: got end of sse data input
2025-02-19T20:36:47Z E! [] Requesting data of subscription 0 failed: got end of sse data input
2025-02-19T20:36:47Z E! [] Requesting data of subscription 0 failed: got end of sse data input
2025-02-19T20:36:47Z E! [] Requesting data of subscription 0 failed: got end of sse data input
2025-02-19T20:36:47Z E! [] Requesting data of subscription 0 failed: got end of sse data input
2025-02-19T20:36:47Z E! [] Requesting data of subscription 0 failed: got end of sse data input
2025-02-19T20:36:47Z E! [] Requesting data of subscription 0 failed: got end of sse data input
2025-02-19T20:36:47Z E! [] Requesting data of subscription 0 failed: got end of sse data input
2025-02-19T20:36:47Z E! [] Requesting data of subscription 0 failed: got end of sse data input
2025-02-19T20:36:47Z E! [] Requesting data of subscription 0 failed: got end of sse data input
2025-02-19T20:36:47Z E! [] Requesting data of subscription 0 failed: got end of sse data input
2025-02-19T20:36:47Z E! [] Requesting data of subscription 0 failed: got end of sse data input
2025-02-19T20:36:47Z E! [] Requesting data of subscription 0 failed: got end of sse data input
2025-02-19T20:36:47Z E! [] Requesting data of subscription 0 failed: got end of sse data input
2025-02-19T20:36:47Z E! [] Requesting data of subscription 0 failed: got end of sse data input
2025-02-19T20:36:47Z E! [] Requesting data of subscription 0 failed: got end of sse data input
2025-02-19T20:36:47Z E! [] Requesting data of subscription 0 failed: got end of sse data input
2025-02-19T20:36:47Z E! [] Requesting data of subscription 0 failed: got end of sse data input
2025-02-19T20:36:47Z E! [] Requesting data of subscription 0 failed: got end of sse data input
2025-02-19T20:36:47Z E! [] Requesting data of subscription 0 failed: got end of sse data input
2025-02-19T20:36:47Z E! [] Requesting data of subscription 0 failed: got end of sse data input
2025-02-19T20:36:47Z E! [] Requesting data of subscription 0 failed: got end of sse data input
2025-02-19T20:36:47Z E! [] Requesting data of subscription 0 failed: got end of sse data input
2025-02-19T20:36:47Z E! [] Requesting data of subscription 0 failed: got end of sse data input
2025-02-19T20:36:47Z E! [] Requesting data of subscription 0 failed: got end of sse data input
2025-02-19T20:36:47Z E! [] Requesting data of subscription 0 failed: got end of sse data input
2025-02-19T20:36:47Z E! [] Requesting data of subscription 0 failed: got end of sse data input
2025-02-19T20:36:47Z E! [] Requesting data of subscription 0 failed: got end of sse data input
2025-02-19T20:36:47Z E! [] Requesting data of subscription 0 failed: got end of sse data input
2025-02-19T20:36:47Z E! [] Requesting data of subscription 0 failed: got end of sse data input
2025-02-19T20:36:47Z E! [] Requesting data of subscription 0 failed: got end of sse data input
2025-02-19T20:36:47Z E! [] Requesting data of subscription 0 failed: got end of sse data input
2025-02-19T20:36:47Z E! [] Requesting data of subscription 0 failed: got end of sse data input
2025-02-19T20:36:47Z E! [] Requesting data of subscription 0 failed: got end of sse data input
2025-02-19T20:36:47Z E! [] Requesting data of subscription 0 failed: got end of sse data input
2025-02-19T20:36:47Z E! [] Requesting data of subscription 0 failed: got end of sse data input
2025-02-19T20:36:47Z E! [] Requesting data of subscription 0 failed: got end of sse data input
2025-02-19T20:36:47Z E! [] Requesting data of subscription 0 failed: got end of sse data input
2025-02-19T20:36:47Z E! [] Requesting data of subscription 0 failed: got end of sse data input
2025-02-19T20:36:47Z E! [] Requesting data of subscription 0 failed: got end of sse data input
2025-02-19T20:36:47Z E! [] Requesting data of subscription 0 failed: got end of sse data input
2025-02-19T20:36:47Z E! [] Requesting data of subscription 0 failed: got end of sse data input
2025-02-19T20:36:47Z E! [] Requesting data of subscription 0 failed: got end of sse data input
2025-02-19T20:36:47Z E! [] Requesting data of subscription 0 failed: got end of sse data input
2025-02-19T20:36:47Z E! [] Requesting data of subscription 0 failed: got end of sse data input
2025-02-19T20:36:47Z E! [] Requesting data of subscription 0 failed: got end of sse data input
2025-02-19T20:36:47Z E! [] Requesting data of subscription 0 failed: got end of sse data input
2025-02-19T20:36:47Z E! [] Requesting data of subscription 0 failed: got end of sse data input
2025-02-19T20:36:47Z E! [] Requesting data of subscription 0 failed: got end of sse data input
2025-02-19T20:36:47Z E! [] Requesting data of subscription 0 failed: got end of sse data input
2025-02-19T20:36:47Z E! [] Requesting data of subscription 0 failed: got end of sse data input
2025-02-19T20:36:47Z E! [] Requesting data of subscription 0 failed: got end of sse data input
2025-02-19T20:36:47Z E! [] Requesting data of subscription 0 failed: got end of sse data input
2025-02-19T20:36:47Z E! [] Requesting data of subscription 0 failed: got end of sse data input
2025-02-19T20:36:47Z E! [] Requesting data of subscription 0 failed: got end of sse data input
2025-02-19T20:36:47Z E! [] Requesting data of subscription 0 failed: got end of sse data input
2025-02-19T20:36:47Z E! [] Requesting data of subscription 0 failed: got end of sse data input
2025-02-19T20:36:47Z E! [] Requesting data of subscription 0 failed: got end of sse data input
2025-02-19T20:36:47Z E! [] Requesting data of subscription 0 failed: got end of sse data input
2025-02-19T20:36:47Z E! [] Requesting data of subscription 0 failed: got end of sse data input
2025-02-19T20:36:47Z E! [] Requesting data of subscription 0 failed: got end of sse data input
2025-02-19T20:36:47Z E! [] Requesting data of subscription 0 failed: got end of sse data input
2025-02-19T20:36:47Z E! [] Requesting data of subscription 0 failed: got end of sse data input
2025-02-19T20:36:47Z E! [] Requesting data of subscription 0 failed: got end of sse data input
2025-02-19T20:36:47Z E! [] Requesting data of subscription 0 failed: got end of sse data input
2025-02-19T20:36:47Z E! [] Requesting data of subscription 0 failed: got end of sse data input
2025-02-19T20:36:47Z E! [] Requesting data of subscription 0 failed: got end of sse data input
2025-02-19T20:36:47Z E! [] Requesting data of subscription 0 failed: got end of sse data input
2025-02-19T20:36:47Z E! [] Requesting data of subscription 0 failed: got end of sse data input
2025-02-19T20:36:47Z E! [] Requesting data of subscription 0 failed: got end of sse data input
2025-02-19T20:36:47Z E! [] Requesting data of subscription 0 failed: got end of sse data input
2025-02-19T20:36:47Z E! [] Requesting data of subscription 0 failed: got end of sse data input
2025-02-19T20:36:47Z E! [] Requesting data of subscription 0 failed: got end of sse data input
2025-02-19T20:36:47Z E! [] Requesting data of subscription 0 failed: got end of sse data input
2025-02-19T20:36:47Z E! [] Requesting data of subscription 0 failed: got end of sse data input
2025-02-19T20:36:47Z E! [] Requesting data of subscription 0 failed: got end of sse data input
2025-02-19T20:36:47Z E! [] Requesting data of subscription 0 failed: got end of sse data input
2025-02-19T20:36:47Z E! [] Requesting data of subscription 0 failed: got end of sse data input
2025-02-19T20:36:47Z E! [] Requesting data of subscription 0 failed: got end of sse data input
2025-02-19T20:36:47Z E! [] Requesting data of subscription 0 failed: got end of sse data input
2025-02-19T20:36:47Z E! [] Requesting data of subscription 0 failed: got end of sse data input
2025-02-19T20:36:47Z E! [] Requesting data of subscription 0 failed: got end of sse data input
2025-02-19T20:36:47Z E! [] Requesting data of subscription 0 failed: got end of sse data input
2025-02-19T20:36:47Z E! [] Requesting data of subscription 0 failed: got end of sse data input
2025-02-19T20:36:47Z E! [] Requesting data of subscription 0 failed: got end of sse data input
2025-02-19T20:36:47Z E! [] Requesting data of subscription 0 failed: got end of sse data input
2025-02-19T20:36:47Z E! [] Requesting data of subscription 0 failed: got end of sse data input
2025-02-19T20:36:47Z E! [] Requesting data of subscription 0 failed: got end of sse data input
2025-02-19T20:36:47Z E! [] Requesting data of subscription 0 failed: got end of sse data input
2025-02-19T20:36:47Z E! [] Requesting data of subscription 0 failed: got end of sse data input
2025-02-19T20:36:47Z E! [] Requesting data of subscription 0 failed: got end of sse data input
2025-02-19T20:36:47Z E! [] Requesting data of subscription 0 failed: got end of sse data input
2025-02-19T20:36:47Z E! [] Requesting data of subscription 0 failed: got end of sse data input
2025-02-19T20:36:47Z E! [] Requesting data of subscription 0 failed: got end of sse data input
2025-02-19T20:36:47Z E! [] Requesting data of subscription 0 failed: got end of sse data input
2025-02-19T20:36:47Z E! [] Requesting data of subscription 0 failed: got end of sse data input
2025-02-19T20:36:47Z E! [] Requesting data of subscription 0 failed: got end of sse data input
2025-02-19T20:36:47Z E! [] Requesting data of subscription 0 failed: got end of sse data input
2025-02-19T20:36:47Z E! [] Requesting data of subscription 0 failed: got end of sse data input
2025-02-19T20:36:47Z E! [] Requesting data of subscription 0 failed: got end of sse data input
2025-02-19T20:36:47Z E! [] Requesting data of subscription 0 failed: got end of sse data input
2025-02-19T20:36:47Z E! [] Requesting data of subscription 0 failed: got end of sse data input
2025-02-19T20:36:47Z E! [] Requesting data of subscription 0 failed: got end of sse data input
2025-02-19T20:36:47Z E! [] Requesting data of subscription 0 failed: got end of sse data input
2025-02-19T20:36:47Z E! [] Requesting data of subscription 0 failed: got end of sse data input
2025-02-19T20:36:47Z E! [] Requesting data of subscription 0 failed: got end of sse data input
2025-02-19T20:36:47Z E! [] Requesting data of subscription 0 failed: got end of sse data input
2025-02-19T20:36:47Z E! [] Requesting data of subscription 0 failed: got end of sse data input
2025-02-19T20:36:47Z E! [] Requesting data of subscription 0 failed: got end of sse data input
2025-02-19T20:36:47Z E! [] Requesting data of subscription 0 failed: got end of sse data input
2025-02-19T20:36:47Z E! [] Requesting data of subscription 0 failed: got end of sse data input
2025-02-19T20:36:47Z E! [] Requesting data of subscription 0 failed: got end of sse data input
2025-02-19T20:36:47Z E! [] Requesting data of subscription 0 failed: got end of sse data input
2025-02-19T20:36:47Z E! [] Requesting data of subscription 0 failed: got end of sse data input
2025-02-19T20:36:47Z E! [] Requesting data of subscription 0 failed: got end of sse data input
2025-02-19T20:36:47Z E! [] Requesting data of subscription 0 failed: got end of sse data input
2025-02-19T20:36:47Z E! [] Requesting data of subscription 0 failed: got end of sse data input
2025-02-19T20:36:47Z E! [] Requesting data of subscription 0 failed: got end of sse data input
2025-02-19T20:36:47Z E! [] Requesting data of subscription 0 failed: got end of sse data input
2025-02-19T20:36:47Z E! [] Requesting data of subscription 0 failed: got end of sse data input
2025-02-19T20:36:47Z E! [] Requesting data of subscription 0 failed: got end of sse data input
2025-02-19T20:36:47Z E! [] Requesting data of subscription 0 failed: got end of sse data input
2025-02-19T20:36:47Z E! [] Requesting data of subscription 0 failed: got end of sse data input
2025-02-19T20:36:47Z E! [] Requesting data of subscription 0 failed: got end of sse data input
2025-02-19T20:36:47Z E! [] Requesting data of subscription 0 failed: got end of sse data input
2025-02-19T20:36:47Z E! [] Requesting data of subscription 0 failed: got end of sse data input
2025-02-19T20:36:47Z E! [] Requesting data of subscription 0 failed: got end of sse data input
2025-02-19T20:36:47Z E! [] Requesting data of subscription 0 failed: got end of sse data input
2025-02-19T20:36:47Z E! [] Requesting data of subscription 0 failed: got end of sse data input
2025-02-19T20:36:47Z E! [] Requesting data of subscription 0 failed: got end of sse data input
2025-02-19T20:36:47Z E! [] Requesting data of subscription 0 failed: got end of sse data input
2025-02-19T20:36:47Z E! [] Requesting data of subscription 0 failed: got end of sse data input
2025-02-19T20:36:47Z E! [] Requesting data of subscription 0 failed: got end of sse data input
2025-02-19T20:36:47Z E! [] Requesting data of subscription 0 failed: got end of sse data input
2025-02-19T20:36:47Z E! [] Requesting data of subscription 0 failed: got end of sse data input
2025-02-19T20:36:47Z E! [] Requesting data of subscription 0 failed: got end of sse data input
2025-02-19T20:36:47Z E! [] Requesting data of subscription 0 failed: got end of sse data input
2025-02-19T20:36:47Z E! [] Requesting data of subscription 0 failed: got end of sse data input
2025-02-19T20:36:47Z E! [] Requesting data of subscription 0 failed: got end of sse data input
2025-02-19T20:36:47Z E! [] Requesting data of subscription 0 failed: got end of sse data input
2025-02-19T20:36:47Z E! [] Requesting data of subscription 0 failed: got end of sse data input
2025-02-19T20:36:47Z E! [] Requesting data of subscription 0 failed: got end of sse data input
2025-02-19T20:36:47Z E! [] Requesting data of subscription 0 failed: got end of sse data input
2025-02-19T20:36:47Z E! [] Requesting data of subscription 0 failed: got end of sse data input
2025-02-19T20:36:47Z E! [] Requesting data of subscription 0 failed: got end of sse data input
2025-02-19T20:36:47Z E! [] Requesting data of subscription 0 failed: got end of sse data input
2025-02-19T20:36:47Z E! [] Requesting data of subscription 0 failed: got end of sse data input
2025-02-19T20:36:47Z E! [] Requesting data of subscription 0 failed: got end of sse data input
2025-02-19T20:36:47Z E! [] Requesting data of subscription 0 failed: got end of sse data input
2025-02-19T20:36:47Z E! [] Requesting data of subscription 0 failed: got end of sse data input
2025-02-19T20:36:47Z E! [] Requesting data of subscription 0 failed: got end of sse data input
2025-02-19T20:36:47Z E! [] Requesting data of subscription 0 failed: got end of sse data input
2025-02-19T20:36:47Z E! [] Requesting data of subscription 0 failed: got end of sse data input
2025-02-19T20:36:47Z E! [] Requesting data of subscription 0 failed: got end of sse data input
2025-02-19T20:36:47Z E! [] Requesting data of subscription 0 failed: got end of sse data input
2025-02-19T20:36:47Z E! [] Requesting data of subscription 0 failed: got end of sse data input
2025-02-19T20:36:47Z E! [] Requesting data of subscription 0 failed: got end of sse data input
2025-02-19T20:36:47Z E! [] Requesting data of subscription 0 failed: got end of sse data input
2025-02-19T20:36:47Z E! [] Requesting data of subscription 0 failed: got end of sse data input
2025-02-19T20:36:47Z E! [] Requesting data of subscription 0 failed: got end of sse data input
2025-02-19T20:36:47Z E! [] Requesting data of subscription 0 failed: got end of sse data input
2025-02-19T20:36:47Z E! [] Requesting data of subscription 0 failed: got end of sse data input
2025-02-19T20:36:47Z E! [] Requesting data of subscription 0 failed: got end of sse data input
2025-02-19T20:36:47Z E! [] Requesting data of subscription 0 failed: got end of sse data input
2025-02-19T20:36:47Z E! [] Requesting data of subscription 0 failed: got end of sse data input
2025-02-19T20:36:47Z E! [] Requesting data of subscription 0 failed: got end of sse data input
2025-02-19T20:36:47Z E! [] Requesting data of subscription 0 failed: got end of sse data input
2025-02-19T20:36:47Z E! [] Requesting data of subscription 0 failed: got end of sse data input
2025-02-19T20:36:47Z E! [] Requesting data of subscription 0 failed: got end of sse data input
2025-02-19T20:36:47Z E! [] Requesting data of subscription 0 failed: got end of sse data input
2025-02-19T20:36:47Z E! [] Requesting data of subscription 0 failed: got end of sse data input
2025-02-19T20:36:47Z E! [] Requesting data of subscription 0 failed: got end of sse data input
2025-02-19T20:36:47Z E! [] Requesting data of subscription 0 failed: got end of sse data input
2025-02-19T20:36:47Z E! [] Requesting data of subscription 0 failed: got end of sse data input
2025-02-19T20:36:47Z E! [] Requesting data of subscription 0 failed: got end of sse data input
2025-02-19T20:36:47Z E! [] Requesting data of subscription 0 failed: got end of sse data input
2025-02-19T20:36:47Z E! [] Requesting data of subscription 0 failed: got end of sse data input
2025-02-19T20:36:47Z E! [] Requesting data of subscription 0 failed: got end of sse data input
2025-02-19T20:36:47Z E! [] Requesting data of subscription 0 failed: got end of sse data input
2025-02-19T20:36:47Z E! [] Requesting data of subscription 0 failed: got end of sse data input
2025-02-19T20:36:47Z E! [] Requesting data of subscription 0 failed: got end of sse data input
2025-02-19T20:36:47Z E! [] Requesting data of subscription 0 failed: got end of sse data input
2025-02-19T20:36:47Z E! [] Requesting data of subscription 0 failed: got end of sse data input
2025-02-19T20:36:47Z E! [] Requesting data of subscription 0 failed: got end of sse data input
2025-02-19T20:36:47Z E! [] Requesting data of subscription 0 failed: got end of sse data input
2025-02-19T20:36:47Z E! [] Requesting data of subscription 0 failed: got end of sse data input
2025-02-19T20:36:47Z E! [] Requesting data of subscription 0 failed: got end of sse data input
2025-02-19T20:36:47Z E! [] Requesting data of subscription 0 failed: got end of sse data input
2025-02-19T20:36:47Z E! [] Requesting data of subscription 0 failed: got end of sse data input
2025-02-19T20:36:47Z E! [] Requesting data of subscription 0 failed: got end of sse data input
2025-02-19T20:36:47Z E! [] Requesting data of subscription 0 failed: got end of sse data input
2025-02-19T20:36:47Z E! [] Requesting data of subscription 0 failed: got end of sse data input
2025-02-19T20:36:47Z E! [] Requesting data of subscription 0 failed: got end of sse data input
2025-02-19T20:36:47Z E! [] Requesting data of subscription 0 failed: got end of sse data input
2025-02-19T20:36:47Z E! [] Requesting data of subscription 0 failed: got end of sse data input
2025-02-19T20:36:47Z E! [] Requesting data of subscription 0 failed: got end of sse data input
2025-02-19T20:36:47Z E! [] Requesting data of subscription 0 failed: got end of sse data input
2025-02-19T20:36:47Z E! [] Requesting data of subscription 0 failed: got end of sse data input
2025-02-19T20:36:47Z E! [] Requesting data of subscription 0 failed: got end of sse data input
2025-02-19T20:36:47Z E! [] Requesting data of subscription 0 failed: got end of sse data input
2025-02-19T20:36:47Z E! [] Requesting data of subscription 0 failed: got end of sse data input
2025-02-19T20:36:47Z E! [] Requesting data of subscription 0 failed: got end of sse data input
2025-02-19T20:36:47Z E! [] Requesting data of subscription 0 failed: got end of sse data input
2025-02-19T20:36:47Z E! [] Requesting data of subscription 0 failed: got end of sse data input
2025-02-19T20:36:47Z E! [] Requesting data of subscription 0 failed: got end of sse data input
2025-02-19T20:36:47Z E! [] Requesting data of subscription 0 failed: got end of sse data input
2025-02-19T20:36:47Z E! [] Requesting data of subscription 0 failed: got end of sse data input
2025-02-19T20:36:47Z E! [] Requesting data of subscription 0 failed: got end of sse data input
2025-02-19T20:36:47Z E! [] Requesting data of subscription 0 failed: got end of sse data input
2025-02-19T20:36:47Z E! [] Requesting data of subscription 0 failed: got end of sse data input
2025-02-19T20:36:47Z E! [] Requesting data of subscription 0 failed: got end of sse data input
2025-02-19T20:36:47Z E! [] Requesting data of subscription 0 failed: got end of sse data input
2025-02-19T20:36:47Z E! [] Requesting data of subscription 0 failed: got end of sse data input
2025-02-19T20:36:47Z E! [] Requesting data of subscription 0 failed: got end of sse data input
2025-02-19T20:36:47Z E! [] Requesting data of subscription 0 failed: got end of sse data input
2025-02-19T20:36:47Z E! [] Requesting data of subscription 0 failed: got end of sse data input
2025-02-19T20:36:47Z E! [] Requesting data of subscription 0 failed: got end of sse data input
2025-02-19T20:36:47Z E! [] Requesting data of subscription 0 failed: got end of sse data input
2025-02-19T20:36:47Z E! [] Requesting data of subscription 0 failed: got end of sse data input
2025-02-19T20:36:47Z E! [] Requesting data of subscription 0 failed: got end of sse data input
2025-02-19T20:36:47Z E! [] Requesting data of subscription 0 failed: got end of sse data input
2025-02-19T20:36:47Z E! [] Requesting data of subscription 0 failed: got end of sse data input
2025-02-19T20:36:47Z E! [] Requesting data of subscription 0 failed: got end of sse data input
2025-02-19T20:36:47Z E! [] Requesting data of subscription 0 failed: got end of sse data input
2025-02-19T20:36:47Z E! [] Requesting data of subscription 0 failed: got end of sse data input
2025-02-19T20:36:47Z E! [] Requesting data of subscription 0 failed: got end of sse data input
2025-02-19T20:36:47Z E! [] Requesting data of subscription 0 failed: got end of sse data input
2025-02-19T20:36:47Z E! [] Requesting data of subscription 0 failed: got end of sse data input
2025-02-19T20:36:47Z E! [] Requesting data of subscription 0 failed: got end of sse data input
2025-02-19T20:36:47Z E! [] Requesting data of subscription 0 failed: got end of sse data input
2025-02-19T20:36:47Z E! [] Requesting data of subscription 0 failed: got end of sse data input
2025-02-19T20:36:47Z E! [] Requesting data of subscription 0 failed: got end of sse data input
2025-02-19T20:36:47Z E! [] Requesting data of subscription 0 failed: got end of sse data input
2025-02-19T20:36:47Z E! [] Requesting data of subscription 0 failed: got end of sse data input
2025-02-19T20:36:47Z E! [] Requesting data of subscription 0 failed: got end of sse data input
2025-02-19T20:36:47Z E! [] Requesting data of subscription 0 failed: got end of sse data input
2025-02-19T20:36:47Z E! [] Requesting data of subscription 0 failed: got end of sse data input
2025-02-19T20:36:47Z E! [] Requesting data of subscription 0 failed: got end of sse data input
2025-02-19T20:36:47Z E! [] Requesting data of subscription 0 failed: got end of sse data input
2025-02-19T20:36:47Z E! [] Requesting data of subscription 0 failed: got end of sse data input
2025-02-19T20:36:47Z E! [] Requesting data of subscription 0 failed: got end of sse data input
2025-02-19T20:36:47Z E! [] Requesting data of subscription 0 failed: got end of sse data input
2025-02-19T20:36:47Z E! [] Requesting data of subscription 0 failed: got end of sse data input
2025-02-19T20:36:47Z E! [] Requesting data of subscription 0 failed: got end of sse data input
2025-02-19T20:36:47Z E! [] Requesting data of subscription 0 failed: got end of sse data input
2025-02-19T20:36:47Z E! [] Requesting data of subscription 0 failed: got end of sse data input
2025-02-19T20:36:47Z E! [] Requesting data of subscription 0 failed: got end of sse data input
2025-02-19T20:36:47Z E! [] Requesting data of subscription 0 failed: got end of sse data input
2025-02-19T20:36:47Z E! [] Requesting data of subscription 0 failed: got end of sse data input
2025-02-19T20:36:47Z E! [] Requesting data of subscription 0 failed: got end of sse data input
2025-02-19T20:36:47Z E! [] Requesting data of subscription 0 failed: got end of sse data input
2025-02-19T20:36:47Z E! [] Requesting data of subscription 0 failed: got end of sse data input
2025-02-19T20:36:47Z E! [] Requesting data of subscription 0 failed: got end of sse data input
2025-02-19T20:36:47Z E! [] Requesting data of subscription 0 failed: got end of sse data input
2025-02-19T20:36:47Z E! [] Requesting data of subscription 0 failed: got end of sse data input
2025-02-19T20:36:47Z E! [] Requesting data of subscription 0 failed: got end of sse data input
2025-02-19T20:36:47Z E! [] Requesting data of subscription 0 failed: got end of sse data input
2025-02-19T20:36:47Z E! [] Requesting data of subscription 0 failed: got end of sse data input
2025-02-19T20:36:47Z E! [] Requesting data of subscription 0 failed: got end of sse data input
2025-02-19T20:36:47Z E! [] Requesting data of subscription 0 failed: got end of sse data input
2025-02-19T20:36:47Z E! [] Requesting data of subscription 0 failed: got end of sse data input
2025-02-19T20:36:47Z E! [] Requesting data of subscription 0 failed: got end of sse data input
2025-02-19T20:36:47Z E! [] Requesting data of subscription 0 failed: got end of sse data input
2025-02-19T20:36:47Z E! [] Requesting data of subscription 0 failed: got end of sse data input
2025-02-19T20:36:47Z E! [] Requesting data of subscription 0 failed: got end of sse data input
2025-02-19T20:36:47Z E! [] Requesting data of subscription 0 failed: got end of sse data input
2025-02-19T20:36:47Z E! [] Requesting data of subscription 0 failed: got end of sse data input
2025-02-19T20:36:47Z E! [] Requesting data of subscription 0 failed: got end of sse data input
2025-02-19T20:36:47Z E! [] Requesting data of subscription 0 failed: got end of sse data input
2025-02-19T20:36:47Z E! [] Requesting data of subscription 0 failed: got end of sse data input
2025-02-19T20:36:47Z E! [] Requesting data of subscription 0 failed: got end of sse data input
2025-02-19T20:36:47Z E! [] Requesting data of subscription 0 failed: got end of sse data input
2025-02-19T20:36:47Z E! [] Requesting data of subscription 0 failed: got end of sse data input
2025-02-19T20:36:47Z E! [] Requesting data of subscription 0 failed: got end of sse data input
2025-02-19T20:36:47Z E! [] Requesting data of subscription 0 failed: got end of sse data input
2025-02-19T20:36:47Z E! [] Requesting data of subscription 0 failed: got end of sse data input
2025-02-19T20:36:48Z E! [] Requesting data of subscription 0 failed: got end of sse data input
2025-02-19T20:36:48Z E! [] Requesting data of subscription 0 failed: got end of sse data input
2025-02-19T20:36:48Z E! [] Requesting data of subscription 0 failed: got end of sse data input
2025-02-19T20:36:48Z E! [] Requesting data of subscription 0 failed: got end of sse data input
2025-02-19T20:36:48Z E! [] Requesting data of subscription 0 failed: got end of sse data input
2025-02-19T20:36:48Z E! [] Requesting data of subscription 0 failed: got end of sse data input
2025-02-19T20:36:48Z E! [] Requesting data of subscription 0 failed: got end of sse data input
2025-02-19T20:36:48Z E! [] Requesting data of subscription 0 failed: got end of sse data input
2025-02-19T20:36:48Z E! [] Requesting data of subscription 0 failed: got end of sse data input
2025-02-19T20:36:48Z E! [] Requesting data of subscription 0 failed: got end of sse data input
2025-02-19T20:36:48Z E! [] Requesting data of subscription 0 failed: got end of sse data input
2025-02-19T20:36:48Z E! [] Requesting data of subscription 0 failed: got end of sse data input
2025-02-19T20:36:48Z E! [] Requesting data of subscription 0 failed: got end of sse data input
2025-02-19T20:36:48Z E! [] Requesting data of subscription 0 failed: got end of sse data input
2025-02-19T20:36:48Z E! [] Requesting data of subscription 0 failed: got end of sse data input
2025-02-19T20:36:48Z E! [] Requesting data of subscription 0 failed: got end of sse data input
2025-02-19T20:36:48Z E! [] Requesting data of subscription 0 failed: got end of sse data input
2025-02-19T20:36:48Z E! [] Requesting data of subscription 0 failed: got end of sse data input
2025-02-19T20:36:48Z E! [] Requesting data of subscription 0 failed: got end of sse data input
2025-02-19T20:36:48Z E! [] Requesting data of subscription 0 failed: got end of sse data input
2025-02-19T20:36:48Z E! [] Requesting data of subscription 0 failed: got end of sse data input
2025-02-19T20:36:48Z E! [] Requesting data of subscription 0 failed: got end of sse data input
2025-02-19T20:36:48Z E! [] Requesting data of subscription 0 failed: got end of sse data input
2025-02-19T20:36:48Z E! [] Requesting data of subscription 0 failed: got end of sse data input
2025-02-19T20:36:48Z E! [] Requesting data of subscription 0 failed: got end of sse data input
2025-02-19T20:36:48Z E! [] Requesting data of subscription 0 failed: got end of sse data input
2025-02-19T20:36:48Z E! [] Requesting data of subscription 0 failed: got end of sse data input
2025-02-19T20:36:48Z E! [] Requesting data of subscription 0 failed: got end of sse data input
2025-02-19T20:36:48Z E! [] Requesting data of subscription 0 failed: got end of sse data input
2025-02-19T20:36:48Z E! [] Requesting data of subscription 0 failed: got end of sse data input
2025-02-19T20:36:48Z E! [] Requesting data of subscription 0 failed: got end of sse data input
2025-02-19T20:36:48Z E! [] Requesting data of subscription 0 failed: got end of sse data input
2025-02-19T20:36:48Z E! [] Requesting data of subscription 0 failed: got end of sse data input
2025-02-19T20:36:48Z E! [] Requesting data of subscription 0 failed: got end of sse data input
2025-02-19T20:36:48Z E! [] Requesting data of subscription 0 failed: got end of sse data input
2025-02-19T20:36:48Z E! [] Requesting data of subscription 0 failed: got end of sse data input
2025-02-19T20:36:48Z E! [] Requesting data of subscription 0 failed: got end of sse data input
2025-02-19T20:36:48Z E! [] Requesting data of subscription 0 failed: got end of sse data input
2025-02-19T20:36:48Z E! [] Requesting data of subscription 0 failed: got end of sse data input
2025-02-19T20:36:48Z E! [] Requesting data of subscription 0 failed: got end of sse data input
2025-02-19T20:36:48Z E! [] Requesting data of subscription 0 failed: got end of sse data input
2025-02-19T20:36:48Z E! [] Requesting data of subscription 0 failed: got end of sse data input
2025-02-19T20:36:48Z E! [] Requesting data of subscription 0 failed: got end of sse data input
2025-02-19T20:36:48Z E! [] Requesting data of subscription 0 failed: got end of sse data input
2025-02-19T20:36:48Z E! [] Requesting data of subscription 0 failed: got end of sse data input
2025-02-19T20:36:48Z E! [] Requesting data of subscription 0 failed: got end of sse data input
2025-02-19T20:36:48Z E! [] Requesting data of subscription 0 failed: got end of sse data input
2025-02-19T20:36:48Z E! [] Requesting data of subscription 0 failed: got end of sse data input
2025-02-19T20:36:48Z E! [] Requesting data of subscription 0 failed: got end of sse data input
2025-02-19T20:36:48Z E! [] Requesting data of subscription 0 failed: got end of sse data input
2025-02-19T20:36:48Z E! [] Requesting data of subscription 0 failed: got end of sse data input
2025-02-19T20:36:48Z E! [] Requesting data of subscription 0 failed: got end of sse data input
2025-02-19T20:36:48Z E! [] Requesting data of subscription 0 failed: got end of sse data input
2025-02-19T20:36:48Z E! [] Requesting data of subscription 0 failed: got end of sse data input
2025-02-19T20:36:48Z E! [] Requesting data of subscription 0 failed: got end of sse data input
2025-02-19T20:36:48Z E! [] Requesting data of subscription 0 failed: got end of sse data input
2025-02-19T20:36:48Z E! [] Requesting data of subscription 0 failed: got end of sse data input
2025-02-19T20:36:48Z E! [] Requesting data of subscription 0 failed: got end of sse data input
2025-02-19T20:36:48Z E! [] Requesting data of subscription 0 failed: got end of sse data input
2025-02-19T20:36:48Z E! [] Requesting data of subscription 0 failed: got end of sse data input
2025-02-19T20:36:48Z E! [] Requesting data of subscription 0 failed: got end of sse data input
2025-02-19T20:36:48Z E! [] Requesting data of subscription 0 failed: got end of sse data input
2025-02-19T20:36:48Z E! [] Requesting data of subscription 0 failed: got end of sse data input
2025-02-19T20:36:48Z E! [] Requesting data of subscription 0 failed: got end of sse data input
2025-02-19T20:36:48Z E! [] Requesting data of subscription 0 failed: got end of sse data input
2025-02-19T20:36:48Z E! [] Requesting data of subscription 0 failed: got end of sse data input
2025-02-19T20:36:48Z E! [] Requesting data of subscription 0 failed: got end of sse data input
2025-02-19T20:36:48Z E! [] Requesting data of subscription 0 failed: got end of sse data input
2025-02-19T20:36:48Z E! [] Requesting data of subscription 0 failed: got end of sse data input
2025-02-19T20:36:48Z E! [] Requesting data of subscription 0 failed: got end of sse data input
2025-02-19T20:36:48Z E! [] Requesting data of subscription 0 failed: got end of sse data input
2025-02-19T20:36:48Z E! [] Requesting data of subscription 0 failed: got end of sse data input
2025-02-19T20:36:48Z E! [] Requesting data of subscription 0 failed: got end of sse data input
2025-02-19T20:36:48Z E! [] Requesting data of subscription 0 failed: got end of sse data input
2025-02-19T20:36:48Z E! [] Requesting data of subscription 0 failed: got end of sse data input
2025-02-19T20:36:48Z E! [] Requesting data of subscription 0 failed: got end of sse data input
2025-02-19T20:36:48Z E! [] Requesting data of subscription 0 failed: got end of sse data input
2025-02-19T20:36:48Z E! [] Requesting data of subscription 0 failed: got end of sse data input
2025-02-19T20:36:48Z E! [] Requesting data of subscription 0 failed: got end of sse data input
2025-02-19T20:36:48Z E! [] Requesting data of subscription 0 failed: got end of sse data input
2025-02-19T20:36:48Z E! [] Requesting data of subscription 0 failed: got end of sse data input
2025-02-19T20:36:48Z E! [] Requesting data of subscription 0 failed: got end of sse data input
2025-02-19T20:36:48Z E! [] Requesting data of subscription 0 failed: got end of sse data input
2025-02-19T20:36:48Z E! [] Requesting data of subscription 0 failed: got end of sse data input
2025-02-19T20:36:48Z E! [] Requesting data of subscription 0 failed: got end of sse data input
2025-02-19T20:36:48Z E! [] Requesting data of subscription 0 failed: got end of sse data input
2025-02-19T20:36:48Z E! [] Requesting data of subscription 0 failed: got end of sse data input
2025-02-19T20:36:48Z E! [] Requesting data of subscription 0 failed: got end of sse data input
2025-02-19T20:36:48Z E! [] Requesting data of subscription 0 failed: got end of sse data input
2025-02-19T20:36:48Z E! [] Requesting data of subscription 0 failed: got end of sse data input
2025-02-19T20:36:48Z E! [] Requesting data of subscription 0 failed: got end of sse data input
2025-02-19T20:36:48Z E! [] Requesting data of subscription 0 failed: got end of sse data input
2025-02-19T20:36:48Z E! [] Requesting data of subscription 0 failed: got end of sse data input
2025-02-19T20:36:48Z E! [] Requesting data of subscription 0 failed: got end of sse data input
2025-02-19T20:36:48Z E! [] Requesting data of subscription 0 failed: got end of sse data input
2025-02-19T20:36:48Z E! [] Requesting data of subscription 0 failed: got end of sse data input
2025-02-19T20:36:48Z E! [] Requesting data of subscription 0 failed: got end of sse data input
2025-02-19T20:36:48Z E! [] Requesting data of subscription 0 failed: got end of sse data input
2025-02-19T20:36:48Z E! [] Requesting data of subscription 0 failed: got end of sse data input
2025-02-19T20:36:48Z E! [] Requesting data of subscription 0 failed: got end of sse data input
2025-02-19T20:36:48Z E! [] Requesting data of subscription 0 failed: got end of sse data input
2025-02-19T20:36:48Z E! [] Requesting data of subscription 0 failed: got end of sse data input
2025-02-19T20:36:48Z E! [] Requesting data of subscription 0 failed: got end of sse data input
2025-02-19T20:36:48Z E! [] Requesting data of subscription 0 failed: got end of sse data input
2025-02-19T20:36:48Z E! [] Requesting data of subscription 0 failed: got end of sse data input
2025-02-19T20:36:48Z E! [] Requesting data of subscription 0 failed: got end of sse data input
2025-02-19T20:36:48Z E! [] Requesting data of subscription 0 failed: got end of sse data input
2025-02-19T20:36:48Z E! [] Requesting data of subscription 0 failed: got end of sse data input
2025-02-19T20:36:48Z E! [] Requesting data of subscription 0 failed: got end of sse data input
2025-02-19T20:36:48Z E! [] Requesting data of subscription 0 failed: got end of sse data input
2025-02-19T20:36:48Z E! [] Requesting data of subscription 0 failed: got end of sse data input
2025-02-19T20:36:48Z E! [] Requesting data of subscription 0 failed: got end of sse data input
2025-02-19T20:36:48Z E! [] Requesting data of subscription 0 failed: got end of sse data input
2025-02-19T20:36:48Z E! [] Requesting data of subscription 0 failed: got end of sse data input
2025-02-19T20:36:48Z E! [] Requesting data of subscription 0 failed: got end of sse data input
2025-02-19T20:36:48Z E! [] Requesting data of subscription 0 failed: got end of sse data input
2025-02-19T20:36:48Z E! [] Requesting data of subscription 0 failed: got end of sse data input
2025-02-19T20:36:48Z E! [] Requesting data of subscription 0 failed: got end of sse data input
2025-02-19T20:36:48Z E! [] Requesting data of subscription 0 failed: got end of sse data input
2025-02-19T20:36:48Z E! [] Requesting data of subscription 0 failed: got end of sse data input
2025-02-19T20:36:48Z E! [] Requesting data of subscription 0 failed: got end of sse data input
2025-02-19T20:36:48Z E! [] Requesting data of subscription 0 failed: got end of sse data input
2025-02-19T20:36:48Z E! [] Requesting data of subscription 0 failed: got end of sse data input
2025-02-19T20:36:48Z E! [] Requesting data of subscription 0 failed: got end of sse data input
2025-02-19T20:36:48Z E! [] Requesting data of subscription 0 failed: got end of sse data input
2025-02-19T20:36:48Z E! [] Requesting data of subscription 0 failed: got end of sse data input
2025-02-19T20:36:48Z E! [] Requesting data of subscription 0 failed: got end of sse data input
2025-02-19T20:36:48Z E! [] Requesting data of subscription 0 failed: got end of sse data input
2025-02-19T20:36:48Z E! [] Requesting data of subscription 0 failed: got end of sse data input
2025-02-19T20:36:48Z E! [] Requesting data of subscription 0 failed: got end of sse data input
2025-02-19T20:36:48Z E! [] Requesting data of subscription 0 failed: got end of sse data input
2025-02-19T20:36:48Z E! [] Requesting data of subscription 0 failed: got end of sse data input
2025-02-19T20:36:48Z E! [] Requesting data of subscription 0 failed: got end of sse data input
2025-02-19T20:36:48Z E! [] Requesting data of subscription 0 failed: got end of sse data input
2025-02-19T20:36:48Z E! [] Requesting data of subscription 0 failed: got end of sse data input
2025-02-19T20:36:48Z E! [] Requesting data of subscription 0 failed: got end of sse data input
2025-02-19T20:36:48Z E! [] Requesting data of subscription 0 failed: got end of sse data input
2025-02-19T20:36:48Z E! [] Requesting data of subscription 0 failed: got end of sse data input
2025-02-19T20:36:48Z E! [] Requesting data of subscription 0 failed: got end of sse data input
2025-02-19T20:36:48Z E! [] Requesting data of subscription 0 failed: got end of sse data input
2025-02-19T20:36:48Z E! [] Requesting data of subscription 0 failed: got end of sse data input
2025-02-19T20:36:48Z E! [] Requesting data of subscription 0 failed: got end of sse data input
2025-02-19T20:36:48Z E! [] Requesting data of subscription 0 failed: got end of sse data input
2025-02-19T20:36:48Z E! [] Requesting data of subscription 0 failed: got end of sse data input
2025-02-19T20:36:48Z E! [] Requesting data of subscription 0 failed: got end of sse data input
2025-02-19T20:36:48Z E! [] Requesting data of subscription 0 failed: got end of sse data input
2025-02-19T20:36:48Z E! [] Requesting data of subscription 0 failed: got end of sse data input
2025-02-19T20:36:48Z E! [] Requesting data of subscription 0 failed: got end of sse data input
2025-02-19T20:36:48Z E! [] Requesting data of subscription 0 failed: got end of sse data input
2025-02-19T20:36:48Z E! [] Requesting data of subscription 0 failed: got end of sse data input
2025-02-19T20:36:48Z E! [] Requesting data of subscription 0 failed: got end of sse data input
2025-02-19T20:36:48Z E! [] Requesting data of subscription 0 failed: got end of sse data input
2025-02-19T20:36:48Z E! [] Requesting data of subscription 0 failed: got end of sse data input
2025-02-19T20:36:48Z E! [] Requesting data of subscription 0 failed: got end of sse data input
2025-02-19T20:36:48Z E! [] Requesting data of subscription 0 failed: got end of sse data input
2025-02-19T20:36:48Z E! [] Requesting data of subscription 0 failed: got end of sse data input
2025-02-19T20:36:48Z E! [] Requesting data of subscription 0 failed: got end of sse data input
2025-02-19T20:36:48Z E! [] Requesting data of subscription 0 failed: got end of sse data input
2025-02-19T20:36:48Z E! [] Requesting data of subscription 0 failed: got end of sse data input
2025-02-19T20:36:48Z E! [] Requesting data of subscription 0 failed: got end of sse data input
2025-02-19T20:36:48Z E! [] Requesting data of subscription 0 failed: got end of sse data input
2025-02-19T20:36:48Z E! [] Requesting data of subscription 0 failed: got end of sse data input
2025-02-19T20:36:48Z E! [] Requesting data of subscription 0 failed: got end of sse data input
2025-02-19T20:36:48Z E! [] Requesting data of subscription 0 failed: got end of sse data input
2025-02-19T20:36:48Z E! [] Requesting data of subscription 0 failed: got end of sse data input
2025-02-19T20:36:48Z E! [] Requesting data of subscription 0 failed: got end of sse data input
2025-02-19T20:36:48Z E! [] Requesting data of subscription 0 failed: got end of sse data input
2025-02-19T20:36:48Z E! [] Requesting data of subscription 0 failed: got end of sse data input
2025-02-19T20:36:48Z E! [] Requesting data of subscription 0 failed: got end of sse data input
2025-02-19T20:36:48Z E! [] Requesting data of subscription 0 failed: got end of sse data input
2025-02-19T20:36:48Z E! [] Requesting data of subscription 0 failed: got end of sse data input
2025-02-19T20:36:48Z E! [] Requesting data of subscription 0 failed: got end of sse data input
2025-02-19T20:36:48Z E! [] Requesting data of subscription 0 failed: got end of sse data input
2025-02-19T20:36:48Z E! [] Requesting data of subscription 0 failed: got end of sse data input
2025-02-19T20:36:48Z E! [] Requesting data of subscription 0 failed: got end of sse data input
2025-02-19T20:36:48Z E! [] Requesting data of subscription 0 failed: got end of sse data input
2025-02-19T20:36:48Z E! [] Requesting data of subscription 0 failed: got end of sse data input
2025-02-19T20:36:48Z E! [] Requesting data of subscription 0 failed: got end of sse data input
2025-02-19T20:36:48Z E! [] Requesting data of subscription 0 failed: got end of sse data input
2025-02-19T20:36:48Z E! [] Requesting data of subscription 0 failed: got end of sse data input
2025-02-19T20:36:48Z E! [] Requesting data of subscription 0 failed: got end of sse data input
2025-02-19T20:36:48Z E! [] Requesting data of subscription 0 failed: got end of sse data input
2025-02-19T20:36:48Z E! [] Requesting data of subscription 0 failed: got end of sse data input
2025-02-19T20:36:48Z E! [] Requesting data of subscription 0 failed: got end of sse data input
2025-02-19T20:36:48Z E! [] Requesting data of subscription 0 failed: got end of sse data input
2025-02-19T20:36:48Z E! [] Requesting data of subscription 0 failed: got end of sse data input
2025-02-19T20:36:48Z E! [] Requesting data of subscription 0 failed: got end of sse data input
2025-02-19T20:36:48Z E! [] Requesting data of subscription 0 failed: got end of sse data input
2025-02-19T20:36:48Z E! [] Requesting data of subscription 0 failed: got end of sse data input
2025-02-19T20:36:48Z E! [] Requesting data of subscription 0 failed: got end of sse data input
2025-02-19T20:36:48Z E! [] Requesting data of subscription 0 failed: got end of sse data input
2025-02-19T20:36:48Z E! [] Requesting data of subscription 0 failed: got end of sse data input
2025-02-19T20:36:48Z E! [] Requesting data of subscription 0 failed: got end of sse data input
2025-02-19T20:36:48Z E! [] Requesting data of subscription 0 failed: got end of sse data input
2025-02-19T20:36:48Z E! [] Requesting data of subscription 0 failed: got end of sse data input
2025-02-19T20:36:48Z E! [] Requesting data of subscription 0 failed: got end of sse data input
2025-02-19T20:36:48Z E! [] Requesting data of subscription 0 failed: got end of sse data input
2025-02-19T20:36:48Z E! [] Requesting data of subscription 0 failed: got end of sse data input
2025-02-19T20:36:48Z E! [] Requesting data of subscription 0 failed: got end of sse data input
2025-02-19T20:36:48Z E! [] Requesting data of subscription 0 failed: got end of sse data input
2025-02-19T20:36:48Z E! [] Requesting data of subscription 0 failed: got end of sse data input
2025-02-19T20:36:48Z E! [] Requesting data of subscription 0 failed: got end of sse data input
2025-02-19T20:36:48Z E! [] Requesting data of subscription 0 failed: got end of sse data input
2025-02-19T20:36:48Z E! [] Requesting data of subscription 0 failed: got end of sse data input
2025-02-19T20:36:48Z E! [] Requesting data of subscription 0 failed: got end of sse data input
2025-02-19T20:36:48Z E! [] Requesting data of subscription 0 failed: got end of sse data input
2025-02-19T20:36:48Z E! [] Requesting data of subscription 0 failed: got end of sse data input
2025-02-19T20:36:48Z E! [] Requesting data of subscription 0 failed: got end of sse data input
2025-02-19T20:36:48Z E! [] Requesting data of subscription 0 failed: got end of sse data input
2025-02-19T20:36:48Z E! [] Requesting data of subscription 0 failed: got end of sse data input
2025-02-19T20:36:48Z E! [] Requesting data of subscription 0 failed: got end of sse data input
2025-02-19T20:36:48Z E! [] Requesting data of subscription 0 failed: got end of sse data input
2025-02-19T20:36:48Z E! [] Requesting data of subscription 0 failed: got end of sse data input
2025-02-19T20:36:48Z E! [] Requesting data of subscription 0 failed: got end of sse data input
2025-02-19T20:36:48Z E! [] Requesting data of subscription 0 failed: got end of sse data input
2025-02-19T20:36:48Z E! [] Requesting data of subscription 0 failed: got end of sse data input
2025-02-19T20:36:48Z E! [] Requesting data of subscription 0 failed: got end of sse data input
2025-02-19T20:36:48Z E! [] Requesting data of subscription 0 failed: got end of sse data input
2025-02-19T20:36:48Z E! [] Requesting data of subscription 0 failed: got end of sse data input
2025-02-19T20:36:48Z E! [] Requesting data of subscription 0 failed: got end of sse data input
2025-02-19T20:36:48Z E! [] Requesting data of subscription 0 failed: got end of sse data input
2025-02-19T20:36:48Z E! [] Requesting data of subscription 0 failed: got end of sse data input
2025-02-19T20:36:48Z E! [] Requesting data of subscription 0 failed: got end of sse data input
2025-02-19T20:36:48Z E! [] Requesting data of subscription 0 failed: got end of sse data input
2025-02-19T20:36:48Z E! [] Requesting data of subscription 0 failed: got end of sse data input
2025-02-19T20:36:48Z E! [] Requesting data of subscription 0 failed: got end of sse data input
2025-02-19T20:36:48Z E! [] Requesting data of subscription 0 failed: got end of sse data input
2025-02-19T20:36:48Z E! [] Requesting data of subscription 0 failed: got end of sse data input
2025-02-19T20:36:48Z E! [] Requesting data of subscription 0 failed: got end of sse data input
2025-02-19T20:36:48Z E! [] Requesting data of subscription 0 failed: got end of sse data input
2025-02-19T20:36:48Z E! [] Requesting data of subscription 0 failed: got end of sse data input
2025-02-19T20:36:48Z E! [] Requesting data of subscription 0 failed: got end of sse data input
2025-02-19T20:36:48Z E! [] Requesting data of subscription 0 failed: got end of sse data input
2025-02-19T20:36:48Z E! [] Requesting data of subscription 0 failed: got end of sse data input
2025-02-19T20:36:48Z E! [] Requesting data of subscription 0 failed: got end of sse data input
2025-02-19T20:36:48Z E! [] Requesting data of subscription 0 failed: got end of sse data input
2025-02-19T20:36:48Z E! [] Requesting data of subscription 0 failed: got end of sse data input
2025-02-19T20:36:48Z E! [] Requesting data of subscription 0 failed: got end of sse data input
2025-02-19T20:36:48Z E! [] Requesting data of subscription 0 failed: got end of sse data input
2025-02-19T20:36:48Z E! [] Requesting data of subscription 0 failed: got end of sse data input
2025-02-19T20:36:48Z E! [] Requesting data of subscription 0 failed: got end of sse data input
2025-02-19T20:36:48Z E! [] Requesting data of subscription 0 failed: got end of sse data input
2025-02-19T20:36:48Z E! [] Requesting data of subscription 0 failed: got end of sse data input
2025-02-19T20:36:48Z E! [] Requesting data of subscription 0 failed: got end of sse data input
2025-02-19T20:36:48Z E! [] Requesting data of subscription 0 failed: got end of sse data input
2025-02-19T20:36:48Z E! [] Requesting data of subscription 0 failed: got end of sse data input
2025-02-19T20:36:48Z E! [] Requesting data of subscription 0 failed: got end of sse data input
2025-02-19T20:36:48Z E! [] Requesting data of subscription 0 failed: got end of sse data input
2025-02-19T20:36:48Z E! [] Requesting data of subscription 0 failed: got end of sse data input
2025-02-19T20:36:48Z E! [] Requesting data of subscription 0 failed: got end of sse data input
2025-02-19T20:36:48Z E! [] Requesting data of subscription 0 failed: got end of sse data input
2025-02-19T20:36:48Z E! [] Requesting data of subscription 0 failed: got end of sse data input
2025-02-19T20:36:48Z E! [] Requesting data of subscription 0 failed: got end of sse data input
2025-02-19T20:36:48Z E! [] Requesting data of subscription 0 failed: got end of sse data input
2025-02-19T20:36:48Z E! [] Requesting data of subscription 0 failed: got end of sse data input
2025-02-19T20:36:48Z E! [] Requesting data of subscription 0 failed: got end of sse data input
2025-02-19T20:36:48Z E! [] Requesting data of subscription 0 failed: got end of sse data input
2025-02-19T20:36:48Z E! [] Requesting data of subscription 0 failed: got end of sse data input
2025-02-19T20:36:48Z E! [] Requesting data of subscription 0 failed: got end of sse data input
2025-02-19T20:36:48Z E! [] Requesting data of subscription 0 failed: got end of sse data input
2025-02-19T20:36:48Z E! [] Requesting data of subscription 0 failed: got end of sse data input
2025-02-19T20:36:48Z E! [] Requesting data of subscription 0 failed: got end of sse data input
2025-02-19T20:36:48Z E! [] Requesting data of subscription 0 failed: got end of sse data input
2025-02-19T20:36:48Z E! [] Requesting data of subscription 0 failed: got end of sse data input
2025-02-19T20:36:48Z E! [] Requesting data of subscription 0 failed: got end of sse data input
2025-02-19T20:36:48Z E! [] Requesting data of subscription 0 failed: got end of sse data input
2025-02-19T20:36:48Z E! [] Requesting data of subscription 0 failed: got end of sse data input
2025-02-19T20:36:48Z E! [] Requesting data of subscription 0 failed: got end of sse data input
2025-02-19T20:36:48Z E! [] Requesting data of subscription 0 failed: got end of sse data input
2025-02-19T20:36:48Z E! [] Requesting data of subscription 0 failed: got end of sse data input
2025-02-19T20:36:48Z E! [] Requesting data of subscription 0 failed: got end of sse data input
2025-02-19T20:36:48Z E! [] Requesting data of subscription 0 failed: got end of sse data input
2025-02-19T20:36:48Z E! [] Requesting data of subscription 0 failed: got end of sse data input
2025-02-19T20:36:48Z E! [] Requesting data of subscription 0 failed: got end of sse data input
2025-02-19T20:36:48Z E! [] Requesting data of subscription 0 failed: got end of sse data input
2025-02-19T20:36:48Z E! [] Requesting data of subscription 0 failed: got end of sse data input
2025-02-19T20:36:48Z E! [] Requesting data of subscription 0 failed: got end of sse data input
2025-02-19T20:36:48Z E! [] Requesting data of subscription 0 failed: got end of sse data input
2025-02-19T20:36:48Z E! [] Requesting data of subscription 0 failed: got end of sse data input
2025-02-19T20:36:48Z E! [] Requesting data of subscription 0 failed: got end of sse data input
2025-02-19T20:36:48Z E! [] Requesting data of subscription 0 failed: got end of sse data input
2025-02-19T20:36:48Z E! [] Requesting data of subscription 0 failed: got end of sse data input
2025-02-19T20:36:48Z E! [] Requesting data of subscription 0 failed: got end of sse data input
2025-02-19T20:36:48Z E! [] Requesting data of subscription 0 failed: got end of sse data input
2025-02-19T20:36:48Z E! [] Requesting data of subscription 0 failed: got end of sse data input
2025-02-19T20:36:48Z E! [] Requesting data of subscription 0 failed: got end of sse data input
2025-02-19T20:36:48Z E! [] Requesting data of subscription 0 failed: got end of sse data input
2025-02-19T20:36:48Z E! [] Requesting data of subscription 0 failed: got end of sse data input
2025-02-19T20:36:48Z E! [] Requesting data of subscription 0 failed: got end of sse data input
2025-02-19T20:36:48Z E! [] Requesting data of subscription 0 failed: got end of sse data input
2025-02-19T20:36:48Z E! [] Requesting data of subscription 0 failed: got end of sse data input
2025-02-19T20:36:48Z E! [] Requesting data of subscription 0 failed: got end of sse data input
2025-02-19T20:36:48Z E! [] Requesting data of subscription 0 failed: got end of sse data input
2025-02-19T20:36:48Z E! [] Requesting data of subscription 0 failed: got end of sse data input
2025-02-19T20:36:48Z E! [] Requesting data of subscription 0 failed: got end of sse data input
2025-02-19T20:36:48Z E! [] Requesting data of subscription 0 failed: got end of sse data input
2025-02-19T20:36:48Z E! [] Requesting data of subscription 0 failed: got end of sse data input
2025-02-19T20:36:48Z E! [] Requesting data of subscription 0 failed: got end of sse data input
2025-02-19T20:36:48Z E! [] Requesting data of subscription 0 failed: got end of sse data input
2025-02-19T20:36:48Z E! [] Requesting data of subscription 0 failed: got end of sse data input
2025-02-19T20:36:48Z E! [] Requesting data of subscription 0 failed: got end of sse data input
2025-02-19T20:36:48Z E! [] Requesting data of subscription 0 failed: got end of sse data input
2025-02-19T20:36:48Z E! [] Requesting data of subscription 0 failed: got end of sse data input
2025-02-19T20:36:48Z E! [] Requesting data of subscription 0 failed: got end of sse data input
2025-02-19T20:36:48Z E! [] Requesting data of subscription 0 failed: got end of sse data input
2025-02-19T20:36:48Z E! [] Requesting data of subscription 0 failed: got end of sse data input
2025-02-19T20:36:48Z E! [] Requesting data of subscription 0 failed: got end of sse data input
2025-02-19T20:36:48Z E! [] Requesting data of subscription 0 failed: got end of sse data input
2025-02-19T20:36:48Z E! [] Requesting data of subscription 0 failed: got end of sse data input
2025-02-19T20:36:48Z E! [] Requesting data of subscription 0 failed: got end of sse data input
2025-02-19T20:36:48Z E! [] Requesting data of subscription 0 failed: got end of sse data input
2025-02-19T20:36:48Z E! [] Requesting data of subscription 0 failed: got end of sse data input
2025-02-19T20:36:48Z E! [] Requesting data of subscription 0 failed: got end of sse data input
2025-02-19T20:36:48Z E! [] Requesting data of subscription 0 failed: got end of sse data input
2025-02-19T20:36:48Z E! [] Requesting data of subscription 0 failed: got end of sse data input
2025-02-19T20:36:48Z E! [] Requesting data of subscription 0 failed: got end of sse data input
2025-02-19T20:36:48Z E! [] Requesting data of subscription 0 failed: got end of sse data input
2025-02-19T20:36:48Z E! [] Requesting data of subscription 0 failed: got end of sse data input
2025-02-19T20:36:48Z E! [] Requesting data of subscription 0 failed: got end of sse data input
2025-02-19T20:36:48Z E! [] Requesting data of subscription 0 failed: got end of sse data input
2025-02-19T20:36:48Z E! [] Requesting data of subscription 0 failed: got end of sse data input
2025-02-19T20:36:48Z E! [] Requesting data of subscription 0 failed: got end of sse data input
2025-02-19T20:36:48Z E! [] Requesting data of subscription 0 failed: got end of sse data input
2025-02-19T20:36:48Z E! [] Requesting data of subscription 0 failed: got end of sse data input
2025-02-19T20:36:48Z E! [] Requesting data of subscription 0 failed: got end of sse data input
2025-02-19T20:36:48Z E! [] Requesting data of subscription 0 failed: got end of sse data input
2025-02-19T20:36:48Z E! [] Requesting data of subscription 0 failed: got end of sse data input
2025-02-19T20:36:48Z E! [] Requesting data of subscription 0 failed: got end of sse data input
2025-02-19T20:36:48Z E! [] Requesting data of subscription 0 failed: got end of sse data input
2025-02-19T20:36:48Z E! [] Requesting data of subscription 0 failed: got end of sse data input
2025-02-19T20:36:48Z E! [] Requesting data of subscription 0 failed: got end of sse data input
2025-02-19T20:36:48Z E! [] Requesting data of subscription 0 failed: got end of sse data input
2025-02-19T20:36:48Z E! [] Requesting data of subscription 0 failed: got end of sse data input
2025-02-19T20:36:48Z E! [] Requesting data of subscription 0 failed: got end of sse data input
2025-02-19T20:36:48Z E! [] Requesting data of subscription 0 failed: got end of sse data input
2025-02-19T20:36:48Z E! [] Requesting data of subscription 0 failed: got end of sse data input
2025-02-19T20:36:48Z E! [] Requesting data of subscription 0 failed: got end of sse data input
2025-02-19T20:36:48Z E! [] Requesting data of subscription 0 failed: got end of sse data input
2025-02-19T20:36:48Z E! [] Requesting data of subscription 0 failed: got end of sse data input
2025-02-19T20:36:48Z E! [] Requesting data of subscription 0 failed: got end of sse data input
2025-02-19T20:36:48Z E! [] Requesting data of subscription 0 failed: got end of sse data input
2025-02-19T20:36:48Z E! [] Requesting data of subscription 0 failed: got end of sse data input
2025-02-19T20:36:48Z E! [] Requesting data of subscription 0 failed: got end of sse data input
2025-02-19T20:36:48Z E! [] Requesting data of subscription 0 failed: got end of sse data input
2025-02-19T20:36:48Z E! [] Requesting data of subscription 0 failed: got end of sse data input
2025-02-19T20:36:48Z E! [] Requesting data of subscription 0 failed: got end of sse data input
2025-02-19T20:36:48Z E! [] Requesting data of subscription 0 failed: got end of sse data input
2025-02-19T20:36:48Z E! [] Requesting data of subscription 0 failed: got end of sse data input
2025-02-19T20:36:48Z E! [] Requesting data of subscription 0 failed: got end of sse data input
2025-02-19T20:36:48Z E! [] Requesting data of subscription 0 failed: got end of sse data input
2025-02-19T20:36:48Z E! [] Requesting data of subscription 0 failed: got end of sse data input
2025-02-19T20:36:48Z E! [] Requesting data of subscription 0 failed: got end of sse data input
2025-02-19T20:36:48Z E! [] Requesting data of subscription 0 failed: got end of sse data input
2025-02-19T20:36:48Z E! [] Requesting data of subscription 0 failed: got end of sse data input
2025-02-19T20:36:48Z E! [] Requesting data of subscription 0 failed: got end of sse data input
2025-02-19T20:36:48Z E! [] Requesting data of subscription 0 failed: got end of sse data input
2025-02-19T20:36:48Z E! [] Requesting data of subscription 0 failed: got end of sse data input
2025-02-19T20:36:48Z E! [] Requesting data of subscription 0 failed: got end of sse data input
2025-02-19T20:36:48Z E! [] Requesting data of subscription 0 failed: got end of sse data input
2025-02-19T20:36:48Z E! [] Requesting data of subscription 0 failed: got end of sse data input
2025-02-19T20:36:48Z E! [] Requesting data of subscription 0 failed: got end of sse data input
2025-02-19T20:36:48Z E! [] Requesting data of subscription 0 failed: got end of sse data input
2025-02-19T20:36:48Z E! [] Requesting data of subscription 0 failed: got end of sse data input
2025-02-19T20:36:48Z E! [] Requesting data of subscription 0 failed: got end of sse data input
2025-02-19T20:36:48Z E! [] Requesting data of subscription 0 failed: got end of sse data input
2025-02-19T20:36:48Z E! [] Requesting data of subscription 0 failed: got end of sse data input
2025-02-19T20:36:48Z E! [] Requesting data of subscription 0 failed: got end of sse data input
2025-02-19T20:36:48Z E! [] Requesting data of subscription 0 failed: got end of sse data input
2025-02-19T20:36:48Z E! [] Requesting data of subscription 0 failed: got end of sse data input
2025-02-19T20:36:48Z E! [] Requesting data of subscription 0 failed: got end of sse data input
2025-02-19T20:36:48Z E! [] Requesting data of subscription 0 failed: got end of sse data input
2025-02-19T20:36:48Z E! [] Requesting data of subscription 0 failed: got end of sse data input
2025-02-19T20:36:48Z E! [] Requesting data of subscription 0 failed: got end of sse data input
2025-02-19T20:36:48Z E! [] Requesting data of subscription 0 failed: got end of sse data input
2025-02-19T20:36:48Z E! [] Requesting data of subscription 0 failed: got end of sse data input
2025-02-19T20:36:48Z E! [] Requesting data of subscription 0 failed: got end of sse data input
2025-02-19T20:36:48Z E! [] Requesting data of subscription 0 failed: got end of sse data input
2025-02-19T20:36:48Z E! [] Requesting data of subscription 0 failed: got end of sse data input
2025-02-19T20:36:48Z E! [] Requesting data of subscription 0 failed: got end of sse data input
2025-02-19T20:36:48Z E! [] Requesting data of subscription 0 failed: got end of sse data input
2025-02-19T20:36:48Z E! [] Requesting data of subscription 0 failed: got end of sse data input
2025-02-19T20:36:48Z E! [] Requesting data of subscription 0 failed: got end of sse data input
2025-02-19T20:36:48Z E! [] Requesting data of subscription 0 failed: got end of sse data input
2025-02-19T20:36:48Z E! [] Requesting data of subscription 0 failed: got end of sse data input
2025-02-19T20:36:48Z E! [] Requesting data of subscription 0 failed: got end of sse data input
2025-02-19T20:36:48Z E! [] Requesting data of subscription 0 failed: got end of sse data input
2025-02-19T20:36:48Z E! [] Requesting data of subscription 0 failed: got end of sse data input
2025-02-19T20:36:48Z E! [] Requesting data of subscription 0 failed: got end of sse data input
2025-02-19T20:36:48Z E! [] Requesting data of subscription 0 failed: got end of sse data input
2025-02-19T20:36:48Z E! [] Requesting data of subscription 0 failed: got end of sse data input
2025-02-19T20:36:48Z E! [] Requesting data of subscription 0 failed: got end of sse data input
2025-02-19T20:36:48Z E! [] Requesting data of subscription 0 failed: got end of sse data input
2025-02-19T20:36:48Z E! [] Requesting data of subscription 0 failed: got end of sse data input
2025-02-19T20:36:48Z E! [] Requesting data of subscription 0 failed: got end of sse data input
2025-02-19T20:36:48Z E! [] Requesting data of subscription 0 failed: got end of sse data input
2025-02-19T20:36:48Z E! [] Requesting data of subscription 0 failed: got end of sse data input
2025-02-19T20:36:48Z E! [] Requesting data of subscription 0 failed: got end of sse data input
2025-02-19T20:36:48Z E! [] Requesting data of subscription 0 failed: got end of sse data input
2025-02-19T20:36:48Z E! [] Requesting data of subscription 0 failed: got end of sse data input
2025-02-19T20:36:48Z E! [] Requesting data of subscription 0 failed: got end of sse data input
2025-02-19T20:36:48Z E! [] Requesting data of subscription 0 failed: got end of sse data input
2025-02-19T20:36:48Z E! [] Requesting data of subscription 0 failed: got end of sse data input
2025-02-19T20:36:48Z E! [] Requesting data of subscription 0 failed: got end of sse data input
2025-02-19T20:36:48Z E! [] Requesting data of subscription 0 failed: got end of sse data input
2025-02-19T20:36:48Z E! [] Requesting data of subscription 0 failed: got end of sse data input
2025-02-19T20:36:48Z E! [] Requesting data of subscription 0 failed: got end of sse data input
2025-02-19T20:36:48Z E! [] Requesting data of subscription 0 failed: got end of sse data input
2025-02-19T20:36:48Z E! [] Requesting data of subscription 0 failed: got end of sse data input
2025-02-19T20:36:48Z E! [] Requesting data of subscription 0 failed: got end of sse data input
2025-02-19T20:36:48Z E! [] Requesting data of subscription 0 failed: got end of sse data input
2025-02-19T20:36:48Z E! [] Requesting data of subscription 0 failed: got end of sse data input
2025-02-19T20:36:48Z E! [] Requesting data of subscription 0 failed: got end of sse data input
2025-02-19T20:36:48Z E! [] Requesting data of subscription 0 failed: got end of sse data input
2025-02-19T20:36:48Z E! [] Requesting data of subscription 0 failed: got end of sse data input
2025-02-19T20:36:48Z E! [] Requesting data of subscription 0 failed: got end of sse data input
2025-02-19T20:36:48Z E! [] Requesting data of subscription 0 failed: got end of sse data input
2025-02-19T20:36:48Z E! [] Requesting data of subscription 0 failed: got end of sse data input
2025-02-19T20:36:48Z E! [] Requesting data of subscription 0 failed: got end of sse data input
2025-02-19T20:36:48Z E! [] Requesting data of subscription 0 failed: got end of sse data input
2025-02-19T20:36:48Z E! [] Requesting data of subscription 0 failed: got end of sse data input
2025-02-19T20:36:48Z E! [] Requesting data of subscription 0 failed: got end of sse data input
2025-02-19T20:36:48Z E! [] Requesting data of subscription 0 failed: got end of sse data input
2025-02-19T20:36:48Z E! [] Requesting data of subscription 0 failed: got end of sse data input
2025-02-19T20:36:48Z E! [] Requesting data of subscription 0 failed: got end of sse data input
2025-02-19T20:36:48Z E! [] Requesting data of subscription 0 failed: got end of sse data input
2025-02-19T20:36:48Z E! [] Requesting data of subscription 0 failed: got end of sse data input
2025-02-19T20:36:48Z E! [] Requesting data of subscription 0 failed: got end of sse data input
2025-02-19T20:36:48Z E! [] Requesting data of subscription 0 failed: got end of sse data input
2025-02-19T20:36:48Z E! [] Requesting data of subscription 0 failed: got end of sse data input
2025-02-19T20:36:48Z E! [] Requesting data of subscription 0 failed: got end of sse data input
2025-02-19T20:36:48Z E! [] Requesting data of subscription 0 failed: got end of sse data input
2025-02-19T20:36:48Z E! [] Requesting data of subscription 0 failed: got end of sse data input
2025-02-19T20:36:48Z E! [] Requesting data of subscription 0 failed: got end of sse data input
2025-02-19T20:36:48Z E! [] Requesting data of subscription 0 failed: got end of sse data input
2025-02-19T20:36:48Z E! [] Requesting data of subscription 0 failed: got end of sse data input
2025-02-19T20:36:48Z E! [] Requesting data of subscription 0 failed: got end of sse data input
2025-02-19T20:36:48Z E! [] Requesting data of subscription 0 failed: got end of sse data input
2025-02-19T20:36:48Z E! [] Requesting data of subscription 0 failed: got end of sse data input
2025-02-19T20:36:48Z E! [] Requesting data of subscription 0 failed: got end of sse data input
2025-02-19T20:36:48Z E! [] Requesting data of subscription 0 failed: got end of sse data input
2025-02-19T20:36:48Z E! [] Requesting data of subscription 0 failed: got end of sse data input
2025-02-19T20:36:48Z E! [] Requesting data of subscription 0 failed: got end of sse data input
2025-02-19T20:36:48Z E! [] Requesting data of subscription 0 failed: got end of sse data input
2025-02-19T20:36:48Z E! [] Requesting data of subscription 0 failed: got end of sse data input
2025-02-19T20:36:48Z E! [] Requesting data of subscription 0 failed: got end of sse data input
2025-02-19T20:36:48Z E! [] Requesting data of subscription 0 failed: got end of sse data input
2025-02-19T20:36:48Z E! [] Requesting data of subscription 0 failed: got end of sse data input
2025-02-19T20:36:48Z E! [] Requesting data of subscription 0 failed: got end of sse data input
2025-02-19T20:36:48Z E! [] Requesting data of subscription 0 failed: got end of sse data input
2025-02-19T20:36:48Z E! [] Requesting data of subscription 0 failed: got end of sse data input
2025-02-19T20:36:48Z E! [] Requesting data of subscription 0 failed: got end of sse data input
2025-02-19T20:36:48Z E! [] Requesting data of subscription 0 failed: got end of sse data input
2025-02-19T20:36:48Z E! [] Requesting data of subscription 0 failed: got end of sse data input
2025-02-19T20:36:48Z E! [] Requesting data of subscription 0 failed: got end of sse data input
2025-02-19T20:36:48Z E! [] Requesting data of subscription 0 failed: got end of sse data input
2025-02-19T20:36:48Z E! [] Requesting data of subscription 0 failed: got end of sse data input
2025-02-19T20:36:48Z E! [] Requesting data of subscription 0 failed: got end of sse data input
2025-02-19T20:36:48Z E! [] Requesting data of subscription 0 failed: got end of sse data input
2025-02-19T20:36:48Z E! [] Requesting data of subscription 0 failed: got end of sse data input
2025-02-19T20:36:48Z E! [] Requesting data of subscription 0 failed: got end of sse data input
2025-02-19T20:36:48Z E! [] Requesting data of subscription 0 failed: got end of sse data input
2025-02-19T20:36:48Z E! [] Requesting data of subscription 0 failed: got end of sse data input
2025-02-19T20:36:48Z E! [] Requesting data of subscription 0 failed: got end of sse data input
2025-02-19T20:36:48Z E! [] Requesting data of subscription 0 failed: got end of sse data input
2025-02-19T20:36:48Z E! [] Requesting data of subscription 0 failed: got end of sse data input
2025-02-19T20:36:48Z E! [] Requesting data of subscription 0 failed: got end of sse data input
2025-02-19T20:36:48Z E! [] Requesting data of subscription 0 failed: got end of sse data input
2025-02-19T20:36:48Z E! [] Requesting data of subscription 0 failed: got end of sse data input
2025-02-19T20:36:48Z E! [] Requesting data of subscription 0 failed: got end of sse data input
2025-02-19T20:36:48Z E! [] Requesting data of subscription 0 failed: got end of sse data input
2025-02-19T20:36:48Z E! [] Requesting data of subscription 0 failed: got end of sse data input
2025-02-19T20:36:48Z E! [] Requesting data of subscription 0 failed: got end of sse data input
2025-02-19T20:36:48Z E! [] Requesting data of subscription 0 failed: got end of sse data input
2025-02-19T20:36:48Z E! [] Requesting data of subscription 0 failed: got end of sse data input
2025-02-19T20:36:48Z E! [] Requesting data of subscription 0 failed: got end of sse data input
2025-02-19T20:36:48Z E! [] Requesting data of subscription 0 failed: got end of sse data input
2025-02-19T20:36:48Z E! [] Requesting data of subscription 0 failed: got end of sse data input
2025-02-19T20:36:48Z E! [] Requesting data of subscription 0 failed: got end of sse data input
2025-02-19T20:36:48Z E! [] Requesting data of subscription 0 failed: got end of sse data input
2025-02-19T20:36:48Z E! [] Requesting data of subscription 0 failed: got end of sse data input
2025-02-19T20:36:48Z E! [] Requesting data of subscription 0 failed: got end of sse data input
2025-02-19T20:36:48Z E! [] Requesting data of subscription 0 failed: got end of sse data input
2025-02-19T20:36:48Z E! [] Requesting data of subscription 0 failed: got end of sse data input
2025-02-19T20:36:48Z E! [] Requesting data of subscription 0 failed: got end of sse data input
2025-02-19T20:36:48Z E! [] Requesting data of subscription 0 failed: got end of sse data input
2025-02-19T20:36:48Z E! [] Requesting data of subscription 0 failed: got end of sse data input
2025-02-19T20:36:48Z E! [] Requesting data of subscription 0 failed: got end of sse data input
2025-02-19T20:36:48Z E! [] Requesting data of subscription 0 failed: got end of sse data input
2025-02-19T20:36:48Z E! [] Requesting data of subscription 0 failed: got end of sse data input
2025-02-19T20:36:48Z E! [] Requesting data of subscription 0 failed: got end of sse data input
2025-02-19T20:36:48Z E! [] Requesting data of subscription 0 failed: got end of sse data input
2025-02-19T20:36:48Z E! [] Requesting data of subscription 0 failed: got end of sse data input
2025-02-19T20:36:48Z E! [] Requesting data of subscription 0 failed: got end of sse data input
2025-02-19T20:36:48Z E! [] Requesting data of subscription 0 failed: got end of sse data input
2025-02-19T20:36:48Z E! [] Requesting data of subscription 0 failed: got end of sse data input
2025-02-19T20:36:48Z E! [] Requesting data of subscription 0 failed: got end of sse data input
2025-02-19T20:36:48Z E! [] Requesting data of subscription 0 failed: got end of sse data input
2025-02-19T20:36:48Z E! [] Requesting data of subscription 0 failed: got end of sse data input
2025-02-19T20:36:48Z E! [] Requesting data of subscription 0 failed: got end of sse data input
2025-02-19T20:36:48Z E! [] Requesting data of subscription 0 failed: got end of sse data input
2025-02-19T20:36:48Z E! [] Requesting data of subscription 0 failed: got end of sse data input
2025-02-19T20:36:48Z E! [] Requesting data of subscription 0 failed: got end of sse data input
2025-02-19T20:36:48Z E! [] Requesting data of subscription 0 failed: got end of sse data input
2025-02-19T20:36:48Z E! [] Requesting data of subscription 0 failed: got end of sse data input
2025-02-19T20:36:48Z E! [] Requesting data of subscription 0 failed: got end of sse data input
2025-02-19T20:36:48Z E! [] Requesting data of subscription 0 failed: got end of sse data input
2025-02-19T20:36:48Z E! [] Requesting data of subscription 0 failed: got end of sse data input
2025-02-19T20:36:48Z E! [] Requesting data of subscription 0 failed: got end of sse data input
2025-02-19T20:36:48Z E! [] Requesting data of subscription 0 failed: got end of sse data input
2025-02-19T20:36:48Z E! [] Requesting data of subscription 0 failed: got end of sse data input
2025-02-19T20:36:48Z E! [] Requesting data of subscription 0 failed: got end of sse data input
2025-02-19T20:36:48Z E! [] Requesting data of subscription 0 failed: got end of sse data input
2025-02-19T20:36:48Z E! [] Requesting data of subscription 0 failed: got end of sse data input
2025-02-19T20:36:48Z E! [] Requesting data of subscription 0 failed: got end of sse data input
2025-02-19T20:36:48Z E! [] Requesting data of subscription 0 failed: got end of sse data input
2025-02-19T20:36:48Z E! [] Requesting data of subscription 0 failed: got end of sse data input
2025-02-19T20:36:48Z E! [] Requesting data of subscription 0 failed: got end of sse data input
2025-02-19T20:36:48Z E! [] Requesting data of subscription 0 failed: got end of sse data input
2025-02-19T20:36:48Z E! [] Requesting data of subscription 0 failed: got end of sse data input
2025-02-19T20:36:48Z E! [] Requesting data of subscription 0 failed: got end of sse data input
2025-02-19T20:36:48Z E! [] Requesting data of subscription 0 failed: got end of sse data input
2025-02-19T20:36:48Z E! [] Requesting data of subscription 0 failed: got end of sse data input
2025-02-19T20:36:48Z E! [] Requesting data of subscription 0 failed: got end of sse data input
2025-02-19T20:36:48Z E! [] Requesting data of subscription 0 failed: got end of sse data input
2025-02-19T20:36:48Z E! [] Requesting data of subscription 0 failed: got end of sse data input
2025-02-19T20:36:48Z E! [] Requesting data of subscription 0 failed: got end of sse data input
2025-02-19T20:36:48Z E! [] Requesting data of subscription 0 failed: got end of sse data input
2025-02-19T20:36:48Z E! [] Requesting data of subscription 0 failed: got end of sse data input
2025-02-19T20:36:48Z E! [] Requesting data of subscription 0 failed: got end of sse data input
2025-02-19T20:36:48Z E! [] Requesting data of subscription 0 failed: got end of sse data input
2025-02-19T20:36:48Z E! [] Requesting data of subscription 0 failed: got end of sse data input
2025-02-19T20:36:48Z E! [] Requesting data of subscription 0 failed: got end of sse data input
2025-02-19T20:36:48Z E! [] Requesting data of subscription 0 failed: got end of sse data input
2025-02-19T20:36:48Z E! [] Requesting data of subscription 0 failed: got end of sse data input
2025-02-19T20:36:48Z E! [] Requesting data of subscription 0 failed: got end of sse data input
2025-02-19T20:36:48Z E! [] Requesting data of subscription 0 failed: got end of sse data input
2025-02-19T20:36:48Z E! [] Requesting data of subscription 0 failed: got end of sse data input
2025-02-19T20:36:48Z E! [] Requesting data of subscription 0 failed: got end of sse data input
2025-02-19T20:36:48Z E! [] Requesting data of subscription 0 failed: got end of sse data input
2025-02-19T20:36:48Z E! [] Requesting data of subscription 0 failed: got end of sse data input
2025-02-19T20:36:48Z E! [] Requesting data of subscription 0 failed: got end of sse data input
2025-02-19T20:36:48Z E! [] Requesting data of subscription 0 failed: got end of sse data input
2025-02-19T20:36:48Z E! [] Requesting data of subscription 0 failed: got end of sse data input
2025-02-19T20:36:48Z E! [] Requesting data of subscription 0 failed: got end of sse data input
2025-02-19T20:36:48Z E! [] Requesting data of subscription 0 failed: got end of sse data input
2025-02-19T20:36:48Z E! [] Requesting data of subscription 0 failed: got end of sse data input
2025-02-19T20:36:48Z E! [] Requesting data of subscription 0 failed: got end of sse data input
2025-02-19T20:36:48Z E! [] Requesting data of subscription 0 failed: got end of sse data input
2025-02-19T20:36:48Z E! [] Requesting data of subscription 0 failed: got end of sse data input
2025-02-19T20:36:48Z E! [] Requesting data of subscription 0 failed: got end of sse data input
2025-02-19T20:36:48Z E! [] Requesting data of subscription 0 failed: got end of sse data input
2025-02-19T20:36:48Z E! [] Requesting data of subscription 0 failed: got end of sse data input
2025-02-19T20:36:48Z E! [] Requesting data of subscription 0 failed: got end of sse data input
2025-02-19T20:36:48Z E! [] Requesting data of subscription 0 failed: got end of sse data input
2025-02-19T20:36:48Z E! [] Requesting data of subscription 0 failed: got end of sse data input
2025-02-19T20:36:48Z E! [] Requesting data of subscription 0 failed: got end of sse data input
2025-02-19T20:36:48Z E! [] Requesting data of subscription 0 failed: got end of sse data input
2025-02-19T20:36:48Z E! [] Requesting data of subscription 0 failed: got end of sse data input
2025-02-19T20:36:48Z E! [] Requesting data of subscription 0 failed: got end of sse data input
2025-02-19T20:36:48Z E! [] Requesting data of subscription 0 failed: got end of sse data input
2025-02-19T20:36:48Z E! [] Requesting data of subscription 0 failed: got end of sse data input
2025-02-19T20:36:48Z E! [] Requesting data of subscription 0 failed: got end of sse data input
2025-02-19T20:36:48Z E! [] Requesting data of subscription 0 failed: got end of sse data input
2025-02-19T20:36:48Z E! [] Requesting data of subscription 0 failed: got end of sse data input
2025-02-19T20:36:48Z E! [] Requesting data of subscription 0 failed: got end of sse data input
2025-02-19T20:36:48Z E! [] Requesting data of subscription 0 failed: got end of sse data input
2025-02-19T20:36:48Z E! [] Requesting data of subscription 0 failed: got end of sse data input
2025-02-19T20:36:48Z E! [] Requesting data of subscription 0 failed: got end of sse data input
2025-02-19T20:36:48Z E! [] Requesting data of subscription 0 failed: got end of sse data input
2025-02-19T20:36:48Z E! [] Requesting data of subscription 0 failed: got end of sse data input
2025-02-19T20:36:48Z E! [] Requesting data of subscription 0 failed: got end of sse data input
2025-02-19T20:36:48Z E! [] Requesting data of subscription 0 failed: got end of sse data input
2025-02-19T20:36:48Z E! [] Requesting data of subscription 0 failed: got end of sse data input
2025-02-19T20:36:48Z E! [] Requesting data of subscription 0 failed: got end of sse data input
2025-02-19T20:36:48Z E! [] Requesting data of subscription 0 failed: got end of sse data input
2025-02-19T20:36:48Z E! [] Requesting data of subscription 0 failed: got end of sse data input
2025-02-19T20:36:48Z E! [] Requesting data of subscription 0 failed: got end of sse data input
2025-02-19T20:36:48Z E! [] Requesting data of subscription 0 failed: got end of sse data input
2025-02-19T20:36:48Z E! [] Requesting data of subscription 0 failed: got end of sse data input
2025-02-19T20:36:48Z E! [] Requesting data of subscription 0 failed: got end of sse data input
2025-02-19T20:36:48Z E! [] Requesting data of subscription 0 failed: got end of sse data input
2025-02-19T20:36:48Z E! [] Requesting data of subscription 0 failed: got end of sse data input
2025-02-19T20:36:48Z E! [] Requesting data of subscription 0 failed: got end of sse data input
2025-02-19T20:36:48Z E! [] Requesting data of subscription 0 failed: got end of sse data input
2025-02-19T20:36:48Z E! [] Requesting data of subscription 0 failed: got end of sse data input
2025-02-19T20:36:48Z E! [] Requesting data of subscription 0 failed: got end of sse data input
2025-02-19T20:36:48Z E! [] Requesting data of subscription 0 failed: got end of sse data input
2025-02-19T20:36:48Z E! [] Requesting data of subscription 0 failed: got end of sse data input
2025-02-19T20:36:48Z E! [] Requesting data of subscription 0 failed: got end of sse data input
2025-02-19T20:36:48Z E! [] Requesting data of subscription 0 failed: got end of sse data input
2025-02-19T20:36:48Z E! [] Requesting data of subscription 0 failed: got end of sse data input
2025-02-19T20:36:48Z E! [] Requesting data of subscription 0 failed: got end of sse data input
2025-02-19T20:36:48Z E! [] Requesting data of subscription 0 failed: got end of sse data input
2025-02-19T20:36:48Z E! [] Requesting data of subscription 0 failed: got end of sse data input
2025-02-19T20:36:48Z E! [] Requesting data of subscription 0 failed: got end of sse data input
2025-02-19T20:36:48Z E! [] Requesting data of subscription 0 failed: got end of sse data input
2025-02-19T20:36:48Z E! [] Requesting data of subscription 0 failed: got end of sse data input
2025-02-19T20:36:48Z E! [] Requesting data of subscription 0 failed: got end of sse data input
2025-02-19T20:36:48Z E! [] Requesting data of subscription 0 failed: got end of sse data input
2025-02-19T20:36:48Z E! [] Requesting data of subscription 0 failed: got end of sse data input
2025-02-19T20:36:48Z E! [] Requesting data of subscription 0 failed: got end of sse data input
2025-02-19T20:36:48Z E! [] Requesting data of subscription 0 failed: got end of sse data input
2025-02-19T20:36:48Z E! [] Requesting data of subscription 0 failed: got end of sse data input
2025-02-19T20:36:48Z E! [] Requesting data of subscription 0 failed: got end of sse data input
2025-02-19T20:36:48Z E! [] Requesting data of subscription 0 failed: got end of sse data input
2025-02-19T20:36:48Z E! [] Requesting data of subscription 0 failed: got end of sse data input
2025-02-19T20:36:48Z E! [] Requesting data of subscription 0 failed: got end of sse data input
2025-02-19T20:36:48Z E! [] Requesting data of subscription 0 failed: got end of sse data input
2025-02-19T20:36:48Z E! [] Requesting data of subscription 0 failed: got end of sse data input
2025-02-19T20:36:48Z E! [] Requesting data of subscription 0 failed: got end of sse data input
2025-02-19T20:36:48Z E! [] Requesting data of subscription 0 failed: got end of sse data input
2025-02-19T20:36:48Z E! [] Requesting data of subscription 0 failed: got end of sse data input
2025-02-19T20:36:48Z E! [] Requesting data of subscription 0 failed: got end of sse data input
2025-02-19T20:36:48Z E! [] Requesting data of subscription 0 failed: got end of sse data input
2025-02-19T20:36:48Z E! [] Requesting data of subscription 0 failed: got end of sse data input
2025-02-19T20:36:48Z E! [] Requesting data of subscription 0 failed: got end of sse data input
2025-02-19T20:36:48Z E! [] Requesting data of subscription 0 failed: got end of sse data input
2025-02-19T20:36:48Z E! [] Requesting data of subscription 0 failed: got end of sse data input
2025-02-19T20:36:48Z E! [] Requesting data of subscription 0 failed: got end of sse data input
2025-02-19T20:36:48Z E! [] Requesting data of subscription 0 failed: got end of sse data input
2025-02-19T20:36:48Z E! [] Requesting data of subscription 0 failed: got end of sse data input
2025-02-19T20:36:48Z E! [] Requesting data of subscription 0 failed: got end of sse data input
2025-02-19T20:36:48Z E! [] Requesting data of subscription 0 failed: got end of sse data input
2025-02-19T20:36:48Z E! [] Requesting data of subscription 0 failed: got end of sse data input
2025-02-19T20:36:48Z E! [] Requesting data of subscription 0 failed: got end of sse data input
2025-02-19T20:36:48Z E! [] Requesting data of subscription 0 failed: got end of sse data input
2025-02-19T20:36:48Z E! [] Requesting data of subscription 0 failed: got end of sse data input
2025-02-19T20:36:48Z E! [] Requesting data of subscription 0 failed: got end of sse data input
2025-02-19T20:36:48Z E! [] Requesting data of subscription 0 failed: got end of sse data input
2025-02-19T20:36:48Z E! [] Requesting data of subscription 0 failed: got end of sse data input
2025-02-19T20:36:48Z E! [] Requesting data of subscription 0 failed: got end of sse data input
2025-02-19T20:36:48Z E! [] Requesting data of subscription 0 failed: got end of sse data input
2025-02-19T20:36:48Z E! [] Requesting data of subscription 0 failed: got end of sse data input
2025-02-19T20:36:48Z E! [] Requesting data of subscription 0 failed: got end of sse data input
2025-02-19T20:36:48Z E! [] Requesting data of subscription 0 failed: got end of sse data input
2025-02-19T20:36:48Z E! [] Requesting data of subscription 0 failed: got end of sse data input
2025-02-19T20:36:48Z E! [] Requesting data of subscription 0 failed: got end of sse data input
2025-02-19T20:36:48Z E! [] Requesting data of subscription 0 failed: got end of sse data input
2025-02-19T20:36:48Z E! [] Requesting data of subscription 0 failed: got end of sse data input
2025-02-19T20:36:48Z E! [] Requesting data of subscription 0 failed: got end of sse data input
2025-02-19T20:36:48Z E! [] Requesting data of subscription 0 failed: got end of sse data input
2025-02-19T20:36:48Z E! [] Requesting data of subscription 0 failed: got end of sse data input
2025-02-19T20:36:48Z E! [] Requesting data of subscription 0 failed: got end of sse data input
2025-02-19T20:36:48Z E! [] Requesting data of subscription 0 failed: got end of sse data input
2025-02-19T20:36:48Z E! [] Requesting data of subscription 0 failed: got end of sse data input
2025-02-19T20:36:48Z E! [] Requesting data of subscription 0 failed: got end of sse data input
2025-02-19T20:36:48Z E! [] Requesting data of subscription 0 failed: got end of sse data input
2025-02-19T20:36:48Z E! [] Requesting data of subscription 0 failed: got end of sse data input
2025-02-19T20:36:48Z E! [] Requesting data of subscription 0 failed: got end of sse data input
2025-02-19T20:36:48Z E! [] Requesting data of subscription 0 failed: got end of sse data input
2025-02-19T20:36:48Z E! [] Requesting data of subscription 0 failed: got end of sse data input
2025-02-19T20:36:48Z E! [] Requesting data of subscription 0 failed: got end of sse data input
2025-02-19T20:36:48Z E! [] Requesting data of subscription 0 failed: got end of sse data input
2025-02-19T20:36:48Z E! [] Requesting data of subscription 0 failed: got end of sse data input
2025-02-19T20:36:48Z E! [] Requesting data of subscription 0 failed: got end of sse data input
2025-02-19T20:36:48Z E! [] Requesting data of subscription 0 failed: got end of sse data input
2025-02-19T20:36:48Z E! [] Requesting data of subscription 0 failed: got end of sse data input
2025-02-19T20:36:48Z E! [] Requesting data of subscription 0 failed: got end of sse data input
2025-02-19T20:36:48Z E! [] Requesting data of subscription 0 failed: got end of sse data input
2025-02-19T20:36:48Z E! [] Requesting data of subscription 0 failed: got end of sse data input
2025-02-19T20:36:48Z E! [] Requesting data of subscription 0 failed: got end of sse data input
2025-02-19T20:36:48Z E! [] Requesting data of subscription 0 failed: got end of sse data input
2025-02-19T20:36:48Z E! [] Requesting data of subscription 0 failed: got end of sse data input
2025-02-19T20:36:48Z E! [] Requesting data of subscription 0 failed: got end of sse data input
2025-02-19T20:36:48Z E! [] Requesting data of subscription 0 failed: got end of sse data input
2025-02-19T20:36:48Z E! [] Requesting data of subscription 0 failed: got end of sse data input
2025-02-19T20:36:48Z E! [] Requesting data of subscription 0 failed: got end of sse data input
2025-02-19T20:36:48Z E! [] Requesting data of subscription 0 failed: got end of sse data input
2025-02-19T20:36:48Z E! [] Requesting data of subscription 0 failed: got end of sse data input
2025-02-19T20:36:48Z E! [] Requesting data of subscription 0 failed: got end of sse data input
2025-02-19T20:36:48Z E! [] Requesting data of subscription 0 failed: got end of sse data input
2025-02-19T20:36:48Z E! [] Requesting data of subscription 0 failed: got end of sse data input
2025-02-19T20:36:48Z E! [] Requesting data of subscription 0 failed: got end of sse data input
2025-02-19T20:36:48Z E! [] Requesting data of subscription 0 failed: got end of sse data input
2025-02-19T20:36:48Z E! [] Requesting data of subscription 0 failed: got end of sse data input
2025-02-19T20:36:48Z E! [] Requesting data of subscription 0 failed: got end of sse data input
2025-02-19T20:36:48Z E! [] Requesting data of subscription 0 failed: got end of sse data input
2025-02-19T20:36:48Z E! [] Requesting data of subscription 0 failed: got end of sse data input
2025-02-19T20:36:48Z E! [] Requesting data of subscription 0 failed: got end of sse data input
2025-02-19T20:36:48Z E! [] Requesting data of subscription 0 failed: got end of sse data input
2025-02-19T20:36:48Z E! [] Requesting data of subscription 0 failed: got end of sse data input
2025-02-19T20:36:48Z E! [] Requesting data of subscription 0 failed: got end of sse data input
2025-02-19T20:36:48Z E! [] Requesting data of subscription 0 failed: got end of sse data input
2025-02-19T20:36:48Z E! [] Requesting data of subscription 0 failed: got end of sse data input
2025-02-19T20:36:48Z E! [] Requesting data of subscription 0 failed: got end of sse data input
2025-02-19T20:36:48Z E! [] Requesting data of subscription 0 failed: got end of sse data input
2025-02-19T20:36:48Z E! [] Requesting data of subscription 0 failed: got end of sse data input
2025-02-19T20:36:48Z E! [] Requesting data of subscription 0 failed: got end of sse data input
2025-02-19T20:36:48Z E! [] Requesting data of subscription 0 failed: got end of sse data input
2025-02-19T20:36:48Z E! [] Requesting data of subscription 0 failed: got end of sse data input
2025-02-19T20:36:48Z E! [] Requesting data of subscription 0 failed: got end of sse data input
2025-02-19T20:36:48Z E! [] Requesting data of subscription 0 failed: got end of sse data input
2025-02-19T20:36:48Z E! [] Requesting data of subscription 0 failed: got end of sse data input
2025-02-19T20:36:48Z E! [] Requesting data of subscription 0 failed: got end of sse data input
2025-02-19T20:36:48Z E! [] Requesting data of subscription 0 failed: got end of sse data input
2025-02-19T20:36:48Z E! [] Requesting data of subscription 0 failed: got end of sse data input
2025-02-19T20:36:48Z E! [] Requesting data of subscription 0 failed: got end of sse data input
2025-02-19T20:36:48Z E! [] Requesting data of subscription 0 failed: got end of sse data input
2025-02-19T20:36:48Z E! [] Requesting data of subscription 0 failed: got end of sse data input
2025-02-19T20:36:48Z E! [] Requesting data of subscription 0 failed: got end of sse data input
2025-02-19T20:36:48Z E! [] Requesting data of subscription 0 failed: got end of sse data input
2025-02-19T20:36:48Z E! [] Requesting data of subscription 0 failed: got end of sse data input
2025-02-19T20:36:48Z E! [] Requesting data of subscription 0 failed: got end of sse data input
2025-02-19T20:36:48Z E! [] Requesting data of subscription 0 failed: got end of sse data input
2025-02-19T20:36:48Z E! [] Requesting data of subscription 0 failed: got end of sse data input
2025-02-19T20:36:48Z E! [] Requesting data of subscription 0 failed: got end of sse data input
2025-02-19T20:36:48Z E! [] Requesting data of subscription 0 failed: got end of sse data input
2025-02-19T20:36:48Z E! [] Requesting data of subscription 0 failed: got end of sse data input
2025-02-19T20:36:48Z E! [] Requesting data of subscription 0 failed: got end of sse data input
2025-02-19T20:36:48Z E! [] Requesting data of subscription 0 failed: got end of sse data input
2025-02-19T20:36:48Z E! [] Requesting data of subscription 0 failed: got end of sse data input
2025-02-19T20:36:48Z E! [] Requesting data of subscription 0 failed: got end of sse data input
2025-02-19T20:36:48Z E! [] Requesting data of subscription 0 failed: got end of sse data input
2025-02-19T20:36:48Z E! [] Requesting data of subscription 0 failed: got end of sse data input
2025-02-19T20:36:48Z E! [] Requesting data of subscription 0 failed: got end of sse data input
2025-02-19T20:36:48Z E! [] Requesting data of subscription 0 failed: got end of sse data input
2025-02-19T20:36:48Z E! [] Requesting data of subscription 0 failed: got end of sse data input
2025-02-19T20:36:48Z E! [] Requesting data of subscription 0 failed: got end of sse data input
2025-02-19T20:36:48Z E! [] Requesting data of subscription 0 failed: got end of sse data input
2025-02-19T20:36:48Z E! [] Requesting data of subscription 0 failed: got end of sse data input
2025-02-19T20:36:48Z E! [] Requesting data of subscription 0 failed: got end of sse data input
2025-02-19T20:36:48Z E! [] Requesting data of subscription 0 failed: got end of sse data input
2025-02-19T20:36:48Z E! [] Requesting data of subscription 0 failed: got end of sse data input
2025-02-19T20:36:48Z E! [] Requesting data of subscription 0 failed: got end of sse data input
2025-02-19T20:36:48Z E! [] Requesting data of subscription 0 failed: got end of sse data input
2025-02-19T20:36:48Z E! [] Requesting data of subscription 0 failed: got end of sse data input
2025-02-19T20:36:48Z E! [] Requesting data of subscription 0 failed: got end of sse data input
2025-02-19T20:36:48Z E! [] Requesting data of subscription 0 failed: got end of sse data input
2025-02-19T20:36:48Z E! [] Requesting data of subscription 0 failed: got end of sse data input
2025-02-19T20:36:48Z E! [] Requesting data of subscription 0 failed: got end of sse data input
2025-02-19T20:36:48Z E! [] Requesting data of subscription 0 failed: got end of sse data input
2025-02-19T20:36:48Z E! [] Requesting data of subscription 0 failed: got end of sse data input
2025-02-19T20:36:48Z E! [] Requesting data of subscription 0 failed: got end of sse data input
2025-02-19T20:36:48Z E! [] Requesting data of subscription 0 failed: got end of sse data input
2025-02-19T20:36:48Z E! [] Requesting data of subscription 0 failed: got end of sse data input
2025-02-19T20:36:48Z E! [] Requesting data of subscription 0 failed: got end of sse data input
2025-02-19T20:36:48Z E! [] Requesting data of subscription 0 failed: got end of sse data input
2025-02-19T20:36:48Z E! [] Requesting data of subscription 0 failed: got end of sse data input
2025-02-19T20:36:48Z E! [] Requesting data of subscription 0 failed: got end of sse data input
2025-02-19T20:36:48Z E! [] Requesting data of subscription 0 failed: got end of sse data input
2025-02-19T20:36:48Z E! [] Requesting data of subscription 0 failed: got end of sse data input
2025-02-19T20:36:48Z E! [] Requesting data of subscription 0 failed: got end of sse data input
2025-02-19T20:36:48Z E! [] Requesting data of subscription 0 failed: got end of sse data input
2025-02-19T20:36:48Z E! [] Requesting data of subscription 0 failed: got end of sse data input
2025-02-19T20:36:48Z E! [] Requesting data of subscription 0 failed: got end of sse data input
2025-02-19T20:36:48Z E! [] Requesting data of subscription 0 failed: got end of sse data input
2025-02-19T20:36:48Z E! [] Requesting data of subscription 0 failed: got end of sse data input
2025-02-19T20:36:48Z E! [] Requesting data of subscription 0 failed: got end of sse data input
2025-02-19T20:36:48Z E! [] Requesting data of subscription 0 failed: got end of sse data input
2025-02-19T20:36:48Z E! [] Requesting data of subscription 0 failed: got end of sse data input
2025-02-19T20:36:48Z E! [] Requesting data of subscription 0 failed: got end of sse data input
2025-02-19T20:36:48Z E! [] Requesting data of subscription 0 failed: got end of sse data input
2025-02-19T20:36:48Z E! [] Requesting data of subscription 0 failed: got end of sse data input
2025-02-19T20:36:48Z E! [] Requesting data of subscription 0 failed: got end of sse data input
2025-02-19T20:36:48Z E! [] Requesting data of subscription 0 failed: got end of sse data input
2025-02-19T20:36:48Z E! [] Requesting data of subscription 0 failed: got end of sse data input
2025-02-19T20:36:48Z E! [] Requesting data of subscription 0 failed: got end of sse data input
2025-02-19T20:36:48Z E! [] Requesting data of subscription 0 failed: got end of sse data input
2025-02-19T20:36:48Z E! [] Requesting data of subscription 0 failed: got end of sse data input
2025-02-19T20:36:48Z E! [] Requesting data of subscription 0 failed: got end of sse data input
2025-02-19T20:36:48Z E! [] Requesting data of subscription 0 failed: got end of sse data input
2025-02-19T20:36:48Z E! [] Requesting data of subscription 0 failed: got end of sse data input
2025-02-19T20:36:48Z E! [] Requesting data of subscription 0 failed: got end of sse data input
2025-02-19T20:36:48Z E! [] Requesting data of subscription 0 failed: got end of sse data input
2025-02-19T20:36:48Z E! [] Requesting data of subscription 0 failed: got end of sse data input
2025-02-19T20:36:48Z E! [] Requesting data of subscription 0 failed: got end of sse data input
2025-02-19T20:36:48Z E! [] Requesting data of subscription 0 failed: got end of sse data input
2025-02-19T20:36:48Z E! [] Requesting data of subscription 0 failed: got end of sse data input
2025-02-19T20:36:48Z E! [] Requesting data of subscription 0 failed: got end of sse data input
2025-02-19T20:36:48Z E! [] Requesting data of subscription 0 failed: got end of sse data input
2025-02-19T20:36:48Z E! [] Requesting data of subscription 0 failed: got end of sse data input
2025-02-19T20:36:48Z E! [] Requesting data of subscription 0 failed: got end of sse data input
2025-02-19T20:36:48Z E! [] Requesting data of subscription 0 failed: got end of sse data input
2025-02-19T20:36:48Z E! [] Requesting data of subscription 0 failed: got end of sse data input
2025-02-19T20:36:48Z E! [] Requesting data of subscription 0 failed: got end of sse data input
2025-02-19T20:36:48Z E! [] Requesting data of subscription 0 failed: got end of sse data input
2025-02-19T20:36:48Z E! [] Requesting data of subscription 0 failed: got end of sse data input
2025-02-19T20:36:48Z E! [] Requesting data of subscription 0 failed: got end of sse data input
2025-02-19T20:36:48Z E! [] Requesting data of subscription 0 failed: got end of sse data input
2025-02-19T20:36:48Z E! [] Requesting data of subscription 0 failed: got end of sse data input
2025-02-19T20:36:48Z E! [] Requesting data of subscription 0 failed: got end of sse data input
2025-02-19T20:36:48Z E! [] Requesting data of subscription 0 failed: got end of sse data input
2025-02-19T20:36:48Z E! [] Requesting data of subscription 0 failed: got end of sse data input
2025-02-19T20:36:48Z E! [] Requesting data of subscription 0 failed: got end of sse data input
2025-02-19T20:36:48Z E! [] Requesting data of subscription 0 failed: got end of sse data input
2025-02-19T20:36:48Z E! [] Requesting data of subscription 0 failed: got end of sse data input
2025-02-19T20:36:48Z E! [] Requesting data of subscription 0 failed: got end of sse data input
2025-02-19T20:36:48Z E! [] Requesting data of subscription 0 failed: got end of sse data input
2025-02-19T20:36:48Z E! [] Requesting data of subscription 0 failed: got end of sse data input
2025-02-19T20:36:48Z E! [] Requesting data of subscription 0 failed: got end of sse data input
2025-02-19T20:36:48Z E! [] Requesting data of subscription 0 failed: got end of sse data input
2025-02-19T20:36:48Z E! [] Requesting data of subscription 0 failed: got end of sse data input
2025-02-19T20:36:48Z E! [] Requesting data of subscription 0 failed: got end of sse data input
2025-02-19T20:36:48Z E! [] Requesting data of subscription 0 failed: got end of sse data input
2025-02-19T20:36:48Z E! [] Requesting data of subscription 0 failed: got end of sse data input
2025-02-19T20:36:48Z E! [] Requesting data of subscription 0 failed: got end of sse data input
2025-02-19T20:36:48Z E! [] Requesting data of subscription 0 failed: got end of sse data input
2025-02-19T20:36:48Z E! [] Requesting data of subscription 0 failed: got end of sse data input
2025-02-19T20:36:48Z E! [] Requesting data of subscription 0 failed: got end of sse data input
2025-02-19T20:36:48Z E! [] Requesting data of subscription 0 failed: got end of sse data input
2025-02-19T20:36:48Z E! [] Requesting data of subscription 0 failed: got end of sse data input
2025-02-19T20:36:48Z E! [] Requesting data of subscription 0 failed: got end of sse data input
2025-02-19T20:36:48Z E! [] Requesting data of subscription 0 failed: got end of sse data input
2025-02-19T20:36:48Z E! [] Requesting data of subscription 0 failed: got end of sse data input
2025-02-19T20:36:48Z E! [] Requesting data of subscription 0 failed: got end of sse data input
2025-02-19T20:36:48Z E! [] Requesting data of subscription 0 failed: got end of sse data input
2025-02-19T20:36:48Z E! [] Requesting data of subscription 0 failed: got end of sse data input
2025-02-19T20:36:48Z E! [] Requesting data of subscription 0 failed: got end of sse data input
2025-02-19T20:36:48Z E! [] Requesting data of subscription 0 failed: got end of sse data input
2025-02-19T20:36:48Z E! [] Requesting data of subscription 0 failed: got end of sse data input
2025-02-19T20:36:48Z E! [] Requesting data of subscription 0 failed: got end of sse data input
2025-02-19T20:36:48Z E! [] Requesting data of subscription 0 failed: got end of sse data input
2025-02-19T20:36:48Z E! [] Requesting data of subscription 0 failed: got end of sse data input
2025-02-19T20:36:48Z E! [] Requesting data of subscription 0 failed: got end of sse data input
2025-02-19T20:36:48Z E! [] Requesting data of subscription 0 failed: got end of sse data input
2025-02-19T20:36:48Z E! [] Requesting data of subscription 0 failed: got end of sse data input
2025-02-19T20:36:48Z E! [] Requesting data of subscription 0 failed: got end of sse data input
2025-02-19T20:36:48Z E! [] Requesting data of subscription 0 failed: got end of sse data input
2025-02-19T20:36:48Z E! [] Requesting data of subscription 0 failed: got end of sse data input
2025-02-19T20:36:48Z E! [] Requesting data of subscription 0 failed: got end of sse data input
2025-02-19T20:36:48Z E! [] Requesting data of subscription 0 failed: got end of sse data input
2025-02-19T20:36:48Z E! [] Requesting data of subscription 0 failed: got end of sse data input
2025-02-19T20:36:48Z E! [] Requesting data of subscription 0 failed: got end of sse data input
2025-02-19T20:36:48Z E! [] Requesting data of subscription 0 failed: got end of sse data input
2025-02-19T20:36:48Z E! [] Requesting data of subscription 0 failed: got end of sse data input
2025-02-19T20:36:48Z E! [] Requesting data of subscription 0 failed: got end of sse data input
2025-02-19T20:36:48Z E! [] Requesting data of subscription 0 failed: got end of sse data input
2025-02-19T20:36:48Z E! [] Requesting data of subscription 0 failed: got end of sse data input
2025-02-19T20:36:48Z E! [] Requesting data of subscription 0 failed: got end of sse data input
2025-02-19T20:36:48Z E! [] Requesting data of subscription 0 failed: got end of sse data input
2025-02-19T20:36:48Z E! [] Requesting data of subscription 0 failed: got end of sse data input
2025-02-19T20:36:48Z E! [] Requesting data of subscription 0 failed: got end of sse data input
2025-02-19T20:36:48Z E! [] Requesting data of subscription 0 failed: got end of sse data input
2025-02-19T20:36:48Z E! [] Requesting data of subscription 0 failed: got end of sse data input
2025-02-19T20:36:48Z E! [] Requesting data of subscription 0 failed: got end of sse data input
2025-02-19T20:36:48Z E! [] Requesting data of subscription 0 failed: got end of sse data input
2025-02-19T20:36:48Z E! [] Requesting data of subscription 0 failed: got end of sse data input
2025-02-19T20:36:48Z E! [] Requesting data of subscription 0 failed: got end of sse data input
2025-02-19T20:36:48Z E! [] Requesting data of subscription 0 failed: got end of sse data input
2025-02-19T20:36:48Z E! [] Requesting data of subscription 0 failed: got end of sse data input
2025-02-19T20:36:48Z E! [] Requesting data of subscription 0 failed: got end of sse data input
2025-02-19T20:36:48Z E! [] Requesting data of subscription 0 failed: got end of sse data input
2025-02-19T20:36:48Z E! [] Requesting data of subscription 0 failed: got end of sse data input
2025-02-19T20:36:48Z E! [] Requesting data of subscription 0 failed: got end of sse data input
2025-02-19T20:36:48Z E! [] Requesting data of subscription 0 failed: got end of sse data input
2025-02-19T20:36:48Z E! [] Requesting data of subscription 0 failed: got end of sse data input
2025-02-19T20:36:48Z E! [] Requesting data of subscription 0 failed: got end of sse data input
2025-02-19T20:36:48Z E! [] Requesting data of subscription 0 failed: got end of sse data input
2025-02-19T20:36:48Z E! [] Requesting data of subscription 0 failed: got end of sse data input
2025-02-19T20:36:48Z E! [] Requesting data of subscription 0 failed: got end of sse data input
2025-02-19T20:36:48Z E! [] Requesting data of subscription 0 failed: got end of sse data input
2025-02-19T20:36:48Z E! [] Requesting data of subscription 0 failed: got end of sse data input
2025-02-19T20:36:48Z E! [] Requesting data of subscription 0 failed: got end of sse data input
2025-02-19T20:36:48Z E! [] Requesting data of subscription 0 failed: got end of sse data input
2025-02-19T20:36:48Z E! [] Requesting data of subscription 0 failed: got end of sse data input
2025-02-19T20:36:48Z E! [] Requesting data of subscription 0 failed: got end of sse data input
2025-02-19T20:36:48Z E! [] Requesting data of subscription 0 failed: got end of sse data input
2025-02-19T20:36:48Z E! [] Requesting data of subscription 0 failed: got end of sse data input
2025-02-19T20:36:48Z E! [] Requesting data of subscription 0 failed: got end of sse data input
2025-02-19T20:36:48Z E! [] Requesting data of subscription 0 failed: got end of sse data input
2025-02-19T20:36:48Z E! [] Requesting data of subscription 0 failed: got end of sse data input
2025-02-19T20:36:48Z E! [] Requesting data of subscription 0 failed: got end of sse data input
2025-02-19T20:36:48Z E! [] Requesting data of subscription 0 failed: got end of sse data input
2025-02-19T20:36:48Z E! [] Requesting data of subscription 0 failed: got end of sse data input
2025-02-19T20:36:48Z E! [] Requesting data of subscription 0 failed: got end of sse data input
2025-02-19T20:36:48Z E! [] Requesting data of subscription 0 failed: got end of sse data input
2025-02-19T20:36:48Z E! [] Requesting data of subscription 0 failed: got end of sse data input
2025-02-19T20:36:48Z E! [] Requesting data of subscription 0 failed: got end of sse data input
2025-02-19T20:36:48Z E! [] Requesting data of subscription 0 failed: got end of sse data input
2025-02-19T20:36:48Z E! [] Requesting data of subscription 0 failed: got end of sse data input
2025-02-19T20:36:48Z E! [] Requesting data of subscription 0 failed: got end of sse data input
2025-02-19T20:36:48Z E! [] Requesting data of subscription 0 failed: got end of sse data input
2025-02-19T20:36:48Z E! [] Requesting data of subscription 0 failed: got end of sse data input
2025-02-19T20:36:48Z E! [] Requesting data of subscription 0 failed: got end of sse data input
2025-02-19T20:36:48Z E! [] Requesting data of subscription 0 failed: got end of sse data input
2025-02-19T20:36:48Z E! [] Requesting data of subscription 0 failed: got end of sse data input
2025-02-19T20:36:48Z E! [] Requesting data of subscription 0 failed: got end of sse data input
2025-02-19T20:36:48Z E! [] Requesting data of subscription 0 failed: got end of sse data input
2025-02-19T20:36:48Z E! [] Requesting data of subscription 0 failed: got end of sse data input
2025-02-19T20:36:48Z E! [] Requesting data of subscription 0 failed: got end of sse data input
2025-02-19T20:36:48Z E! [] Requesting data of subscription 0 failed: got end of sse data input
2025-02-19T20:36:48Z E! [] Requesting data of subscription 0 failed: got end of sse data input
2025-02-19T20:36:48Z E! [] Requesting data of subscription 0 failed: got end of sse data input
2025-02-19T20:36:48Z E! [] Requesting data of subscription 0 failed: got end of sse data input
2025-02-19T20:36:48Z E! [] Requesting data of subscription 0 failed: got end of sse data input
2025-02-19T20:36:48Z E! [] Requesting data of subscription 0 failed: got end of sse data input
2025-02-19T20:36:48Z E! [] Requesting data of subscription 0 failed: got end of sse data input
2025-02-19T20:36:48Z E! [] Requesting data of subscription 0 failed: got end of sse data input
2025-02-19T20:36:48Z E! [] Requesting data of subscription 0 failed: got end of sse data input
2025-02-19T20:36:48Z E! [] Requesting data of subscription 0 failed: got end of sse data input
2025-02-19T20:36:48Z E! [] Requesting data of subscription 0 failed: got end of sse data input
2025-02-19T20:36:48Z E! [] Requesting data of subscription 0 failed: got end of sse data input
2025-02-19T20:36:48Z E! [] Requesting data of subscription 0 failed: got end of sse data input
2025-02-19T20:36:48Z E! [] Requesting data of subscription 0 failed: got end of sse data input
2025-02-19T20:36:48Z E! [] Requesting data of subscription 0 failed: got end of sse data input
2025-02-19T20:36:48Z E! [] Requesting data of subscription 0 failed: got end of sse data input
2025-02-19T20:36:48Z E! [] Requesting data of subscription 0 failed: got end of sse data input
2025-02-19T20:36:48Z E! [] Requesting data of subscription 0 failed: got end of sse data input
2025-02-19T20:36:48Z E! [] Requesting data of subscription 0 failed: got end of sse data input
2025-02-19T20:36:48Z E! [] Requesting data of subscription 0 failed: got end of sse data input
2025-02-19T20:36:48Z E! [] Requesting data of subscription 0 failed: got end of sse data input
2025-02-19T20:36:48Z E! [] Requesting data of subscription 0 failed: got end of sse data input
2025-02-19T20:36:48Z E! [] Requesting data of subscription 0 failed: got end of sse data input
2025-02-19T20:36:48Z E! [] Requesting data of subscription 0 failed: got end of sse data input
2025-02-19T20:36:48Z E! [] Requesting data of subscription 0 failed: got end of sse data input
2025-02-19T20:36:48Z E! [] Requesting data of subscription 0 failed: got end of sse data input
2025-02-19T20:36:48Z E! [] Requesting data of subscription 0 failed: got end of sse data input
2025-02-19T20:36:48Z E! [] Requesting data of subscription 0 failed: got end of sse data input
2025-02-19T20:36:48Z E! [] Requesting data of subscription 0 failed: got end of sse data input
2025-02-19T20:36:48Z E! [] Requesting data of subscription 0 failed: got end of sse data input
2025-02-19T20:36:48Z E! [] Requesting data of subscription 0 failed: got end of sse data input
2025-02-19T20:36:48Z E! [] Requesting data of subscription 0 failed: got end of sse data input
2025-02-19T20:36:48Z E! [] Requesting data of subscription 0 failed: got end of sse data input
2025-02-19T20:36:48Z E! [] Requesting data of subscription 0 failed: got end of sse data input
2025-02-19T20:36:48Z E! [] Requesting data of subscription 0 failed: got end of sse data input
2025-02-19T20:36:48Z E! [] Requesting data of subscription 0 failed: got end of sse data input
2025-02-19T20:36:48Z E! [] Requesting data of subscription 0 failed: got end of sse data input
2025-02-19T20:36:48Z E! [] Requesting data of subscription 0 failed: got end of sse data input
2025-02-19T20:36:48Z E! [] Requesting data of subscription 0 failed: got end of sse data input
2025-02-19T20:36:48Z E! [] Requesting data of subscription 0 failed: got end of sse data input
2025-02-19T20:36:48Z E! [] Requesting data of subscription 0 failed: got end of sse data input
--- PASS: TestCtrlXMetricsField (1.02s)
=== RUN   TestCtrlXMetricsMulti
2025-02-19T20:36:48Z E! [] Creating sse client to subscription 0: an error occured during request of authorization token: "Post \"http://127.0.0.1:59362/...\": read tcp 127.0.0.1:62596->127.0.0.1:59362: read: connection reset by peer"
2025-02-19T20:36:48Z E! [] Requesting data of subscription 0 failed: got end of sse data input
2025-02-19T20:36:48Z E! [] Requesting data of subscription 0 failed: got end of sse data input
2025-02-19T20:36:48Z E! [] Requesting data of subscription 0 failed: got end of sse data input
2025-02-19T20:36:48Z E! [] Requesting data of subscription 0 failed: got end of sse data input
2025-02-19T20:36:48Z E! [] Requesting data of subscription 0 failed: got end of sse data input
2025-02-19T20:36:48Z E! [] Requesting data of subscription 0 failed: got end of sse data input
2025-02-19T20:36:48Z E! [] Requesting data of subscription 0 failed: got end of sse data input
2025-02-19T20:36:48Z E! [] Requesting data of subscription 0 failed: got end of sse data input
2025-02-19T20:36:48Z E! [] Requesting data of subscription 0 failed: got end of sse data input
2025-02-19T20:36:48Z E! [] Requesting data of subscription 0 failed: got end of sse data input
2025-02-19T20:36:48Z E! [] Requesting data of subscription 0 failed: got end of sse data input
2025-02-19T20:36:48Z E! [] Requesting data of subscription 0 failed: got end of sse data input
2025-02-19T20:36:48Z E! [] Requesting data of subscription 0 failed: got end of sse data input
2025-02-19T20:36:48Z E! [] Requesting data of subscription 0 failed: got end of sse data input
2025-02-19T20:36:48Z E! [] Requesting data of subscription 0 failed: got end of sse data input
2025-02-19T20:36:48Z E! [] Requesting data of subscription 0 failed: got end of sse data input
2025-02-19T20:36:48Z E! [] Requesting data of subscription 0 failed: got end of sse data input
2025-02-19T20:36:48Z E! [] Requesting data of subscription 0 failed: got end of sse data input
2025-02-19T20:36:48Z E! [] Requesting data of subscription 0 failed: got end of sse data input
2025-02-19T20:36:48Z E! [] Requesting data of subscription 0 failed: got end of sse data input
2025-02-19T20:36:48Z E! [] Requesting data of subscription 0 failed: got end of sse data input
2025-02-19T20:36:48Z E! [] Requesting data of subscription 0 failed: got end of sse data input
2025-02-19T20:36:48Z E! [] Requesting data of subscription 0 failed: got end of sse data input
2025-02-19T20:36:48Z E! [] Requesting data of subscription 0 failed: got end of sse data input
2025-02-19T20:36:48Z E! [] Requesting data of subscription 0 failed: got end of sse data input
2025-02-19T20:36:48Z E! [] Requesting data of subscription 0 failed: got end of sse data input
2025-02-19T20:36:48Z E! [] Requesting data of subscription 0 failed: got end of sse data input
2025-02-19T20:36:48Z E! [] Requesting data of subscription 0 failed: got end of sse data input
2025-02-19T20:36:48Z E! [] Requesting data of subscription 0 failed: got end of sse data input
2025-02-19T20:36:48Z E! [] Requesting data of subscription 0 failed: got end of sse data input
2025-02-19T20:36:48Z E! [] Requesting data of subscription 0 failed: got end of sse data input
2025-02-19T20:36:48Z E! [] Requesting data of subscription 0 failed: got end of sse data input
2025-02-19T20:36:48Z E! [] Requesting data of subscription 0 failed: got end of sse data input
2025-02-19T20:36:48Z E! [] Requesting data of subscription 0 failed: got end of sse data input
2025-02-19T20:36:48Z E! [] Requesting data of subscription 0 failed: got end of sse data input
2025-02-19T20:36:48Z E! [] Requesting data of subscription 0 failed: got end of sse data input
2025-02-19T20:36:48Z E! [] Requesting data of subscription 0 failed: got end of sse data input
2025-02-19T20:36:48Z E! [] Requesting data of subscription 0 failed: got end of sse data input
2025-02-19T20:36:48Z E! [] Requesting data of subscription 0 failed: got end of sse data input
2025-02-19T20:36:48Z E! [] Requesting data of subscription 0 failed: got end of sse data input
2025-02-19T20:36:48Z E! [] Requesting data of subscription 0 failed: got end of sse data input
2025-02-19T20:36:48Z E! [] Requesting data of subscription 0 failed: got end of sse data input
2025-02-19T20:36:48Z E! [] Requesting data of subscription 0 failed: got end of sse data input
2025-02-19T20:36:48Z E! [] Requesting data of subscription 0 failed: got end of sse data input
2025-02-19T20:36:48Z E! [] Requesting data of subscription 0 failed: got end of sse data input
2025-02-19T20:36:48Z E! [] Requesting data of subscription 0 failed: got end of sse data input
2025-02-19T20:36:48Z E! [] Requesting data of subscription 0 failed: got end of sse data input
2025-02-19T20:36:48Z E! [] Requesting data of subscription 0 failed: got end of sse data input
2025-02-19T20:36:48Z E! [] Requesting data of subscription 0 failed: got end of sse data input
2025-02-19T20:36:48Z E! [] Requesting data of subscription 0 failed: got end of sse data input
2025-02-19T20:36:48Z E! [] Requesting data of subscription 0 failed: got end of sse data input
2025-02-19T20:36:48Z E! [] Requesting data of subscription 0 failed: got end of sse data input
2025-02-19T20:36:48Z E! [] Requesting data of subscription 0 failed: got end of sse data input
2025-02-19T20:36:48Z E! [] Requesting data of subscription 0 failed: got end of sse data input
2025-02-19T20:36:48Z E! [] Requesting data of subscription 0 failed: got end of sse data input
2025-02-19T20:36:48Z E! [] Requesting data of subscription 0 failed: got end of sse data input
2025-02-19T20:36:48Z E! [] Requesting data of subscription 0 failed: got end of sse data input
2025-02-19T20:36:48Z E! [] Requesting data of subscription 0 failed: got end of sse data input
2025-02-19T20:36:48Z E! [] Requesting data of subscription 0 failed: got end of sse data input
2025-02-19T20:36:48Z E! [] Requesting data of subscription 0 failed: got end of sse data input
2025-02-19T20:36:48Z E! [] Requesting data of subscription 0 failed: got end of sse data input
2025-02-19T20:36:48Z E! [] Requesting data of subscription 0 failed: got end of sse data input
2025-02-19T20:36:48Z E! [] Requesting data of subscription 0 failed: got end of sse data input
2025-02-19T20:36:48Z E! [] Requesting data of subscription 0 failed: got end of sse data input
2025-02-19T20:36:48Z E! [] Requesting data of subscription 0 failed: got end of sse data input
2025-02-19T20:36:48Z E! [] Requesting data of subscription 0 failed: got end of sse data input
2025-02-19T20:36:48Z E! [] Requesting data of subscription 0 failed: got end of sse data input
2025-02-19T20:36:48Z E! [] Requesting data of subscription 0 failed: got end of sse data input
2025-02-19T20:36:48Z E! [] Requesting data of subscription 0 failed: got end of sse data input
2025-02-19T20:36:48Z E! [] Requesting data of subscription 0 failed: got end of sse data input
2025-02-19T20:36:48Z E! [] Requesting data of subscription 0 failed: got end of sse data input
2025-02-19T20:36:48Z E! [] Requesting data of subscription 0 failed: got end of sse data input
2025-02-19T20:36:48Z E! [] Requesting data of subscription 0 failed: got end of sse data input
2025-02-19T20:36:48Z E! [] Requesting data of subscription 0 failed: got end of sse data input
2025-02-19T20:36:48Z E! [] Requesting data of subscription 0 failed: got end of sse data input
2025-02-19T20:36:48Z E! [] Requesting data of subscription 0 failed: got end of sse data input
2025-02-19T20:36:48Z E! [] Requesting data of subscription 0 failed: got end of sse data input
2025-02-19T20:36:48Z E! [] Requesting data of subscription 0 failed: got end of sse data input
2025-02-19T20:36:48Z E! [] Requesting data of subscription 0 failed: got end of sse data input
2025-02-19T20:36:48Z E! [] Requesting data of subscription 0 failed: got end of sse data input
2025-02-19T20:36:48Z E! [] Requesting data of subscription 0 failed: got end of sse data input
2025-02-19T20:36:48Z E! [] Requesting data of subscription 0 failed: got end of sse data input
2025-02-19T20:36:48Z E! [] Requesting data of subscription 0 failed: got end of sse data input
2025-02-19T20:36:48Z E! [] Requesting data of subscription 0 failed: got end of sse data input
2025-02-19T20:36:48Z E! [] Requesting data of subscription 0 failed: got end of sse data input
2025-02-19T20:36:48Z E! [] Requesting data of subscription 0 failed: got end of sse data input
2025-02-19T20:36:48Z E! [] Requesting data of subscription 0 failed: got end of sse data input
2025-02-19T20:36:48Z E! [] Requesting data of subscription 0 failed: got end of sse data input
2025-02-19T20:36:48Z E! [] Requesting data of subscription 0 failed: got end of sse data input
2025-02-19T20:36:48Z E! [] Requesting data of subscription 0 failed: got end of sse data input
2025-02-19T20:36:48Z E! [] Requesting data of subscription 0 failed: got end of sse data input
2025-02-19T20:36:48Z E! [] Requesting data of subscription 0 failed: got end of sse data input
2025-02-19T20:36:48Z E! [] Requesting data of subscription 0 failed: got end of sse data input
2025-02-19T20:36:48Z E! [] Requesting data of subscription 0 failed: got end of sse data input
2025-02-19T20:36:48Z E! [] Requesting data of subscription 0 failed: got end of sse data input
2025-02-19T20:36:48Z E! [] Requesting data of subscription 0 failed: got end of sse data input
2025-02-19T20:36:48Z E! [] Requesting data of subscription 0 failed: got end of sse data input
2025-02-19T20:36:48Z E! [] Requesting data of subscription 0 failed: got end of sse data input
2025-02-19T20:36:48Z E! [] Requesting data of subscription 0 failed: got end of sse data input
2025-02-19T20:36:48Z E! [] Requesting data of subscription 0 failed: got end of sse data input
2025-02-19T20:36:48Z E! [] Requesting data of subscription 0 failed: got end of sse data input
2025-02-19T20:36:48Z E! [] Requesting data of subscription 0 failed: got end of sse data input
2025-02-19T20:36:48Z E! [] Requesting data of subscription 0 failed: got end of sse data input
2025-02-19T20:36:48Z E! [] Requesting data of subscription 0 failed: got end of sse data input
2025-02-19T20:36:48Z E! [] Requesting data of subscription 0 failed: got end of sse data input
2025-02-19T20:36:48Z E! [] Requesting data of subscription 0 failed: got end of sse data input
2025-02-19T20:36:48Z E! [] Requesting data of subscription 0 failed: got end of sse data input
2025-02-19T20:36:48Z E! [] Requesting data of subscription 0 failed: got end of sse data input
2025-02-19T20:36:48Z E! [] Requesting data of subscription 0 failed: got end of sse data input
2025-02-19T20:36:48Z E! [] Requesting data of subscription 0 failed: got end of sse data input
2025-02-19T20:36:48Z E! [] Requesting data of subscription 0 failed: got end of sse data input
2025-02-19T20:36:48Z E! [] Requesting data of subscription 0 failed: got end of sse data input
2025-02-19T20:36:48Z E! [] Requesting data of subscription 0 failed: got end of sse data input
2025-02-19T20:36:48Z E! [] Requesting data of subscription 0 failed: got end of sse data input
2025-02-19T20:36:48Z E! [] Requesting data of subscription 0 failed: got end of sse data input
2025-02-19T20:36:48Z E! [] Requesting data of subscription 0 failed: got end of sse data input
2025-02-19T20:36:48Z E! [] Requesting data of subscription 0 failed: got end of sse data input
2025-02-19T20:36:48Z E! [] Requesting data of subscription 0 failed: got end of sse data input
2025-02-19T20:36:48Z E! [] Requesting data of subscription 0 failed: got end of sse data input
2025-02-19T20:36:48Z E! [] Requesting data of subscription 0 failed: got end of sse data input
2025-02-19T20:36:48Z E! [] Requesting data of subscription 0 failed: got end of sse data input
2025-02-19T20:36:48Z E! [] Requesting data of subscription 0 failed: got end of sse data input
2025-02-19T20:36:48Z E! [] Requesting data of subscription 0 failed: got end of sse data input
2025-02-19T20:36:48Z E! [] Requesting data of subscription 0 failed: got end of sse data input
2025-02-19T20:36:48Z E! [] Requesting data of subscription 0 failed: got end of sse data input
2025-02-19T20:36:48Z E! [] Requesting data of subscription 0 failed: got end of sse data input
2025-02-19T20:36:48Z E! [] Requesting data of subscription 0 failed: got end of sse data input
2025-02-19T20:36:48Z E! [] Requesting data of subscription 0 failed: got end of sse data input
2025-02-19T20:36:48Z E! [] Requesting data of subscription 0 failed: got end of sse data input
2025-02-19T20:36:48Z E! [] Requesting data of subscription 0 failed: got end of sse data input
2025-02-19T20:36:48Z E! [] Requesting data of subscription 0 failed: got end of sse data input
2025-02-19T20:36:48Z E! [] Requesting data of subscription 0 failed: got end of sse data input
2025-02-19T20:36:48Z E! [] Requesting data of subscription 0 failed: got end of sse data input
2025-02-19T20:36:48Z E! [] Requesting data of subscription 0 failed: got end of sse data input
2025-02-19T20:36:48Z E! [] Requesting data of subscription 0 failed: got end of sse data input
2025-02-19T20:36:48Z E! [] Requesting data of subscription 0 failed: got end of sse data input
2025-02-19T20:36:48Z E! [] Requesting data of subscription 0 failed: got end of sse data input
2025-02-19T20:36:48Z E! [] Requesting data of subscription 0 failed: got end of sse data input
2025-02-19T20:36:48Z E! [] Requesting data of subscription 0 failed: got end of sse data input
2025-02-19T20:36:48Z E! [] Requesting data of subscription 0 failed: got end of sse data input
2025-02-19T20:36:48Z E! [] Requesting data of subscription 0 failed: got end of sse data input
2025-02-19T20:36:48Z E! [] Requesting data of subscription 0 failed: got end of sse data input
2025-02-19T20:36:48Z E! [] Requesting data of subscription 0 failed: got end of sse data input
2025-02-19T20:36:48Z E! [] Requesting data of subscription 0 failed: got end of sse data input
2025-02-19T20:36:48Z E! [] Requesting data of subscription 0 failed: got end of sse data input
2025-02-19T20:36:48Z E! [] Requesting data of subscription 0 failed: got end of sse data input
2025-02-19T20:36:48Z E! [] Requesting data of subscription 0 failed: got end of sse data input
2025-02-19T20:36:48Z E! [] Requesting data of subscription 0 failed: got end of sse data input
2025-02-19T20:36:48Z E! [] Requesting data of subscription 0 failed: got end of sse data input
2025-02-19T20:36:48Z E! [] Requesting data of subscription 0 failed: got end of sse data input
2025-02-19T20:36:48Z E! [] Requesting data of subscription 0 failed: got end of sse data input
2025-02-19T20:36:48Z E! [] Requesting data of subscription 0 failed: got end of sse data input
2025-02-19T20:36:48Z E! [] Requesting data of subscription 0 failed: got end of sse data input
2025-02-19T20:36:48Z E! [] Requesting data of subscription 0 failed: got end of sse data input
2025-02-19T20:36:48Z E! [] Requesting data of subscription 0 failed: got end of sse data input
2025-02-19T20:36:48Z E! [] Requesting data of subscription 0 failed: got end of sse data input
2025-02-19T20:36:48Z E! [] Requesting data of subscription 0 failed: got end of sse data input
2025-02-19T20:36:48Z E! [] Requesting data of subscription 0 failed: got end of sse data input
2025-02-19T20:36:48Z E! [] Requesting data of subscription 0 failed: got end of sse data input
2025-02-19T20:36:48Z E! [] Requesting data of subscription 0 failed: got end of sse data input
2025-02-19T20:36:48Z E! [] Requesting data of subscription 0 failed: got end of sse data input
2025-02-19T20:36:48Z E! [] Requesting data of subscription 0 failed: got end of sse data input
2025-02-19T20:36:48Z E! [] Requesting data of subscription 0 failed: got end of sse data input
2025-02-19T20:36:48Z E! [] Requesting data of subscription 0 failed: got end of sse data input
2025-02-19T20:36:48Z E! [] Requesting data of subscription 0 failed: got end of sse data input
2025-02-19T20:36:48Z E! [] Requesting data of subscription 0 failed: got end of sse data input
2025-02-19T20:36:48Z E! [] Requesting data of subscription 0 failed: got end of sse data input
2025-02-19T20:36:48Z E! [] Requesting data of subscription 0 failed: got end of sse data input
2025-02-19T20:36:48Z E! [] Requesting data of subscription 0 failed: got end of sse data input
2025-02-19T20:36:48Z E! [] Requesting data of subscription 0 failed: got end of sse data input
2025-02-19T20:36:48Z E! [] Requesting data of subscription 0 failed: got end of sse data input
2025-02-19T20:36:48Z E! [] Requesting data of subscription 0 failed: got end of sse data input
2025-02-19T20:36:48Z E! [] Requesting data of subscription 0 failed: got end of sse data input
2025-02-19T20:36:48Z E! [] Requesting data of subscription 0 failed: got end of sse data input
2025-02-19T20:36:48Z E! [] Requesting data of subscription 0 failed: got end of sse data input
2025-02-19T20:36:48Z E! [] Requesting data of subscription 0 failed: got end of sse data input
2025-02-19T20:36:48Z E! [] Requesting data of subscription 0 failed: got end of sse data input
2025-02-19T20:36:48Z E! [] Requesting data of subscription 0 failed: got end of sse data input
2025-02-19T20:36:48Z E! [] Requesting data of subscription 0 failed: got end of sse data input
2025-02-19T20:36:48Z E! [] Requesting data of subscription 0 failed: got end of sse data input
2025-02-19T20:36:48Z E! [] Requesting data of subscription 0 failed: got end of sse data input
2025-02-19T20:36:48Z E! [] Requesting data of subscription 0 failed: got end of sse data input
2025-02-19T20:36:48Z E! [] Requesting data of subscription 0 failed: got end of sse data input
2025-02-19T20:36:48Z E! [] Requesting data of subscription 0 failed: got end of sse data input
2025-02-19T20:36:48Z E! [] Requesting data of subscription 0 failed: got end of sse data input
2025-02-19T20:36:48Z E! [] Requesting data of subscription 0 failed: got end of sse data input
2025-02-19T20:36:48Z E! [] Requesting data of subscription 0 failed: got end of sse data input
2025-02-19T20:36:48Z E! [] Requesting data of subscription 0 failed: got end of sse data input
2025-02-19T20:36:48Z E! [] Requesting data of subscription 0 failed: got end of sse data input
2025-02-19T20:36:48Z E! [] Requesting data of subscription 0 failed: got end of sse data input
2025-02-19T20:36:48Z E! [] Requesting data of subscription 0 failed: got end of sse data input
2025-02-19T20:36:48Z E! [] Requesting data of subscription 0 failed: got end of sse data input
2025-02-19T20:36:48Z E! [] Requesting data of subscription 0 failed: got end of sse data input
2025-02-19T20:36:48Z E! [] Requesting data of subscription 0 failed: got end of sse data input
2025-02-19T20:36:48Z E! [] Requesting data of subscription 0 failed: got end of sse data input
2025-02-19T20:36:48Z E! [] Requesting data of subscription 0 failed: got end of sse data input
2025-02-19T20:36:48Z E! [] Requesting data of subscription 0 failed: got end of sse data input
2025-02-19T20:36:48Z E! [] Requesting data of subscription 0 failed: got end of sse data input
2025-02-19T20:36:48Z E! [] Requesting data of subscription 0 failed: got end of sse data input
2025-02-19T20:36:48Z E! [] Requesting data of subscription 0 failed: got end of sse data input
2025-02-19T20:36:48Z E! [] Requesting data of subscription 0 failed: got end of sse data input
2025-02-19T20:36:48Z E! [] Requesting data of subscription 0 failed: got end of sse data input
2025-02-19T20:36:48Z E! [] Requesting data of subscription 0 failed: got end of sse data input
2025-02-19T20:36:48Z E! [] Requesting data of subscription 0 failed: got end of sse data input
2025-02-19T20:36:48Z E! [] Requesting data of subscription 0 failed: got end of sse data input
2025-02-19T20:36:48Z E! [] Requesting data of subscription 0 failed: got end of sse data input
2025-02-19T20:36:48Z E! [] Requesting data of subscription 0 failed: got end of sse data input
2025-02-19T20:36:48Z E! [] Requesting data of subscription 0 failed: got end of sse data input
2025-02-19T20:36:48Z E! [] Requesting data of subscription 0 failed: got end of sse data input
2025-02-19T20:36:48Z E! [] Requesting data of subscription 0 failed: got end of sse data input
2025-02-19T20:36:48Z E! [] Requesting data of subscription 0 failed: got end of sse data input
2025-02-19T20:36:48Z E! [] Requesting data of subscription 0 failed: got end of sse data input
2025-02-19T20:36:48Z E! [] Requesting data of subscription 0 failed: got end of sse data input
2025-02-19T20:36:48Z E! [] Requesting data of subscription 0 failed: got end of sse data input
2025-02-19T20:36:48Z E! [] Requesting data of subscription 0 failed: got end of sse data input
2025-02-19T20:36:48Z E! [] Requesting data of subscription 0 failed: got end of sse data input
2025-02-19T20:36:48Z E! [] Requesting data of subscription 0 failed: got end of sse data input
2025-02-19T20:36:48Z E! [] Requesting data of subscription 0 failed: got end of sse data input
2025-02-19T20:36:48Z E! [] Requesting data of subscription 0 failed: got end of sse data input
2025-02-19T20:36:48Z E! [] Requesting data of subscription 0 failed: got end of sse data input
2025-02-19T20:36:48Z E! [] Requesting data of subscription 0 failed: got end of sse data input
2025-02-19T20:36:48Z E! [] Requesting data of subscription 0 failed: got end of sse data input
2025-02-19T20:36:48Z E! [] Requesting data of subscription 0 failed: got end of sse data input
2025-02-19T20:36:48Z E! [] Requesting data of subscription 0 failed: got end of sse data input
2025-02-19T20:36:48Z E! [] Requesting data of subscription 0 failed: got end of sse data input
2025-02-19T20:36:48Z E! [] Requesting data of subscription 0 failed: got end of sse data input
2025-02-19T20:36:48Z E! [] Requesting data of subscription 0 failed: got end of sse data input
2025-02-19T20:36:48Z E! [] Requesting data of subscription 0 failed: got end of sse data input
2025-02-19T20:36:48Z E! [] Requesting data of subscription 0 failed: got end of sse data input
2025-02-19T20:36:48Z E! [] Requesting data of subscription 0 failed: got end of sse data input
2025-02-19T20:36:48Z E! [] Requesting data of subscription 0 failed: got end of sse data input
2025-02-19T20:36:48Z E! [] Requesting data of subscription 0 failed: got end of sse data input
2025-02-19T20:36:48Z E! [] Requesting data of subscription 0 failed: got end of sse data input
2025-02-19T20:36:48Z E! [] Requesting data of subscription 0 failed: got end of sse data input
2025-02-19T20:36:48Z E! [] Requesting data of subscription 0 failed: got end of sse data input
2025-02-19T20:36:48Z E! [] Requesting data of subscription 0 failed: got end of sse data input
2025-02-19T20:36:48Z E! [] Requesting data of subscription 0 failed: got end of sse data input
2025-02-19T20:36:48Z E! [] Requesting data of subscription 0 failed: got end of sse data input
2025-02-19T20:36:48Z E! [] Requesting data of subscription 0 failed: got end of sse data input
2025-02-19T20:36:48Z E! [] Requesting data of subscription 0 failed: got end of sse data input
2025-02-19T20:36:48Z E! [] Requesting data of subscription 0 failed: got end of sse data input
2025-02-19T20:36:48Z E! [] Requesting data of subscription 0 failed: got end of sse data input
2025-02-19T20:36:48Z E! [] Requesting data of subscription 0 failed: got end of sse data input
2025-02-19T20:36:48Z E! [] Requesting data of subscription 0 failed: got end of sse data input
2025-02-19T20:36:48Z E! [] Requesting data of subscription 0 failed: got end of sse data input
2025-02-19T20:36:48Z E! [] Requesting data of subscription 0 failed: got end of sse data input
2025-02-19T20:36:48Z E! [] Requesting data of subscription 0 failed: got end of sse data input
2025-02-19T20:36:48Z E! [] Requesting data of subscription 0 failed: got end of sse data input
2025-02-19T20:36:48Z E! [] Requesting data of subscription 0 failed: got end of sse data input
2025-02-19T20:36:48Z E! [] Requesting data of subscription 0 failed: got end of sse data input
2025-02-19T20:36:48Z E! [] Requesting data of subscription 0 failed: got end of sse data input
2025-02-19T20:36:48Z E! [] Requesting data of subscription 0 failed: got end of sse data input
2025-02-19T20:36:48Z E! [] Requesting data of subscription 0 failed: got end of sse data input
2025-02-19T20:36:48Z E! [] Requesting data of subscription 0 failed: got end of sse data input
2025-02-19T20:36:48Z E! [] Requesting data of subscription 0 failed: got end of sse data input
2025-02-19T20:36:48Z E! [] Requesting data of subscription 0 failed: got end of sse data input
2025-02-19T20:36:48Z E! [] Requesting data of subscription 0 failed: got end of sse data input
2025-02-19T20:36:48Z E! [] Requesting data of subscription 0 failed: got end of sse data input
2025-02-19T20:36:48Z E! [] Requesting data of subscription 0 failed: got end of sse data input
2025-02-19T20:36:48Z E! [] Requesting data of subscription 0 failed: got end of sse data input
2025-02-19T20:36:48Z E! [] Requesting data of subscription 0 failed: got end of sse data input
2025-02-19T20:36:48Z E! [] Requesting data of subscription 0 failed: got end of sse data input
2025-02-19T20:36:48Z E! [] Requesting data of subscription 0 failed: got end of sse data input
2025-02-19T20:36:48Z E! [] Requesting data of subscription 0 failed: got end of sse data input
2025-02-19T20:36:48Z E! [] Requesting data of subscription 0 failed: got end of sse data input
2025-02-19T20:36:48Z E! [] Requesting data of subscription 0 failed: got end of sse data input
2025-02-19T20:36:48Z E! [] Requesting data of subscription 0 failed: got end of sse data input
2025-02-19T20:36:48Z E! [] Requesting data of subscription 0 failed: got end of sse data input
2025-02-19T20:36:48Z E! [] Requesting data of subscription 0 failed: got end of sse data input
2025-02-19T20:36:48Z E! [] Requesting data of subscription 0 failed: got end of sse data input
2025-02-19T20:36:48Z E! [] Requesting data of subscription 0 failed: got end of sse data input
2025-02-19T20:36:48Z E! [] Requesting data of subscription 0 failed: got end of sse data input
2025-02-19T20:36:48Z E! [] Requesting data of subscription 0 failed: got end of sse data input
2025-02-19T20:36:48Z E! [] Requesting data of subscription 0 failed: got end of sse data input
2025-02-19T20:36:48Z E! [] Requesting data of subscription 0 failed: got end of sse data input
2025-02-19T20:36:48Z E! [] Requesting data of subscription 0 failed: got end of sse data input
2025-02-19T20:36:48Z E! [] Requesting data of subscription 0 failed: got end of sse data input
2025-02-19T20:36:48Z E! [] Requesting data of subscription 0 failed: got end of sse data input
2025-02-19T20:36:48Z E! [] Requesting data of subscription 0 failed: got end of sse data input
2025-02-19T20:36:48Z E! [] Requesting data of subscription 0 failed: got end of sse data input
2025-02-19T20:36:48Z E! [] Requesting data of subscription 0 failed: got end of sse data input
2025-02-19T20:36:48Z E! [] Requesting data of subscription 0 failed: got end of sse data input
2025-02-19T20:36:48Z E! [] Requesting data of subscription 0 failed: got end of sse data input
2025-02-19T20:36:48Z E! [] Requesting data of subscription 0 failed: got end of sse data input
2025-02-19T20:36:48Z E! [] Requesting data of subscription 0 failed: got end of sse data input
2025-02-19T20:36:48Z E! [] Requesting data of subscription 0 failed: got end of sse data input
2025-02-19T20:36:48Z E! [] Requesting data of subscription 0 failed: got end of sse data input
2025-02-19T20:36:48Z E! [] Requesting data of subscription 0 failed: got end of sse data input
2025-02-19T20:36:48Z E! [] Requesting data of subscription 0 failed: got end of sse data input
2025-02-19T20:36:48Z E! [] Requesting data of subscription 0 failed: got end of sse data input
2025-02-19T20:36:48Z E! [] Requesting data of subscription 0 failed: got end of sse data input
2025-02-19T20:36:48Z E! [] Requesting data of subscription 0 failed: got end of sse data input
2025-02-19T20:36:48Z E! [] Requesting data of subscription 0 failed: got end of sse data input
2025-02-19T20:36:48Z E! [] Requesting data of subscription 0 failed: got end of sse data input
2025-02-19T20:36:48Z E! [] Requesting data of subscription 0 failed: got end of sse data input
2025-02-19T20:36:48Z E! [] Requesting data of subscription 0 failed: got end of sse data input
2025-02-19T20:36:48Z E! [] Requesting data of subscription 0 failed: got end of sse data input
2025-02-19T20:36:48Z E! [] Requesting data of subscription 0 failed: got end of sse data input
2025-02-19T20:36:48Z E! [] Requesting data of subscription 0 failed: got end of sse data input
2025-02-19T20:36:48Z E! [] Requesting data of subscription 0 failed: got end of sse data input
2025-02-19T20:36:48Z E! [] Requesting data of subscription 0 failed: got end of sse data input
2025-02-19T20:36:48Z E! [] Requesting data of subscription 0 failed: got end of sse data input
2025-02-19T20:36:48Z E! [] Requesting data of subscription 0 failed: got end of sse data input
2025-02-19T20:36:48Z E! [] Requesting data of subscription 0 failed: got end of sse data input
2025-02-19T20:36:48Z E! [] Requesting data of subscription 0 failed: got end of sse data input
2025-02-19T20:36:48Z E! [] Requesting data of subscription 0 failed: got end of sse data input
2025-02-19T20:36:48Z E! [] Requesting data of subscription 0 failed: got end of sse data input
2025-02-19T20:36:48Z E! [] Requesting data of subscription 0 failed: got end of sse data input
2025-02-19T20:36:48Z E! [] Requesting data of subscription 0 failed: got end of sse data input
2025-02-19T20:36:48Z E! [] Requesting data of subscription 0 failed: got end of sse data input
2025-02-19T20:36:48Z E! [] Requesting data of subscription 0 failed: got end of sse data input
2025-02-19T20:36:48Z E! [] Requesting data of subscription 0 failed: got end of sse data input
2025-02-19T20:36:48Z E! [] Requesting data of subscription 0 failed: got end of sse data input
2025-02-19T20:36:48Z E! [] Requesting data of subscription 0 failed: got end of sse data input
2025-02-19T20:36:48Z E! [] Requesting data of subscription 0 failed: got end of sse data input
2025-02-19T20:36:48Z E! [] Requesting data of subscription 0 failed: got end of sse data input
2025-02-19T20:36:48Z E! [] Requesting data of subscription 0 failed: got end of sse data input
2025-02-19T20:36:48Z E! [] Requesting data of subscription 0 failed: got end of sse data input
2025-02-19T20:36:48Z E! [] Requesting data of subscription 0 failed: got end of sse data input
2025-02-19T20:36:48Z E! [] Requesting data of subscription 0 failed: got end of sse data input
2025-02-19T20:36:48Z E! [] Requesting data of subscription 0 failed: got end of sse data input
2025-02-19T20:36:48Z E! [] Requesting data of subscription 0 failed: got end of sse data input
2025-02-19T20:36:48Z E! [] Requesting data of subscription 0 failed: got end of sse data input
2025-02-19T20:36:48Z E! [] Requesting data of subscription 0 failed: got end of sse data input
2025-02-19T20:36:48Z E! [] Requesting data of subscription 0 failed: got end of sse data input
2025-02-19T20:36:48Z E! [] Requesting data of subscription 0 failed: got end of sse data input
2025-02-19T20:36:48Z E! [] Requesting data of subscription 0 failed: got end of sse data input
2025-02-19T20:36:48Z E! [] Requesting data of subscription 0 failed: got end of sse data input
2025-02-19T20:36:48Z E! [] Requesting data of subscription 0 failed: got end of sse data input
2025-02-19T20:36:48Z E! [] Requesting data of subscription 0 failed: got end of sse data input
2025-02-19T20:36:48Z E! [] Requesting data of subscription 0 failed: got end of sse data input
2025-02-19T20:36:48Z E! [] Requesting data of subscription 0 failed: got end of sse data input
2025-02-19T20:36:48Z E! [] Requesting data of subscription 0 failed: got end of sse data input
2025-02-19T20:36:48Z E! [] Requesting data of subscription 0 failed: got end of sse data input
2025-02-19T20:36:48Z E! [] Requesting data of subscription 0 failed: got end of sse data input
2025-02-19T20:36:48Z E! [] Requesting data of subscription 0 failed: got end of sse data input
2025-02-19T20:36:48Z E! [] Requesting data of subscription 0 failed: got end of sse data input
2025-02-19T20:36:48Z E! [] Requesting data of subscription 0 failed: got end of sse data input
2025-02-19T20:36:48Z E! [] Requesting data of subscription 0 failed: got end of sse data input
2025-02-19T20:36:48Z E! [] Requesting data of subscription 0 failed: got end of sse data input
2025-02-19T20:36:48Z E! [] Requesting data of subscription 0 failed: got end of sse data input
2025-02-19T20:36:48Z E! [] Requesting data of subscription 0 failed: got end of sse data input
2025-02-19T20:36:48Z E! [] Requesting data of subscription 0 failed: got end of sse data input
2025-02-19T20:36:48Z E! [] Requesting data of subscription 0 failed: got end of sse data input
2025-02-19T20:36:48Z E! [] Requesting data of subscription 0 failed: got end of sse data input
2025-02-19T20:36:48Z E! [] Requesting data of subscription 0 failed: got end of sse data input
2025-02-19T20:36:48Z E! [] Requesting data of subscription 0 failed: got end of sse data input
2025-02-19T20:36:48Z E! [] Requesting data of subscription 0 failed: got end of sse data input
2025-02-19T20:36:48Z E! [] Requesting data of subscription 0 failed: got end of sse data input
2025-02-19T20:36:48Z E! [] Requesting data of subscription 0 failed: got end of sse data input
2025-02-19T20:36:48Z E! [] Requesting data of subscription 0 failed: got end of sse data input
2025-02-19T20:36:48Z E! [] Requesting data of subscription 0 failed: got end of sse data input
2025-02-19T20:36:48Z E! [] Requesting data of subscription 0 failed: got end of sse data input
2025-02-19T20:36:48Z E! [] Requesting data of subscription 0 failed: got end of sse data input
2025-02-19T20:36:48Z E! [] Requesting data of subscription 0 failed: got end of sse data input
2025-02-19T20:36:48Z E! [] Requesting data of subscription 0 failed: got end of sse data input
2025-02-19T20:36:48Z E! [] Requesting data of subscription 0 failed: got end of sse data input
2025-02-19T20:36:48Z E! [] Requesting data of subscription 0 failed: got end of sse data input
2025-02-19T20:36:48Z E! [] Requesting data of subscription 0 failed: got end of sse data input
2025-02-19T20:36:48Z E! [] Requesting data of subscription 0 failed: got end of sse data input
2025-02-19T20:36:48Z E! [] Requesting data of subscription 0 failed: got end of sse data input
2025-02-19T20:36:48Z E! [] Requesting data of subscription 0 failed: got end of sse data input
2025-02-19T20:36:48Z E! [] Requesting data of subscription 0 failed: got end of sse data input
2025-02-19T20:36:48Z E! [] Requesting data of subscription 0 failed: got end of sse data input
2025-02-19T20:36:48Z E! [] Requesting data of subscription 0 failed: got end of sse data input
2025-02-19T20:36:48Z E! [] Requesting data of subscription 0 failed: got end of sse data input
2025-02-19T20:36:48Z E! [] Requesting data of subscription 0 failed: got end of sse data input
2025-02-19T20:36:48Z E! [] Requesting data of subscription 0 failed: got end of sse data input
2025-02-19T20:36:48Z E! [] Requesting data of subscription 0 failed: got end of sse data input
2025-02-19T20:36:48Z E! [] Requesting data of subscription 0 failed: got end of sse data input
2025-02-19T20:36:48Z E! [] Requesting data of subscription 0 failed: got end of sse data input
2025-02-19T20:36:48Z E! [] Requesting data of subscription 0 failed: got end of sse data input
2025-02-19T20:36:48Z E! [] Requesting data of subscription 0 failed: got end of sse data input
2025-02-19T20:36:48Z E! [] Requesting data of subscription 0 failed: got end of sse data input
2025-02-19T20:36:48Z E! [] Requesting data of subscription 0 failed: got end of sse data input
2025-02-19T20:36:48Z E! [] Requesting data of subscription 0 failed: got end of sse data input
2025-02-19T20:36:48Z E! [] Requesting data of subscription 0 failed: got end of sse data input
2025-02-19T20:36:48Z E! [] Requesting data of subscription 0 failed: got end of sse data input
2025-02-19T20:36:48Z E! [] Requesting data of subscription 0 failed: got end of sse data input
2025-02-19T20:36:48Z E! [] Requesting data of subscription 0 failed: got end of sse data input
2025-02-19T20:36:48Z E! [] Requesting data of subscription 0 failed: got end of sse data input
2025-02-19T20:36:48Z E! [] Requesting data of subscription 0 failed: got end of sse data input
2025-02-19T20:36:48Z E! [] Requesting data of subscription 0 failed: got end of sse data input
2025-02-19T20:36:48Z E! [] Requesting data of subscription 0 failed: got end of sse data input
2025-02-19T20:36:48Z E! [] Requesting data of subscription 0 failed: got end of sse data input
2025-02-19T20:36:48Z E! [] Requesting data of subscription 0 failed: got end of sse data input
2025-02-19T20:36:48Z E! [] Requesting data of subscription 0 failed: got end of sse data input
2025-02-19T20:36:48Z E! [] Requesting data of subscription 0 failed: got end of sse data input
2025-02-19T20:36:48Z E! [] Requesting data of subscription 0 failed: got end of sse data input
2025-02-19T20:36:48Z E! [] Requesting data of subscription 0 failed: got end of sse data input
2025-02-19T20:36:48Z E! [] Requesting data of subscription 0 failed: got end of sse data input
2025-02-19T20:36:48Z E! [] Requesting data of subscription 0 failed: got end of sse data input
2025-02-19T20:36:48Z E! [] Requesting data of subscription 0 failed: got end of sse data input
2025-02-19T20:36:48Z E! [] Requesting data of subscription 0 failed: got end of sse data input
2025-02-19T20:36:48Z E! [] Requesting data of subscription 0 failed: got end of sse data input
2025-02-19T20:36:48Z E! [] Requesting data of subscription 0 failed: got end of sse data input
2025-02-19T20:36:48Z E! [] Requesting data of subscription 0 failed: got end of sse data input
2025-02-19T20:36:48Z E! [] Requesting data of subscription 0 failed: got end of sse data input
2025-02-19T20:36:48Z E! [] Requesting data of subscription 0 failed: got end of sse data input
2025-02-19T20:36:48Z E! [] Requesting data of subscription 0 failed: got end of sse data input
2025-02-19T20:36:48Z E! [] Requesting data of subscription 0 failed: got end of sse data input
2025-02-19T20:36:48Z E! [] Requesting data of subscription 0 failed: got end of sse data input
2025-02-19T20:36:48Z E! [] Requesting data of subscription 0 failed: got end of sse data input
2025-02-19T20:36:48Z E! [] Requesting data of subscription 0 failed: got end of sse data input
2025-02-19T20:36:48Z E! [] Requesting data of subscription 0 failed: got end of sse data input
2025-02-19T20:36:48Z E! [] Requesting data of subscription 0 failed: got end of sse data input
2025-02-19T20:36:48Z E! [] Requesting data of subscription 0 failed: got end of sse data input
2025-02-19T20:36:48Z E! [] Requesting data of subscription 0 failed: got end of sse data input
2025-02-19T20:36:48Z E! [] Requesting data of subscription 0 failed: got end of sse data input
2025-02-19T20:36:48Z E! [] Requesting data of subscription 0 failed: got end of sse data input
2025-02-19T20:36:48Z E! [] Requesting data of subscription 0 failed: got end of sse data input
2025-02-19T20:36:48Z E! [] Requesting data of subscription 0 failed: got end of sse data input
2025-02-19T20:36:48Z E! [] Requesting data of subscription 0 failed: got end of sse data input
2025-02-19T20:36:48Z E! [] Requesting data of subscription 0 failed: got end of sse data input
2025-02-19T20:36:48Z E! [] Requesting data of subscription 0 failed: got end of sse data input
2025-02-19T20:36:48Z E! [] Requesting data of subscription 0 failed: got end of sse data input
2025-02-19T20:36:48Z E! [] Requesting data of subscription 0 failed: got end of sse data input
2025-02-19T20:36:48Z E! [] Requesting data of subscription 0 failed: got end of sse data input
2025-02-19T20:36:48Z E! [] Requesting data of subscription 0 failed: got end of sse data input
2025-02-19T20:36:48Z E! [] Requesting data of subscription 0 failed: got end of sse data input
2025-02-19T20:36:48Z E! [] Requesting data of subscription 0 failed: got end of sse data input
2025-02-19T20:36:48Z E! [] Requesting data of subscription 0 failed: got end of sse data input
2025-02-19T20:36:48Z E! [] Requesting data of subscription 0 failed: got end of sse data input
2025-02-19T20:36:48Z E! [] Requesting data of subscription 0 failed: got end of sse data input
2025-02-19T20:36:48Z E! [] Requesting data of subscription 0 failed: got end of sse data input
2025-02-19T20:36:48Z E! [] Requesting data of subscription 0 failed: got end of sse data input
2025-02-19T20:36:48Z E! [] Requesting data of subscription 0 failed: got end of sse data input
2025-02-19T20:36:48Z E! [] Requesting data of subscription 0 failed: got end of sse data input
2025-02-19T20:36:48Z E! [] Requesting data of subscription 0 failed: got end of sse data input
2025-02-19T20:36:48Z E! [] Requesting data of subscription 0 failed: got end of sse data input
2025-02-19T20:36:48Z E! [] Requesting data of subscription 0 failed: got end of sse data input
2025-02-19T20:36:48Z E! [] Requesting data of subscription 0 failed: got end of sse data input
2025-02-19T20:36:48Z E! [] Requesting data of subscription 0 failed: got end of sse data input
2025-02-19T20:36:48Z E! [] Requesting data of subscription 0 failed: got end of sse data input
2025-02-19T20:36:48Z E! [] Requesting data of subscription 0 failed: got end of sse data input
2025-02-19T20:36:48Z E! [] Requesting data of subscription 0 failed: got end of sse data input
2025-02-19T20:36:48Z E! [] Requesting data of subscription 0 failed: got end of sse data input
2025-02-19T20:36:48Z E! [] Requesting data of subscription 0 failed: got end of sse data input
2025-02-19T20:36:48Z E! [] Requesting data of subscription 0 failed: got end of sse data input
2025-02-19T20:36:48Z E! [] Requesting data of subscription 0 failed: got end of sse data input
2025-02-19T20:36:48Z E! [] Requesting data of subscription 0 failed: got end of sse data input
2025-02-19T20:36:48Z E! [] Requesting data of subscription 0 failed: got end of sse data input
2025-02-19T20:36:48Z E! [] Requesting data of subscription 0 failed: got end of sse data input
2025-02-19T20:36:48Z E! [] Requesting data of subscription 0 failed: got end of sse data input
2025-02-19T20:36:48Z E! [] Requesting data of subscription 0 failed: got end of sse data input
2025-02-19T20:36:48Z E! [] Requesting data of subscription 0 failed: got end of sse data input
2025-02-19T20:36:48Z E! [] Requesting data of subscription 0 failed: got end of sse data input
2025-02-19T20:36:48Z E! [] Requesting data of subscription 0 failed: got end of sse data input
2025-02-19T20:36:48Z E! [] Requesting data of subscription 0 failed: got end of sse data input
2025-02-19T20:36:48Z E! [] Requesting data of subscription 0 failed: got end of sse data input
2025-02-19T20:36:48Z E! [] Requesting data of subscription 0 failed: got end of sse data input
2025-02-19T20:36:48Z E! [] Requesting data of subscription 0 failed: got end of sse data input
2025-02-19T20:36:48Z E! [] Requesting data of subscription 0 failed: got end of sse data input
2025-02-19T20:36:48Z E! [] Requesting data of subscription 0 failed: got end of sse data input
2025-02-19T20:36:48Z E! [] Requesting data of subscription 0 failed: got end of sse data input
2025-02-19T20:36:48Z E! [] Requesting data of subscription 0 failed: got end of sse data input
2025-02-19T20:36:48Z E! [] Requesting data of subscription 0 failed: got end of sse data input
2025-02-19T20:36:48Z E! [] Requesting data of subscription 0 failed: got end of sse data input
2025-02-19T20:36:48Z E! [] Requesting data of subscription 0 failed: got end of sse data input
2025-02-19T20:36:48Z E! [] Requesting data of subscription 0 failed: got end of sse data input
2025-02-19T20:36:48Z E! [] Requesting data of subscription 0 failed: got end of sse data input
2025-02-19T20:36:48Z E! [] Requesting data of subscription 0 failed: got end of sse data input
2025-02-19T20:36:48Z E! [] Requesting data of subscription 0 failed: got end of sse data input
2025-02-19T20:36:48Z E! [] Requesting data of subscription 0 failed: got end of sse data input
2025-02-19T20:36:48Z E! [] Requesting data of subscription 0 failed: got end of sse data input
2025-02-19T20:36:48Z E! [] Requesting data of subscription 0 failed: got end of sse data input
2025-02-19T20:36:48Z E! [] Requesting data of subscription 0 failed: got end of sse data input
2025-02-19T20:36:48Z E! [] Requesting data of subscription 0 failed: got end of sse data input
2025-02-19T20:36:48Z E! [] Requesting data of subscription 0 failed: got end of sse data input
2025-02-19T20:36:48Z E! [] Requesting data of subscription 0 failed: got end of sse data input
2025-02-19T20:36:48Z E! [] Requesting data of subscription 0 failed: got end of sse data input
2025-02-19T20:36:48Z E! [] Requesting data of subscription 0 failed: got end of sse data input
2025-02-19T20:36:48Z E! [] Requesting data of subscription 0 failed: got end of sse data input
2025-02-19T20:36:48Z E! [] Requesting data of subscription 0 failed: got end of sse data input
2025-02-19T20:36:48Z E! [] Requesting data of subscription 0 failed: got end of sse data input
2025-02-19T20:36:48Z E! [] Requesting data of subscription 0 failed: got end of sse data input
2025-02-19T20:36:48Z E! [] Requesting data of subscription 0 failed: got end of sse data input
2025-02-19T20:36:48Z E! [] Requesting data of subscription 0 failed: got end of sse data input
2025-02-19T20:36:48Z E! [] Requesting data of subscription 0 failed: got end of sse data input
2025-02-19T20:36:48Z E! [] Requesting data of subscription 0 failed: got end of sse data input
2025-02-19T20:36:48Z E! [] Requesting data of subscription 0 failed: got end of sse data input
2025-02-19T20:36:48Z E! [] Requesting data of subscription 0 failed: got end of sse data input
2025-02-19T20:36:48Z E! [] Requesting data of subscription 0 failed: got end of sse data input
2025-02-19T20:36:48Z E! [] Requesting data of subscription 0 failed: got end of sse data input
2025-02-19T20:36:48Z E! [] Requesting data of subscription 0 failed: got end of sse data input
2025-02-19T20:36:48Z E! [] Requesting data of subscription 0 failed: got end of sse data input
2025-02-19T20:36:48Z E! [] Requesting data of subscription 0 failed: got end of sse data input
2025-02-19T20:36:48Z E! [] Requesting data of subscription 0 failed: got end of sse data input
2025-02-19T20:36:48Z E! [] Requesting data of subscription 0 failed: got end of sse data input
2025-02-19T20:36:48Z E! [] Requesting data of subscription 0 failed: got end of sse data input
2025-02-19T20:36:48Z E! [] Requesting data of subscription 0 failed: got end of sse data input
2025-02-19T20:36:48Z E! [] Requesting data of subscription 0 failed: got end of sse data input
2025-02-19T20:36:48Z E! [] Requesting data of subscription 0 failed: got end of sse data input
2025-02-19T20:36:48Z E! [] Requesting data of subscription 0 failed: got end of sse data input
2025-02-19T20:36:48Z E! [] Requesting data of subscription 0 failed: got end of sse data input
2025-02-19T20:36:48Z E! [] Requesting data of subscription 0 failed: got end of sse data input
2025-02-19T20:36:48Z E! [] Requesting data of subscription 0 failed: got end of sse data input
2025-02-19T20:36:48Z E! [] Requesting data of subscription 0 failed: got end of sse data input
2025-02-19T20:36:48Z E! [] Requesting data of subscription 0 failed: got end of sse data input
2025-02-19T20:36:48Z E! [] Requesting data of subscription 0 failed: got end of sse data input
2025-02-19T20:36:48Z E! [] Requesting data of subscription 0 failed: got end of sse data input
2025-02-19T20:36:48Z E! [] Requesting data of subscription 0 failed: got end of sse data input
2025-02-19T20:36:48Z E! [] Requesting data of subscription 0 failed: got end of sse data input
2025-02-19T20:36:48Z E! [] Requesting data of subscription 0 failed: got end of sse data input
2025-02-19T20:36:48Z E! [] Requesting data of subscription 0 failed: got end of sse data input
2025-02-19T20:36:48Z E! [] Requesting data of subscription 0 failed: got end of sse data input
2025-02-19T20:36:48Z E! [] Requesting data of subscription 0 failed: got end of sse data input
2025-02-19T20:36:48Z E! [] Requesting data of subscription 0 failed: got end of sse data input
2025-02-19T20:36:48Z E! [] Requesting data of subscription 0 failed: got end of sse data input
2025-02-19T20:36:48Z E! [] Requesting data of subscription 0 failed: got end of sse data input
2025-02-19T20:36:48Z E! [] Requesting data of subscription 0 failed: got end of sse data input
2025-02-19T20:36:48Z E! [] Requesting data of subscription 0 failed: got end of sse data input
2025-02-19T20:36:48Z E! [] Requesting data of subscription 0 failed: got end of sse data input
2025-02-19T20:36:48Z E! [] Requesting data of subscription 0 failed: got end of sse data input
2025-02-19T20:36:48Z E! [] Requesting data of subscription 0 failed: got end of sse data input
2025-02-19T20:36:48Z E! [] Requesting data of subscription 0 failed: got end of sse data input
2025-02-19T20:36:48Z E! [] Requesting data of subscription 0 failed: got end of sse data input
2025-02-19T20:36:48Z E! [] Requesting data of subscription 0 failed: got end of sse data input
2025-02-19T20:36:48Z E! [] Requesting data of subscription 0 failed: got end of sse data input
2025-02-19T20:36:48Z E! [] Requesting data of subscription 0 failed: got end of sse data input
2025-02-19T20:36:48Z E! [] Requesting data of subscription 0 failed: got end of sse data input
2025-02-19T20:36:48Z E! [] Requesting data of subscription 0 failed: got end of sse data input
2025-02-19T20:36:48Z E! [] Requesting data of subscription 0 failed: got end of sse data input
2025-02-19T20:36:48Z E! [] Requesting data of subscription 0 failed: got end of sse data input
2025-02-19T20:36:48Z E! [] Requesting data of subscription 0 failed: got end of sse data input
2025-02-19T20:36:48Z E! [] Requesting data of subscription 0 failed: got end of sse data input
2025-02-19T20:36:48Z E! [] Requesting data of subscription 0 failed: got end of sse data input
2025-02-19T20:36:48Z E! [] Requesting data of subscription 0 failed: got end of sse data input
2025-02-19T20:36:48Z E! [] Requesting data of subscription 0 failed: got end of sse data input
2025-02-19T20:36:48Z E! [] Requesting data of subscription 0 failed: got end of sse data input
2025-02-19T20:36:48Z E! [] Requesting data of subscription 0 failed: got end of sse data input
2025-02-19T20:36:48Z E! [] Requesting data of subscription 0 failed: got end of sse data input
2025-02-19T20:36:48Z E! [] Requesting data of subscription 0 failed: got end of sse data input
2025-02-19T20:36:48Z E! [] Requesting data of subscription 0 failed: got end of sse data input
2025-02-19T20:36:48Z E! [] Requesting data of subscription 0 failed: got end of sse data input
2025-02-19T20:36:48Z E! [] Requesting data of subscription 0 failed: got end of sse data input
2025-02-19T20:36:48Z E! [] Requesting data of subscription 0 failed: got end of sse data input
2025-02-19T20:36:48Z E! [] Requesting data of subscription 0 failed: got end of sse data input
2025-02-19T20:36:48Z E! [] Requesting data of subscription 0 failed: got end of sse data input
2025-02-19T20:36:48Z E! [] Requesting data of subscription 0 failed: got end of sse data input
2025-02-19T20:36:48Z E! [] Requesting data of subscription 0 failed: got end of sse data input
2025-02-19T20:36:48Z E! [] Requesting data of subscription 0 failed: got end of sse data input
2025-02-19T20:36:48Z E! [] Requesting data of subscription 0 failed: got end of sse data input
2025-02-19T20:36:48Z E! [] Requesting data of subscription 0 failed: got end of sse data input
2025-02-19T20:36:48Z E! [] Requesting data of subscription 0 failed: got end of sse data input
2025-02-19T20:36:48Z E! [] Requesting data of subscription 0 failed: got end of sse data input
2025-02-19T20:36:48Z E! [] Requesting data of subscription 0 failed: got end of sse data input
2025-02-19T20:36:48Z E! [] Requesting data of subscription 0 failed: got end of sse data input
2025-02-19T20:36:48Z E! [] Requesting data of subscription 0 failed: got end of sse data input
2025-02-19T20:36:48Z E! [] Requesting data of subscription 0 failed: got end of sse data input
2025-02-19T20:36:48Z E! [] Requesting data of subscription 0 failed: got end of sse data input
2025-02-19T20:36:48Z E! [] Requesting data of subscription 0 failed: got end of sse data input
2025-02-19T20:36:48Z E! [] Requesting data of subscription 0 failed: got end of sse data input
2025-02-19T20:36:48Z E! [] Requesting data of subscription 0 failed: got end of sse data input
2025-02-19T20:36:48Z E! [] Requesting data of subscription 0 failed: got end of sse data input
2025-02-19T20:36:48Z E! [] Requesting data of subscription 0 failed: got end of sse data input
2025-02-19T20:36:48Z E! [] Requesting data of subscription 0 failed: got end of sse data input
2025-02-19T20:36:48Z E! [] Requesting data of subscription 0 failed: got end of sse data input
2025-02-19T20:36:48Z E! [] Requesting data of subscription 0 failed: got end of sse data input
2025-02-19T20:36:48Z E! [] Requesting data of subscription 0 failed: got end of sse data input
2025-02-19T20:36:48Z E! [] Requesting data of subscription 0 failed: got end of sse data input
2025-02-19T20:36:48Z E! [] Requesting data of subscription 0 failed: got end of sse data input
2025-02-19T20:36:48Z E! [] Requesting data of subscription 0 failed: got end of sse data input
2025-02-19T20:36:48Z E! [] Requesting data of subscription 0 failed: got end of sse data input
2025-02-19T20:36:48Z E! [] Requesting data of subscription 0 failed: got end of sse data input
2025-02-19T20:36:48Z E! [] Requesting data of subscription 0 failed: got end of sse data input
2025-02-19T20:36:48Z E! [] Requesting data of subscription 0 failed: got end of sse data input
2025-02-19T20:36:48Z E! [] Requesting data of subscription 0 failed: got end of sse data input
2025-02-19T20:36:48Z E! [] Requesting data of subscription 0 failed: got end of sse data input
2025-02-19T20:36:48Z E! [] Requesting data of subscription 0 failed: got end of sse data input
2025-02-19T20:36:48Z E! [] Requesting data of subscription 0 failed: got end of sse data input
2025-02-19T20:36:48Z E! [] Requesting data of subscription 0 failed: got end of sse data input
2025-02-19T20:36:48Z E! [] Requesting data of subscription 0 failed: got end of sse data input
2025-02-19T20:36:48Z E! [] Requesting data of subscription 0 failed: got end of sse data input
2025-02-19T20:36:48Z E! [] Requesting data of subscription 0 failed: got end of sse data input
2025-02-19T20:36:48Z E! [] Requesting data of subscription 0 failed: got end of sse data input
2025-02-19T20:36:48Z E! [] Requesting data of subscription 0 failed: got end of sse data input
2025-02-19T20:36:48Z E! [] Requesting data of subscription 0 failed: got end of sse data input
2025-02-19T20:36:48Z E! [] Requesting data of subscription 0 failed: got end of sse data input
2025-02-19T20:36:48Z E! [] Requesting data of subscription 0 failed: got end of sse data input
2025-02-19T20:36:48Z E! [] Requesting data of subscription 0 failed: got end of sse data input
2025-02-19T20:36:48Z E! [] Requesting data of subscription 0 failed: got end of sse data input
2025-02-19T20:36:48Z E! [] Requesting data of subscription 0 failed: got end of sse data input
2025-02-19T20:36:48Z E! [] Requesting data of subscription 0 failed: got end of sse data input
2025-02-19T20:36:48Z E! [] Requesting data of subscription 0 failed: got end of sse data input
2025-02-19T20:36:48Z E! [] Requesting data of subscription 0 failed: got end of sse data input
2025-02-19T20:36:48Z E! [] Requesting data of subscription 0 failed: got end of sse data input
2025-02-19T20:36:48Z E! [] Requesting data of subscription 0 failed: got end of sse data input
2025-02-19T20:36:48Z E! [] Requesting data of subscription 0 failed: got end of sse data input
2025-02-19T20:36:48Z E! [] Requesting data of subscription 0 failed: got end of sse data input
2025-02-19T20:36:48Z E! [] Requesting data of subscription 0 failed: got end of sse data input
2025-02-19T20:36:48Z E! [] Requesting data of subscription 0 failed: got end of sse data input
2025-02-19T20:36:48Z E! [] Requesting data of subscription 0 failed: got end of sse data input
2025-02-19T20:36:48Z E! [] Requesting data of subscription 0 failed: got end of sse data input
2025-02-19T20:36:48Z E! [] Requesting data of subscription 0 failed: got end of sse data input
2025-02-19T20:36:48Z E! [] Requesting data of subscription 0 failed: got end of sse data input
2025-02-19T20:36:48Z E! [] Requesting data of subscription 0 failed: got end of sse data input
2025-02-19T20:36:48Z E! [] Requesting data of subscription 0 failed: got end of sse data input
2025-02-19T20:36:48Z E! [] Requesting data of subscription 0 failed: got end of sse data input
2025-02-19T20:36:48Z E! [] Requesting data of subscription 0 failed: got end of sse data input
2025-02-19T20:36:48Z E! [] Requesting data of subscription 0 failed: got end of sse data input
2025-02-19T20:36:48Z E! [] Requesting data of subscription 0 failed: got end of sse data input
2025-02-19T20:36:48Z E! [] Requesting data of subscription 0 failed: got end of sse data input
2025-02-19T20:36:48Z E! [] Requesting data of subscription 0 failed: got end of sse data input
2025-02-19T20:36:48Z E! [] Requesting data of subscription 0 failed: got end of sse data input
2025-02-19T20:36:48Z E! [] Requesting data of subscription 0 failed: got end of sse data input
2025-02-19T20:36:48Z E! [] Requesting data of subscription 0 failed: got end of sse data input
2025-02-19T20:36:48Z E! [] Requesting data of subscription 0 failed: got end of sse data input
2025-02-19T20:36:48Z E! [] Requesting data of subscription 0 failed: got end of sse data input
2025-02-19T20:36:48Z E! [] Requesting data of subscription 0 failed: got end of sse data input
2025-02-19T20:36:48Z E! [] Requesting data of subscription 0 failed: got end of sse data input
2025-02-19T20:36:48Z E! [] Requesting data of subscription 0 failed: got end of sse data input
2025-02-19T20:36:48Z E! [] Requesting data of subscription 0 failed: got end of sse data input
2025-02-19T20:36:48Z E! [] Requesting data of subscription 0 failed: got end of sse data input
2025-02-19T20:36:48Z E! [] Requesting data of subscription 0 failed: got end of sse data input
2025-02-19T20:36:48Z E! [] Requesting data of subscription 0 failed: got end of sse data input
2025-02-19T20:36:48Z E! [] Requesting data of subscription 0 failed: got end of sse data input
2025-02-19T20:36:48Z E! [] Requesting data of subscription 0 failed: got end of sse data input
2025-02-19T20:36:48Z E! [] Requesting data of subscription 0 failed: got end of sse data input
2025-02-19T20:36:48Z E! [] Requesting data of subscription 0 failed: got end of sse data input
2025-02-19T20:36:48Z E! [] Requesting data of subscription 0 failed: got end of sse data input
2025-02-19T20:36:48Z E! [] Requesting data of subscription 0 failed: got end of sse data input
2025-02-19T20:36:48Z E! [] Requesting data of subscription 0 failed: got end of sse data input
2025-02-19T20:36:48Z E! [] Requesting data of subscription 0 failed: got end of sse data input
2025-02-19T20:36:48Z E! [] Requesting data of subscription 0 failed: got end of sse data input
2025-02-19T20:36:48Z E! [] Requesting data of subscription 0 failed: got end of sse data input
2025-02-19T20:36:48Z E! [] Requesting data of subscription 0 failed: got end of sse data input
2025-02-19T20:36:48Z E! [] Requesting data of subscription 0 failed: got end of sse data input
2025-02-19T20:36:48Z E! [] Requesting data of subscription 0 failed: got end of sse data input
2025-02-19T20:36:48Z E! [] Requesting data of subscription 0 failed: got end of sse data input
2025-02-19T20:36:48Z E! [] Requesting data of subscription 0 failed: got end of sse data input
2025-02-19T20:36:48Z E! [] Requesting data of subscription 0 failed: got end of sse data input
2025-02-19T20:36:48Z E! [] Requesting data of subscription 0 failed: got end of sse data input
2025-02-19T20:36:48Z E! [] Requesting data of subscription 0 failed: got end of sse data input
2025-02-19T20:36:48Z E! [] Requesting data of subscription 0 failed: got end of sse data input
2025-02-19T20:36:48Z E! [] Requesting data of subscription 0 failed: got end of sse data input
2025-02-19T20:36:48Z E! [] Requesting data of subscription 0 failed: got end of sse data input
2025-02-19T20:36:48Z E! [] Requesting data of subscription 0 failed: got end of sse data input
2025-02-19T20:36:48Z E! [] Requesting data of subscription 0 failed: got end of sse data input
2025-02-19T20:36:48Z E! [] Requesting data of subscription 0 failed: got end of sse data input
2025-02-19T20:36:48Z E! [] Requesting data of subscription 0 failed: got end of sse data input
2025-02-19T20:36:48Z E! [] Requesting data of subscription 0 failed: got end of sse data input
2025-02-19T20:36:48Z E! [] Requesting data of subscription 0 failed: got end of sse data input
2025-02-19T20:36:48Z E! [] Requesting data of subscription 0 failed: got end of sse data input
2025-02-19T20:36:48Z E! [] Requesting data of subscription 0 failed: got end of sse data input
2025-02-19T20:36:48Z E! [] Requesting data of subscription 0 failed: got end of sse data input
2025-02-19T20:36:48Z E! [] Requesting data of subscription 0 failed: got end of sse data input
2025-02-19T20:36:48Z E! [] Requesting data of subscription 0 failed: got end of sse data input
2025-02-19T20:36:48Z E! [] Requesting data of subscription 0 failed: got end of sse data input
2025-02-19T20:36:48Z E! [] Requesting data of subscription 0 failed: got end of sse data input
2025-02-19T20:36:48Z E! [] Requesting data of subscription 0 failed: got end of sse data input
2025-02-19T20:36:48Z E! [] Requesting data of subscription 0 failed: got end of sse data input
2025-02-19T20:36:48Z E! [] Requesting data of subscription 0 failed: got end of sse data input
2025-02-19T20:36:48Z E! [] Requesting data of subscription 0 failed: got end of sse data input
2025-02-19T20:36:48Z E! [] Requesting data of subscription 0 failed: got end of sse data input
2025-02-19T20:36:48Z E! [] Requesting data of subscription 0 failed: got end of sse data input
2025-02-19T20:36:48Z E! [] Requesting data of subscription 0 failed: got end of sse data input
2025-02-19T20:36:48Z E! [] Requesting data of subscription 0 failed: got end of sse data input
2025-02-19T20:36:48Z E! [] Requesting data of subscription 0 failed: got end of sse data input
2025-02-19T20:36:48Z E! [] Requesting data of subscription 0 failed: got end of sse data input
2025-02-19T20:36:48Z E! [] Requesting data of subscription 0 failed: got end of sse data input
2025-02-19T20:36:48Z E! [] Requesting data of subscription 0 failed: got end of sse data input
2025-02-19T20:36:48Z E! [] Requesting data of subscription 0 failed: got end of sse data input
2025-02-19T20:36:48Z E! [] Requesting data of subscription 0 failed: got end of sse data input
2025-02-19T20:36:48Z E! [] Requesting data of subscription 0 failed: got end of sse data input
2025-02-19T20:36:48Z E! [] Requesting data of subscription 0 failed: got end of sse data input
2025-02-19T20:36:48Z E! [] Requesting data of subscription 0 failed: got end of sse data input
2025-02-19T20:36:48Z E! [] Requesting data of subscription 0 failed: got end of sse data input
2025-02-19T20:36:48Z E! [] Requesting data of subscription 0 failed: got end of sse data input
2025-02-19T20:36:48Z E! [] Requesting data of subscription 0 failed: got end of sse data input
2025-02-19T20:36:48Z E! [] Requesting data of subscription 0 failed: got end of sse data input
2025-02-19T20:36:48Z E! [] Requesting data of subscription 0 failed: got end of sse data input
2025-02-19T20:36:48Z E! [] Requesting data of subscription 0 failed: got end of sse data input
2025-02-19T20:36:48Z E! [] Requesting data of subscription 0 failed: got end of sse data input
2025-02-19T20:36:48Z E! [] Requesting data of subscription 0 failed: got end of sse data input
2025-02-19T20:36:48Z E! [] Requesting data of subscription 0 failed: got end of sse data input
2025-02-19T20:36:48Z E! [] Requesting data of subscription 0 failed: got end of sse data input
2025-02-19T20:36:48Z E! [] Requesting data of subscription 0 failed: got end of sse data input
2025-02-19T20:36:48Z E! [] Requesting data of subscription 0 failed: got end of sse data input
2025-02-19T20:36:48Z E! [] Requesting data of subscription 0 failed: got end of sse data input
2025-02-19T20:36:48Z E! [] Requesting data of subscription 0 failed: got end of sse data input
2025-02-19T20:36:48Z E! [] Requesting data of subscription 0 failed: got end of sse data input
2025-02-19T20:36:48Z E! [] Requesting data of subscription 0 failed: got end of sse data input
2025-02-19T20:36:48Z E! [] Requesting data of subscription 0 failed: got end of sse data input
2025-02-19T20:36:48Z E! [] Requesting data of subscription 0 failed: got end of sse data input
2025-02-19T20:36:48Z E! [] Requesting data of subscription 0 failed: got end of sse data input
2025-02-19T20:36:48Z E! [] Requesting data of subscription 0 failed: got end of sse data input
2025-02-19T20:36:48Z E! [] Requesting data of subscription 0 failed: got end of sse data input
2025-02-19T20:36:48Z E! [] Requesting data of subscription 0 failed: got end of sse data input
2025-02-19T20:36:48Z E! [] Requesting data of subscription 0 failed: got end of sse data input
2025-02-19T20:36:48Z E! [] Requesting data of subscription 0 failed: got end of sse data input
2025-02-19T20:36:48Z E! [] Requesting data of subscription 0 failed: got end of sse data input
2025-02-19T20:36:48Z E! [] Requesting data of subscription 0 failed: got end of sse data input
2025-02-19T20:36:48Z E! [] Requesting data of subscription 0 failed: got end of sse data input
2025-02-19T20:36:48Z E! [] Requesting data of subscription 0 failed: got end of sse data input
2025-02-19T20:36:48Z E! [] Requesting data of subscription 0 failed: got end of sse data input
2025-02-19T20:36:48Z E! [] Requesting data of subscription 0 failed: got end of sse data input
2025-02-19T20:36:48Z E! [] Requesting data of subscription 0 failed: got end of sse data input
2025-02-19T20:36:48Z E! [] Requesting data of subscription 0 failed: got end of sse data input
2025-02-19T20:36:48Z E! [] Requesting data of subscription 0 failed: got end of sse data input
2025-02-19T20:36:48Z E! [] Requesting data of subscription 0 failed: got end of sse data input
2025-02-19T20:36:48Z E! [] Requesting data of subscription 0 failed: got end of sse data input
2025-02-19T20:36:48Z E! [] Requesting data of subscription 0 failed: got end of sse data input
2025-02-19T20:36:48Z E! [] Requesting data of subscription 0 failed: got end of sse data input
2025-02-19T20:36:48Z E! [] Requesting data of subscription 0 failed: got end of sse data input
2025-02-19T20:36:48Z E! [] Requesting data of subscription 0 failed: got end of sse data input
2025-02-19T20:36:48Z E! [] Requesting data of subscription 0 failed: got end of sse data input
2025-02-19T20:36:48Z E! [] Requesting data of subscription 0 failed: got end of sse data input
2025-02-19T20:36:48Z E! [] Requesting data of subscription 0 failed: got end of sse data input
2025-02-19T20:36:48Z E! [] Requesting data of subscription 0 failed: got end of sse data input
2025-02-19T20:36:48Z E! [] Requesting data of subscription 0 failed: got end of sse data input
2025-02-19T20:36:48Z E! [] Requesting data of subscription 0 failed: got end of sse data input
2025-02-19T20:36:48Z E! [] Requesting data of subscription 0 failed: got end of sse data input
2025-02-19T20:36:48Z E! [] Requesting data of subscription 0 failed: got end of sse data input
2025-02-19T20:36:48Z E! [] Requesting data of subscription 0 failed: got end of sse data input
2025-02-19T20:36:48Z E! [] Requesting data of subscription 0 failed: got end of sse data input
2025-02-19T20:36:48Z E! [] Requesting data of subscription 0 failed: got end of sse data input
2025-02-19T20:36:48Z E! [] Requesting data of subscription 0 failed: got end of sse data input
2025-02-19T20:36:48Z E! [] Requesting data of subscription 0 failed: got end of sse data input
2025-02-19T20:36:48Z E! [] Requesting data of subscription 0 failed: got end of sse data input
2025-02-19T20:36:48Z E! [] Requesting data of subscription 0 failed: got end of sse data input
2025-02-19T20:36:48Z E! [] Requesting data of subscription 0 failed: got end of sse data input
2025-02-19T20:36:48Z E! [] Requesting data of subscription 0 failed: got end of sse data input
2025-02-19T20:36:48Z E! [] Requesting data of subscription 0 failed: got end of sse data input
2025-02-19T20:36:48Z E! [] Requesting data of subscription 0 failed: got end of sse data input
2025-02-19T20:36:48Z E! [] Requesting data of subscription 0 failed: got end of sse data input
2025-02-19T20:36:48Z E! [] Requesting data of subscription 0 failed: got end of sse data input
2025-02-19T20:36:48Z E! [] Requesting data of subscription 0 failed: got end of sse data input
2025-02-19T20:36:48Z E! [] Requesting data of subscription 0 failed: got end of sse data input
2025-02-19T20:36:48Z E! [] Requesting data of subscription 0 failed: got end of sse data input
2025-02-19T20:36:48Z E! [] Requesting data of subscription 0 failed: got end of sse data input
2025-02-19T20:36:48Z E! [] Requesting data of subscription 0 failed: got end of sse data input
2025-02-19T20:36:48Z E! [] Requesting data of subscription 0 failed: got end of sse data input
2025-02-19T20:36:48Z E! [] Requesting data of subscription 0 failed: got end of sse data input
2025-02-19T20:36:48Z E! [] Requesting data of subscription 0 failed: got end of sse data input
2025-02-19T20:36:48Z E! [] Requesting data of subscription 0 failed: got end of sse data input
2025-02-19T20:36:48Z E! [] Requesting data of subscription 0 failed: got end of sse data input
2025-02-19T20:36:48Z E! [] Requesting data of subscription 0 failed: got end of sse data input
2025-02-19T20:36:48Z E! [] Requesting data of subscription 0 failed: got end of sse data input
2025-02-19T20:36:48Z E! [] Requesting data of subscription 0 failed: got end of sse data input
2025-02-19T20:36:48Z E! [] Requesting data of subscription 0 failed: got end of sse data input
2025-02-19T20:36:48Z E! [] Requesting data of subscription 0 failed: got end of sse data input
2025-02-19T20:36:48Z E! [] Requesting data of subscription 0 failed: got end of sse data input
2025-02-19T20:36:48Z E! [] Requesting data of subscription 0 failed: got end of sse data input
2025-02-19T20:36:48Z E! [] Requesting data of subscription 0 failed: got end of sse data input
2025-02-19T20:36:48Z E! [] Requesting data of subscription 0 failed: got end of sse data input
2025-02-19T20:36:48Z E! [] Requesting data of subscription 0 failed: got end of sse data input
2025-02-19T20:36:48Z E! [] Requesting data of subscription 0 failed: got end of sse data input
2025-02-19T20:36:48Z E! [] Requesting data of subscription 0 failed: got end of sse data input
2025-02-19T20:36:48Z E! [] Requesting data of subscription 0 failed: got end of sse data input
2025-02-19T20:36:48Z E! [] Requesting data of subscription 0 failed: got end of sse data input
2025-02-19T20:36:48Z E! [] Requesting data of subscription 0 failed: got end of sse data input
2025-02-19T20:36:48Z E! [] Requesting data of subscription 0 failed: got end of sse data input
2025-02-19T20:36:48Z E! [] Requesting data of subscription 0 failed: got end of sse data input
2025-02-19T20:36:48Z E! [] Requesting data of subscription 0 failed: got end of sse data input
2025-02-19T20:36:48Z E! [] Requesting data of subscription 0 failed: got end of sse data input
2025-02-19T20:36:48Z E! [] Requesting data of subscription 0 failed: got end of sse data input
2025-02-19T20:36:48Z E! [] Requesting data of subscription 0 failed: got end of sse data input
2025-02-19T20:36:48Z E! [] Requesting data of subscription 0 failed: got end of sse data input
2025-02-19T20:36:48Z E! [] Requesting data of subscription 0 failed: got end of sse data input
2025-02-19T20:36:48Z E! [] Requesting data of subscription 0 failed: got end of sse data input
2025-02-19T20:36:48Z E! [] Requesting data of subscription 0 failed: got end of sse data input
2025-02-19T20:36:48Z E! [] Requesting data of subscription 0 failed: got end of sse data input
2025-02-19T20:36:48Z E! [] Requesting data of subscription 0 failed: got end of sse data input
2025-02-19T20:36:48Z E! [] Requesting data of subscription 0 failed: got end of sse data input
2025-02-19T20:36:48Z E! [] Requesting data of subscription 0 failed: got end of sse data input
2025-02-19T20:36:48Z E! [] Requesting data of subscription 0 failed: got end of sse data input
2025-02-19T20:36:48Z E! [] Requesting data of subscription 0 failed: got end of sse data input
2025-02-19T20:36:48Z E! [] Requesting data of subscription 0 failed: got end of sse data input
2025-02-19T20:36:48Z E! [] Requesting data of subscription 0 failed: got end of sse data input
2025-02-19T20:36:48Z E! [] Requesting data of subscription 0 failed: got end of sse data input
2025-02-19T20:36:48Z E! [] Requesting data of subscription 0 failed: got end of sse data input
2025-02-19T20:36:48Z E! [] Requesting data of subscription 0 failed: got end of sse data input
2025-02-19T20:36:48Z E! [] Requesting data of subscription 0 failed: got end of sse data input
2025-02-19T20:36:48Z E! [] Requesting data of subscription 0 failed: got end of sse data input
2025-02-19T20:36:48Z E! [] Requesting data of subscription 0 failed: got end of sse data input
2025-02-19T20:36:48Z E! [] Requesting data of subscription 0 failed: got end of sse data input
2025-02-19T20:36:48Z E! [] Requesting data of subscription 0 failed: got end of sse data input
2025-02-19T20:36:48Z E! [] Requesting data of subscription 0 failed: got end of sse data input
2025-02-19T20:36:48Z E! [] Requesting data of subscription 0 failed: got end of sse data input
2025-02-19T20:36:48Z E! [] Requesting data of subscription 0 failed: got end of sse data input
2025-02-19T20:36:48Z E! [] Requesting data of subscription 0 failed: got end of sse data input
2025-02-19T20:36:48Z E! [] Requesting data of subscription 0 failed: got end of sse data input
2025-02-19T20:36:48Z E! [] Requesting data of subscription 0 failed: got end of sse data input
2025-02-19T20:36:48Z E! [] Requesting data of subscription 0 failed: got end of sse data input
2025-02-19T20:36:48Z E! [] Requesting data of subscription 0 failed: got end of sse data input
2025-02-19T20:36:48Z E! [] Requesting data of subscription 0 failed: got end of sse data input
2025-02-19T20:36:48Z E! [] Requesting data of subscription 0 failed: got end of sse data input
2025-02-19T20:36:48Z E! [] Requesting data of subscription 0 failed: got end of sse data input
2025-02-19T20:36:48Z E! [] Requesting data of subscription 0 failed: got end of sse data input
2025-02-19T20:36:48Z E! [] Requesting data of subscription 0 failed: got end of sse data input
2025-02-19T20:36:48Z E! [] Requesting data of subscription 0 failed: got end of sse data input
2025-02-19T20:36:48Z E! [] Requesting data of subscription 0 failed: got end of sse data input
2025-02-19T20:36:48Z E! [] Requesting data of subscription 0 failed: got end of sse data input
2025-02-19T20:36:48Z E! [] Requesting data of subscription 0 failed: got end of sse data input
2025-02-19T20:36:48Z E! [] Requesting data of subscription 0 failed: got end of sse data input
2025-02-19T20:36:48Z E! [] Requesting data of subscription 0 failed: got end of sse data input
2025-02-19T20:36:48Z E! [] Requesting data of subscription 0 failed: got end of sse data input
2025-02-19T20:36:48Z E! [] Requesting data of subscription 0 failed: got end of sse data input
2025-02-19T20:36:48Z E! [] Requesting data of subscription 0 failed: got end of sse data input
2025-02-19T20:36:48Z E! [] Requesting data of subscription 0 failed: got end of sse data input
2025-02-19T20:36:48Z E! [] Requesting data of subscription 0 failed: got end of sse data input
2025-02-19T20:36:48Z E! [] Requesting data of subscription 0 failed: got end of sse data input
2025-02-19T20:36:48Z E! [] Requesting data of subscription 0 failed: got end of sse data input
2025-02-19T20:36:48Z E! [] Requesting data of subscription 0 failed: got end of sse data input
2025-02-19T20:36:48Z E! [] Requesting data of subscription 0 failed: got end of sse data input
2025-02-19T20:36:48Z E! [] Requesting data of subscription 0 failed: got end of sse data input
2025-02-19T20:36:48Z E! [] Requesting data of subscription 0 failed: got end of sse data input
2025-02-19T20:36:48Z E! [] Requesting data of subscription 0 failed: got end of sse data input
2025-02-19T20:36:48Z E! [] Requesting data of subscription 0 failed: got end of sse data input
2025-02-19T20:36:48Z E! [] Requesting data of subscription 0 failed: got end of sse data input
2025-02-19T20:36:48Z E! [] Requesting data of subscription 0 failed: got end of sse data input
2025-02-19T20:36:48Z E! [] Requesting data of subscription 0 failed: got end of sse data input
2025-02-19T20:36:48Z E! [] Requesting data of subscription 0 failed: got end of sse data input
2025-02-19T20:36:48Z E! [] Requesting data of subscription 0 failed: got end of sse data input
2025-02-19T20:36:48Z E! [] Requesting data of subscription 0 failed: got end of sse data input
2025-02-19T20:36:48Z E! [] Requesting data of subscription 0 failed: got end of sse data input
2025-02-19T20:36:48Z E! [] Requesting data of subscription 0 failed: got end of sse data input
2025-02-19T20:36:48Z E! [] Requesting data of subscription 0 failed: got end of sse data input
2025-02-19T20:36:48Z E! [] Requesting data of subscription 0 failed: got end of sse data input
2025-02-19T20:36:48Z E! [] Requesting data of subscription 0 failed: got end of sse data input
2025-02-19T20:36:48Z E! [] Requesting data of subscription 0 failed: got end of sse data input
2025-02-19T20:36:48Z E! [] Requesting data of subscription 0 failed: got end of sse data input
2025-02-19T20:36:48Z E! [] Requesting data of subscription 0 failed: got end of sse data input
2025-02-19T20:36:48Z E! [] Requesting data of subscription 0 failed: got end of sse data input
2025-02-19T20:36:48Z E! [] Requesting data of subscription 0 failed: got end of sse data input
2025-02-19T20:36:48Z E! [] Requesting data of subscription 0 failed: got end of sse data input
2025-02-19T20:36:48Z E! [] Requesting data of subscription 0 failed: got end of sse data input
2025-02-19T20:36:48Z E! [] Requesting data of subscription 0 failed: got end of sse data input
2025-02-19T20:36:48Z E! [] Requesting data of subscription 0 failed: got end of sse data input
2025-02-19T20:36:48Z E! [] Requesting data of subscription 0 failed: got end of sse data input
2025-02-19T20:36:48Z E! [] Requesting data of subscription 0 failed: got end of sse data input
2025-02-19T20:36:48Z E! [] Requesting data of subscription 0 failed: got end of sse data input
2025-02-19T20:36:48Z E! [] Requesting data of subscription 0 failed: got end of sse data input
2025-02-19T20:36:48Z E! [] Requesting data of subscription 0 failed: got end of sse data input
2025-02-19T20:36:48Z E! [] Requesting data of subscription 0 failed: got end of sse data input
2025-02-19T20:36:48Z E! [] Requesting data of subscription 0 failed: got end of sse data input
2025-02-19T20:36:48Z E! [] Requesting data of subscription 0 failed: got end of sse data input
2025-02-19T20:36:48Z E! [] Requesting data of subscription 0 failed: got end of sse data input
2025-02-19T20:36:48Z E! [] Requesting data of subscription 0 failed: got end of sse data input
2025-02-19T20:36:48Z E! [] Requesting data of subscription 0 failed: got end of sse data input
2025-02-19T20:36:48Z E! [] Requesting data of subscription 0 failed: got end of sse data input
2025-02-19T20:36:48Z E! [] Requesting data of subscription 0 failed: got end of sse data input
2025-02-19T20:36:48Z E! [] Requesting data of subscription 0 failed: got end of sse data input
2025-02-19T20:36:48Z E! [] Requesting data of subscription 0 failed: got end of sse data input
2025-02-19T20:36:48Z E! [] Requesting data of subscription 0 failed: got end of sse data input
2025-02-19T20:36:48Z E! [] Requesting data of subscription 0 failed: got end of sse data input
2025-02-19T20:36:48Z E! [] Requesting data of subscription 0 failed: got end of sse data input
2025-02-19T20:36:48Z E! [] Requesting data of subscription 0 failed: got end of sse data input
2025-02-19T20:36:48Z E! [] Requesting data of subscription 0 failed: got end of sse data input
2025-02-19T20:36:48Z E! [] Requesting data of subscription 0 failed: got end of sse data input
2025-02-19T20:36:48Z E! [] Requesting data of subscription 0 failed: got end of sse data input
2025-02-19T20:36:48Z E! [] Requesting data of subscription 0 failed: got end of sse data input
2025-02-19T20:36:48Z E! [] Requesting data of subscription 0 failed: got end of sse data input
2025-02-19T20:36:48Z E! [] Requesting data of subscription 0 failed: got end of sse data input
2025-02-19T20:36:48Z E! [] Requesting data of subscription 0 failed: got end of sse data input
2025-02-19T20:36:48Z E! [] Requesting data of subscription 0 failed: got end of sse data input
2025-02-19T20:36:48Z E! [] Requesting data of subscription 0 failed: got end of sse data input
2025-02-19T20:36:48Z E! [] Requesting data of subscription 0 failed: got end of sse data input
2025-02-19T20:36:48Z E! [] Requesting data of subscription 0 failed: got end of sse data input
2025-02-19T20:36:48Z E! [] Requesting data of subscription 0 failed: got end of sse data input
2025-02-19T20:36:48Z E! [] Requesting data of subscription 0 failed: got end of sse data input
2025-02-19T20:36:48Z E! [] Requesting data of subscription 0 failed: got end of sse data input
2025-02-19T20:36:48Z E! [] Requesting data of subscription 0 failed: got end of sse data input
2025-02-19T20:36:48Z E! [] Requesting data of subscription 0 failed: got end of sse data input
2025-02-19T20:36:48Z E! [] Requesting data of subscription 0 failed: got end of sse data input
2025-02-19T20:36:48Z E! [] Requesting data of subscription 0 failed: got end of sse data input
2025-02-19T20:36:48Z E! [] Requesting data of subscription 0 failed: got end of sse data input
2025-02-19T20:36:48Z E! [] Requesting data of subscription 0 failed: got end of sse data input
2025-02-19T20:36:48Z E! [] Requesting data of subscription 0 failed: got end of sse data input
2025-02-19T20:36:48Z E! [] Requesting data of subscription 0 failed: got end of sse data input
2025-02-19T20:36:48Z E! [] Requesting data of subscription 0 failed: got end of sse data input
2025-02-19T20:36:48Z E! [] Requesting data of subscription 0 failed: got end of sse data input
2025-02-19T20:36:48Z E! [] Requesting data of subscription 0 failed: got end of sse data input
2025-02-19T20:36:48Z E! [] Requesting data of subscription 0 failed: got end of sse data input
2025-02-19T20:36:48Z E! [] Requesting data of subscription 0 failed: got end of sse data input
2025-02-19T20:36:48Z E! [] Requesting data of subscription 0 failed: got end of sse data input
2025-02-19T20:36:48Z E! [] Requesting data of subscription 0 failed: got end of sse data input
2025-02-19T20:36:48Z E! [] Requesting data of subscription 0 failed: got end of sse data input
2025-02-19T20:36:48Z E! [] Requesting data of subscription 0 failed: got end of sse data input
2025-02-19T20:36:48Z E! [] Requesting data of subscription 0 failed: got end of sse data input
2025-02-19T20:36:48Z E! [] Requesting data of subscription 0 failed: got end of sse data input
2025-02-19T20:36:48Z E! [] Requesting data of subscription 0 failed: got end of sse data input
2025-02-19T20:36:48Z E! [] Requesting data of subscription 0 failed: got end of sse data input
2025-02-19T20:36:48Z E! [] Requesting data of subscription 0 failed: got end of sse data input
2025-02-19T20:36:48Z E! [] Requesting data of subscription 0 failed: got end of sse data input
2025-02-19T20:36:48Z E! [] Requesting data of subscription 0 failed: got end of sse data input
2025-02-19T20:36:48Z E! [] Requesting data of subscription 0 failed: got end of sse data input
2025-02-19T20:36:48Z E! [] Requesting data of subscription 0 failed: got end of sse data input
2025-02-19T20:36:48Z E! [] Requesting data of subscription 0 failed: got end of sse data input
2025-02-19T20:36:48Z E! [] Requesting data of subscription 0 failed: got end of sse data input
2025-02-19T20:36:48Z E! [] Requesting data of subscription 0 failed: got end of sse data input
2025-02-19T20:36:48Z E! [] Requesting data of subscription 0 failed: got end of sse data input
2025-02-19T20:36:48Z E! [] Requesting data of subscription 0 failed: got end of sse data input
2025-02-19T20:36:48Z E! [] Requesting data of subscription 0 failed: got end of sse data input
2025-02-19T20:36:48Z E! [] Requesting data of subscription 0 failed: got end of sse data input
2025-02-19T20:36:48Z E! [] Requesting data of subscription 0 failed: got end of sse data input
2025-02-19T20:36:48Z E! [] Requesting data of subscription 0 failed: got end of sse data input
2025-02-19T20:36:48Z E! [] Requesting data of subscription 0 failed: got end of sse data input
2025-02-19T20:36:48Z E! [] Requesting data of subscription 0 failed: got end of sse data input
2025-02-19T20:36:48Z E! [] Requesting data of subscription 0 failed: got end of sse data input
2025-02-19T20:36:48Z E! [] Requesting data of subscription 0 failed: got end of sse data input
2025-02-19T20:36:48Z E! [] Requesting data of subscription 0 failed: got end of sse data input
2025-02-19T20:36:48Z E! [] Requesting data of subscription 0 failed: got end of sse data input
2025-02-19T20:36:48Z E! [] Requesting data of subscription 0 failed: got end of sse data input
2025-02-19T20:36:48Z E! [] Requesting data of subscription 0 failed: got end of sse data input
2025-02-19T20:36:48Z E! [] Requesting data of subscription 0 failed: got end of sse data input
2025-02-19T20:36:48Z E! [] Requesting data of subscription 0 failed: got end of sse data input
2025-02-19T20:36:48Z E! [] Requesting data of subscription 0 failed: got end of sse data input
2025-02-19T20:36:48Z E! [] Requesting data of subscription 0 failed: got end of sse data input
2025-02-19T20:36:48Z E! [] Requesting data of subscription 0 failed: got end of sse data input
2025-02-19T20:36:48Z E! [] Requesting data of subscription 0 failed: got end of sse data input
2025-02-19T20:36:48Z E! [] Requesting data of subscription 0 failed: got end of sse data input
2025-02-19T20:36:48Z E! [] Requesting data of subscription 0 failed: got end of sse data input
2025-02-19T20:36:48Z E! [] Requesting data of subscription 0 failed: got end of sse data input
2025-02-19T20:36:48Z E! [] Requesting data of subscription 0 failed: got end of sse data input
2025-02-19T20:36:48Z E! [] Requesting data of subscription 0 failed: got end of sse data input
2025-02-19T20:36:48Z E! [] Requesting data of subscription 0 failed: got end of sse data input
2025-02-19T20:36:48Z E! [] Requesting data of subscription 0 failed: got end of sse data input
2025-02-19T20:36:48Z E! [] Requesting data of subscription 0 failed: got end of sse data input
2025-02-19T20:36:48Z E! [] Requesting data of subscription 0 failed: got end of sse data input
2025-02-19T20:36:48Z E! [] Requesting data of subscription 0 failed: got end of sse data input
2025-02-19T20:36:48Z E! [] Requesting data of subscription 0 failed: got end of sse data input
2025-02-19T20:36:48Z E! [] Requesting data of subscription 0 failed: got end of sse data input
2025-02-19T20:36:48Z E! [] Requesting data of subscription 0 failed: got end of sse data input
2025-02-19T20:36:48Z E! [] Requesting data of subscription 0 failed: got end of sse data input
2025-02-19T20:36:48Z E! [] Requesting data of subscription 0 failed: got end of sse data input
2025-02-19T20:36:48Z E! [] Requesting data of subscription 0 failed: got end of sse data input
2025-02-19T20:36:48Z E! [] Requesting data of subscription 0 failed: got end of sse data input
2025-02-19T20:36:48Z E! [] Requesting data of subscription 0 failed: got end of sse data input
2025-02-19T20:36:48Z E! [] Requesting data of subscription 0 failed: got end of sse data input
2025-02-19T20:36:48Z E! [] Requesting data of subscription 0 failed: got end of sse data input
2025-02-19T20:36:48Z E! [] Requesting data of subscription 0 failed: got end of sse data input
2025-02-19T20:36:48Z E! [] Requesting data of subscription 0 failed: got end of sse data input
2025-02-19T20:36:48Z E! [] Requesting data of subscription 0 failed: got end of sse data input
2025-02-19T20:36:48Z E! [] Requesting data of subscription 0 failed: got end of sse data input
2025-02-19T20:36:48Z E! [] Requesting data of subscription 0 failed: got end of sse data input
2025-02-19T20:36:48Z E! [] Requesting data of subscription 0 failed: got end of sse data input
2025-02-19T20:36:48Z E! [] Requesting data of subscription 0 failed: got end of sse data input
2025-02-19T20:36:48Z E! [] Requesting data of subscription 0 failed: got end of sse data input
2025-02-19T20:36:48Z E! [] Requesting data of subscription 0 failed: got end of sse data input
2025-02-19T20:36:48Z E! [] Requesting data of subscription 0 failed: got end of sse data input
2025-02-19T20:36:48Z E! [] Requesting data of subscription 0 failed: got end of sse data input
2025-02-19T20:36:48Z E! [] Requesting data of subscription 0 failed: got end of sse data input
2025-02-19T20:36:48Z E! [] Requesting data of subscription 0 failed: got end of sse data input
2025-02-19T20:36:48Z E! [] Requesting data of subscription 0 failed: got end of sse data input
2025-02-19T20:36:48Z E! [] Requesting data of subscription 0 failed: got end of sse data input
2025-02-19T20:36:48Z E! [] Requesting data of subscription 0 failed: got end of sse data input
2025-02-19T20:36:48Z E! [] Requesting data of subscription 0 failed: got end of sse data input
2025-02-19T20:36:48Z E! [] Requesting data of subscription 0 failed: got end of sse data input
2025-02-19T20:36:48Z E! [] Requesting data of subscription 0 failed: got end of sse data input
2025-02-19T20:36:48Z E! [] Requesting data of subscription 0 failed: got end of sse data input
2025-02-19T20:36:48Z E! [] Requesting data of subscription 0 failed: got end of sse data input
2025-02-19T20:36:48Z E! [] Requesting data of subscription 0 failed: got end of sse data input
2025-02-19T20:36:48Z E! [] Requesting data of subscription 0 failed: got end of sse data input
2025-02-19T20:36:48Z E! [] Requesting data of subscription 0 failed: got end of sse data input
2025-02-19T20:36:48Z E! [] Requesting data of subscription 0 failed: got end of sse data input
2025-02-19T20:36:48Z E! [] Requesting data of subscription 0 failed: got end of sse data input
2025-02-19T20:36:48Z E! [] Requesting data of subscription 0 failed: got end of sse data input
2025-02-19T20:36:48Z E! [] Requesting data of subscription 0 failed: got end of sse data input
2025-02-19T20:36:48Z E! [] Requesting data of subscription 0 failed: got end of sse data input
2025-02-19T20:36:48Z E! [] Requesting data of subscription 0 failed: got end of sse data input
2025-02-19T20:36:48Z E! [] Requesting data of subscription 0 failed: got end of sse data input
2025-02-19T20:36:48Z E! [] Requesting data of subscription 0 failed: got end of sse data input
2025-02-19T20:36:48Z E! [] Requesting data of subscription 0 failed: got end of sse data input
2025-02-19T20:36:48Z E! [] Requesting data of subscription 0 failed: got end of sse data input
2025-02-19T20:36:48Z E! [] Requesting data of subscription 0 failed: got end of sse data input
2025-02-19T20:36:48Z E! [] Requesting data of subscription 0 failed: got end of sse data input
2025-02-19T20:36:48Z E! [] Requesting data of subscription 0 failed: got end of sse data input
2025-02-19T20:36:48Z E! [] Requesting data of subscription 0 failed: got end of sse data input
2025-02-19T20:36:48Z E! [] Requesting data of subscription 0 failed: got end of sse data input
2025-02-19T20:36:48Z E! [] Requesting data of subscription 0 failed: got end of sse data input
2025-02-19T20:36:48Z E! [] Requesting data of subscription 0 failed: got end of sse data input
2025-02-19T20:36:48Z E! [] Requesting data of subscription 0 failed: got end of sse data input
2025-02-19T20:36:48Z E! [] Requesting data of subscription 0 failed: got end of sse data input
2025-02-19T20:36:48Z E! [] Requesting data of subscription 0 failed: got end of sse data input
2025-02-19T20:36:48Z E! [] Requesting data of subscription 0 failed: got end of sse data input
2025-02-19T20:36:48Z E! [] Requesting data of subscription 0 failed: got end of sse data input
2025-02-19T20:36:48Z E! [] Requesting data of subscription 0 failed: got end of sse data input
2025-02-19T20:36:48Z E! [] Requesting data of subscription 0 failed: got end of sse data input
2025-02-19T20:36:48Z E! [] Requesting data of subscription 0 failed: got end of sse data input
2025-02-19T20:36:48Z E! [] Requesting data of subscription 0 failed: got end of sse data input
2025-02-19T20:36:48Z E! [] Requesting data of subscription 0 failed: got end of sse data input
2025-02-19T20:36:48Z E! [] Requesting data of subscription 0 failed: got end of sse data input
2025-02-19T20:36:48Z E! [] Requesting data of subscription 0 failed: got end of sse data input
2025-02-19T20:36:48Z E! [] Requesting data of subscription 0 failed: got end of sse data input
2025-02-19T20:36:48Z E! [] Requesting data of subscription 0 failed: got end of sse data input
2025-02-19T20:36:48Z E! [] Requesting data of subscription 0 failed: got end of sse data input
2025-02-19T20:36:48Z E! [] Requesting data of subscription 0 failed: got end of sse data input
2025-02-19T20:36:48Z E! [] Requesting data of subscription 0 failed: got end of sse data input
2025-02-19T20:36:48Z E! [] Requesting data of subscription 0 failed: got end of sse data input
2025-02-19T20:36:48Z E! [] Requesting data of subscription 0 failed: got end of sse data input
2025-02-19T20:36:48Z E! [] Requesting data of subscription 0 failed: got end of sse data input
2025-02-19T20:36:48Z E! [] Requesting data of subscription 0 failed: got end of sse data input
2025-02-19T20:36:48Z E! [] Requesting data of subscription 0 failed: got end of sse data input
2025-02-19T20:36:48Z E! [] Requesting data of subscription 0 failed: got end of sse data input
2025-02-19T20:36:48Z E! [] Requesting data of subscription 0 failed: got end of sse data input
2025-02-19T20:36:48Z E! [] Requesting data of subscription 0 failed: got end of sse data input
2025-02-19T20:36:48Z E! [] Requesting data of subscription 0 failed: got end of sse data input
2025-02-19T20:36:48Z E! [] Requesting data of subscription 0 failed: got end of sse data input
2025-02-19T20:36:48Z E! [] Requesting data of subscription 0 failed: got end of sse data input
2025-02-19T20:36:48Z E! [] Requesting data of subscription 0 failed: got end of sse data input
2025-02-19T20:36:48Z E! [] Requesting data of subscription 0 failed: got end of sse data input
2025-02-19T20:36:48Z E! [] Requesting data of subscription 0 failed: got end of sse data input
2025-02-19T20:36:48Z E! [] Requesting data of subscription 0 failed: got end of sse data input
2025-02-19T20:36:48Z E! [] Requesting data of subscription 0 failed: got end of sse data input
2025-02-19T20:36:48Z E! [] Requesting data of subscription 0 failed: got end of sse data input
2025-02-19T20:36:48Z E! [] Requesting data of subscription 0 failed: got end of sse data input
2025-02-19T20:36:48Z E! [] Requesting data of subscription 0 failed: got end of sse data input
2025-02-19T20:36:48Z E! [] Requesting data of subscription 0 failed: got end of sse data input
2025-02-19T20:36:48Z E! [] Requesting data of subscription 0 failed: got end of sse data input
2025-02-19T20:36:48Z E! [] Requesting data of subscription 0 failed: got end of sse data input
2025-02-19T20:36:48Z E! [] Requesting data of subscription 0 failed: got end of sse data input
2025-02-19T20:36:48Z E! [] Requesting data of subscription 0 failed: got end of sse data input
2025-02-19T20:36:48Z E! [] Requesting data of subscription 0 failed: got end of sse data input
2025-02-19T20:36:48Z E! [] Requesting data of subscription 0 failed: got end of sse data input
2025-02-19T20:36:48Z E! [] Requesting data of subscription 0 failed: got end of sse data input
2025-02-19T20:36:48Z E! [] Requesting data of subscription 0 failed: got end of sse data input
2025-02-19T20:36:48Z E! [] Requesting data of subscription 0 failed: got end of sse data input
2025-02-19T20:36:48Z E! [] Requesting data of subscription 0 failed: got end of sse data input
2025-02-19T20:36:48Z E! [] Requesting data of subscription 0 failed: got end of sse data input
2025-02-19T20:36:48Z E! [] Requesting data of subscription 0 failed: got end of sse data input
2025-02-19T20:36:48Z E! [] Requesting data of subscription 0 failed: got end of sse data input
2025-02-19T20:36:48Z E! [] Requesting data of subscription 0 failed: got end of sse data input
2025-02-19T20:36:48Z E! [] Requesting data of subscription 0 failed: got end of sse data input
2025-02-19T20:36:48Z E! [] Requesting data of subscription 0 failed: got end of sse data input
2025-02-19T20:36:48Z E! [] Requesting data of subscription 0 failed: got end of sse data input
2025-02-19T20:36:48Z E! [] Requesting data of subscription 0 failed: got end of sse data input
2025-02-19T20:36:48Z E! [] Requesting data of subscription 0 failed: got end of sse data input
2025-02-19T20:36:48Z E! [] Requesting data of subscription 0 failed: got end of sse data input
2025-02-19T20:36:48Z E! [] Requesting data of subscription 0 failed: got end of sse data input
2025-02-19T20:36:48Z E! [] Requesting data of subscription 0 failed: got end of sse data input
2025-02-19T20:36:48Z E! [] Requesting data of subscription 0 failed: got end of sse data input
2025-02-19T20:36:48Z E! [] Requesting data of subscription 0 failed: got end of sse data input
2025-02-19T20:36:48Z E! [] Requesting data of subscription 0 failed: got end of sse data input
2025-02-19T20:36:48Z E! [] Requesting data of subscription 0 failed: got end of sse data input
2025-02-19T20:36:48Z E! [] Requesting data of subscription 0 failed: got end of sse data input
2025-02-19T20:36:48Z E! [] Requesting data of subscription 0 failed: got end of sse data input
2025-02-19T20:36:48Z E! [] Requesting data of subscription 0 failed: got end of sse data input
2025-02-19T20:36:48Z E! [] Requesting data of subscription 0 failed: got end of sse data input
2025-02-19T20:36:48Z E! [] Requesting data of subscription 0 failed: got end of sse data input
2025-02-19T20:36:48Z E! [] Requesting data of subscription 0 failed: got end of sse data input
2025-02-19T20:36:48Z E! [] Requesting data of subscription 0 failed: got end of sse data input
2025-02-19T20:36:48Z E! [] Requesting data of subscription 0 failed: got end of sse data input
2025-02-19T20:36:48Z E! [] Requesting data of subscription 0 failed: got end of sse data input
2025-02-19T20:36:48Z E! [] Requesting data of subscription 0 failed: got end of sse data input
2025-02-19T20:36:48Z E! [] Requesting data of subscription 0 failed: got end of sse data input
2025-02-19T20:36:48Z E! [] Requesting data of subscription 0 failed: got end of sse data input
2025-02-19T20:36:48Z E! [] Requesting data of subscription 0 failed: got end of sse data input
2025-02-19T20:36:48Z E! [] Requesting data of subscription 0 failed: got end of sse data input
2025-02-19T20:36:48Z E! [] Requesting data of subscription 0 failed: got end of sse data input
2025-02-19T20:36:48Z E! [] Requesting data of subscription 0 failed: got end of sse data input
2025-02-19T20:36:48Z E! [] Requesting data of subscription 0 failed: got end of sse data input
2025-02-19T20:36:48Z E! [] Requesting data of subscription 0 failed: got end of sse data input
2025-02-19T20:36:48Z E! [] Requesting data of subscription 0 failed: got end of sse data input
2025-02-19T20:36:48Z E! [] Requesting data of subscription 0 failed: got end of sse data input
2025-02-19T20:36:48Z E! [] Requesting data of subscription 0 failed: got end of sse data input
2025-02-19T20:36:48Z E! [] Requesting data of subscription 0 failed: got end of sse data input
2025-02-19T20:36:48Z E! [] Requesting data of subscription 0 failed: got end of sse data input
2025-02-19T20:36:48Z E! [] Requesting data of subscription 0 failed: got end of sse data input
2025-02-19T20:36:48Z E! [] Requesting data of subscription 0 failed: got end of sse data input
2025-02-19T20:36:48Z E! [] Requesting data of subscription 0 failed: got end of sse data input
2025-02-19T20:36:48Z E! [] Requesting data of subscription 0 failed: got end of sse data input
2025-02-19T20:36:48Z E! [] Requesting data of subscription 0 failed: got end of sse data input
2025-02-19T20:36:48Z E! [] Requesting data of subscription 0 failed: got end of sse data input
2025-02-19T20:36:48Z E! [] Requesting data of subscription 0 failed: got end of sse data input
2025-02-19T20:36:48Z E! [] Requesting data of subscription 0 failed: got end of sse data input
2025-02-19T20:36:48Z E! [] Requesting data of subscription 0 failed: got end of sse data input
2025-02-19T20:36:48Z E! [] Requesting data of subscription 0 failed: got end of sse data input
2025-02-19T20:36:48Z E! [] Requesting data of subscription 0 failed: got end of sse data input
2025-02-19T20:36:48Z E! [] Requesting data of subscription 0 failed: got end of sse data input
2025-02-19T20:36:48Z E! [] Requesting data of subscription 0 failed: got end of sse data input
2025-02-19T20:36:48Z E! [] Requesting data of subscription 0 failed: got end of sse data input
2025-02-19T20:36:48Z E! [] Requesting data of subscription 0 failed: got end of sse data input
2025-02-19T20:36:48Z E! [] Requesting data of subscription 0 failed: got end of sse data input
2025-02-19T20:36:48Z E! [] Requesting data of subscription 0 failed: got end of sse data input
2025-02-19T20:36:48Z E! [] Requesting data of subscription 0 failed: got end of sse data input
2025-02-19T20:36:48Z E! [] Requesting data of subscription 0 failed: got end of sse data input
2025-02-19T20:36:48Z E! [] Requesting data of subscription 0 failed: got end of sse data input
2025-02-19T20:36:48Z E! [] Requesting data of subscription 0 failed: got end of sse data input
2025-02-19T20:36:48Z E! [] Requesting data of subscription 0 failed: got end of sse data input
2025-02-19T20:36:48Z E! [] Requesting data of subscription 0 failed: got end of sse data input
2025-02-19T20:36:48Z E! [] Requesting data of subscription 0 failed: got end of sse data input
2025-02-19T20:36:48Z E! [] Requesting data of subscription 0 failed: got end of sse data input
2025-02-19T20:36:48Z E! [] Requesting data of subscription 0 failed: got end of sse data input
2025-02-19T20:36:48Z E! [] Requesting data of subscription 0 failed: got end of sse data input
2025-02-19T20:36:48Z E! [] Requesting data of subscription 0 failed: got end of sse data input
2025-02-19T20:36:48Z E! [] Requesting data of subscription 0 failed: got end of sse data input
2025-02-19T20:36:48Z E! [] Requesting data of subscription 0 failed: got end of sse data input
2025-02-19T20:36:48Z E! [] Requesting data of subscription 0 failed: got end of sse data input
2025-02-19T20:36:48Z E! [] Requesting data of subscription 0 failed: got end of sse data input
2025-02-19T20:36:48Z E! [] Requesting data of subscription 0 failed: got end of sse data input
2025-02-19T20:36:48Z E! [] Requesting data of subscription 0 failed: got end of sse data input
2025-02-19T20:36:48Z E! [] Requesting data of subscription 0 failed: got end of sse data input
2025-02-19T20:36:48Z E! [] Requesting data of subscription 0 failed: got end of sse data input
2025-02-19T20:36:48Z E! [] Requesting data of subscription 0 failed: got end of sse data input
2025-02-19T20:36:48Z E! [] Requesting data of subscription 0 failed: got end of sse data input
2025-02-19T20:36:48Z E! [] Requesting data of subscription 0 failed: got end of sse data input
2025-02-19T20:36:48Z E! [] Requesting data of subscription 0 failed: got end of sse data input
2025-02-19T20:36:48Z E! [] Requesting data of subscription 0 failed: got end of sse data input
2025-02-19T20:36:48Z E! [] Requesting data of subscription 0 failed: got end of sse data input
2025-02-19T20:36:48Z E! [] Requesting data of subscription 0 failed: got end of sse data input
2025-02-19T20:36:48Z E! [] Requesting data of subscription 0 failed: got end of sse data input
2025-02-19T20:36:48Z E! [] Requesting data of subscription 0 failed: got end of sse data input
2025-02-19T20:36:48Z E! [] Requesting data of subscription 0 failed: got end of sse data input
2025-02-19T20:36:48Z E! [] Requesting data of subscription 0 failed: got end of sse data input
2025-02-19T20:36:48Z E! [] Requesting data of subscription 0 failed: got end of sse data input
2025-02-19T20:36:48Z E! [] Requesting data of subscription 0 failed: got end of sse data input
2025-02-19T20:36:48Z E! [] Requesting data of subscription 0 failed: got end of sse data input
2025-02-19T20:36:48Z E! [] Requesting data of subscription 0 failed: got end of sse data input
2025-02-19T20:36:48Z E! [] Requesting data of subscription 0 failed: got end of sse data input
2025-02-19T20:36:48Z E! [] Requesting data of subscription 0 failed: got end of sse data input
2025-02-19T20:36:48Z E! [] Requesting data of subscription 0 failed: got end of sse data input
2025-02-19T20:36:48Z E! [] Requesting data of subscription 0 failed: got end of sse data input
2025-02-19T20:36:48Z E! [] Requesting data of subscription 0 failed: got end of sse data input
2025-02-19T20:36:48Z E! [] Requesting data of subscription 0 failed: got end of sse data input
2025-02-19T20:36:48Z E! [] Requesting data of subscription 0 failed: got end of sse data input
2025-02-19T20:36:48Z E! [] Requesting data of subscription 0 failed: got end of sse data input
2025-02-19T20:36:48Z E! [] Requesting data of subscription 0 failed: got end of sse data input
2025-02-19T20:36:48Z E! [] Requesting data of subscription 0 failed: got end of sse data input
2025-02-19T20:36:48Z E! [] Requesting data of subscription 0 failed: got end of sse data input
2025-02-19T20:36:48Z E! [] Requesting data of subscription 0 failed: got end of sse data input
2025-02-19T20:36:48Z E! [] Requesting data of subscription 0 failed: got end of sse data input
2025-02-19T20:36:48Z E! [] Requesting data of subscription 0 failed: got end of sse data input
2025-02-19T20:36:48Z E! [] Requesting data of subscription 0 failed: got end of sse data input
2025-02-19T20:36:48Z E! [] Requesting data of subscription 0 failed: got end of sse data input
2025-02-19T20:36:48Z E! [] Requesting data of subscription 0 failed: got end of sse data input
2025-02-19T20:36:48Z E! [] Requesting data of subscription 0 failed: got end of sse data input
2025-02-19T20:36:48Z E! [] Requesting data of subscription 0 failed: got end of sse data input
2025-02-19T20:36:48Z E! [] Requesting data of subscription 0 failed: got end of sse data input
2025-02-19T20:36:48Z E! [] Requesting data of subscription 0 failed: got end of sse data input
2025-02-19T20:36:48Z E! [] Requesting data of subscription 0 failed: got end of sse data input
2025-02-19T20:36:48Z E! [] Requesting data of subscription 0 failed: got end of sse data input
2025-02-19T20:36:48Z E! [] Requesting data of subscription 0 failed: got end of sse data input
2025-02-19T20:36:48Z E! [] Requesting data of subscription 0 failed: got end of sse data input
2025-02-19T20:36:48Z E! [] Requesting data of subscription 0 failed: got end of sse data input
2025-02-19T20:36:48Z E! [] Requesting data of subscription 0 failed: got end of sse data input
2025-02-19T20:36:48Z E! [] Requesting data of subscription 0 failed: got end of sse data input
2025-02-19T20:36:48Z E! [] Requesting data of subscription 0 failed: got end of sse data input
2025-02-19T20:36:48Z E! [] Requesting data of subscription 0 failed: got end of sse data input
2025-02-19T20:36:48Z E! [] Requesting data of subscription 0 failed: got end of sse data input
2025-02-19T20:36:48Z E! [] Requesting data of subscription 0 failed: got end of sse data input
2025-02-19T20:36:48Z E! [] Requesting data of subscription 0 failed: got end of sse data input
2025-02-19T20:36:48Z E! [] Requesting data of subscription 0 failed: got end of sse data input
2025-02-19T20:36:48Z E! [] Requesting data of subscription 0 failed: got end of sse data input
2025-02-19T20:36:48Z E! [] Requesting data of subscription 0 failed: got end of sse data input
2025-02-19T20:36:49Z E! [] Requesting data of subscription 0 failed: got end of sse data input
2025-02-19T20:36:49Z E! [] Requesting data of subscription 0 failed: got end of sse data input
2025-02-19T20:36:49Z E! [] Requesting data of subscription 0 failed: got end of sse data input
2025-02-19T20:36:49Z E! [] Requesting data of subscription 0 failed: got end of sse data input
2025-02-19T20:36:49Z E! [] Requesting data of subscription 0 failed: got end of sse data input
2025-02-19T20:36:49Z E! [] Requesting data of subscription 0 failed: got end of sse data input
2025-02-19T20:36:49Z E! [] Requesting data of subscription 0 failed: got end of sse data input
2025-02-19T20:36:49Z E! [] Requesting data of subscription 0 failed: got end of sse data input
2025-02-19T20:36:49Z E! [] Requesting data of subscription 0 failed: got end of sse data input
2025-02-19T20:36:49Z E! [] Requesting data of subscription 0 failed: got end of sse data input
2025-02-19T20:36:49Z E! [] Requesting data of subscription 0 failed: got end of sse data input
2025-02-19T20:36:49Z E! [] Requesting data of subscription 0 failed: got end of sse data input
2025-02-19T20:36:49Z E! [] Requesting data of subscription 0 failed: got end of sse data input
2025-02-19T20:36:49Z E! [] Requesting data of subscription 0 failed: got end of sse data input
2025-02-19T20:36:49Z E! [] Requesting data of subscription 0 failed: got end of sse data input
2025-02-19T20:36:49Z E! [] Requesting data of subscription 0 failed: got end of sse data input
2025-02-19T20:36:49Z E! [] Requesting data of subscription 0 failed: got end of sse data input
2025-02-19T20:36:49Z E! [] Requesting data of subscription 0 failed: got end of sse data input
2025-02-19T20:36:49Z E! [] Requesting data of subscription 0 failed: got end of sse data input
2025-02-19T20:36:49Z E! [] Requesting data of subscription 0 failed: got end of sse data input
2025-02-19T20:36:49Z E! [] Requesting data of subscription 0 failed: got end of sse data input
2025-02-19T20:36:49Z E! [] Requesting data of subscription 0 failed: got end of sse data input
2025-02-19T20:36:49Z E! [] Requesting data of subscription 0 failed: got end of sse data input
2025-02-19T20:36:49Z E! [] Requesting data of subscription 0 failed: got end of sse data input
2025-02-19T20:36:49Z E! [] Requesting data of subscription 0 failed: got end of sse data input
2025-02-19T20:36:49Z E! [] Requesting data of subscription 0 failed: got end of sse data input
2025-02-19T20:36:49Z E! [] Requesting data of subscription 0 failed: got end of sse data input
2025-02-19T20:36:49Z E! [] Requesting data of subscription 0 failed: got end of sse data input
2025-02-19T20:36:49Z E! [] Requesting data of subscription 0 failed: got end of sse data input
2025-02-19T20:36:49Z E! [] Requesting data of subscription 0 failed: got end of sse data input
2025-02-19T20:36:49Z E! [] Requesting data of subscription 0 failed: got end of sse data input
2025-02-19T20:36:49Z E! [] Requesting data of subscription 0 failed: got end of sse data input
2025-02-19T20:36:49Z E! [] Requesting data of subscription 0 failed: got end of sse data input
2025-02-19T20:36:49Z E! [] Requesting data of subscription 0 failed: got end of sse data input
2025-02-19T20:36:49Z E! [] Requesting data of subscription 0 failed: got end of sse data input
2025-02-19T20:36:49Z E! [] Requesting data of subscription 0 failed: got end of sse data input
2025-02-19T20:36:49Z E! [] Requesting data of subscription 0 failed: got end of sse data input
2025-02-19T20:36:49Z E! [] Requesting data of subscription 0 failed: got end of sse data input
2025-02-19T20:36:49Z E! [] Requesting data of subscription 0 failed: got end of sse data input
2025-02-19T20:36:49Z E! [] Requesting data of subscription 0 failed: got end of sse data input
2025-02-19T20:36:49Z E! [] Requesting data of subscription 0 failed: got end of sse data input
2025-02-19T20:36:49Z E! [] Requesting data of subscription 0 failed: got end of sse data input
2025-02-19T20:36:49Z E! [] Requesting data of subscription 0 failed: got end of sse data input
2025-02-19T20:36:49Z E! [] Requesting data of subscription 0 failed: got end of sse data input
2025-02-19T20:36:49Z E! [] Requesting data of subscription 0 failed: got end of sse data input
2025-02-19T20:36:49Z E! [] Requesting data of subscription 0 failed: got end of sse data input
2025-02-19T20:36:49Z E! [] Requesting data of subscription 0 failed: got end of sse data input
2025-02-19T20:36:49Z E! [] Requesting data of subscription 0 failed: got end of sse data input
2025-02-19T20:36:49Z E! [] Requesting data of subscription 0 failed: got end of sse data input
2025-02-19T20:36:49Z E! [] Requesting data of subscription 0 failed: got end of sse data input
2025-02-19T20:36:49Z E! [] Requesting data of subscription 0 failed: got end of sse data input
2025-02-19T20:36:49Z E! [] Requesting data of subscription 0 failed: got end of sse data input
2025-02-19T20:36:49Z E! [] Requesting data of subscription 0 failed: got end of sse data input
2025-02-19T20:36:49Z E! [] Requesting data of subscription 0 failed: got end of sse data input
2025-02-19T20:36:49Z E! [] Requesting data of subscription 0 failed: got end of sse data input
2025-02-19T20:36:49Z E! [] Requesting data of subscription 0 failed: got end of sse data input
2025-02-19T20:36:49Z E! [] Requesting data of subscription 0 failed: got end of sse data input
2025-02-19T20:36:49Z E! [] Requesting data of subscription 0 failed: got end of sse data input
2025-02-19T20:36:49Z E! [] Requesting data of subscription 0 failed: got end of sse data input
2025-02-19T20:36:49Z E! [] Requesting data of subscription 0 failed: got end of sse data input
2025-02-19T20:36:49Z E! [] Requesting data of subscription 0 failed: got end of sse data input
2025-02-19T20:36:49Z E! [] Requesting data of subscription 0 failed: got end of sse data input
2025-02-19T20:36:49Z E! [] Requesting data of subscription 0 failed: got end of sse data input
2025-02-19T20:36:49Z E! [] Requesting data of subscription 0 failed: got end of sse data input
2025-02-19T20:36:49Z E! [] Requesting data of subscription 0 failed: got end of sse data input
2025-02-19T20:36:49Z E! [] Requesting data of subscription 0 failed: got end of sse data input
2025-02-19T20:36:49Z E! [] Requesting data of subscription 0 failed: got end of sse data input
2025-02-19T20:36:49Z E! [] Requesting data of subscription 0 failed: got end of sse data input
2025-02-19T20:36:49Z E! [] Requesting data of subscription 0 failed: got end of sse data input
2025-02-19T20:36:49Z E! [] Requesting data of subscription 0 failed: got end of sse data input
2025-02-19T20:36:49Z E! [] Requesting data of subscription 0 failed: got end of sse data input
2025-02-19T20:36:49Z E! [] Requesting data of subscription 0 failed: got end of sse data input
2025-02-19T20:36:49Z E! [] Requesting data of subscription 0 failed: got end of sse data input
2025-02-19T20:36:49Z E! [] Requesting data of subscription 0 failed: got end of sse data input
2025-02-19T20:36:49Z E! [] Requesting data of subscription 0 failed: got end of sse data input
2025-02-19T20:36:49Z E! [] Requesting data of subscription 0 failed: got end of sse data input
2025-02-19T20:36:49Z E! [] Requesting data of subscription 0 failed: got end of sse data input
2025-02-19T20:36:49Z E! [] Requesting data of subscription 0 failed: got end of sse data input
2025-02-19T20:36:49Z E! [] Requesting data of subscription 0 failed: got end of sse data input
2025-02-19T20:36:49Z E! [] Requesting data of subscription 0 failed: got end of sse data input
2025-02-19T20:36:49Z E! [] Requesting data of subscription 0 failed: got end of sse data input
2025-02-19T20:36:49Z E! [] Requesting data of subscription 0 failed: got end of sse data input
2025-02-19T20:36:49Z E! [] Requesting data of subscription 0 failed: got end of sse data input
2025-02-19T20:36:49Z E! [] Requesting data of subscription 0 failed: got end of sse data input
2025-02-19T20:36:49Z E! [] Requesting data of subscription 0 failed: got end of sse data input
2025-02-19T20:36:49Z E! [] Requesting data of subscription 0 failed: got end of sse data input
2025-02-19T20:36:49Z E! [] Requesting data of subscription 0 failed: got end of sse data input
2025-02-19T20:36:49Z E! [] Requesting data of subscription 0 failed: got end of sse data input
2025-02-19T20:36:49Z E! [] Requesting data of subscription 0 failed: got end of sse data input
2025-02-19T20:36:49Z E! [] Requesting data of subscription 0 failed: got end of sse data input
2025-02-19T20:36:49Z E! [] Requesting data of subscription 0 failed: got end of sse data input
2025-02-19T20:36:49Z E! [] Requesting data of subscription 0 failed: got end of sse data input
2025-02-19T20:36:49Z E! [] Requesting data of subscription 0 failed: got end of sse data input
2025-02-19T20:36:49Z E! [] Requesting data of subscription 0 failed: got end of sse data input
2025-02-19T20:36:49Z E! [] Requesting data of subscription 0 failed: got end of sse data input
2025-02-19T20:36:49Z E! [] Requesting data of subscription 0 failed: got end of sse data input
2025-02-19T20:36:49Z E! [] Requesting data of subscription 0 failed: got end of sse data input
2025-02-19T20:36:49Z E! [] Requesting data of subscription 0 failed: got end of sse data input
2025-02-19T20:36:49Z E! [] Requesting data of subscription 0 failed: got end of sse data input
2025-02-19T20:36:49Z E! [] Requesting data of subscription 0 failed: got end of sse data input
2025-02-19T20:36:49Z E! [] Requesting data of subscription 0 failed: got end of sse data input
2025-02-19T20:36:49Z E! [] Requesting data of subscription 0 failed: got end of sse data input
2025-02-19T20:36:49Z E! [] Requesting data of subscription 0 failed: got end of sse data input
2025-02-19T20:36:49Z E! [] Requesting data of subscription 0 failed: got end of sse data input
2025-02-19T20:36:49Z E! [] Requesting data of subscription 0 failed: got end of sse data input
2025-02-19T20:36:49Z E! [] Requesting data of subscription 0 failed: got end of sse data input
2025-02-19T20:36:49Z E! [] Requesting data of subscription 0 failed: got end of sse data input
2025-02-19T20:36:49Z E! [] Requesting data of subscription 0 failed: got end of sse data input
2025-02-19T20:36:49Z E! [] Requesting data of subscription 0 failed: got end of sse data input
2025-02-19T20:36:49Z E! [] Requesting data of subscription 0 failed: got end of sse data input
2025-02-19T20:36:49Z E! [] Requesting data of subscription 0 failed: got end of sse data input
2025-02-19T20:36:49Z E! [] Requesting data of subscription 0 failed: got end of sse data input
2025-02-19T20:36:49Z E! [] Requesting data of subscription 0 failed: got end of sse data input
2025-02-19T20:36:49Z E! [] Requesting data of subscription 0 failed: got end of sse data input
2025-02-19T20:36:49Z E! [] Requesting data of subscription 0 failed: got end of sse data input
2025-02-19T20:36:49Z E! [] Requesting data of subscription 0 failed: got end of sse data input
2025-02-19T20:36:49Z E! [] Requesting data of subscription 0 failed: got end of sse data input
2025-02-19T20:36:49Z E! [] Requesting data of subscription 0 failed: got end of sse data input
2025-02-19T20:36:49Z E! [] Requesting data of subscription 0 failed: got end of sse data input
2025-02-19T20:36:49Z E! [] Requesting data of subscription 0 failed: got end of sse data input
2025-02-19T20:36:49Z E! [] Requesting data of subscription 0 failed: got end of sse data input
2025-02-19T20:36:49Z E! [] Requesting data of subscription 0 failed: got end of sse data input
2025-02-19T20:36:49Z E! [] Requesting data of subscription 0 failed: got end of sse data input
2025-02-19T20:36:49Z E! [] Requesting data of subscription 0 failed: got end of sse data input
2025-02-19T20:36:49Z E! [] Requesting data of subscription 0 failed: got end of sse data input
2025-02-19T20:36:49Z E! [] Requesting data of subscription 0 failed: got end of sse data input
2025-02-19T20:36:49Z E! [] Requesting data of subscription 0 failed: got end of sse data input
2025-02-19T20:36:49Z E! [] Requesting data of subscription 0 failed: got end of sse data input
2025-02-19T20:36:49Z E! [] Requesting data of subscription 0 failed: got end of sse data input
2025-02-19T20:36:49Z E! [] Requesting data of subscription 0 failed: got end of sse data input
2025-02-19T20:36:49Z E! [] Requesting data of subscription 0 failed: got end of sse data input
2025-02-19T20:36:49Z E! [] Requesting data of subscription 0 failed: got end of sse data input
2025-02-19T20:36:49Z E! [] Requesting data of subscription 0 failed: got end of sse data input
2025-02-19T20:36:49Z E! [] Requesting data of subscription 0 failed: got end of sse data input
2025-02-19T20:36:49Z E! [] Requesting data of subscription 0 failed: got end of sse data input
2025-02-19T20:36:49Z E! [] Requesting data of subscription 0 failed: got end of sse data input
2025-02-19T20:36:49Z E! [] Requesting data of subscription 0 failed: got end of sse data input
2025-02-19T20:36:49Z E! [] Requesting data of subscription 0 failed: got end of sse data input
2025-02-19T20:36:49Z E! [] Requesting data of subscription 0 failed: got end of sse data input
2025-02-19T20:36:49Z E! [] Requesting data of subscription 0 failed: got end of sse data input
2025-02-19T20:36:49Z E! [] Requesting data of subscription 0 failed: got end of sse data input
2025-02-19T20:36:49Z E! [] Requesting data of subscription 0 failed: got end of sse data input
2025-02-19T20:36:49Z E! [] Requesting data of subscription 0 failed: got end of sse data input
2025-02-19T20:36:49Z E! [] Requesting data of subscription 0 failed: got end of sse data input
2025-02-19T20:36:49Z E! [] Requesting data of subscription 0 failed: got end of sse data input
2025-02-19T20:36:49Z E! [] Requesting data of subscription 0 failed: got end of sse data input
2025-02-19T20:36:49Z E! [] Requesting data of subscription 0 failed: got end of sse data input
2025-02-19T20:36:49Z E! [] Requesting data of subscription 0 failed: got end of sse data input
2025-02-19T20:36:49Z E! [] Requesting data of subscription 0 failed: got end of sse data input
2025-02-19T20:36:49Z E! [] Requesting data of subscription 0 failed: got end of sse data input
2025-02-19T20:36:49Z E! [] Requesting data of subscription 0 failed: got end of sse data input
2025-02-19T20:36:49Z E! [] Requesting data of subscription 0 failed: got end of sse data input
2025-02-19T20:36:49Z E! [] Requesting data of subscription 0 failed: got end of sse data input
2025-02-19T20:36:49Z E! [] Requesting data of subscription 0 failed: got end of sse data input
2025-02-19T20:36:49Z E! [] Requesting data of subscription 0 failed: got end of sse data input
2025-02-19T20:36:49Z E! [] Requesting data of subscription 0 failed: got end of sse data input
2025-02-19T20:36:49Z E! [] Requesting data of subscription 0 failed: got end of sse data input
2025-02-19T20:36:49Z E! [] Requesting data of subscription 0 failed: got end of sse data input
2025-02-19T20:36:49Z E! [] Requesting data of subscription 0 failed: got end of sse data input
2025-02-19T20:36:49Z E! [] Requesting data of subscription 0 failed: got end of sse data input
2025-02-19T20:36:49Z E! [] Requesting data of subscription 0 failed: got end of sse data input
2025-02-19T20:36:49Z E! [] Requesting data of subscription 0 failed: got end of sse data input
2025-02-19T20:36:49Z E! [] Requesting data of subscription 0 failed: got end of sse data input
2025-02-19T20:36:49Z E! [] Requesting data of subscription 0 failed: got end of sse data input
2025-02-19T20:36:49Z E! [] Requesting data of subscription 0 failed: got end of sse data input
2025-02-19T20:36:49Z E! [] Requesting data of subscription 0 failed: got end of sse data input
2025-02-19T20:36:49Z E! [] Requesting data of subscription 0 failed: got end of sse data input
2025-02-19T20:36:49Z E! [] Requesting data of subscription 0 failed: got end of sse data input
2025-02-19T20:36:49Z E! [] Requesting data of subscription 0 failed: got end of sse data input
2025-02-19T20:36:49Z E! [] Requesting data of subscription 0 failed: got end of sse data input
2025-02-19T20:36:49Z E! [] Requesting data of subscription 0 failed: got end of sse data input
2025-02-19T20:36:49Z E! [] Requesting data of subscription 0 failed: got end of sse data input
2025-02-19T20:36:49Z E! [] Requesting data of subscription 0 failed: got end of sse data input
2025-02-19T20:36:49Z E! [] Requesting data of subscription 0 failed: got end of sse data input
2025-02-19T20:36:49Z E! [] Requesting data of subscription 0 failed: got end of sse data input
2025-02-19T20:36:49Z E! [] Requesting data of subscription 0 failed: got end of sse data input
2025-02-19T20:36:49Z E! [] Requesting data of subscription 0 failed: got end of sse data input
2025-02-19T20:36:49Z E! [] Requesting data of subscription 0 failed: got end of sse data input
2025-02-19T20:36:49Z E! [] Requesting data of subscription 0 failed: got end of sse data input
2025-02-19T20:36:49Z E! [] Requesting data of subscription 0 failed: got end of sse data input
2025-02-19T20:36:49Z E! [] Requesting data of subscription 0 failed: got end of sse data input
2025-02-19T20:36:49Z E! [] Requesting data of subscription 0 failed: got end of sse data input
2025-02-19T20:36:49Z E! [] Requesting data of subscription 0 failed: got end of sse data input
2025-02-19T20:36:49Z E! [] Requesting data of subscription 0 failed: got end of sse data input
2025-02-19T20:36:49Z E! [] Requesting data of subscription 0 failed: got end of sse data input
2025-02-19T20:36:49Z E! [] Requesting data of subscription 0 failed: got end of sse data input
2025-02-19T20:36:49Z E! [] Requesting data of subscription 0 failed: got end of sse data input
2025-02-19T20:36:49Z E! [] Requesting data of subscription 0 failed: got end of sse data input
2025-02-19T20:36:49Z E! [] Requesting data of subscription 0 failed: got end of sse data input
2025-02-19T20:36:49Z E! [] Requesting data of subscription 0 failed: got end of sse data input
2025-02-19T20:36:49Z E! [] Requesting data of subscription 0 failed: got end of sse data input
2025-02-19T20:36:49Z E! [] Requesting data of subscription 0 failed: got end of sse data input
2025-02-19T20:36:49Z E! [] Requesting data of subscription 0 failed: got end of sse data input
2025-02-19T20:36:49Z E! [] Requesting data of subscription 0 failed: got end of sse data input
2025-02-19T20:36:49Z E! [] Requesting data of subscription 0 failed: got end of sse data input
2025-02-19T20:36:49Z E! [] Requesting data of subscription 0 failed: got end of sse data input
2025-02-19T20:36:49Z E! [] Requesting data of subscription 0 failed: got end of sse data input
2025-02-19T20:36:49Z E! [] Requesting data of subscription 0 failed: got end of sse data input
2025-02-19T20:36:49Z E! [] Requesting data of subscription 0 failed: got end of sse data input
2025-02-19T20:36:49Z E! [] Requesting data of subscription 0 failed: got end of sse data input
2025-02-19T20:36:49Z E! [] Requesting data of subscription 0 failed: got end of sse data input
2025-02-19T20:36:49Z E! [] Requesting data of subscription 0 failed: got end of sse data input
2025-02-19T20:36:49Z E! [] Requesting data of subscription 0 failed: got end of sse data input
2025-02-19T20:36:49Z E! [] Requesting data of subscription 0 failed: got end of sse data input
2025-02-19T20:36:49Z E! [] Requesting data of subscription 0 failed: got end of sse data input
2025-02-19T20:36:49Z E! [] Requesting data of subscription 0 failed: got end of sse data input
2025-02-19T20:36:49Z E! [] Requesting data of subscription 0 failed: got end of sse data input
2025-02-19T20:36:49Z E! [] Requesting data of subscription 0 failed: got end of sse data input
2025-02-19T20:36:49Z E! [] Requesting data of subscription 0 failed: got end of sse data input
2025-02-19T20:36:49Z E! [] Requesting data of subscription 0 failed: got end of sse data input
2025-02-19T20:36:49Z E! [] Requesting data of subscription 0 failed: got end of sse data input
2025-02-19T20:36:49Z E! [] Requesting data of subscription 0 failed: got end of sse data input
2025-02-19T20:36:49Z E! [] Requesting data of subscription 0 failed: got end of sse data input
2025-02-19T20:36:49Z E! [] Requesting data of subscription 0 failed: got end of sse data input
2025-02-19T20:36:49Z E! [] Requesting data of subscription 0 failed: got end of sse data input
2025-02-19T20:36:49Z E! [] Requesting data of subscription 0 failed: got end of sse data input
2025-02-19T20:36:49Z E! [] Requesting data of subscription 0 failed: got end of sse data input
2025-02-19T20:36:49Z E! [] Requesting data of subscription 0 failed: got end of sse data input
2025-02-19T20:36:49Z E! [] Requesting data of subscription 0 failed: got end of sse data input
2025-02-19T20:36:49Z E! [] Requesting data of subscription 0 failed: got end of sse data input
2025-02-19T20:36:49Z E! [] Requesting data of subscription 0 failed: got end of sse data input
2025-02-19T20:36:49Z E! [] Requesting data of subscription 0 failed: got end of sse data input
2025-02-19T20:36:49Z E! [] Requesting data of subscription 0 failed: got end of sse data input
2025-02-19T20:36:49Z E! [] Requesting data of subscription 0 failed: got end of sse data input
2025-02-19T20:36:49Z E! [] Requesting data of subscription 0 failed: got end of sse data input
2025-02-19T20:36:49Z E! [] Requesting data of subscription 0 failed: got end of sse data input
2025-02-19T20:36:49Z E! [] Requesting data of subscription 0 failed: got end of sse data input
2025-02-19T20:36:49Z E! [] Requesting data of subscription 0 failed: got end of sse data input
2025-02-19T20:36:49Z E! [] Requesting data of subscription 0 failed: got end of sse data input
2025-02-19T20:36:49Z E! [] Requesting data of subscription 0 failed: got end of sse data input
2025-02-19T20:36:49Z E! [] Requesting data of subscription 0 failed: got end of sse data input
2025-02-19T20:36:49Z E! [] Requesting data of subscription 0 failed: got end of sse data input
2025-02-19T20:36:49Z E! [] Requesting data of subscription 0 failed: got end of sse data input
2025-02-19T20:36:49Z E! [] Requesting data of subscription 0 failed: got end of sse data input
2025-02-19T20:36:49Z E! [] Requesting data of subscription 0 failed: got end of sse data input
2025-02-19T20:36:49Z E! [] Requesting data of subscription 0 failed: got end of sse data input
2025-02-19T20:36:49Z E! [] Requesting data of subscription 0 failed: got end of sse data input
2025-02-19T20:36:49Z E! [] Requesting data of subscription 0 failed: got end of sse data input
2025-02-19T20:36:49Z E! [] Requesting data of subscription 0 failed: got end of sse data input
2025-02-19T20:36:49Z E! [] Requesting data of subscription 0 failed: got end of sse data input
2025-02-19T20:36:49Z E! [] Requesting data of subscription 0 failed: got end of sse data input
2025-02-19T20:36:49Z E! [] Requesting data of subscription 0 failed: got end of sse data input
2025-02-19T20:36:49Z E! [] Requesting data of subscription 0 failed: got end of sse data input
2025-02-19T20:36:49Z E! [] Requesting data of subscription 0 failed: got end of sse data input
2025-02-19T20:36:49Z E! [] Requesting data of subscription 0 failed: got end of sse data input
2025-02-19T20:36:49Z E! [] Requesting data of subscription 0 failed: got end of sse data input
2025-02-19T20:36:49Z E! [] Requesting data of subscription 0 failed: got end of sse data input
2025-02-19T20:36:49Z E! [] Requesting data of subscription 0 failed: got end of sse data input
2025-02-19T20:36:49Z E! [] Requesting data of subscription 0 failed: got end of sse data input
2025-02-19T20:36:49Z E! [] Requesting data of subscription 0 failed: got end of sse data input
2025-02-19T20:36:49Z E! [] Requesting data of subscription 0 failed: got end of sse data input
2025-02-19T20:36:49Z E! [] Requesting data of subscription 0 failed: got end of sse data input
2025-02-19T20:36:49Z E! [] Requesting data of subscription 0 failed: got end of sse data input
2025-02-19T20:36:49Z E! [] Requesting data of subscription 0 failed: got end of sse data input
2025-02-19T20:36:49Z E! [] Requesting data of subscription 0 failed: got end of sse data input
2025-02-19T20:36:49Z E! [] Requesting data of subscription 0 failed: got end of sse data input
2025-02-19T20:36:49Z E! [] Requesting data of subscription 0 failed: got end of sse data input
2025-02-19T20:36:49Z E! [] Requesting data of subscription 0 failed: got end of sse data input
2025-02-19T20:36:49Z E! [] Requesting data of subscription 0 failed: got end of sse data input
2025-02-19T20:36:49Z E! [] Requesting data of subscription 0 failed: got end of sse data input
2025-02-19T20:36:49Z E! [] Requesting data of subscription 0 failed: got end of sse data input
2025-02-19T20:36:49Z E! [] Requesting data of subscription 0 failed: got end of sse data input
2025-02-19T20:36:49Z E! [] Requesting data of subscription 0 failed: got end of sse data input
2025-02-19T20:36:49Z E! [] Requesting data of subscription 0 failed: got end of sse data input
2025-02-19T20:36:49Z E! [] Requesting data of subscription 0 failed: got end of sse data input
2025-02-19T20:36:49Z E! [] Requesting data of subscription 0 failed: got end of sse data input
2025-02-19T20:36:49Z E! [] Requesting data of subscription 0 failed: got end of sse data input
2025-02-19T20:36:49Z E! [] Requesting data of subscription 0 failed: got end of sse data input
2025-02-19T20:36:49Z E! [] Requesting data of subscription 0 failed: got end of sse data input
2025-02-19T20:36:49Z E! [] Requesting data of subscription 0 failed: got end of sse data input
2025-02-19T20:36:49Z E! [] Requesting data of subscription 0 failed: got end of sse data input
2025-02-19T20:36:49Z E! [] Requesting data of subscription 0 failed: got end of sse data input
2025-02-19T20:36:49Z E! [] Requesting data of subscription 0 failed: got end of sse data input
2025-02-19T20:36:49Z E! [] Requesting data of subscription 0 failed: got end of sse data input
2025-02-19T20:36:49Z E! [] Requesting data of subscription 0 failed: got end of sse data input
2025-02-19T20:36:49Z E! [] Requesting data of subscription 0 failed: got end of sse data input
2025-02-19T20:36:49Z E! [] Requesting data of subscription 0 failed: got end of sse data input
2025-02-19T20:36:49Z E! [] Requesting data of subscription 0 failed: got end of sse data input
2025-02-19T20:36:49Z E! [] Requesting data of subscription 0 failed: got end of sse data input
2025-02-19T20:36:49Z E! [] Requesting data of subscription 0 failed: got end of sse data input
2025-02-19T20:36:49Z E! [] Requesting data of subscription 0 failed: got end of sse data input
2025-02-19T20:36:49Z E! [] Requesting data of subscription 0 failed: got end of sse data input
2025-02-19T20:36:49Z E! [] Requesting data of subscription 0 failed: got end of sse data input
2025-02-19T20:36:49Z E! [] Requesting data of subscription 0 failed: got end of sse data input
2025-02-19T20:36:49Z E! [] Requesting data of subscription 0 failed: got end of sse data input
2025-02-19T20:36:49Z E! [] Requesting data of subscription 0 failed: got end of sse data input
2025-02-19T20:36:49Z E! [] Requesting data of subscription 0 failed: got end of sse data input
2025-02-19T20:36:49Z E! [] Requesting data of subscription 0 failed: got end of sse data input
2025-02-19T20:36:49Z E! [] Requesting data of subscription 0 failed: got end of sse data input
2025-02-19T20:36:49Z E! [] Requesting data of subscription 0 failed: got end of sse data input
2025-02-19T20:36:49Z E! [] Requesting data of subscription 0 failed: got end of sse data input
2025-02-19T20:36:49Z E! [] Requesting data of subscription 0 failed: got end of sse data input
2025-02-19T20:36:49Z E! [] Requesting data of subscription 0 failed: got end of sse data input
2025-02-19T20:36:49Z E! [] Requesting data of subscription 0 failed: got end of sse data input
2025-02-19T20:36:49Z E! [] Requesting data of subscription 0 failed: got end of sse data input
2025-02-19T20:36:49Z E! [] Requesting data of subscription 0 failed: got end of sse data input
2025-02-19T20:36:49Z E! [] Requesting data of subscription 0 failed: got end of sse data input
2025-02-19T20:36:49Z E! [] Requesting data of subscription 0 failed: got end of sse data input
2025-02-19T20:36:49Z E! [] Requesting data of subscription 0 failed: got end of sse data input
2025-02-19T20:36:49Z E! [] Requesting data of subscription 0 failed: got end of sse data input
2025-02-19T20:36:49Z E! [] Requesting data of subscription 0 failed: got end of sse data input
2025-02-19T20:36:49Z E! [] Requesting data of subscription 0 failed: got end of sse data input
2025-02-19T20:36:49Z E! [] Requesting data of subscription 0 failed: got end of sse data input
2025-02-19T20:36:49Z E! [] Requesting data of subscription 0 failed: got end of sse data input
2025-02-19T20:36:49Z E! [] Requesting data of subscription 0 failed: got end of sse data input
2025-02-19T20:36:49Z E! [] Requesting data of subscription 0 failed: got end of sse data input
2025-02-19T20:36:49Z E! [] Requesting data of subscription 0 failed: got end of sse data input
2025-02-19T20:36:49Z E! [] Requesting data of subscription 0 failed: got end of sse data input
2025-02-19T20:36:49Z E! [] Requesting data of subscription 0 failed: got end of sse data input
2025-02-19T20:36:49Z E! [] Requesting data of subscription 0 failed: got end of sse data input
2025-02-19T20:36:49Z E! [] Requesting data of subscription 0 failed: got end of sse data input
2025-02-19T20:36:49Z E! [] Requesting data of subscription 0 failed: got end of sse data input
2025-02-19T20:36:49Z E! [] Requesting data of subscription 0 failed: got end of sse data input
2025-02-19T20:36:49Z E! [] Requesting data of subscription 0 failed: got end of sse data input
2025-02-19T20:36:49Z E! [] Requesting data of subscription 0 failed: got end of sse data input
2025-02-19T20:36:49Z E! [] Requesting data of subscription 0 failed: got end of sse data input
2025-02-19T20:36:49Z E! [] Requesting data of subscription 0 failed: got end of sse data input
2025-02-19T20:36:49Z E! [] Requesting data of subscription 0 failed: got end of sse data input
2025-02-19T20:36:49Z E! [] Requesting data of subscription 0 failed: got end of sse data input
2025-02-19T20:36:49Z E! [] Requesting data of subscription 0 failed: got end of sse data input
2025-02-19T20:36:49Z E! [] Requesting data of subscription 0 failed: got end of sse data input
2025-02-19T20:36:49Z E! [] Requesting data of subscription 0 failed: got end of sse data input
2025-02-19T20:36:49Z E! [] Requesting data of subscription 0 failed: got end of sse data input
2025-02-19T20:36:49Z E! [] Requesting data of subscription 0 failed: got end of sse data input
2025-02-19T20:36:49Z E! [] Requesting data of subscription 0 failed: got end of sse data input
2025-02-19T20:36:49Z E! [] Requesting data of subscription 0 failed: got end of sse data input
2025-02-19T20:36:49Z E! [] Requesting data of subscription 0 failed: got end of sse data input
2025-02-19T20:36:49Z E! [] Requesting data of subscription 0 failed: got end of sse data input
2025-02-19T20:36:49Z E! [] Requesting data of subscription 0 failed: got end of sse data input
2025-02-19T20:36:49Z E! [] Requesting data of subscription 0 failed: got end of sse data input
2025-02-19T20:36:49Z E! [] Requesting data of subscription 0 failed: got end of sse data input
2025-02-19T20:36:49Z E! [] Requesting data of subscription 0 failed: got end of sse data input
2025-02-19T20:36:49Z E! [] Requesting data of subscription 0 failed: got end of sse data input
2025-02-19T20:36:49Z E! [] Requesting data of subscription 0 failed: got end of sse data input
2025-02-19T20:36:49Z E! [] Requesting data of subscription 0 failed: got end of sse data input
2025-02-19T20:36:49Z E! [] Requesting data of subscription 0 failed: got end of sse data input
2025-02-19T20:36:49Z E! [] Requesting data of subscription 0 failed: got end of sse data input
2025-02-19T20:36:49Z E! [] Requesting data of subscription 0 failed: got end of sse data input
2025-02-19T20:36:49Z E! [] Requesting data of subscription 0 failed: got end of sse data input
2025-02-19T20:36:49Z E! [] Requesting data of subscription 0 failed: got end of sse data input
2025-02-19T20:36:49Z E! [] Requesting data of subscription 0 failed: got end of sse data input
2025-02-19T20:36:49Z E! [] Requesting data of subscription 0 failed: got end of sse data input
2025-02-19T20:36:49Z E! [] Requesting data of subscription 0 failed: got end of sse data input
2025-02-19T20:36:49Z E! [] Requesting data of subscription 0 failed: got end of sse data input
2025-02-19T20:36:49Z E! [] Requesting data of subscription 0 failed: got end of sse data input
2025-02-19T20:36:49Z E! [] Requesting data of subscription 0 failed: got end of sse data input
2025-02-19T20:36:49Z E! [] Requesting data of subscription 0 failed: got end of sse data input
2025-02-19T20:36:49Z E! [] Requesting data of subscription 0 failed: got end of sse data input
2025-02-19T20:36:49Z E! [] Requesting data of subscription 0 failed: got end of sse data input
2025-02-19T20:36:49Z E! [] Requesting data of subscription 0 failed: got end of sse data input
2025-02-19T20:36:49Z E! [] Requesting data of subscription 0 failed: got end of sse data input
2025-02-19T20:36:49Z E! [] Requesting data of subscription 0 failed: got end of sse data input
2025-02-19T20:36:49Z E! [] Requesting data of subscription 0 failed: got end of sse data input
2025-02-19T20:36:49Z E! [] Requesting data of subscription 0 failed: got end of sse data input
2025-02-19T20:36:49Z E! [] Requesting data of subscription 0 failed: got end of sse data input
2025-02-19T20:36:49Z E! [] Requesting data of subscription 0 failed: got end of sse data input
2025-02-19T20:36:49Z E! [] Requesting data of subscription 0 failed: got end of sse data input
2025-02-19T20:36:49Z E! [] Requesting data of subscription 0 failed: got end of sse data input
2025-02-19T20:36:49Z E! [] Requesting data of subscription 0 failed: got end of sse data input
2025-02-19T20:36:49Z E! [] Requesting data of subscription 0 failed: got end of sse data input
2025-02-19T20:36:49Z E! [] Requesting data of subscription 0 failed: got end of sse data input
2025-02-19T20:36:49Z E! [] Requesting data of subscription 0 failed: got end of sse data input
2025-02-19T20:36:49Z E! [] Requesting data of subscription 0 failed: got end of sse data input
2025-02-19T20:36:49Z E! [] Requesting data of subscription 0 failed: got end of sse data input
2025-02-19T20:36:49Z E! [] Requesting data of subscription 0 failed: got end of sse data input
2025-02-19T20:36:49Z E! [] Requesting data of subscription 0 failed: got end of sse data input
2025-02-19T20:36:49Z E! [] Requesting data of subscription 0 failed: got end of sse data input
2025-02-19T20:36:49Z E! [] Requesting data of subscription 0 failed: got end of sse data input
2025-02-19T20:36:49Z E! [] Requesting data of subscription 0 failed: got end of sse data input
2025-02-19T20:36:49Z E! [] Requesting data of subscription 0 failed: got end of sse data input
2025-02-19T20:36:49Z E! [] Requesting data of subscription 0 failed: got end of sse data input
2025-02-19T20:36:49Z E! [] Requesting data of subscription 0 failed: got end of sse data input
2025-02-19T20:36:49Z E! [] Requesting data of subscription 0 failed: got end of sse data input
2025-02-19T20:36:49Z E! [] Requesting data of subscription 0 failed: got end of sse data input
2025-02-19T20:36:49Z E! [] Requesting data of subscription 0 failed: got end of sse data input
2025-02-19T20:36:49Z E! [] Requesting data of subscription 0 failed: got end of sse data input
2025-02-19T20:36:49Z E! [] Requesting data of subscription 0 failed: got end of sse data input
2025-02-19T20:36:49Z E! [] Requesting data of subscription 0 failed: got end of sse data input
2025-02-19T20:36:49Z E! [] Requesting data of subscription 0 failed: got end of sse data input
2025-02-19T20:36:49Z E! [] Requesting data of subscription 0 failed: got end of sse data input
2025-02-19T20:36:49Z E! [] Requesting data of subscription 0 failed: got end of sse data input
2025-02-19T20:36:49Z E! [] Requesting data of subscription 0 failed: got end of sse data input
2025-02-19T20:36:49Z E! [] Requesting data of subscription 0 failed: got end of sse data input
2025-02-19T20:36:49Z E! [] Requesting data of subscription 0 failed: got end of sse data input
2025-02-19T20:36:49Z E! [] Requesting data of subscription 0 failed: got end of sse data input
2025-02-19T20:36:49Z E! [] Requesting data of subscription 0 failed: got end of sse data input
2025-02-19T20:36:49Z E! [] Requesting data of subscription 0 failed: got end of sse data input
2025-02-19T20:36:49Z E! [] Requesting data of subscription 0 failed: got end of sse data input
2025-02-19T20:36:49Z E! [] Requesting data of subscription 0 failed: got end of sse data input
2025-02-19T20:36:49Z E! [] Requesting data of subscription 0 failed: got end of sse data input
2025-02-19T20:36:49Z E! [] Requesting data of subscription 0 failed: got end of sse data input
2025-02-19T20:36:49Z E! [] Requesting data of subscription 0 failed: got end of sse data input
2025-02-19T20:36:49Z E! [] Requesting data of subscription 0 failed: got end of sse data input
2025-02-19T20:36:49Z E! [] Requesting data of subscription 0 failed: got end of sse data input
2025-02-19T20:36:49Z E! [] Requesting data of subscription 0 failed: got end of sse data input
2025-02-19T20:36:49Z E! [] Requesting data of subscription 0 failed: got end of sse data input
2025-02-19T20:36:49Z E! [] Requesting data of subscription 0 failed: got end of sse data input
2025-02-19T20:36:49Z E! [] Requesting data of subscription 0 failed: got end of sse data input
2025-02-19T20:36:49Z E! [] Requesting data of subscription 0 failed: got end of sse data input
2025-02-19T20:36:49Z E! [] Requesting data of subscription 0 failed: got end of sse data input
2025-02-19T20:36:49Z E! [] Requesting data of subscription 0 failed: got end of sse data input
2025-02-19T20:36:49Z E! [] Requesting data of subscription 0 failed: got end of sse data input
2025-02-19T20:36:49Z E! [] Requesting data of subscription 0 failed: got end of sse data input
2025-02-19T20:36:49Z E! [] Requesting data of subscription 0 failed: got end of sse data input
2025-02-19T20:36:49Z E! [] Requesting data of subscription 0 failed: got end of sse data input
2025-02-19T20:36:49Z E! [] Requesting data of subscription 0 failed: got end of sse data input
2025-02-19T20:36:49Z E! [] Requesting data of subscription 0 failed: got end of sse data input
2025-02-19T20:36:49Z E! [] Requesting data of subscription 0 failed: got end of sse data input
2025-02-19T20:36:49Z E! [] Requesting data of subscription 0 failed: got end of sse data input
2025-02-19T20:36:49Z E! [] Requesting data of subscription 0 failed: got end of sse data input
2025-02-19T20:36:49Z E! [] Requesting data of subscription 0 failed: got end of sse data input
2025-02-19T20:36:49Z E! [] Requesting data of subscription 0 failed: got end of sse data input
2025-02-19T20:36:49Z E! [] Requesting data of subscription 0 failed: got end of sse data input
2025-02-19T20:36:49Z E! [] Requesting data of subscription 0 failed: got end of sse data input
2025-02-19T20:36:49Z E! [] Requesting data of subscription 0 failed: got end of sse data input
2025-02-19T20:36:49Z E! [] Requesting data of subscription 0 failed: got end of sse data input
2025-02-19T20:36:49Z E! [] Requesting data of subscription 0 failed: got end of sse data input
2025-02-19T20:36:49Z E! [] Requesting data of subscription 0 failed: got end of sse data input
2025-02-19T20:36:49Z E! [] Requesting data of subscription 0 failed: got end of sse data input
2025-02-19T20:36:49Z E! [] Requesting data of subscription 0 failed: got end of sse data input
2025-02-19T20:36:49Z E! [] Requesting data of subscription 0 failed: got end of sse data input
2025-02-19T20:36:49Z E! [] Requesting data of subscription 0 failed: got end of sse data input
2025-02-19T20:36:49Z E! [] Requesting data of subscription 0 failed: got end of sse data input
2025-02-19T20:36:49Z E! [] Requesting data of subscription 0 failed: got end of sse data input
2025-02-19T20:36:49Z E! [] Requesting data of subscription 0 failed: got end of sse data input
2025-02-19T20:36:49Z E! [] Requesting data of subscription 0 failed: got end of sse data input
2025-02-19T20:36:49Z E! [] Requesting data of subscription 0 failed: got end of sse data input
2025-02-19T20:36:49Z E! [] Requesting data of subscription 0 failed: got end of sse data input
2025-02-19T20:36:49Z E! [] Requesting data of subscription 0 failed: got end of sse data input
2025-02-19T20:36:49Z E! [] Requesting data of subscription 0 failed: got end of sse data input
2025-02-19T20:36:49Z E! [] Requesting data of subscription 0 failed: got end of sse data input
2025-02-19T20:36:49Z E! [] Requesting data of subscription 0 failed: got end of sse data input
2025-02-19T20:36:49Z E! [] Requesting data of subscription 0 failed: got end of sse data input
2025-02-19T20:36:49Z E! [] Requesting data of subscription 0 failed: got end of sse data input
2025-02-19T20:36:49Z E! [] Requesting data of subscription 0 failed: got end of sse data input
2025-02-19T20:36:49Z E! [] Requesting data of subscription 0 failed: got end of sse data input
2025-02-19T20:36:49Z E! [] Requesting data of subscription 0 failed: got end of sse data input
2025-02-19T20:36:49Z E! [] Requesting data of subscription 0 failed: got end of sse data input
2025-02-19T20:36:49Z E! [] Requesting data of subscription 0 failed: got end of sse data input
2025-02-19T20:36:49Z E! [] Requesting data of subscription 0 failed: got end of sse data input
2025-02-19T20:36:49Z E! [] Requesting data of subscription 0 failed: got end of sse data input
2025-02-19T20:36:49Z E! [] Requesting data of subscription 0 failed: got end of sse data input
2025-02-19T20:36:49Z E! [] Requesting data of subscription 0 failed: got end of sse data input
2025-02-19T20:36:49Z E! [] Requesting data of subscription 0 failed: got end of sse data input
2025-02-19T20:36:49Z E! [] Requesting data of subscription 0 failed: got end of sse data input
2025-02-19T20:36:49Z E! [] Requesting data of subscription 0 failed: got end of sse data input
2025-02-19T20:36:49Z E! [] Requesting data of subscription 0 failed: got end of sse data input
2025-02-19T20:36:49Z E! [] Requesting data of subscription 0 failed: got end of sse data input
2025-02-19T20:36:49Z E! [] Requesting data of subscription 0 failed: got end of sse data input
2025-02-19T20:36:49Z E! [] Requesting data of subscription 0 failed: got end of sse data input
2025-02-19T20:36:49Z E! [] Requesting data of subscription 0 failed: got end of sse data input
2025-02-19T20:36:49Z E! [] Requesting data of subscription 0 failed: got end of sse data input
2025-02-19T20:36:49Z E! [] Requesting data of subscription 0 failed: got end of sse data input
2025-02-19T20:36:49Z E! [] Requesting data of subscription 0 failed: got end of sse data input
2025-02-19T20:36:49Z E! [] Requesting data of subscription 0 failed: got end of sse data input
2025-02-19T20:36:49Z E! [] Requesting data of subscription 0 failed: got end of sse data input
2025-02-19T20:36:49Z E! [] Requesting data of subscription 0 failed: got end of sse data input
2025-02-19T20:36:49Z E! [] Requesting data of subscription 0 failed: got end of sse data input
2025-02-19T20:36:49Z E! [] Requesting data of subscription 0 failed: got end of sse data input
2025-02-19T20:36:49Z E! [] Requesting data of subscription 0 failed: got end of sse data input
2025-02-19T20:36:49Z E! [] Requesting data of subscription 0 failed: got end of sse data input
2025-02-19T20:36:49Z E! [] Requesting data of subscription 0 failed: got end of sse data input
2025-02-19T20:36:49Z E! [] Requesting data of subscription 0 failed: got end of sse data input
2025-02-19T20:36:49Z E! [] Requesting data of subscription 0 failed: got end of sse data input
2025-02-19T20:36:49Z E! [] Requesting data of subscription 0 failed: got end of sse data input
2025-02-19T20:36:49Z E! [] Requesting data of subscription 0 failed: got end of sse data input
2025-02-19T20:36:49Z E! [] Requesting data of subscription 0 failed: got end of sse data input
2025-02-19T20:36:49Z E! [] Requesting data of subscription 0 failed: got end of sse data input
2025-02-19T20:36:49Z E! [] Requesting data of subscription 0 failed: got end of sse data input
2025-02-19T20:36:49Z E! [] Requesting data of subscription 0 failed: got end of sse data input
2025-02-19T20:36:49Z E! [] Requesting data of subscription 0 failed: got end of sse data input
2025-02-19T20:36:49Z E! [] Requesting data of subscription 0 failed: got end of sse data input
2025-02-19T20:36:49Z E! [] Requesting data of subscription 0 failed: got end of sse data input
2025-02-19T20:36:49Z E! [] Requesting data of subscription 0 failed: got end of sse data input
2025-02-19T20:36:49Z E! [] Requesting data of subscription 0 failed: got end of sse data input
2025-02-19T20:36:49Z E! [] Requesting data of subscription 0 failed: got end of sse data input
2025-02-19T20:36:49Z E! [] Requesting data of subscription 0 failed: got end of sse data input
2025-02-19T20:36:49Z E! [] Requesting data of subscription 0 failed: got end of sse data input
2025-02-19T20:36:49Z E! [] Requesting data of subscription 0 failed: got end of sse data input
2025-02-19T20:36:49Z E! [] Requesting data of subscription 0 failed: got end of sse data input
2025-02-19T20:36:49Z E! [] Requesting data of subscription 0 failed: got end of sse data input
2025-02-19T20:36:49Z E! [] Requesting data of subscription 0 failed: got end of sse data input
2025-02-19T20:36:49Z E! [] Requesting data of subscription 0 failed: got end of sse data input
2025-02-19T20:36:49Z E! [] Requesting data of subscription 0 failed: got end of sse data input
2025-02-19T20:36:49Z E! [] Requesting data of subscription 0 failed: got end of sse data input
2025-02-19T20:36:49Z E! [] Requesting data of subscription 0 failed: got end of sse data input
2025-02-19T20:36:49Z E! [] Requesting data of subscription 0 failed: got end of sse data input
2025-02-19T20:36:49Z E! [] Requesting data of subscription 0 failed: got end of sse data input
2025-02-19T20:36:49Z E! [] Requesting data of subscription 0 failed: got end of sse data input
2025-02-19T20:36:49Z E! [] Requesting data of subscription 0 failed: got end of sse data input
2025-02-19T20:36:49Z E! [] Requesting data of subscription 0 failed: got end of sse data input
2025-02-19T20:36:49Z E! [] Requesting data of subscription 0 failed: got end of sse data input
2025-02-19T20:36:49Z E! [] Requesting data of subscription 0 failed: got end of sse data input
2025-02-19T20:36:49Z E! [] Requesting data of subscription 0 failed: got end of sse data input
2025-02-19T20:36:49Z E! [] Requesting data of subscription 0 failed: got end of sse data input
2025-02-19T20:36:49Z E! [] Requesting data of subscription 0 failed: got end of sse data input
2025-02-19T20:36:49Z E! [] Requesting data of subscription 0 failed: got end of sse data input
2025-02-19T20:36:49Z E! [] Requesting data of subscription 0 failed: got end of sse data input
2025-02-19T20:36:49Z E! [] Requesting data of subscription 0 failed: got end of sse data input
2025-02-19T20:36:49Z E! [] Requesting data of subscription 0 failed: got end of sse data input
2025-02-19T20:36:49Z E! [] Requesting data of subscription 0 failed: got end of sse data input
2025-02-19T20:36:49Z E! [] Requesting data of subscription 0 failed: got end of sse data input
2025-02-19T20:36:49Z E! [] Requesting data of subscription 0 failed: got end of sse data input
2025-02-19T20:36:49Z E! [] Requesting data of subscription 0 failed: got end of sse data input
2025-02-19T20:36:49Z E! [] Requesting data of subscription 0 failed: got end of sse data input
2025-02-19T20:36:49Z E! [] Requesting data of subscription 0 failed: got end of sse data input
2025-02-19T20:36:49Z E! [] Requesting data of subscription 0 failed: got end of sse data input
2025-02-19T20:36:49Z E! [] Requesting data of subscription 0 failed: got end of sse data input
2025-02-19T20:36:49Z E! [] Requesting data of subscription 0 failed: got end of sse data input
2025-02-19T20:36:49Z E! [] Requesting data of subscription 0 failed: got end of sse data input
2025-02-19T20:36:49Z E! [] Requesting data of subscription 0 failed: got end of sse data input
2025-02-19T20:36:49Z E! [] Requesting data of subscription 0 failed: got end of sse data input
2025-02-19T20:36:49Z E! [] Requesting data of subscription 0 failed: got end of sse data input
2025-02-19T20:36:49Z E! [] Requesting data of subscription 0 failed: got end of sse data input
2025-02-19T20:36:49Z E! [] Requesting data of subscription 0 failed: got end of sse data input
2025-02-19T20:36:49Z E! [] Requesting data of subscription 0 failed: got end of sse data input
2025-02-19T20:36:49Z E! [] Requesting data of subscription 0 failed: got end of sse data input
2025-02-19T20:36:49Z E! [] Requesting data of subscription 0 failed: got end of sse data input
2025-02-19T20:36:49Z E! [] Requesting data of subscription 0 failed: got end of sse data input
2025-02-19T20:36:49Z E! [] Requesting data of subscription 0 failed: got end of sse data input
2025-02-19T20:36:49Z E! [] Requesting data of subscription 0 failed: got end of sse data input
2025-02-19T20:36:49Z E! [] Requesting data of subscription 0 failed: got end of sse data input
2025-02-19T20:36:49Z E! [] Requesting data of subscription 0 failed: got end of sse data input
2025-02-19T20:36:49Z E! [] Requesting data of subscription 0 failed: got end of sse data input
2025-02-19T20:36:49Z E! [] Requesting data of subscription 0 failed: got end of sse data input
2025-02-19T20:36:49Z E! [] Requesting data of subscription 0 failed: got end of sse data input
2025-02-19T20:36:49Z E! [] Requesting data of subscription 0 failed: got end of sse data input
2025-02-19T20:36:49Z E! [] Requesting data of subscription 0 failed: got end of sse data input
2025-02-19T20:36:49Z E! [] Requesting data of subscription 0 failed: got end of sse data input
2025-02-19T20:36:49Z E! [] Requesting data of subscription 0 failed: got end of sse data input
2025-02-19T20:36:49Z E! [] Requesting data of subscription 0 failed: got end of sse data input
2025-02-19T20:36:49Z E! [] Requesting data of subscription 0 failed: got end of sse data input
2025-02-19T20:36:49Z E! [] Requesting data of subscription 0 failed: got end of sse data input
2025-02-19T20:36:49Z E! [] Requesting data of subscription 0 failed: got end of sse data input
2025-02-19T20:36:49Z E! [] Requesting data of subscription 0 failed: got end of sse data input
2025-02-19T20:36:49Z E! [] Requesting data of subscription 0 failed: got end of sse data input
2025-02-19T20:36:49Z E! [] Requesting data of subscription 0 failed: got end of sse data input
2025-02-19T20:36:49Z E! [] Requesting data of subscription 0 failed: got end of sse data input
2025-02-19T20:36:49Z E! [] Requesting data of subscription 0 failed: got end of sse data input
2025-02-19T20:36:49Z E! [] Requesting data of subscription 0 failed: got end of sse data input
2025-02-19T20:36:49Z E! [] Requesting data of subscription 0 failed: got end of sse data input
2025-02-19T20:36:49Z E! [] Requesting data of subscription 0 failed: got end of sse data input
2025-02-19T20:36:49Z E! [] Requesting data of subscription 0 failed: got end of sse data input
2025-02-19T20:36:49Z E! [] Requesting data of subscription 0 failed: got end of sse data input
2025-02-19T20:36:49Z E! [] Requesting data of subscription 0 failed: got end of sse data input
2025-02-19T20:36:49Z E! [] Requesting data of subscription 0 failed: got end of sse data input
2025-02-19T20:36:49Z E! [] Requesting data of subscription 0 failed: got end of sse data input
2025-02-19T20:36:49Z E! [] Requesting data of subscription 0 failed: got end of sse data input
2025-02-19T20:36:49Z E! [] Requesting data of subscription 0 failed: got end of sse data input
2025-02-19T20:36:49Z E! [] Requesting data of subscription 0 failed: got end of sse data input
2025-02-19T20:36:49Z E! [] Requesting data of subscription 0 failed: got end of sse data input
2025-02-19T20:36:49Z E! [] Requesting data of subscription 0 failed: got end of sse data input
2025-02-19T20:36:49Z E! [] Requesting data of subscription 0 failed: got end of sse data input
2025-02-19T20:36:49Z E! [] Requesting data of subscription 0 failed: got end of sse data input
2025-02-19T20:36:49Z E! [] Requesting data of subscription 0 failed: got end of sse data input
2025-02-19T20:36:49Z E! [] Requesting data of subscription 0 failed: got end of sse data input
2025-02-19T20:36:49Z E! [] Requesting data of subscription 0 failed: got end of sse data input
2025-02-19T20:36:49Z E! [] Requesting data of subscription 0 failed: got end of sse data input
2025-02-19T20:36:49Z E! [] Requesting data of subscription 0 failed: got end of sse data input
2025-02-19T20:36:49Z E! [] Requesting data of subscription 0 failed: got end of sse data input
2025-02-19T20:36:49Z E! [] Requesting data of subscription 0 failed: got end of sse data input
2025-02-19T20:36:49Z E! [] Requesting data of subscription 0 failed: got end of sse data input
2025-02-19T20:36:49Z E! [] Requesting data of subscription 0 failed: got end of sse data input
2025-02-19T20:36:49Z E! [] Requesting data of subscription 0 failed: got end of sse data input
2025-02-19T20:36:49Z E! [] Requesting data of subscription 0 failed: got end of sse data input
2025-02-19T20:36:49Z E! [] Requesting data of subscription 0 failed: got end of sse data input
2025-02-19T20:36:49Z E! [] Requesting data of subscription 0 failed: got end of sse data input
2025-02-19T20:36:49Z E! [] Requesting data of subscription 0 failed: got end of sse data input
2025-02-19T20:36:49Z E! [] Requesting data of subscription 0 failed: got end of sse data input
2025-02-19T20:36:49Z E! [] Requesting data of subscription 0 failed: got end of sse data input
2025-02-19T20:36:49Z E! [] Requesting data of subscription 0 failed: got end of sse data input
2025-02-19T20:36:49Z E! [] Requesting data of subscription 0 failed: got end of sse data input
2025-02-19T20:36:49Z E! [] Requesting data of subscription 0 failed: got end of sse data input
2025-02-19T20:36:49Z E! [] Requesting data of subscription 0 failed: got end of sse data input
2025-02-19T20:36:49Z E! [] Requesting data of subscription 0 failed: got end of sse data input
2025-02-19T20:36:49Z E! [] Requesting data of subscription 0 failed: got end of sse data input
2025-02-19T20:36:49Z E! [] Requesting data of subscription 0 failed: got end of sse data input
2025-02-19T20:36:49Z E! [] Requesting data of subscription 0 failed: got end of sse data input
2025-02-19T20:36:49Z E! [] Requesting data of subscription 0 failed: got end of sse data input
2025-02-19T20:36:49Z E! [] Requesting data of subscription 0 failed: got end of sse data input
2025-02-19T20:36:49Z E! [] Requesting data of subscription 0 failed: got end of sse data input
2025-02-19T20:36:49Z E! [] Requesting data of subscription 0 failed: got end of sse data input
2025-02-19T20:36:49Z E! [] Requesting data of subscription 0 failed: got end of sse data input
2025-02-19T20:36:49Z E! [] Requesting data of subscription 0 failed: got end of sse data input
2025-02-19T20:36:49Z E! [] Requesting data of subscription 0 failed: got end of sse data input
2025-02-19T20:36:49Z E! [] Requesting data of subscription 0 failed: got end of sse data input
2025-02-19T20:36:49Z E! [] Requesting data of subscription 0 failed: got end of sse data input
2025-02-19T20:36:49Z E! [] Requesting data of subscription 0 failed: got end of sse data input
2025-02-19T20:36:49Z E! [] Requesting data of subscription 0 failed: got end of sse data input
2025-02-19T20:36:49Z E! [] Requesting data of subscription 0 failed: got end of sse data input
2025-02-19T20:36:49Z E! [] Requesting data of subscription 0 failed: got end of sse data input
2025-02-19T20:36:49Z E! [] Requesting data of subscription 0 failed: got end of sse data input
2025-02-19T20:36:49Z E! [] Requesting data of subscription 0 failed: got end of sse data input
2025-02-19T20:36:49Z E! [] Requesting data of subscription 0 failed: got end of sse data input
2025-02-19T20:36:49Z E! [] Requesting data of subscription 0 failed: got end of sse data input
2025-02-19T20:36:49Z E! [] Requesting data of subscription 0 failed: got end of sse data input
2025-02-19T20:36:49Z E! [] Requesting data of subscription 0 failed: got end of sse data input
2025-02-19T20:36:49Z E! [] Requesting data of subscription 0 failed: got end of sse data input
2025-02-19T20:36:49Z E! [] Requesting data of subscription 0 failed: got end of sse data input
2025-02-19T20:36:49Z E! [] Requesting data of subscription 0 failed: got end of sse data input
2025-02-19T20:36:49Z E! [] Requesting data of subscription 0 failed: got end of sse data input
2025-02-19T20:36:49Z E! [] Requesting data of subscription 0 failed: got end of sse data input
2025-02-19T20:36:49Z E! [] Requesting data of subscription 0 failed: got end of sse data input
2025-02-19T20:36:49Z E! [] Requesting data of subscription 0 failed: got end of sse data input
2025-02-19T20:36:49Z E! [] Requesting data of subscription 0 failed: got end of sse data input
2025-02-19T20:36:49Z E! [] Requesting data of subscription 0 failed: got end of sse data input
2025-02-19T20:36:49Z E! [] Requesting data of subscription 0 failed: got end of sse data input
2025-02-19T20:36:49Z E! [] Requesting data of subscription 0 failed: got end of sse data input
2025-02-19T20:36:49Z E! [] Requesting data of subscription 0 failed: got end of sse data input
2025-02-19T20:36:49Z E! [] Requesting data of subscription 0 failed: got end of sse data input
2025-02-19T20:36:49Z E! [] Requesting data of subscription 0 failed: got end of sse data input
2025-02-19T20:36:49Z E! [] Requesting data of subscription 0 failed: got end of sse data input
2025-02-19T20:36:49Z E! [] Requesting data of subscription 0 failed: got end of sse data input
2025-02-19T20:36:49Z E! [] Requesting data of subscription 0 failed: got end of sse data input
2025-02-19T20:36:49Z E! [] Requesting data of subscription 0 failed: got end of sse data input
2025-02-19T20:36:49Z E! [] Requesting data of subscription 0 failed: got end of sse data input
2025-02-19T20:36:49Z E! [] Requesting data of subscription 0 failed: got end of sse data input
2025-02-19T20:36:49Z E! [] Requesting data of subscription 0 failed: got end of sse data input
2025-02-19T20:36:49Z E! [] Requesting data of subscription 0 failed: got end of sse data input
2025-02-19T20:36:49Z E! [] Requesting data of subscription 0 failed: got end of sse data input
2025-02-19T20:36:49Z E! [] Requesting data of subscription 0 failed: got end of sse data input
2025-02-19T20:36:49Z E! [] Requesting data of subscription 0 failed: got end of sse data input
2025-02-19T20:36:49Z E! [] Requesting data of subscription 0 failed: got end of sse data input
2025-02-19T20:36:49Z E! [] Requesting data of subscription 0 failed: got end of sse data input
2025-02-19T20:36:49Z E! [] Requesting data of subscription 0 failed: got end of sse data input
2025-02-19T20:36:49Z E! [] Requesting data of subscription 0 failed: got end of sse data input
2025-02-19T20:36:49Z E! [] Requesting data of subscription 0 failed: got end of sse data input
2025-02-19T20:36:49Z E! [] Requesting data of subscription 0 failed: got end of sse data input
2025-02-19T20:36:49Z E! [] Requesting data of subscription 0 failed: got end of sse data input
2025-02-19T20:36:49Z E! [] Requesting data of subscription 0 failed: got end of sse data input
2025-02-19T20:36:49Z E! [] Requesting data of subscription 0 failed: got end of sse data input
2025-02-19T20:36:49Z E! [] Requesting data of subscription 0 failed: got end of sse data input
2025-02-19T20:36:49Z E! [] Requesting data of subscription 0 failed: got end of sse data input
2025-02-19T20:36:49Z E! [] Requesting data of subscription 0 failed: got end of sse data input
2025-02-19T20:36:49Z E! [] Requesting data of subscription 0 failed: got end of sse data input
2025-02-19T20:36:49Z E! [] Requesting data of subscription 0 failed: got end of sse data input
2025-02-19T20:36:49Z E! [] Requesting data of subscription 0 failed: got end of sse data input
2025-02-19T20:36:49Z E! [] Requesting data of subscription 0 failed: got end of sse data input
2025-02-19T20:36:49Z E! [] Requesting data of subscription 0 failed: got end of sse data input
2025-02-19T20:36:49Z E! [] Requesting data of subscription 0 failed: got end of sse data input
2025-02-19T20:36:49Z E! [] Requesting data of subscription 0 failed: got end of sse data input
2025-02-19T20:36:49Z E! [] Requesting data of subscription 0 failed: got end of sse data input
2025-02-19T20:36:49Z E! [] Requesting data of subscription 0 failed: got end of sse data input
2025-02-19T20:36:49Z E! [] Requesting data of subscription 0 failed: got end of sse data input
2025-02-19T20:36:49Z E! [] Requesting data of subscription 0 failed: got end of sse data input
2025-02-19T20:36:49Z E! [] Requesting data of subscription 0 failed: got end of sse data input
2025-02-19T20:36:49Z E! [] Requesting data of subscription 0 failed: got end of sse data input
2025-02-19T20:36:49Z E! [] Requesting data of subscription 0 failed: got end of sse data input
2025-02-19T20:36:49Z E! [] Requesting data of subscription 0 failed: got end of sse data input
2025-02-19T20:36:49Z E! [] Requesting data of subscription 0 failed: got end of sse data input
2025-02-19T20:36:49Z E! [] Requesting data of subscription 0 failed: got end of sse data input
2025-02-19T20:36:49Z E! [] Requesting data of subscription 0 failed: got end of sse data input
2025-02-19T20:36:49Z E! [] Requesting data of subscription 0 failed: got end of sse data input
2025-02-19T20:36:49Z E! [] Requesting data of subscription 0 failed: got end of sse data input
2025-02-19T20:36:49Z E! [] Requesting data of subscription 0 failed: got end of sse data input
2025-02-19T20:36:49Z E! [] Requesting data of subscription 0 failed: got end of sse data input
2025-02-19T20:36:49Z E! [] Requesting data of subscription 0 failed: got end of sse data input
2025-02-19T20:36:49Z E! [] Requesting data of subscription 0 failed: got end of sse data input
2025-02-19T20:36:49Z E! [] Requesting data of subscription 0 failed: got end of sse data input
2025-02-19T20:36:49Z E! [] Requesting data of subscription 0 failed: got end of sse data input
2025-02-19T20:36:49Z E! [] Requesting data of subscription 0 failed: got end of sse data input
2025-02-19T20:36:49Z E! [] Requesting data of subscription 0 failed: got end of sse data input
2025-02-19T20:36:49Z E! [] Requesting data of subscription 0 failed: got end of sse data input
2025-02-19T20:36:49Z E! [] Requesting data of subscription 0 failed: got end of sse data input
2025-02-19T20:36:49Z E! [] Requesting data of subscription 0 failed: got end of sse data input
2025-02-19T20:36:49Z E! [] Requesting data of subscription 0 failed: got end of sse data input
2025-02-19T20:36:49Z E! [] Requesting data of subscription 0 failed: got end of sse data input
2025-02-19T20:36:49Z E! [] Requesting data of subscription 0 failed: got end of sse data input
2025-02-19T20:36:49Z E! [] Requesting data of subscription 0 failed: got end of sse data input
2025-02-19T20:36:49Z E! [] Requesting data of subscription 0 failed: got end of sse data input
2025-02-19T20:36:49Z E! [] Requesting data of subscription 0 failed: got end of sse data input
2025-02-19T20:36:49Z E! [] Requesting data of subscription 0 failed: got end of sse data input
2025-02-19T20:36:49Z E! [] Requesting data of subscription 0 failed: got end of sse data input
2025-02-19T20:36:49Z E! [] Requesting data of subscription 0 failed: got end of sse data input
2025-02-19T20:36:49Z E! [] Requesting data of subscription 0 failed: got end of sse data input
2025-02-19T20:36:49Z E! [] Requesting data of subscription 0 failed: got end of sse data input
2025-02-19T20:36:49Z E! [] Requesting data of subscription 0 failed: got end of sse data input
2025-02-19T20:36:49Z E! [] Requesting data of subscription 0 failed: got end of sse data input
2025-02-19T20:36:49Z E! [] Requesting data of subscription 0 failed: got end of sse data input
2025-02-19T20:36:49Z E! [] Requesting data of subscription 0 failed: got end of sse data input
2025-02-19T20:36:49Z E! [] Requesting data of subscription 0 failed: got end of sse data input
2025-02-19T20:36:49Z E! [] Requesting data of subscription 0 failed: got end of sse data input
2025-02-19T20:36:49Z E! [] Requesting data of subscription 0 failed: got end of sse data input
2025-02-19T20:36:49Z E! [] Requesting data of subscription 0 failed: got end of sse data input
2025-02-19T20:36:49Z E! [] Requesting data of subscription 0 failed: got end of sse data input
2025-02-19T20:36:49Z E! [] Requesting data of subscription 0 failed: got end of sse data input
2025-02-19T20:36:49Z E! [] Requesting data of subscription 0 failed: got end of sse data input
2025-02-19T20:36:49Z E! [] Requesting data of subscription 0 failed: got end of sse data input
2025-02-19T20:36:49Z E! [] Requesting data of subscription 0 failed: got end of sse data input
2025-02-19T20:36:49Z E! [] Requesting data of subscription 0 failed: got end of sse data input
2025-02-19T20:36:49Z E! [] Requesting data of subscription 0 failed: got end of sse data input
2025-02-19T20:36:49Z E! [] Requesting data of subscription 0 failed: got end of sse data input
2025-02-19T20:36:49Z E! [] Requesting data of subscription 0 failed: got end of sse data input
2025-02-19T20:36:49Z E! [] Requesting data of subscription 0 failed: got end of sse data input
2025-02-19T20:36:49Z E! [] Requesting data of subscription 0 failed: got end of sse data input
2025-02-19T20:36:49Z E! [] Requesting data of subscription 0 failed: got end of sse data input
2025-02-19T20:36:49Z E! [] Requesting data of subscription 0 failed: got end of sse data input
2025-02-19T20:36:49Z E! [] Requesting data of subscription 0 failed: got end of sse data input
2025-02-19T20:36:49Z E! [] Requesting data of subscription 0 failed: got end of sse data input
2025-02-19T20:36:49Z E! [] Requesting data of subscription 0 failed: got end of sse data input
2025-02-19T20:36:49Z E! [] Requesting data of subscription 0 failed: got end of sse data input
2025-02-19T20:36:49Z E! [] Requesting data of subscription 0 failed: got end of sse data input
2025-02-19T20:36:49Z E! [] Requesting data of subscription 0 failed: got end of sse data input
2025-02-19T20:36:49Z E! [] Requesting data of subscription 0 failed: got end of sse data input
2025-02-19T20:36:49Z E! [] Requesting data of subscription 0 failed: got end of sse data input
2025-02-19T20:36:49Z E! [] Requesting data of subscription 0 failed: got end of sse data input
2025-02-19T20:36:49Z E! [] Requesting data of subscription 0 failed: got end of sse data input
2025-02-19T20:36:49Z E! [] Requesting data of subscription 0 failed: got end of sse data input
2025-02-19T20:36:49Z E! [] Requesting data of subscription 0 failed: got end of sse data input
2025-02-19T20:36:49Z E! [] Requesting data of subscription 0 failed: got end of sse data input
2025-02-19T20:36:49Z E! [] Requesting data of subscription 0 failed: got end of sse data input
2025-02-19T20:36:49Z E! [] Requesting data of subscription 0 failed: got end of sse data input
2025-02-19T20:36:49Z E! [] Requesting data of subscription 0 failed: got end of sse data input
2025-02-19T20:36:49Z E! [] Requesting data of subscription 0 failed: got end of sse data input
2025-02-19T20:36:49Z E! [] Requesting data of subscription 0 failed: got end of sse data input
2025-02-19T20:36:49Z E! [] Requesting data of subscription 0 failed: got end of sse data input
2025-02-19T20:36:49Z E! [] Requesting data of subscription 0 failed: got end of sse data input
2025-02-19T20:36:49Z E! [] Requesting data of subscription 0 failed: got end of sse data input
2025-02-19T20:36:49Z E! [] Requesting data of subscription 0 failed: got end of sse data input
2025-02-19T20:36:49Z E! [] Requesting data of subscription 0 failed: got end of sse data input
2025-02-19T20:36:49Z E! [] Requesting data of subscription 0 failed: got end of sse data input
2025-02-19T20:36:49Z E! [] Requesting data of subscription 0 failed: got end of sse data input
2025-02-19T20:36:49Z E! [] Requesting data of subscription 0 failed: got end of sse data input
2025-02-19T20:36:49Z E! [] Requesting data of subscription 0 failed: got end of sse data input
2025-02-19T20:36:49Z E! [] Requesting data of subscription 0 failed: got end of sse data input
2025-02-19T20:36:49Z E! [] Requesting data of subscription 0 failed: got end of sse data input
2025-02-19T20:36:49Z E! [] Requesting data of subscription 0 failed: got end of sse data input
2025-02-19T20:36:49Z E! [] Requesting data of subscription 0 failed: got end of sse data input
2025-02-19T20:36:49Z E! [] Requesting data of subscription 0 failed: got end of sse data input
2025-02-19T20:36:49Z E! [] Requesting data of subscription 0 failed: got end of sse data input
2025-02-19T20:36:49Z E! [] Requesting data of subscription 0 failed: got end of sse data input
2025-02-19T20:36:49Z E! [] Requesting data of subscription 0 failed: got end of sse data input
2025-02-19T20:36:49Z E! [] Requesting data of subscription 0 failed: got end of sse data input
2025-02-19T20:36:49Z E! [] Requesting data of subscription 0 failed: got end of sse data input
2025-02-19T20:36:49Z E! [] Requesting data of subscription 0 failed: got end of sse data input
2025-02-19T20:36:49Z E! [] Requesting data of subscription 0 failed: got end of sse data input
2025-02-19T20:36:49Z E! [] Requesting data of subscription 0 failed: got end of sse data input
2025-02-19T20:36:49Z E! [] Requesting data of subscription 0 failed: got end of sse data input
2025-02-19T20:36:49Z E! [] Requesting data of subscription 0 failed: got end of sse data input
2025-02-19T20:36:49Z E! [] Requesting data of subscription 0 failed: got end of sse data input
2025-02-19T20:36:49Z E! [] Requesting data of subscription 0 failed: got end of sse data input
2025-02-19T20:36:49Z E! [] Requesting data of subscription 0 failed: got end of sse data input
2025-02-19T20:36:49Z E! [] Requesting data of subscription 0 failed: got end of sse data input
2025-02-19T20:36:49Z E! [] Requesting data of subscription 0 failed: got end of sse data input
2025-02-19T20:36:49Z E! [] Requesting data of subscription 0 failed: got end of sse data input
2025-02-19T20:36:49Z E! [] Requesting data of subscription 0 failed: got end of sse data input
2025-02-19T20:36:49Z E! [] Requesting data of subscription 0 failed: got end of sse data input
2025-02-19T20:36:49Z E! [] Requesting data of subscription 0 failed: got end of sse data input
2025-02-19T20:36:49Z E! [] Requesting data of subscription 0 failed: got end of sse data input
2025-02-19T20:36:49Z E! [] Requesting data of subscription 0 failed: got end of sse data input
2025-02-19T20:36:49Z E! [] Requesting data of subscription 0 failed: got end of sse data input
2025-02-19T20:36:49Z E! [] Requesting data of subscription 0 failed: got end of sse data input
2025-02-19T20:36:49Z E! [] Requesting data of subscription 0 failed: got end of sse data input
2025-02-19T20:36:49Z E! [] Requesting data of subscription 0 failed: got end of sse data input
2025-02-19T20:36:49Z E! [] Requesting data of subscription 0 failed: got end of sse data input
2025-02-19T20:36:49Z E! [] Requesting data of subscription 0 failed: got end of sse data input
2025-02-19T20:36:49Z E! [] Requesting data of subscription 0 failed: got end of sse data input
2025-02-19T20:36:49Z E! [] Requesting data of subscription 0 failed: got end of sse data input
2025-02-19T20:36:49Z E! [] Requesting data of subscription 0 failed: got end of sse data input
2025-02-19T20:36:49Z E! [] Requesting data of subscription 0 failed: got end of sse data input
2025-02-19T20:36:49Z E! [] Requesting data of subscription 0 failed: got end of sse data input
2025-02-19T20:36:49Z E! [] Requesting data of subscription 0 failed: got end of sse data input
2025-02-19T20:36:49Z E! [] Requesting data of subscription 0 failed: got end of sse data input
2025-02-19T20:36:49Z E! [] Requesting data of subscription 0 failed: got end of sse data input
2025-02-19T20:36:49Z E! [] Requesting data of subscription 0 failed: got end of sse data input
2025-02-19T20:36:49Z E! [] Requesting data of subscription 0 failed: got end of sse data input
2025-02-19T20:36:49Z E! [] Requesting data of subscription 0 failed: got end of sse data input
2025-02-19T20:36:49Z E! [] Requesting data of subscription 0 failed: got end of sse data input
2025-02-19T20:36:49Z E! [] Requesting data of subscription 0 failed: got end of sse data input
2025-02-19T20:36:49Z E! [] Requesting data of subscription 0 failed: got end of sse data input
2025-02-19T20:36:49Z E! [] Requesting data of subscription 0 failed: got end of sse data input
2025-02-19T20:36:49Z E! [] Requesting data of subscription 0 failed: got end of sse data input
2025-02-19T20:36:49Z E! [] Requesting data of subscription 0 failed: got end of sse data input
2025-02-19T20:36:49Z E! [] Requesting data of subscription 0 failed: got end of sse data input
2025-02-19T20:36:49Z E! [] Requesting data of subscription 0 failed: got end of sse data input
2025-02-19T20:36:49Z E! [] Requesting data of subscription 0 failed: got end of sse data input
2025-02-19T20:36:49Z E! [] Requesting data of subscription 0 failed: got end of sse data input
2025-02-19T20:36:49Z E! [] Requesting data of subscription 0 failed: got end of sse data input
2025-02-19T20:36:49Z E! [] Requesting data of subscription 0 failed: got end of sse data input
2025-02-19T20:36:49Z E! [] Requesting data of subscription 0 failed: got end of sse data input
2025-02-19T20:36:49Z E! [] Requesting data of subscription 0 failed: got end of sse data input
2025-02-19T20:36:49Z E! [] Requesting data of subscription 0 failed: got end of sse data input
2025-02-19T20:36:49Z E! [] Requesting data of subscription 0 failed: got end of sse data input
2025-02-19T20:36:49Z E! [] Requesting data of subscription 0 failed: got end of sse data input
2025-02-19T20:36:49Z E! [] Requesting data of subscription 0 failed: got end of sse data input
2025-02-19T20:36:49Z E! [] Requesting data of subscription 0 failed: got end of sse data input
2025-02-19T20:36:49Z E! [] Requesting data of subscription 0 failed: got end of sse data input
2025-02-19T20:36:49Z E! [] Requesting data of subscription 0 failed: got end of sse data input
2025-02-19T20:36:49Z E! [] Requesting data of subscription 0 failed: got end of sse data input
2025-02-19T20:36:49Z E! [] Requesting data of subscription 0 failed: got end of sse data input
2025-02-19T20:36:49Z E! [] Requesting data of subscription 0 failed: got end of sse data input
2025-02-19T20:36:49Z E! [] Requesting data of subscription 0 failed: got end of sse data input
2025-02-19T20:36:49Z E! [] Requesting data of subscription 0 failed: got end of sse data input
2025-02-19T20:36:49Z E! [] Requesting data of subscription 0 failed: got end of sse data input
2025-02-19T20:36:49Z E! [] Requesting data of subscription 0 failed: got end of sse data input
2025-02-19T20:36:49Z E! [] Requesting data of subscription 0 failed: got end of sse data input
2025-02-19T20:36:49Z E! [] Requesting data of subscription 0 failed: got end of sse data input
2025-02-19T20:36:49Z E! [] Requesting data of subscription 0 failed: got end of sse data input
2025-02-19T20:36:49Z E! [] Requesting data of subscription 0 failed: got end of sse data input
2025-02-19T20:36:49Z E! [] Requesting data of subscription 0 failed: got end of sse data input
2025-02-19T20:36:49Z E! [] Requesting data of subscription 0 failed: got end of sse data input
2025-02-19T20:36:49Z E! [] Requesting data of subscription 0 failed: got end of sse data input
2025-02-19T20:36:49Z E! [] Requesting data of subscription 0 failed: got end of sse data input
2025-02-19T20:36:49Z E! [] Requesting data of subscription 0 failed: got end of sse data input
2025-02-19T20:36:49Z E! [] Requesting data of subscription 0 failed: got end of sse data input
2025-02-19T20:36:49Z E! [] Requesting data of subscription 0 failed: got end of sse data input
2025-02-19T20:36:49Z E! [] Requesting data of subscription 0 failed: got end of sse data input
2025-02-19T20:36:49Z E! [] Requesting data of subscription 0 failed: got end of sse data input
2025-02-19T20:36:49Z E! [] Requesting data of subscription 0 failed: got end of sse data input
2025-02-19T20:36:49Z E! [] Requesting data of subscription 0 failed: got end of sse data input
2025-02-19T20:36:49Z E! [] Requesting data of subscription 0 failed: got end of sse data input
2025-02-19T20:36:49Z E! [] Requesting data of subscription 0 failed: got end of sse data input
2025-02-19T20:36:49Z E! [] Requesting data of subscription 0 failed: got end of sse data input
2025-02-19T20:36:49Z E! [] Requesting data of subscription 0 failed: got end of sse data input
2025-02-19T20:36:49Z E! [] Requesting data of subscription 0 failed: got end of sse data input
2025-02-19T20:36:49Z E! [] Requesting data of subscription 0 failed: got end of sse data input
2025-02-19T20:36:49Z E! [] Requesting data of subscription 0 failed: got end of sse data input
2025-02-19T20:36:49Z E! [] Requesting data of subscription 0 failed: got end of sse data input
2025-02-19T20:36:49Z E! [] Requesting data of subscription 0 failed: got end of sse data input
2025-02-19T20:36:49Z E! [] Requesting data of subscription 0 failed: got end of sse data input
2025-02-19T20:36:49Z E! [] Requesting data of subscription 0 failed: got end of sse data input
2025-02-19T20:36:49Z E! [] Requesting data of subscription 0 failed: got end of sse data input
2025-02-19T20:36:49Z E! [] Requesting data of subscription 0 failed: got end of sse data input
2025-02-19T20:36:49Z E! [] Requesting data of subscription 0 failed: got end of sse data input
2025-02-19T20:36:49Z E! [] Requesting data of subscription 0 failed: got end of sse data input
2025-02-19T20:36:49Z E! [] Requesting data of subscription 0 failed: got end of sse data input
2025-02-19T20:36:49Z E! [] Requesting data of subscription 0 failed: got end of sse data input
2025-02-19T20:36:49Z E! [] Requesting data of subscription 0 failed: got end of sse data input
2025-02-19T20:36:49Z E! [] Requesting data of subscription 0 failed: got end of sse data input
2025-02-19T20:36:49Z E! [] Requesting data of subscription 0 failed: got end of sse data input
2025-02-19T20:36:49Z E! [] Requesting data of subscription 0 failed: got end of sse data input
2025-02-19T20:36:49Z E! [] Requesting data of subscription 0 failed: got end of sse data input
2025-02-19T20:36:49Z E! [] Requesting data of subscription 0 failed: got end of sse data input
2025-02-19T20:36:49Z E! [] Requesting data of subscription 0 failed: got end of sse data input
2025-02-19T20:36:49Z E! [] Requesting data of subscription 0 failed: got end of sse data input
2025-02-19T20:36:49Z E! [] Requesting data of subscription 0 failed: got end of sse data input
2025-02-19T20:36:49Z E! [] Requesting data of subscription 0 failed: got end of sse data input
2025-02-19T20:36:49Z E! [] Requesting data of subscription 0 failed: got end of sse data input
2025-02-19T20:36:49Z E! [] Requesting data of subscription 0 failed: got end of sse data input
2025-02-19T20:36:49Z E! [] Requesting data of subscription 0 failed: got end of sse data input
2025-02-19T20:36:49Z E! [] Requesting data of subscription 0 failed: got end of sse data input
2025-02-19T20:36:49Z E! [] Requesting data of subscription 0 failed: got end of sse data input
2025-02-19T20:36:49Z E! [] Requesting data of subscription 0 failed: got end of sse data input
2025-02-19T20:36:49Z E! [] Requesting data of subscription 0 failed: got end of sse data input
2025-02-19T20:36:49Z E! [] Requesting data of subscription 0 failed: got end of sse data input
2025-02-19T20:36:49Z E! [] Requesting data of subscription 0 failed: got end of sse data input
2025-02-19T20:36:49Z E! [] Requesting data of subscription 0 failed: got end of sse data input
2025-02-19T20:36:49Z E! [] Requesting data of subscription 0 failed: got end of sse data input
2025-02-19T20:36:49Z E! [] Requesting data of subscription 0 failed: got end of sse data input
2025-02-19T20:36:49Z E! [] Requesting data of subscription 0 failed: got end of sse data input
2025-02-19T20:36:49Z E! [] Requesting data of subscription 0 failed: got end of sse data input
2025-02-19T20:36:49Z E! [] Requesting data of subscription 0 failed: got end of sse data input
2025-02-19T20:36:49Z E! [] Requesting data of subscription 0 failed: got end of sse data input
2025-02-19T20:36:49Z E! [] Requesting data of subscription 0 failed: got end of sse data input
2025-02-19T20:36:49Z E! [] Requesting data of subscription 0 failed: got end of sse data input
2025-02-19T20:36:49Z E! [] Requesting data of subscription 0 failed: got end of sse data input
2025-02-19T20:36:49Z E! [] Requesting data of subscription 0 failed: got end of sse data input
2025-02-19T20:36:49Z E! [] Requesting data of subscription 0 failed: got end of sse data input
2025-02-19T20:36:49Z E! [] Requesting data of subscription 0 failed: got end of sse data input
2025-02-19T20:36:49Z E! [] Requesting data of subscription 0 failed: got end of sse data input
2025-02-19T20:36:49Z E! [] Requesting data of subscription 0 failed: got end of sse data input
2025-02-19T20:36:49Z E! [] Requesting data of subscription 0 failed: got end of sse data input
2025-02-19T20:36:49Z E! [] Requesting data of subscription 0 failed: got end of sse data input
2025-02-19T20:36:49Z E! [] Requesting data of subscription 0 failed: got end of sse data input
2025-02-19T20:36:49Z E! [] Requesting data of subscription 0 failed: got end of sse data input
2025-02-19T20:36:49Z E! [] Requesting data of subscription 0 failed: got end of sse data input
2025-02-19T20:36:49Z E! [] Requesting data of subscription 0 failed: got end of sse data input
2025-02-19T20:36:49Z E! [] Requesting data of subscription 0 failed: got end of sse data input
2025-02-19T20:36:49Z E! [] Requesting data of subscription 0 failed: got end of sse data input
2025-02-19T20:36:49Z E! [] Requesting data of subscription 0 failed: got end of sse data input
2025-02-19T20:36:49Z E! [] Requesting data of subscription 0 failed: got end of sse data input
2025-02-19T20:36:49Z E! [] Requesting data of subscription 0 failed: got end of sse data input
2025-02-19T20:36:49Z E! [] Requesting data of subscription 0 failed: got end of sse data input
2025-02-19T20:36:49Z E! [] Requesting data of subscription 0 failed: got end of sse data input
2025-02-19T20:36:49Z E! [] Requesting data of subscription 0 failed: got end of sse data input
2025-02-19T20:36:49Z E! [] Requesting data of subscription 0 failed: got end of sse data input
2025-02-19T20:36:49Z E! [] Requesting data of subscription 0 failed: got end of sse data input
2025-02-19T20:36:49Z E! [] Requesting data of subscription 0 failed: got end of sse data input
2025-02-19T20:36:49Z E! [] Requesting data of subscription 0 failed: got end of sse data input
2025-02-19T20:36:49Z E! [] Requesting data of subscription 0 failed: got end of sse data input
2025-02-19T20:36:49Z E! [] Requesting data of subscription 0 failed: got end of sse data input
2025-02-19T20:36:49Z E! [] Requesting data of subscription 0 failed: got end of sse data input
2025-02-19T20:36:49Z E! [] Requesting data of subscription 0 failed: got end of sse data input
2025-02-19T20:36:49Z E! [] Requesting data of subscription 0 failed: got end of sse data input
2025-02-19T20:36:49Z E! [] Requesting data of subscription 0 failed: got end of sse data input
2025-02-19T20:36:49Z E! [] Requesting data of subscription 0 failed: got end of sse data input
2025-02-19T20:36:49Z E! [] Requesting data of subscription 0 failed: got end of sse data input
2025-02-19T20:36:49Z E! [] Requesting data of subscription 0 failed: got end of sse data input
2025-02-19T20:36:49Z E! [] Requesting data of subscription 0 failed: got end of sse data input
2025-02-19T20:36:49Z E! [] Requesting data of subscription 0 failed: got end of sse data input
2025-02-19T20:36:49Z E! [] Requesting data of subscription 0 failed: got end of sse data input
2025-02-19T20:36:49Z E! [] Requesting data of subscription 0 failed: got end of sse data input
2025-02-19T20:36:49Z E! [] Requesting data of subscription 0 failed: got end of sse data input
2025-02-19T20:36:49Z E! [] Requesting data of subscription 0 failed: got end of sse data input
2025-02-19T20:36:49Z E! [] Requesting data of subscription 0 failed: got end of sse data input
2025-02-19T20:36:49Z E! [] Requesting data of subscription 0 failed: got end of sse data input
2025-02-19T20:36:49Z E! [] Requesting data of subscription 0 failed: got end of sse data input
2025-02-19T20:36:49Z E! [] Requesting data of subscription 0 failed: got end of sse data input
2025-02-19T20:36:49Z E! [] Requesting data of subscription 0 failed: got end of sse data input
2025-02-19T20:36:49Z E! [] Requesting data of subscription 0 failed: got end of sse data input
2025-02-19T20:36:49Z E! [] Requesting data of subscription 0 failed: got end of sse data input
2025-02-19T20:36:49Z E! [] Requesting data of subscription 0 failed: got end of sse data input
2025-02-19T20:36:49Z E! [] Requesting data of subscription 0 failed: got end of sse data input
2025-02-19T20:36:49Z E! [] Requesting data of subscription 0 failed: got end of sse data input
2025-02-19T20:36:49Z E! [] Requesting data of subscription 0 failed: got end of sse data input
2025-02-19T20:36:49Z E! [] Requesting data of subscription 0 failed: got end of sse data input
2025-02-19T20:36:49Z E! [] Requesting data of subscription 0 failed: got end of sse data input
2025-02-19T20:36:49Z E! [] Requesting data of subscription 0 failed: got end of sse data input
2025-02-19T20:36:49Z E! [] Requesting data of subscription 0 failed: got end of sse data input
2025-02-19T20:36:49Z E! [] Requesting data of subscription 0 failed: got end of sse data input
2025-02-19T20:36:49Z E! [] Requesting data of subscription 0 failed: got end of sse data input
2025-02-19T20:36:49Z E! [] Requesting data of subscription 0 failed: got end of sse data input
2025-02-19T20:36:49Z E! [] Requesting data of subscription 0 failed: got end of sse data input
2025-02-19T20:36:49Z E! [] Requesting data of subscription 0 failed: got end of sse data input
2025-02-19T20:36:49Z E! [] Requesting data of subscription 0 failed: got end of sse data input
2025-02-19T20:36:49Z E! [] Requesting data of subscription 0 failed: got end of sse data input
2025-02-19T20:36:49Z E! [] Requesting data of subscription 0 failed: got end of sse data input
2025-02-19T20:36:49Z E! [] Requesting data of subscription 0 failed: got end of sse data input
2025-02-19T20:36:49Z E! [] Requesting data of subscription 0 failed: got end of sse data input
2025-02-19T20:36:49Z E! [] Requesting data of subscription 0 failed: got end of sse data input
2025-02-19T20:36:49Z E! [] Requesting data of subscription 0 failed: got end of sse data input
2025-02-19T20:36:49Z E! [] Requesting data of subscription 0 failed: got end of sse data input
2025-02-19T20:36:49Z E! [] Requesting data of subscription 0 failed: got end of sse data input
2025-02-19T20:36:49Z E! [] Requesting data of subscription 0 failed: got end of sse data input
2025-02-19T20:36:49Z E! [] Requesting data of subscription 0 failed: got end of sse data input
2025-02-19T20:36:49Z E! [] Requesting data of subscription 0 failed: got end of sse data input
2025-02-19T20:36:49Z E! [] Requesting data of subscription 0 failed: got end of sse data input
2025-02-19T20:36:49Z E! [] Requesting data of subscription 0 failed: got end of sse data input
2025-02-19T20:36:49Z E! [] Requesting data of subscription 0 failed: got end of sse data input
2025-02-19T20:36:49Z E! [] Requesting data of subscription 0 failed: got end of sse data input
2025-02-19T20:36:49Z E! [] Requesting data of subscription 0 failed: got end of sse data input
2025-02-19T20:36:49Z E! [] Requesting data of subscription 0 failed: got end of sse data input
2025-02-19T20:36:49Z E! [] Requesting data of subscription 0 failed: got end of sse data input
2025-02-19T20:36:49Z E! [] Requesting data of subscription 0 failed: got end of sse data input
2025-02-19T20:36:49Z E! [] Requesting data of subscription 0 failed: got end of sse data input
2025-02-19T20:36:49Z E! [] Requesting data of subscription 0 failed: got end of sse data input
2025-02-19T20:36:49Z E! [] Requesting data of subscription 0 failed: got end of sse data input
2025-02-19T20:36:49Z E! [] Requesting data of subscription 0 failed: got end of sse data input
2025-02-19T20:36:49Z E! [] Requesting data of subscription 0 failed: got end of sse data input
2025-02-19T20:36:49Z E! [] Requesting data of subscription 0 failed: got end of sse data input
2025-02-19T20:36:49Z E! [] Requesting data of subscription 0 failed: got end of sse data input
2025-02-19T20:36:49Z E! [] Requesting data of subscription 0 failed: got end of sse data input
2025-02-19T20:36:49Z E! [] Requesting data of subscription 0 failed: got end of sse data input
2025-02-19T20:36:49Z E! [] Requesting data of subscription 0 failed: got end of sse data input
2025-02-19T20:36:49Z E! [] Requesting data of subscription 0 failed: got end of sse data input
2025-02-19T20:36:49Z E! [] Requesting data of subscription 0 failed: got end of sse data input
2025-02-19T20:36:49Z E! [] Requesting data of subscription 0 failed: got end of sse data input
2025-02-19T20:36:49Z E! [] Requesting data of subscription 0 failed: got end of sse data input
2025-02-19T20:36:49Z E! [] Requesting data of subscription 0 failed: got end of sse data input
2025-02-19T20:36:49Z E! [] Requesting data of subscription 0 failed: got end of sse data input
2025-02-19T20:36:49Z E! [] Requesting data of subscription 0 failed: got end of sse data input
2025-02-19T20:36:49Z E! [] Requesting data of subscription 0 failed: got end of sse data input
2025-02-19T20:36:49Z E! [] Requesting data of subscription 0 failed: got end of sse data input
2025-02-19T20:36:49Z E! [] Requesting data of subscription 0 failed: got end of sse data input
2025-02-19T20:36:49Z E! [] Requesting data of subscription 0 failed: got end of sse data input
2025-02-19T20:36:49Z E! [] Requesting data of subscription 0 failed: got end of sse data input
2025-02-19T20:36:49Z E! [] Requesting data of subscription 0 failed: got end of sse data input
2025-02-19T20:36:49Z E! [] Requesting data of subscription 0 failed: got end of sse data input
2025-02-19T20:36:49Z E! [] Requesting data of subscription 0 failed: got end of sse data input
2025-02-19T20:36:49Z E! [] Requesting data of subscription 0 failed: got end of sse data input
2025-02-19T20:36:49Z E! [] Requesting data of subscription 0 failed: got end of sse data input
2025-02-19T20:36:49Z E! [] Requesting data of subscription 0 failed: got end of sse data input
2025-02-19T20:36:49Z E! [] Requesting data of subscription 0 failed: got end of sse data input
2025-02-19T20:36:49Z E! [] Requesting data of subscription 0 failed: got end of sse data input
2025-02-19T20:36:49Z E! [] Requesting data of subscription 0 failed: got end of sse data input
2025-02-19T20:36:49Z E! [] Requesting data of subscription 0 failed: got end of sse data input
2025-02-19T20:36:49Z E! [] Requesting data of subscription 0 failed: got end of sse data input
2025-02-19T20:36:49Z E! [] Requesting data of subscription 0 failed: got end of sse data input
2025-02-19T20:36:49Z E! [] Requesting data of subscription 0 failed: got end of sse data input
2025-02-19T20:36:49Z E! [] Requesting data of subscription 0 failed: got end of sse data input
2025-02-19T20:36:49Z E! [] Requesting data of subscription 0 failed: got end of sse data input
2025-02-19T20:36:49Z E! [] Requesting data of subscription 0 failed: got end of sse data input
2025-02-19T20:36:49Z E! [] Requesting data of subscription 0 failed: got end of sse data input
2025-02-19T20:36:49Z E! [] Requesting data of subscription 0 failed: got end of sse data input
2025-02-19T20:36:49Z E! [] Requesting data of subscription 0 failed: got end of sse data input
2025-02-19T20:36:49Z E! [] Requesting data of subscription 0 failed: got end of sse data input
2025-02-19T20:36:49Z E! [] Requesting data of subscription 0 failed: got end of sse data input
2025-02-19T20:36:49Z E! [] Requesting data of subscription 0 failed: got end of sse data input
2025-02-19T20:36:49Z E! [] Requesting data of subscription 0 failed: got end of sse data input
2025-02-19T20:36:49Z E! [] Requesting data of subscription 0 failed: got end of sse data input
2025-02-19T20:36:49Z E! [] Requesting data of subscription 0 failed: got end of sse data input
2025-02-19T20:36:49Z E! [] Requesting data of subscription 0 failed: got end of sse data input
2025-02-19T20:36:49Z E! [] Requesting data of subscription 0 failed: got end of sse data input
2025-02-19T20:36:49Z E! [] Requesting data of subscription 0 failed: got end of sse data input
2025-02-19T20:36:49Z E! [] Requesting data of subscription 0 failed: got end of sse data input
2025-02-19T20:36:49Z E! [] Requesting data of subscription 0 failed: got end of sse data input
2025-02-19T20:36:49Z E! [] Requesting data of subscription 0 failed: got end of sse data input
2025-02-19T20:36:49Z E! [] Requesting data of subscription 0 failed: got end of sse data input
2025-02-19T20:36:49Z E! [] Requesting data of subscription 0 failed: got end of sse data input
2025-02-19T20:36:49Z E! [] Requesting data of subscription 0 failed: got end of sse data input
2025-02-19T20:36:49Z E! [] Requesting data of subscription 0 failed: got end of sse data input
2025-02-19T20:36:49Z E! [] Requesting data of subscription 0 failed: got end of sse data input
2025-02-19T20:36:49Z E! [] Requesting data of subscription 0 failed: got end of sse data input
2025-02-19T20:36:49Z E! [] Requesting data of subscription 0 failed: got end of sse data input
2025-02-19T20:36:49Z E! [] Requesting data of subscription 0 failed: got end of sse data input
2025-02-19T20:36:49Z E! [] Requesting data of subscription 0 failed: got end of sse data input
2025-02-19T20:36:49Z E! [] Requesting data of subscription 0 failed: got end of sse data input
2025-02-19T20:36:49Z E! [] Requesting data of subscription 0 failed: got end of sse data input
2025-02-19T20:36:49Z E! [] Requesting data of subscription 0 failed: got end of sse data input
2025-02-19T20:36:49Z E! [] Requesting data of subscription 0 failed: got end of sse data input
2025-02-19T20:36:49Z E! [] Requesting data of subscription 0 failed: got end of sse data input
2025-02-19T20:36:49Z E! [] Requesting data of subscription 0 failed: got end of sse data input
2025-02-19T20:36:49Z E! [] Requesting data of subscription 0 failed: got end of sse data input
2025-02-19T20:36:49Z E! [] Requesting data of subscription 0 failed: got end of sse data input
2025-02-19T20:36:49Z E! [] Requesting data of subscription 0 failed: got end of sse data input
2025-02-19T20:36:49Z E! [] Requesting data of subscription 0 failed: got end of sse data input
2025-02-19T20:36:49Z E! [] Requesting data of subscription 0 failed: got end of sse data input
2025-02-19T20:36:49Z E! [] Requesting data of subscription 0 failed: got end of sse data input
2025-02-19T20:36:49Z E! [] Requesting data of subscription 0 failed: got end of sse data input
2025-02-19T20:36:49Z E! [] Requesting data of subscription 0 failed: got end of sse data input
2025-02-19T20:36:49Z E! [] Requesting data of subscription 0 failed: got end of sse data input
2025-02-19T20:36:49Z E! [] Requesting data of subscription 0 failed: got end of sse data input
2025-02-19T20:36:49Z E! [] Requesting data of subscription 0 failed: got end of sse data input
2025-02-19T20:36:49Z E! [] Requesting data of subscription 0 failed: got end of sse data input
2025-02-19T20:36:49Z E! [] Requesting data of subscription 0 failed: got end of sse data input
2025-02-19T20:36:49Z E! [] Requesting data of subscription 0 failed: got end of sse data input
2025-02-19T20:36:49Z E! [] Requesting data of subscription 0 failed: got end of sse data input
2025-02-19T20:36:49Z E! [] Requesting data of subscription 0 failed: got end of sse data input
--- PASS: TestCtrlXMetricsMulti (1.02s)
=== RUN   TestCtrlXCreateSseClient
2025-02-19T20:36:49Z E! [] Requesting data of subscription 0 failed: failed to start sse request, error performing request for "http://127.0.0.1:62597/automation/api/v2/events/telegraf_0644f84b-d16d-4480-ae01-e549346e492b": Get "http://127.0.0.1:62597/automation/api/v2/events/telegraf_0644f84b-d16d-4480-ae01-e549346e492b": read tcp 127.0.0.1:50548->127.0.0.1:62597: read: connection reset by peer
2025-02-19T20:36:49Z E! [] Creating sse client to subscription 0: an error occured during request of authorization token: "Post \"http://127.0.0.1:62597/...\": dial tcp 127.0.0.1:62597: connect: connection refused"
--- PASS: TestCtrlXCreateSseClient (0.02s)
=== RUN   TestConvertTimestamp2UnixTime
--- PASS: TestConvertTimestamp2UnixTime (0.00s)
PASS
ok  	github.com/influxdata/telegraf/plugins/inputs/ctrlx_datalayer	3.239s
=== RUN   TestLogin
=== RUN   TestLogin/Login_successful
=== RUN   TestLogin/Unauthorized_Error
--- PASS: TestLogin (0.01s)
    --- PASS: TestLogin/Login_successful (0.00s)
    --- PASS: TestLogin/Unauthorized_Error (0.00s)
=== RUN   TestGetSummary
=== RUN   TestGetSummary/No_nodes
=== RUN   TestGetSummary/Unauthorized_Error
=== RUN   TestGetSummary/Has_nodes
--- PASS: TestGetSummary (0.00s)
    --- PASS: TestGetSummary/No_nodes (0.00s)
    --- PASS: TestGetSummary/Unauthorized_Error (0.00s)
    --- PASS: TestGetSummary/Has_nodes (0.00s)
=== RUN   TestGetNodeMetrics
=== RUN   TestGetNodeMetrics/Empty_Body
--- PASS: TestGetNodeMetrics (0.00s)
    --- PASS: TestGetNodeMetrics/Empty_Body (0.00s)
=== RUN   TestGetContainerMetrics
=== RUN   TestGetContainerMetrics/204_No_Content
--- PASS: TestGetContainerMetrics (0.00s)
    --- PASS: TestGetContainerMetrics/204_No_Content (0.00s)
=== RUN   TestAddNodeMetrics
=== RUN   TestAddNodeMetrics/basic_datapoint_conversion
=== RUN   TestAddNodeMetrics/path_added_as_tag
=== RUN   TestAddNodeMetrics/interface_added_as_tag
=== RUN   TestAddNodeMetrics/bytes_unit_appended_to_fieldkey
=== RUN   TestAddNodeMetrics/dimensions_added_as_tags
--- PASS: TestAddNodeMetrics (0.00s)
    --- PASS: TestAddNodeMetrics/basic_datapoint_conversion (0.00s)
    --- PASS: TestAddNodeMetrics/path_added_as_tag (0.00s)
    --- PASS: TestAddNodeMetrics/interface_added_as_tag (0.00s)
    --- PASS: TestAddNodeMetrics/bytes_unit_appended_to_fieldkey (0.00s)
    --- PASS: TestAddNodeMetrics/dimensions_added_as_tags (0.00s)
=== RUN   TestAddContainerMetrics
=== RUN   TestAddContainerMetrics/container
--- PASS: TestAddContainerMetrics (0.00s)
    --- PASS: TestAddContainerMetrics/container (0.00s)
=== RUN   TestAddAppMetrics
=== RUN   TestAddAppMetrics/tags_are_optional
=== RUN   TestAddAppMetrics/dimensions_are_tagged
--- PASS: TestAddAppMetrics (0.00s)
    --- PASS: TestAddAppMetrics/tags_are_optional (0.00s)
    --- PASS: TestAddAppMetrics/dimensions_are_tagged (0.00s)
=== RUN   TestGatherFilterNode
=== RUN   TestGatherFilterNode/cluster_without_nodes_has_no_metrics
=== RUN   TestGatherFilterNode/node_include
--- PASS: TestGatherFilterNode (0.00s)
    --- PASS: TestGatherFilterNode/cluster_without_nodes_has_no_metrics (0.00s)
    --- PASS: TestGatherFilterNode/node_include (0.00s)
PASS
ok  	github.com/influxdata/telegraf/plugins/inputs/dcos	1.139s
=== RUN   TestCreator
--- PASS: TestCreator (0.00s)
=== RUN   TestCSVGZImport
2025-02-19T20:36:48Z W! [] Exiting the Directory Monitor plugin. Waiting to quit until all current files are finished.
--- PASS: TestCSVGZImport (0.00s)
=== RUN   TestCSVGZImportWithHeader
2025-02-19T20:36:48Z W! [] Exiting the Directory Monitor plugin. Waiting to quit until all current files are finished.
--- PASS: TestCSVGZImportWithHeader (0.00s)
=== RUN   TestMultipleJSONFileImports
2025-02-19T20:36:48Z W! [] Exiting the Directory Monitor plugin. Waiting to quit until all current files are finished.
--- PASS: TestMultipleJSONFileImports (0.00s)
=== RUN   TestFileTag
2025-02-19T20:36:48Z W! [] Exiting the Directory Monitor plugin. Waiting to quit until all current files are finished.
--- PASS: TestFileTag (0.00s)
=== RUN   TestCSVNoSkipRows
2025-02-19T20:36:48Z W! [] Exiting the Directory Monitor plugin. Waiting to quit until all current files are finished.
--- PASS: TestCSVNoSkipRows (0.00s)
=== RUN   TestCSVSkipRows
2025-02-19T20:36:48Z W! [] Exiting the Directory Monitor plugin. Waiting to quit until all current files are finished.
--- PASS: TestCSVSkipRows (0.00s)
=== RUN   TestCSVMultiHeader
2025-02-19T20:36:48Z W! [] Exiting the Directory Monitor plugin. Waiting to quit until all current files are finished.
--- PASS: TestCSVMultiHeader (0.00s)
=== RUN   TestParseCompleteFile
2025-02-19T20:36:48Z W! [] Exiting the Directory Monitor plugin. Waiting to quit until all current files are finished.
--- PASS: TestParseCompleteFile (0.00s)
=== RUN   TestParseSubdirectories
2025-02-19T20:36:48Z W! [] Exiting the Directory Monitor plugin. Waiting to quit until all current files are finished.
--- PASS: TestParseSubdirectories (0.00s)
=== RUN   TestParseSubdirectoriesFilesIgnore
2025-02-19T20:36:48Z W! [] Exiting the Directory Monitor plugin. Waiting to quit until all current files are finished.
--- PASS: TestParseSubdirectoriesFilesIgnore (0.00s)
PASS
ok  	github.com/influxdata/telegraf/plugins/inputs/directory_monitor	1.048s
=== RUN   TestDiskUsage
--- PASS: TestDiskUsage (0.00s)
=== RUN   TestDiskUsageHostMountPrefix
=== RUN   TestDiskUsageHostMountPrefix/no_host_mount_prefix
=== RUN   TestDiskUsageHostMountPrefix/host_mount_prefix
=== RUN   TestDiskUsageHostMountPrefix/host_mount_prefix_exact_match
--- PASS: TestDiskUsageHostMountPrefix (0.00s)
    --- PASS: TestDiskUsageHostMountPrefix/no_host_mount_prefix (0.00s)
    --- PASS: TestDiskUsageHostMountPrefix/host_mount_prefix (0.00s)
    --- PASS: TestDiskUsageHostMountPrefix/host_mount_prefix_exact_match (0.00s)
=== RUN   TestDiskStats
--- PASS: TestDiskStats (0.00s)
=== RUN   TestDiskUsageIssues
    disk_test.go:488: Skipping due to Linux-only test-cases...
--- SKIP: TestDiskUsageIssues (0.00s)
PASS
ok  	github.com/influxdata/telegraf/plugins/inputs/disk	1.147s
=== RUN   TestDiskIO
=== RUN   TestDiskIO/minimal
=== RUN   TestDiskIO/glob_device
--- PASS: TestDiskIO (0.00s)
    --- PASS: TestDiskIO/minimal (0.00s)
    --- PASS: TestDiskIO/glob_device (0.00s)
=== RUN   TestDiskIOUtil
--- PASS: TestDiskIOUtil (1.00s)
PASS
ok  	github.com/influxdata/telegraf/plugins/inputs/diskio	2.367s
=== RUN   TestDisqueGeneratesMetricsIntegration
--- PASS: TestDisqueGeneratesMetricsIntegration (0.00s)
=== RUN   TestDisqueCanPullStatsFromMultipleServersIntegration
--- PASS: TestDisqueCanPullStatsFromMultipleServersIntegration (0.00s)
PASS
ok  	github.com/influxdata/telegraf/plugins/inputs/disque	1.448s
?   	github.com/influxdata/telegraf/plugins/inputs/dmcache	[no test files]
=== RUN   TestGathering
--- PASS: TestGathering (0.04s)
=== RUN   TestGatherInvalid
--- PASS: TestGatherInvalid (0.14s)
=== RUN   TestGatheringMxRecord
--- PASS: TestGatheringMxRecord (0.03s)
=== RUN   TestGatheringRootDomain
--- PASS: TestGatheringRootDomain (0.04s)
=== RUN   TestMetricContainsServerAndDomainAndRecordTypeTags
--- PASS: TestMetricContainsServerAndDomainAndRecordTypeTags (0.03s)
=== RUN   TestGatheringTimeout
--- PASS: TestGatheringTimeout (1.00s)
=== RUN   TestSettingDefaultValues
--- PASS: TestSettingDefaultValues (0.00s)
=== RUN   TestRecordTypeParser
=== RUN   TestRecordTypeParser/A
=== RUN   TestRecordTypeParser/AAAA
=== RUN   TestRecordTypeParser/ANY
=== RUN   TestRecordTypeParser/CNAME
=== RUN   TestRecordTypeParser/MX
=== RUN   TestRecordTypeParser/NS
=== RUN   TestRecordTypeParser/PTR
=== RUN   TestRecordTypeParser/SOA
=== RUN   TestRecordTypeParser/SPF
=== RUN   TestRecordTypeParser/SRV
=== RUN   TestRecordTypeParser/TXT
--- PASS: TestRecordTypeParser (0.00s)
    --- PASS: TestRecordTypeParser/A (0.00s)
    --- PASS: TestRecordTypeParser/AAAA (0.00s)
    --- PASS: TestRecordTypeParser/ANY (0.00s)
    --- PASS: TestRecordTypeParser/CNAME (0.00s)
    --- PASS: TestRecordTypeParser/MX (0.00s)
    --- PASS: TestRecordTypeParser/NS (0.00s)
    --- PASS: TestRecordTypeParser/PTR (0.00s)
    --- PASS: TestRecordTypeParser/SOA (0.00s)
    --- PASS: TestRecordTypeParser/SPF (0.00s)
    --- PASS: TestRecordTypeParser/SRV (0.00s)
    --- PASS: TestRecordTypeParser/TXT (0.00s)
=== RUN   TestRecordTypeParserError
--- PASS: TestRecordTypeParserError (0.00s)
PASS
ok  	github.com/influxdata/telegraf/plugins/inputs/dns_query	2.325s
=== RUN   TestDockerGatherContainerStats
--- PASS: TestDockerGatherContainerStats (0.00s)
=== RUN   TestDockerMemoryExcludesCache
--- PASS: TestDockerMemoryExcludesCache (0.00s)
=== RUN   TestDocker_WindowsMemoryContainerStats
--- PASS: TestDocker_WindowsMemoryContainerStats (0.00s)
=== RUN   TestContainerLabels
=== RUN   TestContainerLabels/Nil_filters_matches_all
=== RUN   TestContainerLabels/Empty_filters_matches_all
=== RUN   TestContainerLabels/Must_match_include
=== RUN   TestContainerLabels/Must_not_match_exclude
=== RUN   TestContainerLabels/Include_Glob
=== RUN   TestContainerLabels/Exclude_Glob
=== RUN   TestContainerLabels/Excluded_Includes
--- PASS: TestContainerLabels (0.00s)
    --- PASS: TestContainerLabels/Nil_filters_matches_all (0.00s)
    --- PASS: TestContainerLabels/Empty_filters_matches_all (0.00s)
    --- PASS: TestContainerLabels/Must_match_include (0.00s)
    --- PASS: TestContainerLabels/Must_not_match_exclude (0.00s)
    --- PASS: TestContainerLabels/Include_Glob (0.00s)
    --- PASS: TestContainerLabels/Exclude_Glob (0.00s)
    --- PASS: TestContainerLabels/Excluded_Includes (0.00s)
=== RUN   TestContainerNames
=== RUN   TestContainerNames/Nil_filters_matches_all
=== RUN   TestContainerNames/Empty_filters_matches_all
=== RUN   TestContainerNames/Match_all_containers
=== RUN   TestContainerNames/Include_prefix_match
=== RUN   TestContainerNames/Exact_match
=== RUN   TestContainerNames/Star_matches_zero_length
=== RUN   TestContainerNames/Exclude_matches_all
=== RUN   TestContainerNames/Exclude_single
=== RUN   TestContainerNames/Exclude_all
=== RUN   TestContainerNames/Exclude_item_matching_include
=== RUN   TestContainerNames/Exclude_item_no_wildcards
--- PASS: TestContainerNames (0.00s)
    --- PASS: TestContainerNames/Nil_filters_matches_all (0.00s)
    --- PASS: TestContainerNames/Empty_filters_matches_all (0.00s)
    --- PASS: TestContainerNames/Match_all_containers (0.00s)
    --- PASS: TestContainerNames/Include_prefix_match (0.00s)
    --- PASS: TestContainerNames/Exact_match (0.00s)
    --- PASS: TestContainerNames/Star_matches_zero_length (0.00s)
    --- PASS: TestContainerNames/Exclude_matches_all (0.00s)
    --- PASS: TestContainerNames/Exclude_single (0.00s)
    --- PASS: TestContainerNames/Exclude_all (0.00s)
    --- PASS: TestContainerNames/Exclude_item_matching_include (0.00s)
    --- PASS: TestContainerNames/Exclude_item_no_wildcards (0.00s)
=== RUN   TestContainerStatus
=== RUN   TestContainerStatus/finished_at_is_zero_value
=== RUN   TestContainerStatus/finished_at_is_non-zero_value
=== RUN   TestContainerStatus/started_at_is_zero_value
=== RUN   TestContainerStatus/container_has_been_restarted
--- PASS: TestContainerStatus (0.01s)
    --- PASS: TestContainerStatus/finished_at_is_zero_value (0.00s)
    --- PASS: TestContainerStatus/finished_at_is_non-zero_value (0.00s)
    --- PASS: TestContainerStatus/started_at_is_zero_value (0.00s)
    --- PASS: TestContainerStatus/container_has_been_restarted (0.00s)
=== RUN   TestDockerGatherInfo
--- PASS: TestDockerGatherInfo (0.00s)
=== RUN   TestDockerGatherSwarmInfo
--- PASS: TestDockerGatherSwarmInfo (0.00s)
=== RUN   TestContainerStateFilter
=== RUN   TestContainerStateFilter/default
=== RUN   TestContainerStateFilter/include_running
=== RUN   TestContainerStateFilter/include_glob
=== RUN   TestContainerStateFilter/include_all
=== RUN   TestContainerStateFilter/exclude_all
=== RUN   TestContainerStateFilter/exclude_all#01
--- PASS: TestContainerStateFilter (0.00s)
    --- PASS: TestContainerStateFilter/default (0.00s)
    --- PASS: TestContainerStateFilter/include_running (0.00s)
    --- PASS: TestContainerStateFilter/include_glob (0.00s)
    --- PASS: TestContainerStateFilter/include_all (0.00s)
    --- PASS: TestContainerStateFilter/exclude_all (0.00s)
    --- PASS: TestContainerStateFilter/exclude_all#01 (0.00s)
=== RUN   TestContainerName
=== RUN   TestContainerName/container_stats_name_is_preferred
=== RUN   TestContainerName/container_stats_without_name_uses_container_list_name
--- PASS: TestContainerName (0.00s)
    --- PASS: TestContainerName/container_stats_name_is_preferred (0.00s)
    --- PASS: TestContainerName/container_stats_without_name_uses_container_list_name (0.00s)
=== RUN   TestHostnameFromID
=== RUN   TestHostnameFromID/Real_ID
=== RUN   TestHostnameFromID/Short_ID
=== RUN   TestHostnameFromID/No_ID
    docker_test.go:1310: Container ID for hostname is wrong. Want: , Got: shortid123
--- PASS: TestHostnameFromID (0.00s)
    --- PASS: TestHostnameFromID/Real_ID (0.00s)
    --- PASS: TestHostnameFromID/Short_ID (0.00s)
    --- PASS: TestHostnameFromID/No_ID (0.00s)
=== RUN   Test_parseContainerStatsPerDeviceAndTotal
=== RUN   Test_parseContainerStatsPerDeviceAndTotal/Per_device_and_total_metrics_enabled
=== RUN   Test_parseContainerStatsPerDeviceAndTotal/Per_device_metrics_enabled
=== RUN   Test_parseContainerStatsPerDeviceAndTotal/Total_metrics_enabled
=== RUN   Test_parseContainerStatsPerDeviceAndTotal/Per_device_and_total_metrics_disabled
--- PASS: Test_parseContainerStatsPerDeviceAndTotal (0.00s)
    --- PASS: Test_parseContainerStatsPerDeviceAndTotal/Per_device_and_total_metrics_enabled (0.00s)
    --- PASS: Test_parseContainerStatsPerDeviceAndTotal/Per_device_metrics_enabled (0.00s)
    --- PASS: Test_parseContainerStatsPerDeviceAndTotal/Total_metrics_enabled (0.00s)
    --- PASS: Test_parseContainerStatsPerDeviceAndTotal/Per_device_and_total_metrics_disabled (0.00s)
=== RUN   TestDocker_Init
=== RUN   TestDocker_Init/Unsupported_perdevice_include_setting
=== RUN   TestDocker_Init/Unsupported_total_include_setting
=== RUN   TestDocker_Init/PerDevice_true_adds_network_and_blkio
=== RUN   TestDocker_Init/Total_false_removes_network_and_blkio
--- PASS: TestDocker_Init (0.00s)
    --- PASS: TestDocker_Init/Unsupported_perdevice_include_setting (0.00s)
    --- PASS: TestDocker_Init/Unsupported_total_include_setting (0.00s)
    --- PASS: TestDocker_Init/PerDevice_true_adds_network_and_blkio (0.00s)
    --- PASS: TestDocker_Init/Total_false_removes_network_and_blkio (0.00s)
=== RUN   TestDockerGatherDiskUsage
--- PASS: TestDockerGatherDiskUsage (0.00s)
PASS
ok  	github.com/influxdata/telegraf/plugins/inputs/docker	1.070s
=== RUN   Test
=== RUN   Test/no_containers
=== RUN   Test/one_container_tty
=== RUN   Test/one_container_multiplex
--- PASS: Test (0.00s)
    --- PASS: Test/no_containers (0.00s)
    --- PASS: Test/one_container_tty (0.00s)
    --- PASS: Test/one_container_multiplex (0.00s)
PASS
ok  	github.com/influxdata/telegraf/plugins/inputs/docker_log	1.324s
=== RUN   TestDovecotIntegration
--- PASS: TestDovecotIntegration (0.00s)
=== RUN   TestDovecotContainerIntegration
--- FAIL: TestDovecotContainerIntegration (0.01s)
panic: check host "unix:///var/run/docker.sock": docker info: Cannot connect to the Docker daemon at unix:///var/run/docker.sock. Is the docker daemon running?
	check host "unix:///Users/frederikmoschner/.docker/run/docker.sock": docker info: Cannot connect to the Docker daemon at unix:///Users/frederikmoschner/.docker/run/docker.sock. Is the docker daemon running? [recovered]
	panic: check host "unix:///var/run/docker.sock": docker info: Cannot connect to the Docker daemon at unix:///var/run/docker.sock. Is the docker daemon running?
	check host "unix:///Users/frederikmoschner/.docker/run/docker.sock": docker info: Cannot connect to the Docker daemon at unix:///Users/frederikmoschner/.docker/run/docker.sock. Is the docker daemon running?

goroutine 5 [running]:
testing.tRunner.func1.2({0x1054d5240, 0x1400011ea08})
	/opt/homebrew/Cellar/go/1.24.0/libexec/src/testing/testing.go:1734 +0x1ac
testing.tRunner.func1()
	/opt/homebrew/Cellar/go/1.24.0/libexec/src/testing/testing.go:1737 +0x334
panic({0x1054d5240?, 0x1400011ea08?})
	/opt/homebrew/Cellar/go/1.24.0/libexec/src/runtime/panic.go:787 +0x124
github.com/testcontainers/testcontainers-go/internal/core.MustExtractDockerHost.func1()
	/Users/frederikmoschner/go/pkg/mod/github.com/testcontainers/testcontainers-go@v0.34.0/internal/core/docker_host.go:91 +0x70
sync.(*Once).doSlow(0x0?, 0x2540be400?)
	/opt/homebrew/Cellar/go/1.24.0/libexec/src/sync/once.go:78 +0xf0
sync.(*Once).Do(...)
	/opt/homebrew/Cellar/go/1.24.0/libexec/src/sync/once.go:69
github.com/testcontainers/testcontainers-go/internal/core.MustExtractDockerHost({0x105584ae8?, 0x1058c2f20?})
	/Users/frederikmoschner/go/pkg/mod/github.com/testcontainers/testcontainers-go@v0.34.0/internal/core/docker_host.go:88 +0x54
github.com/testcontainers/testcontainers-go/internal/core.NewClient({0x105584ae8, 0x1058c2f20}, {0x0, 0x0, 0x0?})
	/Users/frederikmoschner/go/pkg/mod/github.com/testcontainers/testcontainers-go@v0.34.0/internal/core/client.go:17 +0x9c
github.com/testcontainers/testcontainers-go.NewDockerClientWithOpts({0x105584ae8, 0x1058c2f20}, {0x0, 0x0, 0x0})
	/Users/frederikmoschner/go/pkg/mod/github.com/testcontainers/testcontainers-go@v0.34.0/docker_client.go:117 +0x4c
github.com/testcontainers/testcontainers-go.NewDockerProvider({0x1400007f680, 0x2, 0x1053a5e77?})
	/Users/frederikmoschner/go/pkg/mod/github.com/testcontainers/testcontainers-go@v0.34.0/provider.go:143 +0xf0
github.com/testcontainers/testcontainers-go.ProviderType.GetProvider(0x0, {0x1400016f328, 0x1, 0x0?})
	/Users/frederikmoschner/go/pkg/mod/github.com/testcontainers/testcontainers-go@v0.34.0/provider.go:114 +0x380
github.com/testcontainers/testcontainers-go.GenericContainer({_, _}, {{{{0x0, 0x0}, {0x0, 0x0}, {0x0, 0x0}, {0x0, 0x0}, ...}, ...}, ...})
	/Users/frederikmoschner/go/pkg/mod/github.com/testcontainers/testcontainers-go@v0.34.0/generic.go:59 +0xf0
github.com/influxdata/telegraf/testutil.(*Container).Start(0x140000017a0)
	/Users/frederikmoschner/Documents/plugin_erweiterung/telegraf/testutil/container.go:76 +0x2d8
github.com/influxdata/telegraf/plugins/inputs/dovecot.TestDovecotContainerIntegration(0x14000003880)
	/Users/frederikmoschner/Documents/plugin_erweiterung/telegraf/plugins/inputs/dovecot/dovecot_test.go:207 +0x310
testing.tRunner(0x14000003880, 0x10557b420)
	/opt/homebrew/Cellar/go/1.24.0/libexec/src/testing/testing.go:1792 +0xe4
created by testing.(*T).Run in goroutine 1
	/opt/homebrew/Cellar/go/1.24.0/libexec/src/testing/testing.go:1851 +0x374
FAIL	github.com/influxdata/telegraf/plugins/inputs/dovecot	1.346s
?   	github.com/influxdata/telegraf/plugins/inputs/dpdk	[no test files]
?   	github.com/influxdata/telegraf/plugins/inputs/dpdk/mocks	[no test files]
=== RUN   TestParseCgroupV2Stats
--- PASS: TestParseCgroupV2Stats (0.00s)
=== RUN   TestParseCgroupV2Meta
--- PASS: TestParseCgroupV2Meta (0.00s)
=== RUN   TestEcsClient_PollSync
=== RUN   TestEcsClient_PollSync/success
=== RUN   TestEcsClient_PollSync/task_err
=== RUN   TestEcsClient_PollSync/stats_err
--- PASS: TestEcsClient_PollSync (0.00s)
    --- PASS: TestEcsClient_PollSync/success (0.00s)
    --- PASS: TestEcsClient_PollSync/task_err (0.00s)
    --- PASS: TestEcsClient_PollSync/stats_err (0.00s)
=== RUN   TestEcsClient_Task
=== RUN   TestEcsClient_Task/happy
=== RUN   TestEcsClient_Task/do_err
=== RUN   TestEcsClient_Task/malformed_500_resp
=== RUN   TestEcsClient_Task/malformed_200_resp
--- PASS: TestEcsClient_Task (0.00s)
    --- PASS: TestEcsClient_Task/happy (0.00s)
    --- PASS: TestEcsClient_Task/do_err (0.00s)
    --- PASS: TestEcsClient_Task/malformed_500_resp (0.00s)
    --- PASS: TestEcsClient_Task/malformed_200_resp (0.00s)
=== RUN   TestEcsClient_ContainerStats
=== RUN   TestEcsClient_ContainerStats/happy
=== RUN   TestEcsClient_ContainerStats/do_err
=== RUN   TestEcsClient_ContainerStats/malformed_200_resp
=== RUN   TestEcsClient_ContainerStats/malformed_500_resp
--- PASS: TestEcsClient_ContainerStats (0.00s)
    --- PASS: TestEcsClient_ContainerStats/happy (0.00s)
    --- PASS: TestEcsClient_ContainerStats/do_err (0.00s)
    --- PASS: TestEcsClient_ContainerStats/malformed_200_resp (0.00s)
    --- PASS: TestEcsClient_ContainerStats/malformed_500_resp (0.00s)
=== RUN   TestResolveTaskURL
=== RUN   TestResolveTaskURL/default_v2_endpoint
=== RUN   TestResolveTaskURL/custom_v2_endpoint
=== RUN   TestResolveTaskURL/theoretical_v3_endpoint
--- PASS: TestResolveTaskURL (0.00s)
    --- PASS: TestResolveTaskURL/default_v2_endpoint (0.00s)
    --- PASS: TestResolveTaskURL/custom_v2_endpoint (0.00s)
    --- PASS: TestResolveTaskURL/theoretical_v3_endpoint (0.00s)
=== RUN   TestResolveStatsURL
=== RUN   TestResolveStatsURL/default_v2_endpoint
=== RUN   TestResolveStatsURL/custom_v2_endpoint
=== RUN   TestResolveStatsURL/theoretical_v3_endpoint
--- PASS: TestResolveStatsURL (0.00s)
    --- PASS: TestResolveStatsURL/default_v2_endpoint (0.00s)
    --- PASS: TestResolveStatsURL/custom_v2_endpoint (0.00s)
    --- PASS: TestResolveStatsURL/theoretical_v3_endpoint (0.00s)
=== RUN   TestResolveEndpoint
=== RUN   TestResolveEndpoint/Endpoint_is_explicitly_set_=>_use_v2_metadata
=== RUN   TestResolveEndpoint/Endpoint_is_not_set,_ECS_CONTAINER_METADATA_URI_is_not_set_=>_use_v2_metadata
=== RUN   TestResolveEndpoint/Endpoint_is_not_set,_ECS_CONTAINER_METADATA_URI_is_set_=>_use_v3_metadata
=== RUN   TestResolveEndpoint/Endpoint_is_not_set,_ECS_CONTAINER_METADATA_URI_V4_is_set_=>_use_v4_metadata
--- PASS: TestResolveEndpoint (0.00s)
    --- PASS: TestResolveEndpoint/Endpoint_is_explicitly_set_=>_use_v2_metadata (0.00s)
    --- PASS: TestResolveEndpoint/Endpoint_is_not_set,_ECS_CONTAINER_METADATA_URI_is_not_set_=>_use_v2_metadata (0.00s)
    --- PASS: TestResolveEndpoint/Endpoint_is_not_set,_ECS_CONTAINER_METADATA_URI_is_set_=>_use_v3_metadata (0.00s)
    --- PASS: TestResolveEndpoint/Endpoint_is_not_set,_ECS_CONTAINER_METADATA_URI_V4_is_set_=>_use_v4_metadata (0.00s)
=== RUN   Test_metastats
--- PASS: Test_metastats (0.00s)
=== RUN   Test_memstats
--- PASS: Test_memstats (0.00s)
=== RUN   Test_cpustats
--- PASS: Test_cpustats (0.00s)
=== RUN   Test_netstats
--- PASS: Test_netstats (0.00s)
=== RUN   Test_blkstats
--- PASS: Test_blkstats (0.00s)
=== RUN   Test_parseTask
--- PASS: Test_parseTask (0.00s)
=== RUN   Test_parseStats
--- PASS: Test_parseStats (0.00s)
=== RUN   Test_mergeTaskStats
--- PASS: Test_mergeTaskStats (0.00s)
PASS
ok  	github.com/influxdata/telegraf/plugins/inputs/ecs	0.996s
=== RUN   TestGather
--- PASS: TestGather (0.00s)
=== RUN   TestGatherIndividualStats
--- PASS: TestGatherIndividualStats (0.00s)
=== RUN   TestGatherEnrichStats
--- PASS: TestGatherEnrichStats (0.00s)
=== RUN   TestGatherNodeStats
--- PASS: TestGatherNodeStats (0.00s)
=== RUN   TestGatherClusterHealthEmptyClusterHealth
--- PASS: TestGatherClusterHealthEmptyClusterHealth (0.00s)
=== RUN   TestGatherClusterHealthSpecificClusterHealth
--- PASS: TestGatherClusterHealthSpecificClusterHealth (0.00s)
=== RUN   TestGatherClusterHealthAlsoIndicesHealth
--- PASS: TestGatherClusterHealthAlsoIndicesHealth (0.00s)
=== RUN   TestGatherClusterStatsMaster
--- PASS: TestGatherClusterStatsMaster (0.00s)
=== RUN   TestGatherClusterStatsNonMaster
--- PASS: TestGatherClusterStatsNonMaster (0.00s)
=== RUN   TestGatherClusterIndicesStats
--- PASS: TestGatherClusterIndicesStats (0.00s)
=== RUN   TestGatherDateStampedIndicesStats
--- PASS: TestGatherDateStampedIndicesStats (0.00s)
=== RUN   TestGatherClusterIndiceShardsStats
--- PASS: TestGatherClusterIndiceShardsStats (0.00s)
PASS
ok  	github.com/influxdata/telegraf/plugins/inputs/elasticsearch	0.731s
=== RUN   TestElasticsearchQueryIntegration
--- FAIL: TestElasticsearchQueryIntegration (0.00s)
panic: check host "unix:///var/run/docker.sock": docker info: Cannot connect to the Docker daemon at unix:///var/run/docker.sock. Is the docker daemon running?
	check host "unix:///Users/frederikmoschner/.docker/run/docker.sock": docker info: Cannot connect to the Docker daemon at unix:///Users/frederikmoschner/.docker/run/docker.sock. Is the docker daemon running? [recovered]
	panic: check host "unix:///var/run/docker.sock": docker info: Cannot connect to the Docker daemon at unix:///var/run/docker.sock. Is the docker daemon running?
	check host "unix:///Users/frederikmoschner/.docker/run/docker.sock": docker info: Cannot connect to the Docker daemon at unix:///Users/frederikmoschner/.docker/run/docker.sock. Is the docker daemon running?

goroutine 54 [running]:
testing.tRunner.func1.2({0x104b2aec0, 0x14000610600})
	/opt/homebrew/Cellar/go/1.24.0/libexec/src/testing/testing.go:1734 +0x1ac
testing.tRunner.func1()
	/opt/homebrew/Cellar/go/1.24.0/libexec/src/testing/testing.go:1737 +0x334
panic({0x104b2aec0?, 0x14000610600?})
	/opt/homebrew/Cellar/go/1.24.0/libexec/src/runtime/panic.go:787 +0x124
github.com/testcontainers/testcontainers-go/internal/core.MustExtractDockerHost.func1()
	/Users/frederikmoschner/go/pkg/mod/github.com/testcontainers/testcontainers-go@v0.34.0/internal/core/docker_host.go:91 +0x70
sync.(*Once).doSlow(0x540c0a10120a0000?, 0x2540be400?)
	/opt/homebrew/Cellar/go/1.24.0/libexec/src/sync/once.go:78 +0xf0
sync.(*Once).Do(...)
	/opt/homebrew/Cellar/go/1.24.0/libexec/src/sync/once.go:69
github.com/testcontainers/testcontainers-go/internal/core.MustExtractDockerHost({0x104c93248?, 0x10537c8a0?})
	/Users/frederikmoschner/go/pkg/mod/github.com/testcontainers/testcontainers-go@v0.34.0/internal/core/docker_host.go:88 +0x54
github.com/testcontainers/testcontainers-go/internal/core.NewClient({0x104c93248, 0x10537c8a0}, {0x0, 0x0, 0x74654d2e6675626f?})
	/Users/frederikmoschner/go/pkg/mod/github.com/testcontainers/testcontainers-go@v0.34.0/internal/core/client.go:17 +0x9c
github.com/testcontainers/testcontainers-go.NewDockerClientWithOpts({0x104c93248, 0x10537c8a0}, {0x0, 0x0, 0x0})
	/Users/frederikmoschner/go/pkg/mod/github.com/testcontainers/testcontainers-go@v0.34.0/docker_client.go:117 +0x4c
github.com/testcontainers/testcontainers-go.NewDockerProvider({0x14000319520, 0x2, 0x10486abb0?})
	/Users/frederikmoschner/go/pkg/mod/github.com/testcontainers/testcontainers-go@v0.34.0/provider.go:143 +0xf0
github.com/testcontainers/testcontainers-go.ProviderType.GetProvider(0x0, {0x14000184c48, 0x1, 0x0?})
	/Users/frederikmoschner/go/pkg/mod/github.com/testcontainers/testcontainers-go@v0.34.0/provider.go:114 +0x380
github.com/testcontainers/testcontainers-go.GenericContainer({_, _}, {{{{0x0, 0x0}, {0x0, 0x0}, {0x0, 0x0}, {0x0, 0x0}, ...}, ...}, ...})
	/Users/frederikmoschner/go/pkg/mod/github.com/testcontainers/testcontainers-go@v0.34.0/generic.go:59 +0xf0
github.com/influxdata/telegraf/testutil.(*Container).Start(0x14000000a20)
	/Users/frederikmoschner/Documents/plugin_erweiterung/telegraf/testutil/container.go:76 +0x2d8
github.com/influxdata/telegraf/plugins/inputs/elasticsearch_query.setupIntegrationTest(0x14000602540)
	/Users/frederikmoschner/Documents/plugin_erweiterung/telegraf/plugins/inputs/elasticsearch_query/elasticsearch_query_test.go:526 +0x26c
github.com/influxdata/telegraf/plugins/inputs/elasticsearch_query.TestElasticsearchQueryIntegration(0x14000602540)
	/Users/frederikmoschner/Documents/plugin_erweiterung/telegraf/plugins/inputs/elasticsearch_query/elasticsearch_query_test.go:605 +0x8c
testing.tRunner(0x14000602540, 0x104c828b0)
	/opt/homebrew/Cellar/go/1.24.0/libexec/src/testing/testing.go:1792 +0xe4
created by testing.(*T).Run in goroutine 1
	/opt/homebrew/Cellar/go/1.24.0/libexec/src/testing/testing.go:1851 +0x374
FAIL	github.com/influxdata/telegraf/plugins/inputs/elasticsearch_query	0.930s
?   	github.com/influxdata/telegraf/plugins/inputs/ethtool	[no test files]
?   	github.com/influxdata/telegraf/plugins/inputs/eventhub_consumer	[no test files]
=== RUN   TestInitDefault
--- PASS: TestInitDefault (0.00s)
=== RUN   TestInitFail
=== RUN   TestInitFail/all_empty
--- PASS: TestInitFail (0.00s)
    --- PASS: TestInitFail/all_empty (0.00s)
=== RUN   TestFixedValue
=== RUN   TestFixedValue/count_only
=== RUN   TestFixedValue/default_settings
=== RUN   TestFixedValue/more_fields
--- PASS: TestFixedValue (0.00s)
    --- PASS: TestFixedValue/count_only (0.00s)
    --- PASS: TestFixedValue/default_settings (0.00s)
    --- PASS: TestFixedValue/more_fields (0.00s)
=== RUN   TestRandomValue
=== RUN   TestRandomValue/count_only
=== RUN   TestRandomValue/default_settings
=== RUN   TestRandomValue/more_fields
--- PASS: TestRandomValue (0.00s)
    --- PASS: TestRandomValue/count_only (0.00s)
    --- PASS: TestRandomValue/default_settings (0.00s)
    --- PASS: TestRandomValue/more_fields (0.00s)
=== RUN   TestGatherFail
=== RUN   TestGatherFail/too_many_fields
--- PASS: TestGatherFail (0.00s)
    --- PASS: TestGatherFail/too_many_fields (0.00s)
=== RUN   TestRandomValueFailPartial
=== RUN   TestRandomValueFailPartial/flappy_gather
--- PASS: TestRandomValueFailPartial (0.00s)
    --- PASS: TestRandomValueFailPartial/flappy_gather (0.00s)
PASS
ok  	github.com/influxdata/telegraf/plugins/inputs/example	0.560s
=== RUN   TestExec
--- PASS: TestExec (0.00s)
=== RUN   TestExecMalformed
--- PASS: TestExecMalformed (0.00s)
=== RUN   TestCommandError
--- PASS: TestCommandError (0.00s)
=== RUN   TestCommandIgnoreError
--- PASS: TestCommandIgnoreError (0.00s)
=== RUN   TestExecCommandWithGlob
--- PASS: TestExecCommandWithGlob (0.06s)
=== RUN   TestExecCommandWithoutGlob
--- PASS: TestExecCommandWithoutGlob (0.01s)
=== RUN   TestExecCommandWithoutGlobAndPath
--- PASS: TestExecCommandWithoutGlobAndPath (0.00s)
=== RUN   TestExecCommandWithEnv
--- PASS: TestExecCommandWithEnv (0.01s)
=== RUN   TestTruncate
=== RUN   TestTruncate/should_not_truncate
=== RUN   TestTruncate/should_truncate_up_to_the_new_line
=== RUN   TestTruncate/should_truncate_to_the_maxStderrBytes
--- PASS: TestTruncate (0.00s)
    --- PASS: TestTruncate/should_not_truncate (0.00s)
    --- PASS: TestTruncate/should_truncate_up_to_the_new_line (0.00s)
    --- PASS: TestTruncate/should_truncate_to_the_maxStderrBytes (0.00s)
=== RUN   TestRemoveCarriageReturns
--- PASS: TestRemoveCarriageReturns (0.00s)
=== RUN   TestCSVBehavior
--- PASS: TestCSVBehavior (0.11s)
=== RUN   TestCases
--- PASS: TestCases (0.11s)
PASS
ok  	github.com/influxdata/telegraf/plugins/inputs/exec	0.963s
=== RUN   TestSettingConfigWorks
--- PASS: TestSettingConfigWorks (0.00s)
=== RUN   TestExternalInputWorks
2025-02-19T20:36:51Z I! [] Starting process: /var/folders/83/999jb4l55z3gww5zs2b5s0c40000gn/T/go-build3684050339/b3432/execd.test [-mode counter]
2025-02-19T20:36:51Z I! [] Process /var/folders/83/999jb4l55z3gww5zs2b5s0c40000gn/T/go-build3684050339/b3432/execd.test shut down
--- PASS: TestExternalInputWorks (0.28s)
=== RUN   TestParsesLinesContainingNewline
=== RUN   TestParsesLinesContainingNewline/no-newline
=== RUN   TestParsesLinesContainingNewline/newline
--- PASS: TestParsesLinesContainingNewline (0.00s)
    --- PASS: TestParsesLinesContainingNewline/no-newline (0.00s)
    --- PASS: TestParsesLinesContainingNewline/newline (0.00s)
=== RUN   TestParsesPrometheus
--- PASS: TestParsesPrometheus (0.10s)
=== RUN   TestStopOnError
2025-02-19T20:36:52Z I! [] Starting process: /var/folders/83/999jb4l55z3gww5zs2b5s0c40000gn/T/go-build3684050339/b3432/execd.test [-mode fail]
2025-02-19T20:36:52Z E! [] Process quit with message: exit status 42
--- PASS: TestStopOnError (0.11s)
=== RUN   TestStopOnErrorSuccess
2025-02-19T20:36:52Z I! [] Starting process: /var/folders/83/999jb4l55z3gww5zs2b5s0c40000gn/T/go-build3684050339/b3432/execd.test [-mode success]
2025-02-19T20:36:52Z E! [] Process /var/folders/83/999jb4l55z3gww5zs2b5s0c40000gn/T/go-build3684050339/b3432/execd.test exited: <nil>
2025-02-19T20:36:52Z I! [] Restarting in 100ms...
2025-02-19T20:36:52Z I! [] Starting process: /var/folders/83/999jb4l55z3gww5zs2b5s0c40000gn/T/go-build3684050339/b3432/execd.test [-mode success]
2025-02-19T20:36:52Z E! [] Process /var/folders/83/999jb4l55z3gww5zs2b5s0c40000gn/T/go-build3684050339/b3432/execd.test exited: <nil>
2025-02-19T20:36:52Z I! [] Restarting in 100ms...
--- PASS: TestStopOnErrorSuccess (0.21s)
=== RUN   TestLoggingNoPrefix
2025-02-19T20:36:52Z I! [] Starting process: /var/folders/83/999jb4l55z3gww5zs2b5s0c40000gn/T/go-build3684050339/b3432/execd.test [-mode logging]
2025-02-19T20:36:52Z E! [] stderr: "this is an error"
2025-02-19T20:36:52Z I! [] Process /var/folders/83/999jb4l55z3gww5zs2b5s0c40000gn/T/go-build3684050339/b3432/execd.test shut down
--- PASS: TestLoggingNoPrefix (0.13s)
=== RUN   TestLoggingWithPrefix
=== RUN   TestLoggingWithPrefix/error
2025-02-19T20:36:52Z I! [] Starting process: /var/folders/83/999jb4l55z3gww5zs2b5s0c40000gn/T/go-build3684050339/b3432/execd.test [-mode logging]
2025-02-19T20:36:52Z E! [] a log message
2025-02-19T20:36:52Z I! [] Process /var/folders/83/999jb4l55z3gww5zs2b5s0c40000gn/T/go-build3684050339/b3432/execd.test shut down
=== RUN   TestLoggingWithPrefix/warn
2025-02-19T20:36:52Z I! [] Starting process: /var/folders/83/999jb4l55z3gww5zs2b5s0c40000gn/T/go-build3684050339/b3432/execd.test [-mode logging]
2025-02-19T20:36:52Z W! [] a log message
2025-02-19T20:36:52Z I! [] Process /var/folders/83/999jb4l55z3gww5zs2b5s0c40000gn/T/go-build3684050339/b3432/execd.test shut down
=== RUN   TestLoggingWithPrefix/info
2025-02-19T20:36:52Z I! [] Starting process: /var/folders/83/999jb4l55z3gww5zs2b5s0c40000gn/T/go-build3684050339/b3432/execd.test [-mode logging]
2025-02-19T20:36:52Z I! [] a log message
2025-02-19T20:36:52Z I! [] Process /var/folders/83/999jb4l55z3gww5zs2b5s0c40000gn/T/go-build3684050339/b3432/execd.test shut down
=== RUN   TestLoggingWithPrefix/debug
2025-02-19T20:36:52Z I! [] Starting process: /var/folders/83/999jb4l55z3gww5zs2b5s0c40000gn/T/go-build3684050339/b3432/execd.test [-mode logging]
2025-02-19T20:36:52Z I! [] Process /var/folders/83/999jb4l55z3gww5zs2b5s0c40000gn/T/go-build3684050339/b3432/execd.test shut down
=== RUN   TestLoggingWithPrefix/trace
2025-02-19T20:36:53Z I! [] Starting process: /var/folders/83/999jb4l55z3gww5zs2b5s0c40000gn/T/go-build3684050339/b3432/execd.test [-mode logging]
2025-02-19T20:36:53Z I! [] Process /var/folders/83/999jb4l55z3gww5zs2b5s0c40000gn/T/go-build3684050339/b3432/execd.test shut down
--- PASS: TestLoggingWithPrefix (0.71s)
    --- PASS: TestLoggingWithPrefix/error (0.14s)
    --- PASS: TestLoggingWithPrefix/warn (0.16s)
    --- PASS: TestLoggingWithPrefix/info (0.13s)
    --- PASS: TestLoggingWithPrefix/debug (0.12s)
    --- PASS: TestLoggingWithPrefix/trace (0.15s)
PASS
ok  	github.com/influxdata/telegraf/plugins/inputs/execd	2.438s
?   	github.com/influxdata/telegraf/plugins/inputs/execd/examples	[no test files]
=== RUN   TestShimUSR1SignalingWorks
github.com/influxdata/telegraf/plugins/inputs/execd/shim is deprecated; please change your import to github.com/influxdata/telegraf/plugins/common/shim
--- PASS: TestShimUSR1SignalingWorks (0.20s)
=== RUN   TestShimWorks
github.com/influxdata/telegraf/plugins/inputs/execd/shim is deprecated; please change your import to github.com/influxdata/telegraf/plugins/common/shim
--- PASS: TestShimWorks (0.01s)
=== RUN   TestShimStdinSignalingWorks
github.com/influxdata/telegraf/plugins/inputs/execd/shim is deprecated; please change your import to github.com/influxdata/telegraf/plugins/common/shim
--- PASS: TestShimStdinSignalingWorks (0.00s)
=== RUN   TestLoadConfig
--- PASS: TestLoadConfig (0.00s)
PASS
ok  	github.com/influxdata/telegraf/plugins/inputs/execd/shim	1.320s
?   	github.com/influxdata/telegraf/plugins/inputs/execd/shim/example/cmd	[no test files]
=== RUN   TestGather
--- PASS: TestGather (0.09s)
=== RUN   TestHelperProcess
--- PASS: TestHelperProcess (0.00s)
PASS
ok  	github.com/influxdata/telegraf/plugins/inputs/fail2ban	1.374s
=== RUN   TestUnauthorized
--- PASS: TestUnauthorized (0.00s)
=== RUN   TestJSONSuccess
--- PASS: TestJSONSuccess (0.00s)
=== RUN   TestHC3JSON
--- PASS: TestHC3JSON (0.00s)
=== RUN   TestInvalidDeviceType
--- PASS: TestInvalidDeviceType (0.00s)
PASS
ok  	github.com/influxdata/telegraf/plugins/inputs/fibaro	1.225s
?   	github.com/influxdata/telegraf/plugins/inputs/fibaro/hc2	[no test files]
?   	github.com/influxdata/telegraf/plugins/inputs/fibaro/hc3	[no test files]
=== RUN   TestRefreshFilePaths
--- PASS: TestRefreshFilePaths (0.00s)
=== RUN   TestFileTag
--- PASS: TestFileTag (0.00s)
=== RUN   TestJSONParserCompile
--- PASS: TestJSONParserCompile (0.00s)
=== RUN   TestGrokParser
--- PASS: TestGrokParser (0.01s)
=== RUN   TestCharacterEncoding
=== RUN   TestCharacterEncoding/empty_character_encoding_with_utf-8
=== RUN   TestCharacterEncoding/utf-8_character_encoding_with_utf-8
=== RUN   TestCharacterEncoding/utf-16le_character_encoding_with_utf-16le
=== RUN   TestCharacterEncoding/utf-16be_character_encoding_with_utf-16be
--- PASS: TestCharacterEncoding (0.01s)
    --- PASS: TestCharacterEncoding/empty_character_encoding_with_utf-8 (0.01s)
    --- PASS: TestCharacterEncoding/utf-8_character_encoding_with_utf-8 (0.00s)
    --- PASS: TestCharacterEncoding/utf-16le_character_encoding_with_utf-16le (0.00s)
    --- PASS: TestCharacterEncoding/utf-16be_character_encoding_with_utf-16be (0.00s)
=== RUN   TestStatefulParsers
=== RUN   TestStatefulParsers/read_file_twice
--- PASS: TestStatefulParsers (0.00s)
    --- PASS: TestStatefulParsers/read_file_twice (0.00s)
=== RUN   TestCSVBehavior
--- PASS: TestCSVBehavior (0.10s)
PASS
ok  	github.com/influxdata/telegraf/plugins/inputs/file	1.346s
=== RUN   TestNoFilters
--- PASS: TestNoFilters (0.00s)
=== RUN   TestNoFiltersOnChildDir
--- PASS: TestNoFiltersOnChildDir (0.00s)
=== RUN   TestNoRecursiveButSuperMeta
--- PASS: TestNoRecursiveButSuperMeta (0.00s)
=== RUN   TestNameFilter
--- PASS: TestNameFilter (0.00s)
=== RUN   TestNonRecursive
--- PASS: TestNonRecursive (0.00s)
=== RUN   TestDoubleAndSimpleStar
--- PASS: TestDoubleAndSimpleStar (0.00s)
=== RUN   TestRegularOnlyFilter
--- PASS: TestRegularOnlyFilter (0.00s)
=== RUN   TestSizeFilter
--- PASS: TestSizeFilter (0.00s)
=== RUN   TestMTimeFilter
--- PASS: TestMTimeFilter (0.00s)
=== RUN   TestFollowSymlinks
--- PASS: TestFollowSymlinks (0.00s)
=== RUN   TestDirectoryWithTrailingSlash
--- PASS: TestDirectoryWithTrailingSlash (0.00s)
=== RUN   TestMTime
--- PASS: TestMTime (0.00s)
=== RUN   TestSize
--- PASS: TestSize (0.00s)
=== RUN   TestIsDir
--- PASS: TestIsDir (0.00s)
=== RUN   TestRealFS
--- PASS: TestRealFS (0.00s)
PASS
ok  	github.com/influxdata/telegraf/plugins/inputs/filecount	0.845s
=== RUN   TestGatherNoMd5
--- PASS: TestGatherNoMd5 (0.00s)
=== RUN   TestGatherExplicitFiles
--- PASS: TestGatherExplicitFiles (0.00s)
=== RUN   TestNonExistentFile
--- PASS: TestNonExistentFile (0.00s)
=== RUN   TestGatherGlob
--- PASS: TestGatherGlob (0.00s)
=== RUN   TestGatherSuperAsterisk
--- PASS: TestGatherSuperAsterisk (0.00s)
=== RUN   TestModificationTime
--- PASS: TestModificationTime (0.00s)
=== RUN   TestNoModificationTime
--- PASS: TestNoModificationTime (0.00s)
=== RUN   TestGetMd5
--- PASS: TestGetMd5 (0.00s)
PASS
ok  	github.com/influxdata/telegraf/plugins/inputs/filestat	1.065s
=== RUN   TestFireboard
--- PASS: TestFireboard (0.00s)
PASS
ok  	github.com/influxdata/telegraf/plugins/inputs/fireboard	1.307s
=== RUN   TestInvalidRequests
=== RUN   TestInvalidRequests/missing_request_id
2025-02-19T20:36:53Z I! [] Listening on 127.0.0.1:50560
2025-02-19T20:36:53Z E! [] Server failed: http: Server closed
=== RUN   TestInvalidRequests/request_id_mismatch
2025-02-19T20:36:53Z I! [] Listening on 127.0.0.1:50562
2025-02-19T20:36:53Z E! [] Server failed: http: Server closed
=== RUN   TestInvalidRequests/invalid_body
2025-02-19T20:36:53Z I! [] Listening on 127.0.0.1:50564
2025-02-19T20:36:53Z E! [] Server failed: http: Server closed
=== RUN   TestInvalidRequests/invalid_data_encoding
2025-02-19T20:36:53Z I! [] Listening on 127.0.0.1:50566
2025-02-19T20:36:53Z E! [] Server failed: http: Server closed
=== RUN   TestInvalidRequests/content_too_large
2025-02-19T20:36:53Z I! [] Listening on 127.0.0.1:50568
2025-02-19T20:36:53Z E! [] Server failed: http: Server closed
=== RUN   TestInvalidRequests/invalid_content_type
2025-02-19T20:36:54Z I! [] Listening on 127.0.0.1:50575
2025-02-19T20:36:54Z E! [] Server failed: http: Server closed
=== RUN   TestInvalidRequests/invalid_method
2025-02-19T20:36:54Z I! [] Listening on 127.0.0.1:50577
2025-02-19T20:36:54Z E! [] Server failed: http: Server closed
--- PASS: TestInvalidRequests (0.58s)
    --- PASS: TestInvalidRequests/missing_request_id (0.00s)
    --- PASS: TestInvalidRequests/request_id_mismatch (0.00s)
    --- PASS: TestInvalidRequests/invalid_body (0.00s)
    --- PASS: TestInvalidRequests/invalid_data_encoding (0.00s)
    --- PASS: TestInvalidRequests/content_too_large (0.56s)
    --- PASS: TestInvalidRequests/invalid_content_type (0.00s)
    --- PASS: TestInvalidRequests/invalid_method (0.00s)
=== RUN   TestAuthentication
=== RUN   TestAuthentication/no_auth_required
2025-02-19T20:36:54Z I! [] Listening on 127.0.0.1:50579
2025-02-19T20:36:54Z E! [] Server failed: http: Server closed
=== RUN   TestAuthentication/no_auth_required_but_key_sent
2025-02-19T20:36:54Z I! [] Listening on 127.0.0.1:50581
2025-02-19T20:36:54Z E! [] Server failed: http: Server closed
=== RUN   TestAuthentication/auth_required_success
2025-02-19T20:36:54Z I! [] Listening on 127.0.0.1:50583
2025-02-19T20:36:54Z E! [] Server failed: http: Server closed
=== RUN   TestAuthentication/auth_required_wrong_key
2025-02-19T20:36:54Z I! [] Listening on 127.0.0.1:50585
2025-02-19T20:36:54Z E! [] Server failed: http: Server closed
--- PASS: TestAuthentication (0.00s)
    --- PASS: TestAuthentication/no_auth_required (0.00s)
    --- PASS: TestAuthentication/no_auth_required_but_key_sent (0.00s)
    --- PASS: TestAuthentication/auth_required_success (0.00s)
    --- PASS: TestAuthentication/auth_required_wrong_key (0.00s)
=== RUN   TestCases
=== RUN   TestCases/common-attributes
2025-02-19T20:36:54Z I! Loading config: testcases/common-attributes/telegraf.conf
2025-02-19T20:36:54Z I! [inputs.firehose] Listening on 127.0.0.1:50587
2025-02-19T20:36:54Z E! [inputs.firehose] Server failed: http: Server closed
--- PASS: TestCases (0.00s)
    --- PASS: TestCases/common-attributes (0.00s)
PASS
ok  	github.com/influxdata/telegraf/plugins/inputs/firehose	1.642s
=== RUN   Test_parse
    fluentd_test.go:160: Testing parser function
    fluentd_test.go:161: JSON (
        {
          "plugins": [
            {
              "plugin_id": "object:f48698",
              "plugin_category": "input",
              "type": "dummy",
              "config": {
                "@type": "dummy",
                "@log_level": "info",
                "tag": "stdout.page.node",
                "rate": "",
                "dummy": "{\"hello\":\"world_from_first_dummy\"}",
                "auto_increment_key": "id1"
              },
              "output_plugin": false,
              "retry_count": null
            },
            {
              "plugin_id": "object:e27138",
              "plugin_category": "input",
              "type": "dummy",
              "config": {
                "@type": "dummy",
                "@log_level": "info",
                "tag": "stdout.superproject.supercontainer",
                "rate": "",
                "dummy": "{\"hello\":\"world_from_second_dummy\"}",
                "auto_increment_key": "id1"
              },
              "output_plugin": false,
              "retry_count": null
            },
            {
              "plugin_id": "object:d74060",
              "plugin_category": "input",
              "type": "monitor_agent",
              "config": {
                "@type": "monitor_agent",
                "@log_level": "error",
                "bind": "0.0.0.0",
                "port": "24220"
              },
              "output_plugin": false,
              "retry_count": null
            },
            {
              "plugin_id": "object:11a5e2c",
              "plugin_category": "output",
              "type": "stdout",
              "config": {
                "@type": "stdout"
              },
              "output_plugin": true,
              "retry_count": 0
            },
            {
              "plugin_id": "object:11237ec",
              "plugin_category": "output",
              "type": "s3",
              "config": {
                "@type": "s3",
                "@log_level": "info",
                "aws_key_id": "xxxxxx",
                "aws_sec_key": "xxxxxx",
                "s3_bucket": "bucket",
                "s3_endpoint": "http://mock:4567",
                "path": "logs/%Y%m%d_%H/${tag[1]}/",
                "time_slice_format": "%M",
                "s3_object_key_format": "%{path}%{time_slice}_%{hostname}_%{index}_%{hex_random}.%{file_extension}",
                "store_as": "gzip"
              },
              "output_plugin": true,
              "buffer_queue_length": 0,
              "retry_count": 0,
              "buffer_total_queued_size": 0
            },
            {
              "plugin_id": "object:output_td_1",
              "plugin_category": "output",
              "type": "tdlog",
              "config": {
                "@type": "tdlog",
                "@id": "output_td",
                "apikey": "xxxxxx",
                "auto_create_table": ""
              },
              "output_plugin": true,
              "buffer_queue_length": 0,
              "buffer_total_queued_size": 0,
              "retry_count": 0,
              "emit_records": 0,
              "emit_size": 0,
              "emit_count": 0,
              "write_count": 0,
              "rollback_count": 0,
              "slow_flush_count": 0,
              "flush_time_count": 0,
              "buffer_stage_length": 0,
              "buffer_stage_byte_size": 0,
              "buffer_queue_byte_size": 0,
              "buffer_available_buffer_space_ratios": 0
            },
            {
              "plugin_id": "object:output_td_2",
              "plugin_category": "output",
              "type": "tdlog",
              "config": {
                "@type": "tdlog",
                "@id": "output_td",
                "apikey": "xxxxxx",
                "auto_create_table": ""
              },
              "output_plugin": true,
              "buffer_queue_length": 0,
              "buffer_total_queued_size": 0,
              "retry_count": 0,
              "rollback_count": 0,
              "emit_records": 0,
              "slow_flush_count": 0,
              "buffer_available_buffer_space_ratios": 0
            }
          ]
        }
        ) 
--- PASS: Test_parse (0.00s)
=== RUN   Test_Gather
    fluentd_test.go:170: Start HTTP mock (http://localhost:8081) with sampleJSON
--- PASS: Test_Gather (0.02s)
PASS
ok  	github.com/influxdata/telegraf/plugins/inputs/fluentd	1.122s
=== RUN   TestNewGithubClient
--- PASS: TestNewGithubClient (0.00s)
=== RUN   TestSplitRepositoryNameWithWorkingExample
=== RUN   TestSplitRepositoryNameWithWorkingExample/influxdata/telegraf
=== RUN   TestSplitRepositoryNameWithWorkingExample/influxdata/influxdb
=== RUN   TestSplitRepositoryNameWithWorkingExample/rawkode/saltstack-dotfiles
--- PASS: TestSplitRepositoryNameWithWorkingExample (0.00s)
    --- PASS: TestSplitRepositoryNameWithWorkingExample/influxdata/telegraf (0.00s)
    --- PASS: TestSplitRepositoryNameWithWorkingExample/influxdata/influxdb (0.00s)
    --- PASS: TestSplitRepositoryNameWithWorkingExample/rawkode/saltstack-dotfiles (0.00s)
=== RUN   TestSplitRepositoryNameWithNoSlash
=== RUN   TestSplitRepositoryNameWithNoSlash/influxdata-influxdb
--- PASS: TestSplitRepositoryNameWithNoSlash (0.00s)
    --- PASS: TestSplitRepositoryNameWithNoSlash/influxdata-influxdb (0.00s)
=== RUN   TestGetLicenseWhenExists
--- PASS: TestGetLicenseWhenExists (0.00s)
=== RUN   TestGetLicenseWhenMissing
--- PASS: TestGetLicenseWhenMissing (0.00s)
=== RUN   TestGetTags
--- PASS: TestGetTags (0.00s)
=== RUN   TestGetFields
--- PASS: TestGetFields (0.00s)
PASS
ok  	github.com/influxdata/telegraf/plugins/inputs/github	1.288s
=== RUN   TestParsePath
--- PASS: TestParsePath (0.00s)
=== RUN   TestWaitError
--- PASS: TestWaitError (0.00s)
=== RUN   TestUsernamePassword
--- PASS: TestUsernamePassword (0.00s)
=== RUN   TestNotification
=== RUN   TestNotification/multiple_metrics
=== RUN   TestNotification/full_path_field_key
=== RUN   TestNotification/legacy_tagged_update_pair
=== RUN   TestNotification/issue_#11011
=== RUN   TestNotification/issue_#12257_Arista
=== RUN   TestNotification/issue_#12257_Sonic
=== RUN   TestNotification/Juniper_Extension
--- PASS: TestNotification (0.01s)
    --- PASS: TestNotification/multiple_metrics (0.00s)
    --- PASS: TestNotification/full_path_field_key (0.00s)
    --- PASS: TestNotification/legacy_tagged_update_pair (0.00s)
    --- PASS: TestNotification/issue_#11011 (0.00s)
    --- PASS: TestNotification/issue_#12257_Arista (0.00s)
    --- PASS: TestNotification/issue_#12257_Sonic (0.00s)
    --- PASS: TestNotification/Juniper_Extension (0.00s)
=== RUN   TestRedial
--- PASS: TestRedial (0.01s)
=== RUN   TestCases
=== RUN   TestCases/canonical_field_names
2025-02-19T20:36:54Z I! Loading config: testcases/canonical_field_names/telegraf.conf
=== RUN   TestCases/canonical_field_names_trim
2025-02-19T20:36:54Z I! Loading config: testcases/canonical_field_names_trim/telegraf.conf
=== RUN   TestCases/issue_11011
2025-02-19T20:36:54Z I! Loading config: testcases/issue_11011/telegraf.conf
=== RUN   TestCases/issue_11778
2025-02-19T20:36:54Z I! Loading config: testcases/issue_11778/telegraf.conf
=== RUN   TestCases/issue_11778_tag_only
2025-02-19T20:36:54Z I! Loading config: testcases/issue_11778_tag_only/telegraf.conf
=== RUN   TestCases/issue_12831
2025-02-19T20:36:54Z I! Loading config: testcases/issue_12831/telegraf.conf
=== RUN   TestCases/issue_12931
2025-02-19T20:36:55Z I! Loading config: testcases/issue_12931/telegraf.conf
=== RUN   TestCases/issue_13052
2025-02-19T20:36:55Z I! Loading config: testcases/issue_13052/telegraf.conf
=== RUN   TestCases/issue_13512
2025-02-19T20:36:55Z I! Loading config: testcases/issue_13512/telegraf.conf
=== RUN   TestCases/issue_14044
2025-02-19T20:36:55Z I! Loading config: testcases/issue_14044/telegraf.conf
=== RUN   TestCases/issue_14063
2025-02-19T20:36:55Z I! Loading config: testcases/issue_14063/telegraf.conf
=== RUN   TestCases/issue_14530
2025-02-19T20:36:55Z I! Loading config: testcases/issue_14530/telegraf.conf
=== RUN   TestCases/issue_14833
2025-02-19T20:36:55Z I! Loading config: testcases/issue_14833/telegraf.conf
=== RUN   TestCases/issue_14946
2025-02-19T20:36:55Z I! Loading config: testcases/issue_14946/telegraf.conf
=== RUN   TestCases/issue_14946_canonical_field_names
2025-02-19T20:36:55Z I! Loading config: testcases/issue_14946_canonical_field_names/telegraf.conf
=== RUN   TestCases/issue_15046
2025-02-19T20:36:56Z I! Loading config: testcases/issue_15046/telegraf.conf
=== RUN   TestCases/issue_15546
2025-02-19T20:36:56Z I! Loading config: testcases/issue_15546/telegraf.conf
=== RUN   TestCases/tagging_name_based
2025-02-19T20:36:56Z I! Loading config: testcases/tagging_name_based/telegraf.conf
=== RUN   TestCases/tagging_name_based_old
2025-02-19T20:36:56Z I! Loading config: testcases/tagging_name_based_old/telegraf.conf
=== RUN   TestCases/tagging_subinterfaces
2025-02-19T20:36:56Z I! Loading config: testcases/tagging_subinterfaces/telegraf.conf
--- PASS: TestCases (2.11s)
    --- PASS: TestCases/canonical_field_names (0.11s)
    --- PASS: TestCases/canonical_field_names_trim (0.11s)
    --- PASS: TestCases/issue_11011 (0.11s)
    --- PASS: TestCases/issue_11778 (0.10s)
    --- PASS: TestCases/issue_11778_tag_only (0.10s)
    --- PASS: TestCases/issue_12831 (0.11s)
    --- PASS: TestCases/issue_12931 (0.11s)
    --- PASS: TestCases/issue_13052 (0.12s)
    --- PASS: TestCases/issue_13512 (0.10s)
    --- PASS: TestCases/issue_14044 (0.10s)
    --- PASS: TestCases/issue_14063 (0.11s)
    --- PASS: TestCases/issue_14530 (0.10s)
    --- PASS: TestCases/issue_14833 (0.10s)
    --- PASS: TestCases/issue_14946 (0.10s)
    --- PASS: TestCases/issue_14946_canonical_field_names (0.10s)
    --- PASS: TestCases/issue_15046 (0.11s)
    --- PASS: TestCases/issue_15546 (0.10s)
    --- PASS: TestCases/tagging_name_based (0.10s)
    --- PASS: TestCases/tagging_name_based_old (0.10s)
    --- PASS: TestCases/tagging_subinterfaces (0.10s)
PASS
ok  	github.com/influxdata/telegraf/plugins/inputs/gnmi	2.965s
?   	github.com/influxdata/telegraf/plugins/inputs/gnmi/extensions/jnpr_gnmi_extention	[no test files]
=== RUN   TestRunSetUpClient
    google_cloud_storage_test.go:32: unable to find GCP Application Default Credentials: google: could not find default credentials. See https://cloud.google.com/docs/authentication/external/set-up-adc for more information.Either set ADC or provide CredentialsFile config
--- PASS: TestRunSetUpClient (0.01s)
=== RUN   TestRunInit
--- PASS: TestRunInit (0.00s)
=== RUN   TestRunInitNoOffsetKey
--- PASS: TestRunInitNoOffsetKey (0.00s)
=== RUN   TestRunGatherOneItem
2025/02/19 21:36:56 D! [] Fetching key: 1604148850990
2025/02/19 21:36:56 I! [] Iterated all the keys
--- PASS: TestRunGatherOneItem (0.01s)
=== RUN   TestRunGatherOneIteration
2025/02/19 21:36:56 D! [] Fetching key: prefix/1604148850992
2025/02/19 21:36:56 D! [] Fetching key: prefix/1604148850993
2025/02/19 21:36:56 D! [] Fetching key: prefix/1604148850994
2025/02/19 21:36:56 I! [] Iterated all the keys
--- PASS: TestRunGatherOneIteration (0.01s)
=== RUN   TestRunGatherIteratiosnWithLimit
2025/02/19 21:36:56 D! [] Fetching key: prefix/1604148850992
2025/02/19 21:36:56 D! [] Fetching key: prefix/1604148850991
2025/02/19 21:36:56 D! [] Fetching key: prefix/1604148850992
--- PASS: TestRunGatherIteratiosnWithLimit (0.03s)
=== RUN   TestRunGatherIterationWithPages
2025/02/19 21:36:56 D! [] Fetching key: prefix/1604148850991
2025/02/19 21:36:56 D! [] Fetching key: prefix/1604148850992
2025/02/19 21:36:56 D! [] Fetching key: prefix/1604148850993
2025/02/19 21:36:56 D! [] Fetching key: prefix/1604148850994
2025/02/19 21:36:56 I! [] Iterated all the keys
{"offSet":"prefix/1604148850994"}2025/02/19 21:36:56 I! [] Iterated all the keys
{"offSet":""}--- PASS: TestRunGatherIterationWithPages (0.03s)
PASS
ok  	github.com/influxdata/telegraf/plugins/inputs/google_cloud_storage	1.483s
=== RUN   TestNormalResponse
--- PASS: TestNormalResponse (0.00s)
=== RUN   TestHttpJson500
--- PASS: TestHttpJson500 (0.00s)
=== RUN   TestHttpJsonBadJson
--- PASS: TestHttpJsonBadJson (0.00s)
=== RUN   TestHttpJsonEmptyResponse
--- PASS: TestHttpJsonEmptyResponse (0.00s)
PASS
ok  	github.com/influxdata/telegraf/plugins/inputs/graylog	0.544s
=== RUN   TestHaproxyGeneratesMetricsWithAuthentication
--- PASS: TestHaproxyGeneratesMetricsWithAuthentication (0.00s)
=== RUN   TestHaproxyGeneratesMetricsWithoutAuthentication
--- PASS: TestHaproxyGeneratesMetricsWithoutAuthentication (0.00s)
=== RUN   TestHaproxyGeneratesMetricsUsingSocket
--- PASS: TestHaproxyGeneratesMetricsUsingSocket (0.00s)
=== RUN   TestHaproxyGeneratesMetricsUsingTcp
--- PASS: TestHaproxyGeneratesMetricsUsingTcp (0.00s)
=== RUN   TestHaproxyDefaultGetFromLocalhost
--- PASS: TestHaproxyDefaultGetFromLocalhost (0.00s)
=== RUN   TestHaproxyKeepFieldNames
--- PASS: TestHaproxyKeepFieldNames (0.00s)
PASS
ok  	github.com/influxdata/telegraf/plugins/inputs/haproxy	0.759s
=== RUN   TestFetch
--- PASS: TestFetch (0.00s)
PASS
ok  	github.com/influxdata/telegraf/plugins/inputs/hddtemp	0.936s
=== RUN   TestFetch
--- PASS: TestFetch (0.00s)
=== RUN   TestFetchWrongAddress
--- PASS: TestFetchWrongAddress (0.00s)
=== RUN   TestFetchStatus
--- PASS: TestFetchStatus (0.00s)
=== RUN   TestFetchTwoDisks
--- PASS: TestFetchTwoDisks (0.00s)
PASS
ok  	github.com/influxdata/telegraf/plugins/inputs/hddtemp/go-hddtemp	1.726s
=== RUN   TestHTTPWithJSONFormat
--- PASS: TestHTTPWithJSONFormat (0.00s)
=== RUN   TestHTTPHeaders
--- PASS: TestHTTPHeaders (0.00s)
=== RUN   TestHTTPContentLengthHeader
--- PASS: TestHTTPContentLengthHeader (0.00s)
=== RUN   TestInvalidStatusCode
--- PASS: TestInvalidStatusCode (0.00s)
=== RUN   TestSuccessStatusCodes
--- PASS: TestSuccessStatusCodes (0.00s)
=== RUN   TestMethod
--- PASS: TestMethod (0.00s)
=== RUN   TestBodyAndContentEncoding
=== RUN   TestBodyAndContentEncoding/no_body
=== RUN   TestBodyAndContentEncoding/post_body
=== RUN   TestBodyAndContentEncoding/get_method_body_is_sent
=== RUN   TestBodyAndContentEncoding/gzip_encoding
--- PASS: TestBodyAndContentEncoding (0.00s)
    --- PASS: TestBodyAndContentEncoding/no_body (0.00s)
    --- PASS: TestBodyAndContentEncoding/post_body (0.00s)
    --- PASS: TestBodyAndContentEncoding/get_method_body_is_sent (0.00s)
    --- PASS: TestBodyAndContentEncoding/gzip_encoding (0.00s)
=== RUN   TestOAuthClientCredentialsGrant
=== RUN   TestOAuthClientCredentialsGrant/no_credentials
=== RUN   TestOAuthClientCredentialsGrant/success
--- PASS: TestOAuthClientCredentialsGrant (0.00s)
    --- PASS: TestOAuthClientCredentialsGrant/no_credentials (0.00s)
    --- PASS: TestOAuthClientCredentialsGrant/success (0.00s)
=== RUN   TestHTTPWithCSVFormat
--- PASS: TestHTTPWithCSVFormat (0.00s)
=== RUN   TestConnectionOverUnixSocket
--- PASS: TestConnectionOverUnixSocket (0.00s)
PASS
ok  	github.com/influxdata/telegraf/plugins/inputs/http	2.099s
=== RUN   TestInvalidListenerConfig
--- PASS: TestInvalidListenerConfig (0.00s)
=== RUN   TestWriteHTTPSNoClientAuth
2025-02-19T20:36:56Z I! [] Listening on 127.0.0.1:50674
--- PASS: TestWriteHTTPSNoClientAuth (0.01s)
=== RUN   TestWriteHTTPSWithClientAuth
2025-02-19T20:36:56Z I! [] Listening on 127.0.0.1:50679
--- PASS: TestWriteHTTPSWithClientAuth (0.01s)
=== RUN   TestWriteHTTPBasicAuth
2025-02-19T20:36:56Z I! [] Listening on 127.0.0.1:50682
--- PASS: TestWriteHTTPBasicAuth (0.00s)
=== RUN   TestWriteHTTP
2025-02-19T20:36:56Z I! [] Listening on 127.0.0.1:50685
--- PASS: TestWriteHTTP (0.00s)
=== RUN   TestWriteHTTPWithPathTag
2025-02-19T20:36:56Z I! [] Listening on 127.0.0.1:50688
--- PASS: TestWriteHTTPWithPathTag (0.00s)
=== RUN   TestWriteHTTPWithReturnCode
2025-02-19T20:36:56Z I! [] Listening on 127.0.0.1:50691
--- PASS: TestWriteHTTPWithReturnCode (0.00s)
=== RUN   TestWriteHTTPWithMultiplePaths
2025-02-19T20:36:56Z I! [] Listening on 127.0.0.1:50694
--- PASS: TestWriteHTTPWithMultiplePaths (0.00s)
=== RUN   TestWriteHTTPNoNewline
2025-02-19T20:36:56Z I! [] Listening on 127.0.0.1:50697
--- PASS: TestWriteHTTPNoNewline (0.00s)
=== RUN   TestWriteHTTPExactMaxBodySize
2025-02-19T20:36:56Z I! [] Listening on 127.0.0.1:50700
--- PASS: TestWriteHTTPExactMaxBodySize (0.00s)
=== RUN   TestWriteHTTPVerySmallMaxBody
2025-02-19T20:36:56Z I! [] Listening on 127.0.0.1:50703
--- PASS: TestWriteHTTPVerySmallMaxBody (0.00s)
=== RUN   TestWriteHTTPGzippedData
2025-02-19T20:36:56Z I! [] Listening on 127.0.0.1:50706
--- PASS: TestWriteHTTPGzippedData (0.00s)
=== RUN   TestWriteHTTPSnappyData
2025-02-19T20:36:56Z I! [] Listening on 127.0.0.1:50709
--- PASS: TestWriteHTTPSnappyData (0.00s)
=== RUN   TestWriteHTTPHighTraffic
    http_listener_v2_test.go:492: Skipping due to hang on darwin and windows
--- SKIP: TestWriteHTTPHighTraffic (0.00s)
=== RUN   TestReceive404ForInvalidEndpoint
2025-02-19T20:36:56Z I! [] Listening on 127.0.0.1:50712
--- PASS: TestReceive404ForInvalidEndpoint (0.01s)
=== RUN   TestWriteHTTPInvalid
2025-02-19T20:36:56Z I! [] Listening on 127.0.0.1:50715
--- PASS: TestWriteHTTPInvalid (0.00s)
=== RUN   TestWriteHTTPEmpty
2025-02-19T20:36:56Z I! [] Listening on 127.0.0.1:50718
--- PASS: TestWriteHTTPEmpty (0.01s)
=== RUN   TestWriteHTTPTransformHeaderValuesToTagsSingleWrite
2025-02-19T20:36:56Z I! [] Listening on 127.0.0.1:50721
--- PASS: TestWriteHTTPTransformHeaderValuesToTagsSingleWrite (0.01s)
=== RUN   TestWriteHTTPTransformHeaderValuesToTagsBulkWrite
2025-02-19T20:36:56Z I! [] Listening on 127.0.0.1:50724
--- PASS: TestWriteHTTPTransformHeaderValuesToTagsBulkWrite (0.00s)
=== RUN   TestWriteHTTPQueryParams
2025-02-19T20:36:56Z I! [] Listening on 127.0.0.1:50727
--- PASS: TestWriteHTTPQueryParams (0.00s)
=== RUN   TestWriteHTTPFormData
2025-02-19T20:36:56Z I! [] Listening on 127.0.0.1:50730
--- PASS: TestWriteHTTPFormData (0.00s)
=== RUN   TestServerHeaders
2025-02-19T20:36:56Z I! [] Listening on 127.0.0.1:50733
--- PASS: TestServerHeaders (0.00s)
=== RUN   TestUnixSocket
2025-02-19T20:36:56Z I! [] Listening on /var/folders/83/999jb4l55z3gww5zs2b5s0c40000gn/T/1168856440.socket
--- PASS: TestUnixSocket (0.00s)
PASS
ok  	github.com/influxdata/telegraf/plugins/inputs/http_listener_v2	1.716s
=== RUN   TestHeaders
--- PASS: TestHeaders (0.01s)
=== RUN   TestFields
--- PASS: TestFields (0.00s)
=== RUN   TestResponseBodyField
--- PASS: TestResponseBodyField (0.00s)
=== RUN   TestResponseBodyFormField
--- PASS: TestResponseBodyFormField (0.00s)
=== RUN   TestResponseBodyMaxSize
--- PASS: TestResponseBodyMaxSize (0.00s)
=== RUN   TestHTTPHeaderTags
--- PASS: TestHTTPHeaderTags (0.00s)
=== RUN   TestInterface
--- PASS: TestInterface (0.00s)
=== RUN   TestRedirects
--- PASS: TestRedirects (0.03s)
=== RUN   TestMethod
--- PASS: TestMethod (0.00s)
=== RUN   TestBody
--- PASS: TestBody (0.00s)
=== RUN   TestStringMatch
--- PASS: TestStringMatch (0.00s)
=== RUN   TestStringMatchJson
--- PASS: TestStringMatchJson (0.00s)
=== RUN   TestStringMatchFail
--- PASS: TestStringMatchFail (0.00s)
=== RUN   TestTimeout
--- PASS: TestTimeout (2.00s)
=== RUN   TestBadRegex
--- PASS: TestBadRegex (0.00s)
=== RUN   TestNetworkErrors
--- PASS: TestNetworkErrors (0.05s)
=== RUN   TestContentLength
--- PASS: TestContentLength (0.01s)
=== RUN   TestRedirect
--- PASS: TestRedirect (0.00s)
=== RUN   TestBasicAuth
--- PASS: TestBasicAuth (0.00s)
=== RUN   TestStatusCodeMatchFail
--- PASS: TestStatusCodeMatchFail (0.00s)
=== RUN   TestStatusCodeMatch
--- PASS: TestStatusCodeMatch (0.00s)
=== RUN   TestStatusCodeAndStringMatch
--- PASS: TestStatusCodeAndStringMatch (0.00s)
=== RUN   TestStatusCodeAndStringMatchFail
--- PASS: TestStatusCodeAndStringMatchFail (0.00s)
=== RUN   TestSNI
--- PASS: TestSNI (0.00s)
=== RUN   Test_isURLInIPv6
=== RUN   Test_isURLInIPv6/http://[2001:db8:a0b:12f0::1]/index.html
=== RUN   Test_isURLInIPv6/http://[2001:db8:a0b:12f0::1]:80/index.html
=== RUN   Test_isURLInIPv6/https://[2001:db8:a0b:12f0::1%25eth0]:15000/
=== RUN   Test_isURLInIPv6/https://2001:0db8:0001:0000:0000:0ab9:C0A8:0102
=== RUN   Test_isURLInIPv6/http://[2607:f8b0:4005:802::1007]/
=== RUN   Test_isURLInIPv6/https://127.0.0.1
=== RUN   Test_isURLInIPv6/https://google.com
=== RUN   Test_isURLInIPv6/https://thispagemayexist.ornot/index.html
--- PASS: Test_isURLInIPv6 (0.00s)
    --- PASS: Test_isURLInIPv6/http://[2001:db8:a0b:12f0::1]/index.html (0.00s)
    --- PASS: Test_isURLInIPv6/http://[2001:db8:a0b:12f0::1]:80/index.html (0.00s)
    --- PASS: Test_isURLInIPv6/https://[2001:db8:a0b:12f0::1%25eth0]:15000/ (0.00s)
    --- PASS: Test_isURLInIPv6/https://2001:0db8:0001:0000:0000:0ab9:C0A8:0102 (0.00s)
    --- PASS: Test_isURLInIPv6/http://[2607:f8b0:4005:802::1007]/ (0.00s)
    --- PASS: Test_isURLInIPv6/https://127.0.0.1 (0.00s)
    --- PASS: Test_isURLInIPv6/https://google.com (0.00s)
    --- PASS: Test_isURLInIPv6/https://thispagemayexist.ornot/index.html (0.00s)
=== RUN   Test_isIPNetInIPv6
=== RUN   Test_isIPNetInIPv6/127.0.0.1/8
=== RUN   Test_isIPNetInIPv6/::1/128
=== RUN   Test_isIPNetInIPv6/192.168.0.1/24
=== RUN   Test_isIPNetInIPv6/fe80::43ac:7835:471a:faba/64
--- PASS: Test_isIPNetInIPv6 (0.00s)
    --- PASS: Test_isIPNetInIPv6/127.0.0.1/8 (0.00s)
    --- PASS: Test_isIPNetInIPv6/::1/128 (0.00s)
    --- PASS: Test_isIPNetInIPv6/192.168.0.1/24 (0.00s)
    --- PASS: Test_isIPNetInIPv6/fe80::43ac:7835:471a:faba/64 (0.00s)
PASS
ok  	github.com/influxdata/telegraf/plugins/inputs/http_response	3.939s
?   	github.com/influxdata/telegraf/plugins/inputs/hugepages	[no test files]
=== RUN   TestIcinga2Default
--- PASS: TestIcinga2Default (0.00s)
=== RUN   TestIcinga2DeprecatedHostConfig
--- PASS: TestIcinga2DeprecatedHostConfig (0.00s)
=== RUN   TestIcinga2DeprecatedServicesConfig
--- PASS: TestIcinga2DeprecatedServicesConfig (0.00s)
=== RUN   TestGatherServicesStatus
--- PASS: TestGatherServicesStatus (0.01s)
=== RUN   TestGatherHostsStatus
--- PASS: TestGatherHostsStatus (0.01s)
=== RUN   TestGatherStatusCIB
--- PASS: TestGatherStatusCIB (0.00s)
=== RUN   TestGatherStatusPgsql
--- PASS: TestGatherStatusPgsql (0.00s)
PASS
ok  	github.com/influxdata/telegraf/plugins/inputs/icinga2	1.432s
?   	github.com/influxdata/telegraf/plugins/inputs/infiniband	[no test files]
=== RUN   TestBasic
--- PASS: TestBasic (0.00s)
=== RUN   TestInfluxDB
--- PASS: TestInfluxDB (0.00s)
=== RUN   TestInfluxDB2
--- PASS: TestInfluxDB2 (0.00s)
=== RUN   TestCloud1
--- PASS: TestCloud1 (0.06s)
=== RUN   TestErrorHandling
--- PASS: TestErrorHandling (0.00s)
=== RUN   TestErrorHandling404
--- PASS: TestErrorHandling404 (0.00s)
=== RUN   TestErrorResponse
--- PASS: TestErrorResponse (0.00s)
PASS
ok  	github.com/influxdata/telegraf/plugins/inputs/influxdb	1.570s
=== RUN   TestWriteSecureNoClientAuth
2025-02-19T20:36:58Z I! [] Started HTTP listener service on localhost:0
--- PASS: TestWriteSecureNoClientAuth (0.01s)
=== RUN   TestWriteSecureWithClientAuth
2025-02-19T20:36:58Z I! [] Started HTTP listener service on localhost:0
--- PASS: TestWriteSecureWithClientAuth (0.00s)
=== RUN   TestWriteBasicAuth
2025-02-19T20:36:58Z I! [] Started HTTP listener service on localhost:0
--- PASS: TestWriteBasicAuth (0.00s)
=== RUN   TestWriteToken
2025-02-19T20:36:58Z I! [] Started HTTP listener service on localhost:0
--- PASS: TestWriteToken (0.00s)
=== RUN   TestWriteTokenInvalidUser
2025-02-19T20:36:58Z I! [] Started HTTP listener service on localhost:0
--- PASS: TestWriteTokenInvalidUser (0.00s)
=== RUN   TestWriteTokenExpired
2025-02-19T20:36:58Z I! [] Started HTTP listener service on localhost:0
--- PASS: TestWriteTokenExpired (0.00s)
=== RUN   TestWriteKeepDatabase
=== RUN   TestWriteKeepDatabase/parser_upstream
2025-02-19T20:36:58Z I! [] Started HTTP listener service on localhost:0
=== RUN   TestWriteKeepDatabase/parser_internal
2025-02-19T20:36:58Z I! [] Started HTTP listener service on localhost:0
--- PASS: TestWriteKeepDatabase (0.00s)
    --- PASS: TestWriteKeepDatabase/parser_upstream (0.00s)
    --- PASS: TestWriteKeepDatabase/parser_internal (0.00s)
=== RUN   TestWriteRetentionPolicyTag
2025-02-19T20:36:58Z I! [] Started HTTP listener service on localhost:0
--- PASS: TestWriteRetentionPolicyTag (0.00s)
=== RUN   TestWriteNoNewline
=== RUN   TestWriteNoNewline/parser_upstream
2025-02-19T20:36:58Z I! [] Started HTTP listener service on localhost:0
=== RUN   TestWriteNoNewline/parser_internal
2025-02-19T20:36:58Z I! [] Started HTTP listener service on localhost:0
--- PASS: TestWriteNoNewline (0.00s)
    --- PASS: TestWriteNoNewline/parser_upstream (0.00s)
    --- PASS: TestWriteNoNewline/parser_internal (0.00s)
=== RUN   TestPartialWrite
=== RUN   TestPartialWrite/parser_upstream
2025-02-19T20:36:58Z I! [] Started HTTP listener service on localhost:0
=== RUN   TestPartialWrite/parser_internal
2025-02-19T20:36:58Z I! [] Started HTTP listener service on localhost:0
--- PASS: TestPartialWrite (0.00s)
    --- PASS: TestPartialWrite/parser_upstream (0.00s)
    --- PASS: TestPartialWrite/parser_internal (0.00s)
=== RUN   TestWriteMaxLineSizeIncrease
=== RUN   TestWriteMaxLineSizeIncrease/parser_upstream
2025-02-19T20:36:58Z I! [] Started HTTP listener service on localhost:0
=== RUN   TestWriteMaxLineSizeIncrease/parser_internal
2025-02-19T20:36:58Z I! [] Started HTTP listener service on localhost:0
--- PASS: TestWriteMaxLineSizeIncrease (0.00s)
    --- PASS: TestWriteMaxLineSizeIncrease/parser_upstream (0.00s)
    --- PASS: TestWriteMaxLineSizeIncrease/parser_internal (0.00s)
=== RUN   TestWriteVerySmallMaxBody
=== RUN   TestWriteVerySmallMaxBody/parser_upstream
2025-02-19T20:36:58Z I! [] Started HTTP listener service on localhost:0
=== RUN   TestWriteVerySmallMaxBody/parser_internal
2025-02-19T20:36:58Z I! [] Started HTTP listener service on localhost:0
--- PASS: TestWriteVerySmallMaxBody (0.00s)
    --- PASS: TestWriteVerySmallMaxBody/parser_upstream (0.00s)
    --- PASS: TestWriteVerySmallMaxBody/parser_internal (0.00s)
=== RUN   TestWriteLargeLine
=== RUN   TestWriteLargeLine/parser_upstream
2025-02-19T20:36:58Z I! [] Started HTTP listener service on localhost:0
=== RUN   TestWriteLargeLine/parser_internal
2025-02-19T20:36:58Z I! [] Started HTTP listener service on localhost:0
--- PASS: TestWriteLargeLine (0.00s)
    --- PASS: TestWriteLargeLine/parser_upstream (0.00s)
    --- PASS: TestWriteLargeLine/parser_internal (0.00s)
=== RUN   TestWriteGzippedData
=== RUN   TestWriteGzippedData/parser_upstream
2025-02-19T20:36:58Z I! [] Started HTTP listener service on localhost:0
=== RUN   TestWriteGzippedData/parser_internal
2025-02-19T20:36:58Z I! [] Started HTTP listener service on localhost:0
--- PASS: TestWriteGzippedData (0.00s)
    --- PASS: TestWriteGzippedData/parser_upstream (0.00s)
    --- PASS: TestWriteGzippedData/parser_internal (0.00s)
=== RUN   TestWriteHighTraffic
    influxdb_listener_test.go:594: Skipping due to hang on darwin
--- SKIP: TestWriteHighTraffic (0.00s)
=== RUN   TestReceive404ForInvalidEndpoint
=== RUN   TestReceive404ForInvalidEndpoint/parser_upstream
2025-02-19T20:36:58Z I! [] Started HTTP listener service on localhost:0
=== RUN   TestReceive404ForInvalidEndpoint/parser_internal
2025-02-19T20:36:58Z I! [] Started HTTP listener service on localhost:0
--- PASS: TestReceive404ForInvalidEndpoint (0.00s)
    --- PASS: TestReceive404ForInvalidEndpoint/parser_upstream (0.00s)
    --- PASS: TestReceive404ForInvalidEndpoint/parser_internal (0.00s)
=== RUN   TestWriteInvalid
=== RUN   TestWriteInvalid/parser_upstream
2025-02-19T20:36:58Z I! [] Started HTTP listener service on localhost:0
=== RUN   TestWriteInvalid/parser_internal
2025-02-19T20:36:58Z I! [] Started HTTP listener service on localhost:0
--- PASS: TestWriteInvalid (0.00s)
    --- PASS: TestWriteInvalid/parser_upstream (0.00s)
    --- PASS: TestWriteInvalid/parser_internal (0.00s)
=== RUN   TestWriteEmpty
=== RUN   TestWriteEmpty/parser_upstream
2025-02-19T20:36:58Z I! [] Started HTTP listener service on localhost:0
=== RUN   TestWriteEmpty/parser_internal
2025-02-19T20:36:58Z I! [] Started HTTP listener service on localhost:0
--- PASS: TestWriteEmpty (0.00s)
    --- PASS: TestWriteEmpty/parser_upstream (0.00s)
    --- PASS: TestWriteEmpty/parser_internal (0.00s)
=== RUN   TestQuery
=== RUN   TestQuery/parser_upstream
2025-02-19T20:36:58Z I! [] Started HTTP listener service on localhost:0
=== RUN   TestQuery/parser_internal
2025-02-19T20:36:58Z I! [] Started HTTP listener service on localhost:0
--- PASS: TestQuery (0.00s)
    --- PASS: TestQuery/parser_upstream (0.00s)
    --- PASS: TestQuery/parser_internal (0.00s)
=== RUN   TestPing
=== RUN   TestPing/parser_upstream
2025-02-19T20:36:58Z I! [] Started HTTP listener service on localhost:0
=== RUN   TestPing/parser_internal
2025-02-19T20:36:58Z I! [] Started HTTP listener service on localhost:0
--- PASS: TestPing (0.00s)
    --- PASS: TestPing/parser_upstream (0.00s)
    --- PASS: TestPing/parser_internal (0.00s)
=== RUN   TestPingVerbose
=== RUN   TestPingVerbose/parser_upstream
2025-02-19T20:36:58Z I! [] Started HTTP listener service on localhost:0
=== RUN   TestPingVerbose/parser_internal
2025-02-19T20:36:58Z I! [] Started HTTP listener service on localhost:0
--- PASS: TestPingVerbose (0.00s)
    --- PASS: TestPingVerbose/parser_upstream (0.00s)
    --- PASS: TestPingVerbose/parser_internal (0.00s)
=== RUN   TestWriteWithPrecision
=== RUN   TestWriteWithPrecision/parser_upstream
2025-02-19T20:36:58Z I! [] Started HTTP listener service on localhost:0
=== RUN   TestWriteWithPrecision/parser_internal
2025-02-19T20:36:58Z I! [] Started HTTP listener service on localhost:0
--- PASS: TestWriteWithPrecision (0.00s)
    --- PASS: TestWriteWithPrecision/parser_upstream (0.00s)
    --- PASS: TestWriteWithPrecision/parser_internal (0.00s)
=== RUN   TestWriteWithPrecisionNoTimestamp
=== RUN   TestWriteWithPrecisionNoTimestamp/parser_upstream
2025-02-19T20:36:58Z I! [] Started HTTP listener service on localhost:0
=== RUN   TestWriteWithPrecisionNoTimestamp/parser_internal
2025-02-19T20:36:58Z I! [] Started HTTP listener service on localhost:0
--- PASS: TestWriteWithPrecisionNoTimestamp (0.01s)
    --- PASS: TestWriteWithPrecisionNoTimestamp/parser_upstream (0.00s)
    --- PASS: TestWriteWithPrecisionNoTimestamp/parser_internal (0.00s)
=== RUN   TestWriteUpstreamParseErrors
=== RUN   TestWriteUpstreamParseErrors/one_parse_error
2025-02-19T20:36:58Z I! [] Started HTTP listener service on localhost:0
=== RUN   TestWriteUpstreamParseErrors/two_parse_errors
2025-02-19T20:36:58Z I! [] Started HTTP listener service on localhost:0
=== RUN   TestWriteUpstreamParseErrors/three_or_more_parse_errors
2025-02-19T20:36:58Z I! [] Started HTTP listener service on localhost:0
--- PASS: TestWriteUpstreamParseErrors (0.00s)
    --- PASS: TestWriteUpstreamParseErrors/one_parse_error (0.00s)
    --- PASS: TestWriteUpstreamParseErrors/two_parse_errors (0.00s)
    --- PASS: TestWriteUpstreamParseErrors/three_or_more_parse_errors (0.00s)
=== RUN   TestWriteParseErrors
=== RUN   TestWriteParseErrors/one_parse_error
2025-02-19T20:36:58Z I! [] Started HTTP listener service on localhost:0
=== RUN   TestWriteParseErrors/two_parse_errors
2025-02-19T20:36:58Z I! [] Started HTTP listener service on localhost:0
=== RUN   TestWriteParseErrors/three_or_more_parse_errors
2025-02-19T20:36:58Z I! [] Started HTTP listener service on localhost:0
--- PASS: TestWriteParseErrors (0.00s)
    --- PASS: TestWriteParseErrors/one_parse_error (0.00s)
    --- PASS: TestWriteParseErrors/two_parse_errors (0.00s)
    --- PASS: TestWriteParseErrors/three_or_more_parse_errors (0.00s)
PASS
ok  	github.com/influxdata/telegraf/plugins/inputs/influxdb_listener	1.397s
=== RUN   TestWriteSecureNoClientAuth
2025-02-19T20:36:58Z I! [] Started HTTP listener service on localhost:0
--- PASS: TestWriteSecureNoClientAuth (0.01s)
=== RUN   TestWriteSecureWithClientAuth
2025-02-19T20:36:58Z I! [] Started HTTP listener service on localhost:0
--- PASS: TestWriteSecureWithClientAuth (0.00s)
=== RUN   TestWriteTokenAuth
2025-02-19T20:36:58Z I! [] Started HTTP listener service on localhost:0
--- PASS: TestWriteTokenAuth (0.00s)
=== RUN   TestWriteKeepBucket
2025-02-19T20:36:58Z I! [] Started HTTP listener service on localhost:0
--- PASS: TestWriteKeepBucket (0.00s)
=== RUN   TestWriteNoNewline
=== RUN   TestWriteNoNewline/parser_upstream
2025-02-19T20:36:58Z I! [] Started HTTP listener service on localhost:0
=== RUN   TestWriteNoNewline/parser_internal
2025-02-19T20:36:58Z I! [] Started HTTP listener service on localhost:0
--- PASS: TestWriteNoNewline (0.00s)
    --- PASS: TestWriteNoNewline/parser_upstream (0.00s)
    --- PASS: TestWriteNoNewline/parser_internal (0.00s)
=== RUN   TestAllOrNothing
=== RUN   TestAllOrNothing/parser_upstream
2025-02-19T20:36:58Z I! [] Started HTTP listener service on localhost:0
=== RUN   TestAllOrNothing/parser_internal
2025-02-19T20:36:58Z I! [] Started HTTP listener service on localhost:0
--- PASS: TestAllOrNothing (0.00s)
    --- PASS: TestAllOrNothing/parser_upstream (0.00s)
    --- PASS: TestAllOrNothing/parser_internal (0.00s)
=== RUN   TestWriteMaxLineSizeIncrease
=== RUN   TestWriteMaxLineSizeIncrease/parser_upstream
2025-02-19T20:36:58Z I! [] Started HTTP listener service on localhost:0
=== RUN   TestWriteMaxLineSizeIncrease/parser_internal
2025-02-19T20:36:58Z I! [] Started HTTP listener service on localhost:0
--- PASS: TestWriteMaxLineSizeIncrease (0.01s)
    --- PASS: TestWriteMaxLineSizeIncrease/parser_upstream (0.00s)
    --- PASS: TestWriteMaxLineSizeIncrease/parser_internal (0.00s)
=== RUN   TestWriteVerySmallMaxBody
=== RUN   TestWriteVerySmallMaxBody/parser_upstream
2025-02-19T20:36:58Z I! [] Started HTTP listener service on localhost:0
=== RUN   TestWriteVerySmallMaxBody/parser_internal
2025-02-19T20:36:58Z I! [] Started HTTP listener service on localhost:0
--- PASS: TestWriteVerySmallMaxBody (0.00s)
    --- PASS: TestWriteVerySmallMaxBody/parser_upstream (0.00s)
    --- PASS: TestWriteVerySmallMaxBody/parser_internal (0.00s)
=== RUN   TestWriteLargeLine
2025-02-19T20:36:58Z I! [] Started HTTP listener service on localhost:0
--- PASS: TestWriteLargeLine (0.00s)
=== RUN   TestWriteGzippedData
2025-02-19T20:36:58Z I! [] Started HTTP listener service on localhost:0
--- PASS: TestWriteGzippedData (0.00s)
=== RUN   TestWriteHighTraffic
    influxdb_v2_listener_test.go:438: Skipping due to hang on darwin
--- SKIP: TestWriteHighTraffic (0.00s)
=== RUN   TestReceive404ForInvalidEndpoint
=== RUN   TestReceive404ForInvalidEndpoint/parser_upstream
2025-02-19T20:36:58Z I! [] Started HTTP listener service on localhost:0
=== RUN   TestReceive404ForInvalidEndpoint/parser_internal
2025-02-19T20:36:58Z I! [] Started HTTP listener service on localhost:0
--- PASS: TestReceive404ForInvalidEndpoint (0.00s)
    --- PASS: TestReceive404ForInvalidEndpoint/parser_upstream (0.00s)
    --- PASS: TestReceive404ForInvalidEndpoint/parser_internal (0.00s)
=== RUN   TestWriteInvalid
=== RUN   TestWriteInvalid/parser_upstream
2025-02-19T20:36:58Z I! [] Started HTTP listener service on localhost:0
=== RUN   TestWriteInvalid/parser_internal
2025-02-19T20:36:58Z I! [] Started HTTP listener service on localhost:0
--- PASS: TestWriteInvalid (0.00s)
    --- PASS: TestWriteInvalid/parser_upstream (0.00s)
    --- PASS: TestWriteInvalid/parser_internal (0.00s)
=== RUN   TestWriteEmpty
=== RUN   TestWriteEmpty/parser_upstream
2025-02-19T20:36:58Z I! [] Started HTTP listener service on localhost:0
=== RUN   TestWriteEmpty/parser_internal
2025-02-19T20:36:58Z I! [] Started HTTP listener service on localhost:0
--- PASS: TestWriteEmpty (0.00s)
    --- PASS: TestWriteEmpty/parser_upstream (0.00s)
    --- PASS: TestWriteEmpty/parser_internal (0.00s)
=== RUN   TestReady
2025-02-19T20:36:58Z I! [] Started HTTP listener service on localhost:0
--- PASS: TestReady (0.00s)
=== RUN   TestWriteWithPrecision
=== RUN   TestWriteWithPrecision/parser_upstream
2025-02-19T20:36:58Z I! [] Started HTTP listener service on localhost:0
=== RUN   TestWriteWithPrecision/parser_internal
2025-02-19T20:36:58Z I! [] Started HTTP listener service on localhost:0
--- PASS: TestWriteWithPrecision (0.00s)
    --- PASS: TestWriteWithPrecision/parser_upstream (0.00s)
    --- PASS: TestWriteWithPrecision/parser_internal (0.00s)
=== RUN   TestWriteWithPrecisionNoTimestamp
2025-02-19T20:36:58Z I! [] Started HTTP listener service on localhost:0
--- PASS: TestWriteWithPrecisionNoTimestamp (0.00s)
=== RUN   TestRateLimitedConnectionDropsSecondRequest
2025-02-19T20:36:58Z I! [] Started HTTP listener service on localhost:0
--- PASS: TestRateLimitedConnectionDropsSecondRequest (0.00s)
=== RUN   TestRateLimitedConnectionAcceptsNewRequestOnDelivery
2025-02-19T20:36:58Z I! [] Started HTTP listener service on localhost:0
--- PASS: TestRateLimitedConnectionAcceptsNewRequestOnDelivery (0.00s)
=== RUN   TestRateLimitedConnectionRejectsBatchesLargerThanMaxUndeliveredMetrics
2025-02-19T20:36:58Z I! [] Started HTTP listener service on localhost:0
--- PASS: TestRateLimitedConnectionRejectsBatchesLargerThanMaxUndeliveredMetrics (0.00s)
PASS
ok  	github.com/influxdata/telegraf/plugins/inputs/influxdb_v2_listener	1.408s
?   	github.com/influxdata/telegraf/plugins/inputs/intel_baseband	[no test files]
?   	github.com/influxdata/telegraf/plugins/inputs/intel_baseband/mocks	[no test files]
?   	github.com/influxdata/telegraf/plugins/inputs/intel_dlb	[no test files]
?   	github.com/influxdata/telegraf/plugins/inputs/intel_pmt	[no test files]
?   	github.com/influxdata/telegraf/plugins/inputs/intel_pmu	[no test files]
?   	github.com/influxdata/telegraf/plugins/inputs/intel_powerstat	[no test files]
=== RUN   TestAssociateProcessesWithPIDs
--- PASS: TestAssociateProcessesWithPIDs (0.00s)
=== RUN   TestSplitCSVLineIntoValues
--- PASS: TestSplitCSVLineIntoValues (0.00s)
=== RUN   TestFindPIDsInMeasurement
--- PASS: TestFindPIDsInMeasurement (0.00s)
=== RUN   TestCreateArgsProcesses
--- PASS: TestCreateArgsProcesses (0.00s)
=== RUN   TestCreateArgsCores
--- PASS: TestCreateArgsCores (0.00s)
=== RUN   TestParseCoresConfig
=== RUN   TestParseCoresConfig/empty_slice
=== RUN   TestParseCoresConfig/empty_string_in_slice
=== RUN   TestParseCoresConfig/not_correct_string
=== RUN   TestParseCoresConfig/not_correct_string#01
=== RUN   TestParseCoresConfig/not_correct_string#02
=== RUN   TestParseCoresConfig/coma_separated_cores_-_positive
=== RUN   TestParseCoresConfig/coma_separated_cores_-_negative
=== RUN   TestParseCoresConfig/dash_separated_cores_-_positive
=== RUN   TestParseCoresConfig/dash_separated_cores_-_negative
=== RUN   TestParseCoresConfig/mixed_separator_-_positive
=== RUN   TestParseCoresConfig/mixed_separator_-_negative
--- PASS: TestParseCoresConfig (0.00s)
    --- PASS: TestParseCoresConfig/empty_slice (0.00s)
    --- PASS: TestParseCoresConfig/empty_string_in_slice (0.00s)
    --- PASS: TestParseCoresConfig/not_correct_string (0.00s)
    --- PASS: TestParseCoresConfig/not_correct_string#01 (0.00s)
    --- PASS: TestParseCoresConfig/not_correct_string#02 (0.00s)
    --- PASS: TestParseCoresConfig/coma_separated_cores_-_positive (0.00s)
    --- PASS: TestParseCoresConfig/coma_separated_cores_-_negative (0.00s)
    --- PASS: TestParseCoresConfig/dash_separated_cores_-_positive (0.00s)
    --- PASS: TestParseCoresConfig/dash_separated_cores_-_negative (0.00s)
    --- PASS: TestParseCoresConfig/mixed_separator_-_positive (0.00s)
    --- PASS: TestParseCoresConfig/mixed_separator_-_negative (0.00s)
=== RUN   TestParseCoresMeasurement
=== RUN   TestParseCoresMeasurement/valid_measurement_string
=== RUN   TestParseCoresMeasurement/not_valid_measurement_string
=== RUN   TestParseCoresMeasurement/not_valid_values_string
=== RUN   TestParseCoresMeasurement/not_valid_timestamp_format
--- PASS: TestParseCoresMeasurement (0.00s)
    --- PASS: TestParseCoresMeasurement/valid_measurement_string (0.00s)
    --- PASS: TestParseCoresMeasurement/not_valid_measurement_string (0.00s)
    --- PASS: TestParseCoresMeasurement/not_valid_values_string (0.00s)
    --- PASS: TestParseCoresMeasurement/not_valid_timestamp_format (0.00s)
=== RUN   TestParseProcessesMeasurement
=== RUN   TestParseProcessesMeasurement/valid_measurement_string
=== RUN   TestParseProcessesMeasurement/not_valid_measurement_string
=== RUN   TestParseProcessesMeasurement/not_valid_timestamp_format
=== RUN   TestParseProcessesMeasurement/not_valid_values_string
=== RUN   TestParseProcessesMeasurement/not_valid_csv_line_with_quotes
--- PASS: TestParseProcessesMeasurement (0.00s)
    --- PASS: TestParseProcessesMeasurement/valid_measurement_string (0.00s)
    --- PASS: TestParseProcessesMeasurement/not_valid_measurement_string (0.00s)
    --- PASS: TestParseProcessesMeasurement/not_valid_timestamp_format (0.00s)
    --- PASS: TestParseProcessesMeasurement/not_valid_values_string (0.00s)
    --- PASS: TestParseProcessesMeasurement/not_valid_csv_line_with_quotes (0.00s)
=== RUN   TestAddToAccumulatorCores
=== RUN   TestAddToAccumulatorCores/shortened_false
=== RUN   TestAddToAccumulatorCores/shortened_true
--- PASS: TestAddToAccumulatorCores (0.00s)
    --- PASS: TestAddToAccumulatorCores/shortened_false (0.00s)
    --- PASS: TestAddToAccumulatorCores/shortened_true (0.00s)
=== RUN   TestAddToAccumulatorProcesses
=== RUN   TestAddToAccumulatorProcesses/shortened_false
=== RUN   TestAddToAccumulatorProcesses/shortened_true
--- PASS: TestAddToAccumulatorProcesses (0.00s)
    --- PASS: TestAddToAccumulatorProcesses/shortened_false (0.00s)
    --- PASS: TestAddToAccumulatorProcesses/shortened_true (0.00s)
PASS
ok  	github.com/influxdata/telegraf/plugins/inputs/intel_rdt	0.657s
=== RUN   TestSelfPlugin
--- PASS: TestSelfPlugin (0.01s)
=== RUN   TestNoMemStat
--- PASS: TestNoMemStat (0.00s)
=== RUN   TestGostats
--- PASS: TestGostats (0.00s)
PASS
ok  	github.com/influxdata/telegraf/plugins/inputs/internal	1.327s
=== RUN   TestGathering
2025/02/19 21:36:59 D! [] using server 10709 in Ludwigsburg (speedtest1.bc-networks.de:8080)
--- PASS: TestGathering (39.14s)
=== RUN   TestDataGen
2025/02/19 21:37:38 D! [] using server 10291 in Ludwigshafen (speedtest.twl-kom.de:8080)
--- PASS: TestDataGen (43.18s)
PASS
ok  	github.com/influxdata/telegraf/plugins/inputs/internet_speed	83.223s
=== RUN   TestCpuAsTagsSoftIrqs
--- PASS: TestCpuAsTagsSoftIrqs (0.00s)
=== RUN   TestCpuAsFieldsSoftIrqs
--- PASS: TestCpuAsFieldsSoftIrqs (0.00s)
=== RUN   TestCpuAsTagsHwIrqs
--- PASS: TestCpuAsTagsHwIrqs (0.01s)
=== RUN   TestCpuAsFieldsHwIrqs
--- PASS: TestCpuAsFieldsHwIrqs (0.00s)
PASS
ok  	github.com/influxdata/telegraf/plugins/inputs/interrupts	1.091s
=== RUN   TestNewConnection
--- PASS: TestNewConnection (0.00s)
=== RUN   TestGetCommandOptions
--- PASS: TestGetCommandOptions (0.00s)
=== RUN   TestGather
--- PASS: TestGather (0.32s)
=== RUN   TestHelperProcess
--- PASS: TestHelperProcess (0.00s)
=== RUN   TestGatherV2
--- PASS: TestGatherV2 (0.05s)
=== RUN   TestHelperProcessV2
--- PASS: TestHelperProcessV2 (0.00s)
=== RUN   TestExtractFields
    ipmi_sensor_test.go:621: Checking v1 data...
    ipmi_sensor_test.go:621: Checking v2 data...
--- PASS: TestExtractFields (0.00s)
=== RUN   Test_parseV1
=== RUN   Test_parseV1/Test_correct_V1_parsing_with_hex_code
=== RUN   Test_parseV1/Test_correct_V1_parsing_with_value_with_unit
--- PASS: Test_parseV1 (0.00s)
    --- PASS: Test_parseV1/Test_correct_V1_parsing_with_hex_code (0.00s)
    --- PASS: Test_parseV1/Test_correct_V1_parsing_with_value_with_unit (0.00s)
=== RUN   Test_parseV2
=== RUN   Test_parseV2/Test_correct_V2_parsing_with_analog_value_with_unit
=== RUN   Test_parseV2/Test_correct_V2_parsing_without_analog_value
=== RUN   Test_parseV2/parse_negative_value
--- PASS: Test_parseV2 (0.00s)
    --- PASS: Test_parseV2/Test_correct_V2_parsing_with_analog_value_with_unit (0.00s)
    --- PASS: Test_parseV2/Test_correct_V2_parsing_without_analog_value (0.00s)
    --- PASS: Test_parseV2/parse_negative_value (0.00s)
=== RUN   Test_parsePowerStatus
=== RUN   Test_parsePowerStatus/Test_correct_parse_power_status_off
=== RUN   Test_parsePowerStatus/Test_correct_parse_power_status_on
--- PASS: Test_parsePowerStatus (0.00s)
    --- PASS: Test_parsePowerStatus/Test_correct_parse_power_status_off (0.00s)
    --- PASS: Test_parsePowerStatus/Test_correct_parse_power_status_on (0.00s)
=== RUN   Test_parsePowerReading
--- PASS: Test_parsePowerReading (0.00s)
=== RUN   TestSanitizeIPMICmd
=== RUN   TestSanitizeIPMICmd/default_args
=== RUN   TestSanitizeIPMICmd/no_password
=== RUN   TestSanitizeIPMICmd/empty_args
--- PASS: TestSanitizeIPMICmd (0.00s)
    --- PASS: TestSanitizeIPMICmd/default_args (0.00s)
    --- PASS: TestSanitizeIPMICmd/no_password (0.00s)
    --- PASS: TestSanitizeIPMICmd/empty_args (0.00s)
PASS
ok  	github.com/influxdata/telegraf/plugins/inputs/ipmi_sensor	1.625s
=== RUN   TestIpsetEntries
--- PASS: TestIpsetEntries (0.00s)
=== RUN   TestIpsetEntriesCidr
--- PASS: TestIpsetEntriesCidr (0.00s)
=== RUN   TestIpset
=== RUN   TestIpset/0_sets,_no_results
=== RUN   TestIpset/Empty_sets,_no_values
=== RUN   TestIpset/Non-empty_sets,_but_no_counters,_no_results
=== RUN   TestIpset/Line_with_data_but_not_enough_fields
=== RUN   TestIpset/Non-empty_sets,_counters,_no_comment
=== RUN   TestIpset/Sets_with_counters_and_comment
=== RUN   TestIpset/Sets_with_and_without_timeouts
--- PASS: TestIpset (0.00s)
    --- PASS: TestIpset/0_sets,_no_results (0.00s)
    --- PASS: TestIpset/Empty_sets,_no_values (0.00s)
    --- PASS: TestIpset/Non-empty_sets,_but_no_counters,_no_results (0.00s)
    --- PASS: TestIpset/Line_with_data_but_not_enough_fields (0.00s)
    --- PASS: TestIpset/Non-empty_sets,_counters,_no_comment (0.00s)
    --- PASS: TestIpset/Sets_with_counters_and_comment (0.00s)
    --- PASS: TestIpset/Sets_with_and_without_timeouts (0.00s)
=== RUN   TestIpset_Gather_listerError
--- PASS: TestIpset_Gather_listerError (0.00s)
PASS
ok  	github.com/influxdata/telegraf/plugins/inputs/ipset	1.359s
?   	github.com/influxdata/telegraf/plugins/inputs/iptables	[no test files]
?   	github.com/influxdata/telegraf/plugins/inputs/ipvs	[no test files]
=== RUN   TestJobRequest
--- PASS: TestJobRequest (0.00s)
=== RUN   TestResultCode
--- PASS: TestResultCode (0.00s)
=== RUN   TestGatherNodeData
=== RUN   TestGatherNodeData/bad_node_data
=== RUN   TestGatherNodeData/empty_monitor_data
=== RUN   TestGatherNodeData/filtered_nodes_(excluded)
=== RUN   TestGatherNodeData/filtered_nodes_(included)
=== RUN   TestGatherNodeData/normal_data_collection
=== RUN   TestGatherNodeData/slave_is_offline
--- PASS: TestGatherNodeData (0.01s)
    --- PASS: TestGatherNodeData/bad_node_data (0.00s)
    --- PASS: TestGatherNodeData/empty_monitor_data (0.00s)
    --- PASS: TestGatherNodeData/filtered_nodes_(excluded) (0.00s)
    --- PASS: TestGatherNodeData/filtered_nodes_(included) (0.00s)
    --- PASS: TestGatherNodeData/normal_data_collection (0.00s)
    --- PASS: TestGatherNodeData/slave_is_offline (0.00s)
=== RUN   TestLabels
--- PASS: TestLabels (0.00s)
=== RUN   TestInitialize
=== RUN   TestInitialize/bad_jenkins_config
=== RUN   TestInitialize/has_filter
=== RUN   TestInitialize/default_config
--- PASS: TestInitialize (0.00s)
    --- PASS: TestInitialize/bad_jenkins_config (0.00s)
    --- PASS: TestInitialize/has_filter (0.00s)
    --- PASS: TestInitialize/default_config (0.00s)
=== RUN   TestGatherJobs
=== RUN   TestGatherJobs/empty_job
=== RUN   TestGatherJobs/bad_inner_jobs
=== RUN   TestGatherJobs/jobs_has_no_build
=== RUN   TestGatherJobs/bad_build_info
=== RUN   TestGatherJobs/ignore_building_job
=== RUN   TestGatherJobs/ignore_old_build
=== RUN   TestGatherJobs/gather_metrics
=== RUN   TestGatherJobs/gather_metrics_for_jobs_with_space
=== RUN   TestGatherJobs/gather_metrics_for_nested_jobs_with_space_exercising_append_slice_behaviour
=== RUN   TestGatherJobs/gather_sub_jobs,_jobs_filter
--- PASS: TestGatherJobs (0.01s)
    --- PASS: TestGatherJobs/empty_job (0.00s)
    --- PASS: TestGatherJobs/bad_inner_jobs (0.00s)
    --- PASS: TestGatherJobs/jobs_has_no_build (0.00s)
    --- PASS: TestGatherJobs/bad_build_info (0.00s)
    --- PASS: TestGatherJobs/ignore_building_job (0.00s)
    --- PASS: TestGatherJobs/ignore_old_build (0.00s)
    --- PASS: TestGatherJobs/gather_metrics (0.00s)
    --- PASS: TestGatherJobs/gather_metrics_for_jobs_with_space (0.00s)
    --- PASS: TestGatherJobs/gather_metrics_for_nested_jobs_with_space_exercising_append_slice_behaviour (0.00s)
    --- PASS: TestGatherJobs/gather_sub_jobs,_jobs_filter (0.00s)
PASS
ok  	github.com/influxdata/telegraf/plugins/inputs/jenkins	0.675s
=== RUN   TestScalarValues
--- PASS: TestScalarValues (0.00s)
=== RUN   TestObjectValues
--- PASS: TestObjectValues (0.00s)
=== RUN   TestStatusCodes
--- PASS: TestStatusCodes (0.00s)
=== RUN   TestTagRenaming
--- PASS: TestTagRenaming (0.00s)
=== RUN   TestFieldRenaming
--- PASS: TestFieldRenaming (0.00s)
=== RUN   TestMetricMbeanMatching
--- PASS: TestMetricMbeanMatching (0.00s)
=== RUN   TestMetricCompaction
--- PASS: TestMetricCompaction (0.00s)
=== RUN   TestJolokia2_ClientAuthRequest
--- PASS: TestJolokia2_ClientAuthRequest (0.00s)
=== RUN   TestFillFields
--- PASS: TestFillFields (0.00s)
=== RUN   TestIntegrationArtemis
--- FAIL: TestIntegrationArtemis (0.00s)
panic: check host "unix:///var/run/docker.sock": docker info: Cannot connect to the Docker daemon at unix:///var/run/docker.sock. Is the docker daemon running?
	check host "unix:///Users/frederikmoschner/.docker/run/docker.sock": docker info: Cannot connect to the Docker daemon at unix:///Users/frederikmoschner/.docker/run/docker.sock. Is the docker daemon running? [recovered]
	panic: check host "unix:///var/run/docker.sock": docker info: Cannot connect to the Docker daemon at unix:///var/run/docker.sock. Is the docker daemon running?
	check host "unix:///Users/frederikmoschner/.docker/run/docker.sock": docker info: Cannot connect to the Docker daemon at unix:///Users/frederikmoschner/.docker/run/docker.sock. Is the docker daemon running?

goroutine 55 [running]:
testing.tRunner.func1.2({0x10371e400, 0x14000156798})
	/opt/homebrew/Cellar/go/1.24.0/libexec/src/testing/testing.go:1734 +0x1ac
testing.tRunner.func1()
	/opt/homebrew/Cellar/go/1.24.0/libexec/src/testing/testing.go:1737 +0x334
panic({0x10371e400?, 0x14000156798?})
	/opt/homebrew/Cellar/go/1.24.0/libexec/src/runtime/panic.go:787 +0x124
github.com/testcontainers/testcontainers-go/internal/core.MustExtractDockerHost.func1()
	/Users/frederikmoschner/go/pkg/mod/github.com/testcontainers/testcontainers-go@v0.34.0/internal/core/docker_host.go:91 +0x70
sync.(*Once).doSlow(0x2e1c320b28010000?, 0x2540be400?)
	/opt/homebrew/Cellar/go/1.24.0/libexec/src/sync/once.go:78 +0xf0
sync.(*Once).Do(...)
	/opt/homebrew/Cellar/go/1.24.0/libexec/src/sync/once.go:69
github.com/testcontainers/testcontainers-go/internal/core.MustExtractDockerHost({0x103854528?, 0x103e84c40?})
	/Users/frederikmoschner/go/pkg/mod/github.com/testcontainers/testcontainers-go@v0.34.0/internal/core/docker_host.go:88 +0x54
github.com/testcontainers/testcontainers-go/internal/core.NewClient({0x103854528, 0x103e84c40}, {0x0, 0x0, 0x140000498d8?})
	/Users/frederikmoschner/go/pkg/mod/github.com/testcontainers/testcontainers-go@v0.34.0/internal/core/client.go:17 +0x9c
github.com/testcontainers/testcontainers-go.NewDockerClientWithOpts({0x103854528, 0x103e84c40}, {0x0, 0x0, 0x0})
	/Users/frederikmoschner/go/pkg/mod/github.com/testcontainers/testcontainers-go@v0.34.0/docker_client.go:117 +0x4c
github.com/testcontainers/testcontainers-go.NewDockerProvider({0x140000905c0, 0x2, 0x1034927e6?})
	/Users/frederikmoschner/go/pkg/mod/github.com/testcontainers/testcontainers-go@v0.34.0/provider.go:143 +0xf0
github.com/testcontainers/testcontainers-go.ProviderType.GetProvider(0x0, {0x1400046adf8, 0x1, 0x0?})
	/Users/frederikmoschner/go/pkg/mod/github.com/testcontainers/testcontainers-go@v0.34.0/provider.go:114 +0x380
github.com/testcontainers/testcontainers-go.GenericContainer({_, _}, {{{{0x0, 0x0}, {0x0, 0x0}, {0x0, 0x0}, {0x0, 0x0}, ...}, ...}, ...})
	/Users/frederikmoschner/go/pkg/mod/github.com/testcontainers/testcontainers-go@v0.34.0/generic.go:59 +0xf0
github.com/influxdata/telegraf/testutil.(*Container).Start(0x140002d4240)
	/Users/frederikmoschner/Documents/plugin_erweiterung/telegraf/testutil/container.go:76 +0x2d8
github.com/influxdata/telegraf/plugins/inputs/jolokia2_agent_test.TestIntegrationArtemis(0x14000502fc0)
	/Users/frederikmoschner/Documents/plugin_erweiterung/telegraf/plugins/inputs/jolokia2_agent/jolokia2_agent_test.go:700 +0x278
testing.tRunner(0x14000502fc0, 0x103843850)
	/opt/homebrew/Cellar/go/1.24.0/libexec/src/testing/testing.go:1792 +0xe4
created by testing.(*T).Run in goroutine 1
	/opt/homebrew/Cellar/go/1.24.0/libexec/src/testing/testing.go:1851 +0x374
FAIL	github.com/influxdata/telegraf/plugins/inputs/jolokia2_agent	0.863s
=== RUN   TestJolokia2_ProxyTargets
--- PASS: TestJolokia2_ProxyTargets (0.00s)
=== RUN   TestJolokia2_ClientProxyAuthRequest
--- PASS: TestJolokia2_ClientProxyAuthRequest (0.00s)
=== RUN   TestFillFields
--- PASS: TestFillFields (0.00s)
PASS
ok  	github.com/influxdata/telegraf/plugins/inputs/jolokia2_proxy	1.098s
=== RUN   TestOpenConfigTelemetryData
--- PASS: TestOpenConfigTelemetryData (0.01s)
=== RUN   TestOpenConfigTelemetryData_timestamp
--- PASS: TestOpenConfigTelemetryData_timestamp (0.01s)
=== RUN   TestOpenConfigTelemetryDataWithPrefix
--- PASS: TestOpenConfigTelemetryDataWithPrefix (0.02s)
=== RUN   TestOpenConfigTelemetryDataWithMultipleTags
--- PASS: TestOpenConfigTelemetryDataWithMultipleTags (0.01s)
=== RUN   TestOpenConfigTelemetryDataWithStringValues
--- PASS: TestOpenConfigTelemetryDataWithStringValues (0.01s)
PASS
ok  	github.com/influxdata/telegraf/plugins/inputs/jti_openconfig_telemetry	1.455s
?   	github.com/influxdata/telegraf/plugins/inputs/jti_openconfig_telemetry/auth	[no test files]
?   	github.com/influxdata/telegraf/plugins/inputs/jti_openconfig_telemetry/oc	[no test files]
=== RUN   TestInit
=== RUN   TestInit/default_config
=== RUN   TestInit/parses_valid_version_string
=== RUN   TestInit/invalid_version_string
=== RUN   TestInit/custom_client_id
=== RUN   TestInit/custom_offset
=== RUN   TestInit/invalid_offset
=== RUN   TestInit/default_tls_without_tls_config
=== RUN   TestInit/enabled_tls_without_tls_config
=== RUN   TestInit/default_tls_with_a_tls_config
=== RUN   TestInit/Insecure_tls
=== RUN   TestInit/custom_max_processing_time
--- PASS: TestInit (0.00s)
    --- PASS: TestInit/default_config (0.00s)
    --- PASS: TestInit/parses_valid_version_string (0.00s)
    --- PASS: TestInit/invalid_version_string (0.00s)
    --- PASS: TestInit/custom_client_id (0.00s)
    --- PASS: TestInit/custom_offset (0.00s)
    --- PASS: TestInit/invalid_offset (0.00s)
    --- PASS: TestInit/default_tls_without_tls_config (0.00s)
    --- PASS: TestInit/enabled_tls_without_tls_config (0.00s)
    --- PASS: TestInit/default_tls_with_a_tls_config (0.00s)
    --- PASS: TestInit/Insecure_tls (0.00s)
    --- PASS: TestInit/custom_max_processing_time (0.00s)
=== RUN   TestStartStop
--- PASS: TestStartStop (0.00s)
=== RUN   TestConsumerGroupHandlerLifecycle
--- PASS: TestConsumerGroupHandlerLifecycle (0.00s)
=== RUN   TestConsumerGroupHandlerConsumeClaim
--- PASS: TestConsumerGroupHandlerConsumeClaim (0.00s)
=== RUN   TestConsumerGroupHandlerHandle
=== RUN   TestConsumerGroupHandlerHandle/happy_path
=== RUN   TestConsumerGroupHandlerHandle/message_to_long
=== RUN   TestConsumerGroupHandlerHandle/parse_error
=== RUN   TestConsumerGroupHandlerHandle/add_topic_tag
--- PASS: TestConsumerGroupHandlerHandle (0.00s)
    --- PASS: TestConsumerGroupHandlerHandle/happy_path (0.00s)
    --- PASS: TestConsumerGroupHandlerHandle/message_to_long (0.00s)
    --- PASS: TestConsumerGroupHandlerHandle/parse_error (0.00s)
    --- PASS: TestConsumerGroupHandlerHandle/add_topic_tag (0.00s)
=== RUN   TestExponentialBackoff
    kafka_consumer_test.go:523: elapsed 85567250
    kafka_consumer_test.go:529: expected > 70000000
--- PASS: TestExponentialBackoff (0.09s)
=== RUN   TestExponentialBackoffDefault
2025-02-19T20:37:01Z W! [] metadata_retry_backoff is 0, using 250ms
--- PASS: TestExponentialBackoffDefault (0.00s)
=== RUN   TestKafkaRoundTripIntegration
=== RUN   TestKafkaRoundTripIntegration/connection_strategy_startup
--- FAIL: TestKafkaRoundTripIntegration (0.00s)
    --- FAIL: TestKafkaRoundTripIntegration/connection_strategy_startup (0.00s)
panic: check host "unix:///var/run/docker.sock": docker info: Cannot connect to the Docker daemon at unix:///var/run/docker.sock. Is the docker daemon running?
	check host "unix:///Users/frederikmoschner/.docker/run/docker.sock": docker info: Cannot connect to the Docker daemon at unix:///Users/frederikmoschner/.docker/run/docker.sock. Is the docker daemon running? [recovered]
	panic: check host "unix:///var/run/docker.sock": docker info: Cannot connect to the Docker daemon at unix:///var/run/docker.sock. Is the docker daemon running?
	check host "unix:///Users/frederikmoschner/.docker/run/docker.sock": docker info: Cannot connect to the Docker daemon at unix:///Users/frederikmoschner/.docker/run/docker.sock. Is the docker daemon running?

goroutine 83 [running]:
testing.tRunner.func1.2({0x101113760, 0x140001263f0})
	/opt/homebrew/Cellar/go/1.24.0/libexec/src/testing/testing.go:1734 +0x1ac
testing.tRunner.func1()
	/opt/homebrew/Cellar/go/1.24.0/libexec/src/testing/testing.go:1737 +0x334
panic({0x101113760?, 0x140001263f0?})
	/opt/homebrew/Cellar/go/1.24.0/libexec/src/runtime/panic.go:787 +0x124
github.com/testcontainers/testcontainers-go/internal/core.MustExtractDockerHost.func1()
	/Users/frederikmoschner/go/pkg/mod/github.com/testcontainers/testcontainers-go@v0.34.0/internal/core/docker_host.go:91 +0x70
sync.(*Once).doSlow(0x0?, 0x2540be400?)
	/opt/homebrew/Cellar/go/1.24.0/libexec/src/sync/once.go:78 +0xf0
sync.(*Once).Do(...)
	/opt/homebrew/Cellar/go/1.24.0/libexec/src/sync/once.go:69
github.com/testcontainers/testcontainers-go/internal/core.MustExtractDockerHost({0x101288868?, 0x1019bb4a0?})
	/Users/frederikmoschner/go/pkg/mod/github.com/testcontainers/testcontainers-go@v0.34.0/internal/core/docker_host.go:88 +0x54
github.com/testcontainers/testcontainers-go/internal/core.NewClient({0x101288868, 0x1019bb4a0}, {0x0, 0x0, 0x0?})
	/Users/frederikmoschner/go/pkg/mod/github.com/testcontainers/testcontainers-go@v0.34.0/internal/core/client.go:17 +0x9c
github.com/testcontainers/testcontainers-go.NewDockerClientWithOpts({0x101288868, 0x1019bb4a0}, {0x0, 0x0, 0x0})
	/Users/frederikmoschner/go/pkg/mod/github.com/testcontainers/testcontainers-go@v0.34.0/docker_client.go:117 +0x4c
github.com/testcontainers/testcontainers-go.NewDockerProvider({0x140000b43e0, 0x2, 0x100e2f1dd?})
	/Users/frederikmoschner/go/pkg/mod/github.com/testcontainers/testcontainers-go@v0.34.0/provider.go:143 +0xf0
github.com/testcontainers/testcontainers-go.ProviderType.GetProvider(0x0, {0x14000560be8, 0x1, 0x10056a05c?})
	/Users/frederikmoschner/go/pkg/mod/github.com/testcontainers/testcontainers-go@v0.34.0/provider.go:114 +0x380
github.com/testcontainers/testcontainers-go.GenericContainer({_, _}, {{{{0x0, 0x0}, {0x0, 0x0}, {0x0, 0x0}, {0x0, 0x0}, ...}, ...}, ...})
	/Users/frederikmoschner/go/pkg/mod/github.com/testcontainers/testcontainers-go@v0.34.0/generic.go:59 +0xf0
github.com/testcontainers/testcontainers-go/modules/kafka.Run({0x101288868, 0x1019bb4a0}, {0x100e4822d, 0x22}, {0x0, 0x0, 0x0?})
	/Users/frederikmoschner/go/pkg/mod/github.com/testcontainers/testcontainers-go/modules/kafka@v0.34.0/kafka.go:109 +0x6f0
github.com/influxdata/telegraf/plugins/inputs/kafka_consumer.TestKafkaRoundTripIntegration.func1(0x140000d4380)
	/Users/frederikmoschner/Documents/plugin_erweiterung/telegraf/plugins/inputs/kafka_consumer/kafka_consumer_test.go:588 +0x5c
testing.tRunner(0x140000d4380, 0x14000212240)
	/opt/homebrew/Cellar/go/1.24.0/libexec/src/testing/testing.go:1792 +0xe4
created by testing.(*T).Run in goroutine 82
	/opt/homebrew/Cellar/go/1.24.0/libexec/src/testing/testing.go:1851 +0x374
FAIL	github.com/influxdata/telegraf/plugins/inputs/kafka_consumer	0.720s
=== RUN   TestKapacitor
--- PASS: TestKapacitor (0.03s)
=== RUN   TestMissingStats
--- PASS: TestMissingStats (0.00s)
=== RUN   TestErrorHandling
--- PASS: TestErrorHandling (0.00s)
=== RUN   TestErrorHandling404
--- PASS: TestErrorHandling404 (0.00s)
PASS
ok  	github.com/influxdata/telegraf/plugins/inputs/kapacitor	0.892s
?   	github.com/influxdata/telegraf/plugins/inputs/kernel	[no test files]
?   	github.com/influxdata/telegraf/plugins/inputs/kernel_vmstat	[no test files]
=== RUN   TestGather
--- PASS: TestGather (0.00s)
PASS
ok  	github.com/influxdata/telegraf/plugins/inputs/kibana	1.126s
=== RUN   TestInvalidCoding
--- PASS: TestInvalidCoding (0.00s)
=== RUN   TestOnMessage
=== RUN   TestOnMessage/test_no_compression
=== RUN   TestOnMessage/test_no_compression_via_empty_string_for_ContentEncoding
=== RUN   TestOnMessage/test_no_compression_via_identity_ContentEncoding
=== RUN   TestOnMessage/test_no_compression_via_no_ContentEncoding
=== RUN   TestOnMessage/test_gzip_compression
=== RUN   TestOnMessage/test_zlib_compression
--- PASS: TestOnMessage (0.00s)
    --- PASS: TestOnMessage/test_no_compression (0.00s)
    --- PASS: TestOnMessage/test_no_compression_via_empty_string_for_ContentEncoding (0.00s)
    --- PASS: TestOnMessage/test_no_compression_via_identity_ContentEncoding (0.00s)
    --- PASS: TestOnMessage/test_no_compression_via_no_ContentEncoding (0.00s)
    --- PASS: TestOnMessage/test_gzip_compression (0.00s)
    --- PASS: TestOnMessage/test_zlib_compression (0.00s)
PASS
ok  	github.com/influxdata/telegraf/plugins/inputs/kinesis_consumer	0.866s
=== RUN   TestRegularReceives_DPT
2025/02/19 21:37:02 D! [knx_listener] Group-address mapping for measurement "test":
2025/02/19 21:37:02 D! [knx_listener]   1/0/1 --> 1.001
2025/02/19 21:37:02 D! [knx_listener] Group-address mapping for measurement "test":
2025/02/19 21:37:02 D! [knx_listener]   1/0/2 --> 1.002
2025/02/19 21:37:02 D! [knx_listener] Group-address mapping for measurement "test":
2025/02/19 21:37:02 D! [knx_listener]   1/0/3 --> 1.003
2025/02/19 21:37:02 D! [knx_listener] Group-address mapping for measurement "test":
2025/02/19 21:37:02 D! [knx_listener]   1/0/9 --> 1.009
2025/02/19 21:37:02 D! [knx_listener] Group-address mapping for measurement "test":
2025/02/19 21:37:02 D! [knx_listener]   1/1/0 --> 1.010
2025/02/19 21:37:02 D! [knx_listener] Group-address mapping for measurement "test":
2025/02/19 21:37:02 D! [knx_listener]   1/1/1 --> 1.001
2025/02/19 21:37:02 D! [knx_listener] Group-address mapping for measurement "test":
2025/02/19 21:37:02 D! [knx_listener]   1/1/2 --> 1.001
2025/02/19 21:37:02 D! [knx_listener] Group-address mapping for measurement "test":
2025/02/19 21:37:02 D! [knx_listener]   1/1/3 --> 1.002
2025/02/19 21:37:02 D! [knx_listener] Group-address mapping for measurement "test":
2025/02/19 21:37:02 D! [knx_listener]   1/1/4 --> 1.002
2025/02/19 21:37:02 D! [knx_listener] Group-address mapping for measurement "test":
2025/02/19 21:37:02 D! [knx_listener]   1/1/5 --> 1.003
2025/02/19 21:37:02 D! [knx_listener] Group-address mapping for measurement "test":
2025/02/19 21:37:02 D! [knx_listener]   1/1/6 --> 1.003
2025/02/19 21:37:02 D! [knx_listener] Group-address mapping for measurement "test":
2025/02/19 21:37:02 D! [knx_listener]   1/1/7 --> 1.009
2025/02/19 21:37:02 D! [knx_listener] Group-address mapping for measurement "test":
2025/02/19 21:37:02 D! [knx_listener]   1/1/8 --> 1.009
2025/02/19 21:37:02 D! [knx_listener] Group-address mapping for measurement "test":
2025/02/19 21:37:02 D! [knx_listener]   1/2/0 --> 1.010
2025/02/19 21:37:02 D! [knx_listener] Group-address mapping for measurement "test":
2025/02/19 21:37:02 D! [knx_listener]   1/2/1 --> 1.010
2025/02/19 21:37:02 D! [knx_listener] Group-address mapping for measurement "test":
2025/02/19 21:37:02 D! [knx_listener]   5/0/1 --> 5.001
2025/02/19 21:37:02 D! [knx_listener] Group-address mapping for measurement "test":
2025/02/19 21:37:02 D! [knx_listener]   5/0/3 --> 5.003
2025/02/19 21:37:02 D! [knx_listener] Group-address mapping for measurement "test":
2025/02/19 21:37:02 D! [knx_listener]   5/0/4 --> 5.004
2025/02/19 21:37:02 D! [knx_listener] Group-address mapping for measurement "test":
2025/02/19 21:37:02 D! [knx_listener]   9/0/1 --> 9.001
2025/02/19 21:37:02 D! [knx_listener] Group-address mapping for measurement "test":
2025/02/19 21:37:02 D! [knx_listener]   9/0/4 --> 9.004
2025/02/19 21:37:02 D! [knx_listener] Group-address mapping for measurement "test":
2025/02/19 21:37:02 D! [knx_listener]   9/0/5 --> 9.005
2025/02/19 21:37:02 D! [knx_listener] Group-address mapping for measurement "test":
2025/02/19 21:37:02 D! [knx_listener]   9/0/7 --> 9.007
2025/02/19 21:37:02 D! [knx_listener] Group-address mapping for measurement "test":
2025/02/19 21:37:02 D! [knx_listener]   13/0/1 --> 13.001
2025/02/19 21:37:02 D! [knx_listener] Group-address mapping for measurement "test":
2025/02/19 21:37:02 D! [knx_listener]   13/0/2 --> 13.002
2025/02/19 21:37:02 D! [knx_listener] Group-address mapping for measurement "test":
2025/02/19 21:37:02 D! [knx_listener]   13/1/0 --> 13.010
2025/02/19 21:37:02 D! [knx_listener] Group-address mapping for measurement "test":
2025/02/19 21:37:02 D! [knx_listener]   13/1/1 --> 13.011
2025/02/19 21:37:02 D! [knx_listener] Group-address mapping for measurement "test":
2025/02/19 21:37:02 D! [knx_listener]   13/1/2 --> 13.012
2025/02/19 21:37:02 D! [knx_listener] Group-address mapping for measurement "test":
2025/02/19 21:37:02 D! [knx_listener]   13/1/3 --> 13.013
2025/02/19 21:37:02 D! [knx_listener] Group-address mapping for measurement "test":
2025/02/19 21:37:02 D! [knx_listener]   13/1/4 --> 13.014
2025/02/19 21:37:02 D! [knx_listener] Group-address mapping for measurement "test":
2025/02/19 21:37:02 D! [knx_listener]   13/1/5 --> 13.015
2025/02/19 21:37:02 D! [knx_listener] Group-address mapping for measurement "test":
2025/02/19 21:37:02 D! [knx_listener]   14/0/0 --> 14.000
2025/02/19 21:37:02 D! [knx_listener] Group-address mapping for measurement "test":
2025/02/19 21:37:02 D! [knx_listener]   14/0/1 --> 14.001
2025/02/19 21:37:02 D! [knx_listener] Group-address mapping for measurement "test":
2025/02/19 21:37:02 D! [knx_listener]   14/0/2 --> 14.002
2025/02/19 21:37:02 D! [knx_listener] Group-address mapping for measurement "test":
2025/02/19 21:37:02 D! [knx_listener]   14/0/3 --> 14.003
2025/02/19 21:37:02 D! [knx_listener] Group-address mapping for measurement "test":
2025/02/19 21:37:02 D! [knx_listener]   14/0/4 --> 14.004
2025/02/19 21:37:02 D! [knx_listener] Group-address mapping for measurement "test":
2025/02/19 21:37:02 D! [knx_listener]   14/1/0 --> 14.010
2025/02/19 21:37:02 D! [knx_listener] Group-address mapping for measurement "test":
2025/02/19 21:37:02 D! [knx_listener]   14/1/1 --> 14.011
2025/02/19 21:37:02 D! [knx_listener] Group-address mapping for measurement "test":
2025/02/19 21:37:02 D! [knx_listener]   16/0/0 --> 16.000
2025/02/19 21:37:02 I! [knx_listener] Trying to connect to "dummy" at ""
2025/02/19 21:37:02 I! [knx_listener] Connected!
2025/02/19 21:37:02 D! [knx_listener] Matched GA "1/0/1" to measurement "test" with value On
2025/02/19 21:37:02 D! [knx_listener] Matched GA "1/0/2" to measurement "test" with value False
2025/02/19 21:37:02 D! [knx_listener] Matched GA "1/0/3" to measurement "test" with value Enable
2025/02/19 21:37:02 D! [knx_listener] Matched GA "1/0/9" to measurement "test" with value Open
2025/02/19 21:37:02 D! [knx_listener] Matched GA "1/1/0" to measurement "test" with value Start
2025/02/19 21:37:02 D! [knx_listener] Matched GA "1/1/1" to measurement "test" with value On
2025/02/19 21:37:02 D! [knx_listener] Matched GA "1/1/2" to measurement "test" with value Off
2025/02/19 21:37:02 D! [knx_listener] Matched GA "1/1/3" to measurement "test" with value True
2025/02/19 21:37:02 D! [knx_listener] Matched GA "1/1/4" to measurement "test" with value False
2025/02/19 21:37:02 D! [knx_listener] Matched GA "1/1/5" to measurement "test" with value Enable
2025/02/19 21:37:02 D! [knx_listener] Matched GA "1/1/6" to measurement "test" with value Disable
2025/02/19 21:37:02 D! [knx_listener] Matched GA "1/1/7" to measurement "test" with value Close
2025/02/19 21:37:02 D! [knx_listener] Matched GA "1/1/8" to measurement "test" with value Open
2025/02/19 21:37:02 D! [knx_listener] Matched GA "1/2/0" to measurement "test" with value Start
2025/02/19 21:37:02 D! [knx_listener] Matched GA "1/2/1" to measurement "test" with value Stop
2025/02/19 21:37:02 D! [knx_listener] Matched GA "5/0/1" to measurement "test" with value 12.16%
2025/02/19 21:37:02 D! [knx_listener] Matched GA "5/0/3" to measurement "test" with value 121.41°
2025/02/19 21:37:02 D! [knx_listener] Matched GA "5/0/4" to measurement "test" with value 25.00%
2025/02/19 21:37:02 D! [knx_listener] Matched GA "9/0/1" to measurement "test" with value 18.56 °C
2025/02/19 21:37:02 D! [knx_listener] Matched GA "9/0/4" to measurement "test" with value 243.84 lux
2025/02/19 21:37:02 D! [knx_listener] Matched GA "9/0/5" to measurement "test" with value 12.01 m/s
2025/02/19 21:37:02 D! [knx_listener] Matched GA "9/0/7" to measurement "test" with value 59.32 %
2025/02/19 21:37:02 D! [knx_listener] Matched GA "13/0/1" to measurement "test" with value -15 pulses
2025/02/19 21:37:02 D! [knx_listener] Matched GA "13/0/2" to measurement "test" with value 183 m^3/h
2025/02/19 21:37:02 D! [knx_listener] Matched GA "13/1/0" to measurement "test" with value -141 Wh
2025/02/19 21:37:02 D! [knx_listener] Matched GA "13/1/1" to measurement "test" with value 277 VAh
2025/02/19 21:37:02 D! [knx_listener] Matched GA "13/1/2" to measurement "test" with value -4096 VARh
2025/02/19 21:37:02 D! [knx_listener] Matched GA "13/1/3" to measurement "test" with value 8192 kWh
2025/02/19 21:37:02 D! [knx_listener] Matched GA "13/1/4" to measurement "test" with value -65536 kVAh
2025/02/19 21:37:02 D! [knx_listener] Matched GA "13/1/5" to measurement "test" with value 2147483647 kVARh
2025/02/19 21:37:02 D! [knx_listener] Matched GA "14/0/0" to measurement "test" with value -1.31 m/s²
2025/02/19 21:37:02 D! [knx_listener] Matched GA "14/0/1" to measurement "test" with value 0.44 rad/s²
2025/02/19 21:37:02 D! [knx_listener] Matched GA "14/0/2" to measurement "test" with value 32.08 J/mol
2025/02/19 21:37:02 D! [knx_listener] Matched GA "14/0/3" to measurement "test" with value 92.69 s⁻¹
2025/02/19 21:37:02 D! [knx_listener] Matched GA "14/0/4" to measurement "test" with value 1.01 mol
2025/02/19 21:37:02 D! [knx_listener] Matched GA "14/1/0" to measurement "test" with value 5963.78 m²
2025/02/19 21:37:02 D! [knx_listener] Matched GA "14/1/1" to measurement "test" with value 150.95 F
2025/02/19 21:37:02 D! [knx_listener] Matched GA "16/0/0" to measurement "test" with value hello world
--- PASS: TestRegularReceives_DPT (0.00s)
=== RUN   TestRegularReceives_MultipleMessages
2025/02/19 21:37:02 D! [knx_listener] Group-address mapping for measurement "temperature":
2025/02/19 21:37:02 D! [knx_listener]   1/1/1 --> 1.001
2025/02/19 21:37:02 I! [knx_listener] Trying to connect to "dummy" at ""
2025/02/19 21:37:02 I! [knx_listener] Connected!
2025/02/19 21:37:02 D! [knx_listener] Matched GA "1/1/1" to measurement "temperature" with value On
2025/02/19 21:37:02 D! [knx_listener] Matched GA "1/1/1" to measurement "temperature" with value Off
2025/02/19 21:37:02 I! [knx_listener] Ignoring message {Command:Write Source:0.0.0 Destination:1/1/2 Data:[0]} for unknown GA "1/1/2"
--- PASS: TestRegularReceives_MultipleMessages (0.00s)
=== RUN   TestReconnect
2025/02/19 21:37:02 D! [knx_listener] Group-address mapping for measurement "temperature":
2025/02/19 21:37:02 D! [knx_listener]   1/1/1 --> 1.001
2025/02/19 21:37:02 I! [knx_listener] Trying to connect to "dummy" at ""
2025/02/19 21:37:02 I! [knx_listener] Connected!
2025/02/19 21:37:02 D! [knx_listener] Matched GA "1/1/1" to measurement "temperature" with value On
2025/02/19 21:37:02 D! [knx_listener] Matched GA "1/1/1" to measurement "temperature" with value Off
2025/02/19 21:37:02 I! [knx_listener] Ignoring message {Command:Write Source:0.0.0 Destination:1/1/2 Data:[0]} for unknown GA "1/1/2"
2025/02/19 21:37:02 I! [knx_listener] Trying to connect to "dummy" at ""
2025/02/19 21:37:02 I! [knx_listener] Connected!
2025/02/19 21:37:02 D! [knx_listener] Matched GA "1/1/1" to measurement "temperature" with value On
2025/02/19 21:37:02 D! [knx_listener] Matched GA "1/1/1" to measurement "temperature" with value Off
--- PASS: TestReconnect (0.40s)
PASS
ok  	github.com/influxdata/telegraf/plugins/inputs/knx_listener	1.393s
=== RUN   TestNewClient
--- PASS: TestNewClient (0.00s)
=== RUN   TestDaemonSet
--- PASS: TestDaemonSet (0.00s)
=== RUN   TestDaemonSetSelectorFilter
--- PASS: TestDaemonSetSelectorFilter (0.00s)
=== RUN   TestDeployment
--- PASS: TestDeployment (0.00s)
=== RUN   TestDeploymentSelectorFilter
--- PASS: TestDeploymentSelectorFilter (0.00s)
=== RUN   TestEndpoint
--- PASS: TestEndpoint (0.00s)
=== RUN   TestIngress
--- PASS: TestIngress (0.00s)
=== RUN   TestNode
--- PASS: TestNode (0.00s)
=== RUN   TestPersistentVolume
--- PASS: TestPersistentVolume (0.00s)
=== RUN   TestPersistentVolumeClaim
--- PASS: TestPersistentVolumeClaim (0.00s)
=== RUN   TestPersistentVolumeClaimSelectorFilter
--- PASS: TestPersistentVolumeClaimSelectorFilter (0.00s)
=== RUN   TestPod
--- PASS: TestPod (0.00s)
=== RUN   TestPodSelectorFilter
--- PASS: TestPodSelectorFilter (0.00s)
=== RUN   TestPodPendingContainers
--- PASS: TestPodPendingContainers (0.00s)
=== RUN   TestResourceQuota
--- PASS: TestResourceQuota (0.00s)
=== RUN   TestService
--- PASS: TestService (0.00s)
=== RUN   TestServiceSelectorFilter
--- PASS: TestServiceSelectorFilter (0.00s)
=== RUN   TestStatefulSet
--- PASS: TestStatefulSet (0.00s)
=== RUN   TestStatefulSetSelectorFilter
--- PASS: TestStatefulSetSelectorFilter (0.00s)
PASS
ok  	github.com/influxdata/telegraf/plugins/inputs/kube_inventory	1.761s
=== RUN   TestKubernetesStats
--- PASS: TestKubernetesStats (0.00s)
PASS
ok  	github.com/influxdata/telegraf/plugins/inputs/kubernetes	1.020s
=== RUN   TestLanzGeneratesMetrics
--- PASS: TestLanzGeneratesMetrics (0.00s)
PASS
ok  	github.com/influxdata/telegraf/plugins/inputs/lanz	2.453s
=== RUN   TestMockResult
--- PASS: TestMockResult (0.00s)
=== RUN   TestInvalidTLSMode
--- PASS: TestInvalidTLSMode (0.00s)
=== RUN   TestNoConnection
--- PASS: TestNoConnection (0.00s)
=== RUN   TestOpenLDAPIntegration
--- FAIL: TestOpenLDAPIntegration (0.00s)
panic: check host "unix:///var/run/docker.sock": docker info: Cannot connect to the Docker daemon at unix:///var/run/docker.sock. Is the docker daemon running?
	check host "unix:///Users/frederikmoschner/.docker/run/docker.sock": docker info: Cannot connect to the Docker daemon at unix:///Users/frederikmoschner/.docker/run/docker.sock. Is the docker daemon running? [recovered]
	panic: check host "unix:///var/run/docker.sock": docker info: Cannot connect to the Docker daemon at unix:///var/run/docker.sock. Is the docker daemon running?
	check host "unix:///Users/frederikmoschner/.docker/run/docker.sock": docker info: Cannot connect to the Docker daemon at unix:///Users/frederikmoschner/.docker/run/docker.sock. Is the docker daemon running?

goroutine 25 [running]:
testing.tRunner.func1.2({0x10329fac0, 0x14000590258})
	/opt/homebrew/Cellar/go/1.24.0/libexec/src/testing/testing.go:1734 +0x1ac
testing.tRunner.func1()
	/opt/homebrew/Cellar/go/1.24.0/libexec/src/testing/testing.go:1737 +0x334
panic({0x10329fac0?, 0x14000590258?})
	/opt/homebrew/Cellar/go/1.24.0/libexec/src/runtime/panic.go:787 +0x124
github.com/testcontainers/testcontainers-go/internal/core.MustExtractDockerHost.func1()
	/Users/frederikmoschner/go/pkg/mod/github.com/testcontainers/testcontainers-go@v0.34.0/internal/core/docker_host.go:91 +0x70
sync.(*Once).doSlow(0x14000040000?, 0x2540be400?)
	/opt/homebrew/Cellar/go/1.24.0/libexec/src/sync/once.go:78 +0xf0
sync.(*Once).Do(...)
	/opt/homebrew/Cellar/go/1.24.0/libexec/src/sync/once.go:69
github.com/testcontainers/testcontainers-go/internal/core.MustExtractDockerHost({0x1033cfba8?, 0x1039eb020?})
	/Users/frederikmoschner/go/pkg/mod/github.com/testcontainers/testcontainers-go@v0.34.0/internal/core/docker_host.go:88 +0x54
github.com/testcontainers/testcontainers-go/internal/core.NewClient({0x1033cfba8, 0x1039eb020}, {0x0, 0x0, 0x0?})
	/Users/frederikmoschner/go/pkg/mod/github.com/testcontainers/testcontainers-go@v0.34.0/internal/core/client.go:17 +0x9c
github.com/testcontainers/testcontainers-go.NewDockerClientWithOpts({0x1033cfba8, 0x1039eb020}, {0x0, 0x0, 0x0})
	/Users/frederikmoschner/go/pkg/mod/github.com/testcontainers/testcontainers-go@v0.34.0/docker_client.go:117 +0x4c
github.com/testcontainers/testcontainers-go.NewDockerProvider({0x14000310140, 0x2, 0x10301c85e?})
	/Users/frederikmoschner/go/pkg/mod/github.com/testcontainers/testcontainers-go@v0.34.0/provider.go:143 +0xf0
github.com/testcontainers/testcontainers-go.ProviderType.GetProvider(0x0, {0x140004c10d8, 0x1, 0x0?})
	/Users/frederikmoschner/go/pkg/mod/github.com/testcontainers/testcontainers-go@v0.34.0/provider.go:114 +0x380
github.com/testcontainers/testcontainers-go.GenericContainer({_, _}, {{{{0x0, 0x0}, {0x0, 0x0}, {0x0, 0x0}, {0x0, 0x0}, ...}, ...}, ...})
	/Users/frederikmoschner/go/pkg/mod/github.com/testcontainers/testcontainers-go@v0.34.0/generic.go:59 +0xf0
github.com/influxdata/telegraf/testutil.(*Container).Start(0x140002fe360)
	/Users/frederikmoschner/Documents/plugin_erweiterung/telegraf/testutil/container.go:76 +0x2d8
github.com/influxdata/telegraf/plugins/inputs/ldap.TestOpenLDAPIntegration(0x14000102540)
	/Users/frederikmoschner/Documents/plugin_erweiterung/telegraf/plugins/inputs/ldap/ldap_test.go:108 +0x304
testing.tRunner(0x14000102540, 0x1033bf400)
	/opt/homebrew/Cellar/go/1.24.0/libexec/src/testing/testing.go:1792 +0xe4
created by testing.(*T).Run in goroutine 1
	/opt/homebrew/Cellar/go/1.24.0/libexec/src/testing/testing.go:1851 +0x374
FAIL	github.com/influxdata/telegraf/plugins/inputs/ldap	2.034s
=== RUN   TestLeoFSManagerMasterMetricsIntegration
--- PASS: TestLeoFSManagerMasterMetricsIntegration (2.15s)
=== RUN   TestLeoFSManagerSlaveMetricsIntegration
--- PASS: TestLeoFSManagerSlaveMetricsIntegration (1.28s)
=== RUN   TestLeoFSStorageMetricsIntegration
--- PASS: TestLeoFSStorageMetricsIntegration (1.02s)
=== RUN   TestLeoFSGatewayMetricsIntegration
--- PASS: TestLeoFSGatewayMetricsIntegration (1.77s)
PASS
ok  	github.com/influxdata/telegraf/plugins/inputs/leofs	7.424s
=== RUN   TestLibvirt_Init
=== RUN   TestLibvirt_Init/throw_error_when_user_provided_duplicated_state_metric_name
2025/02/19 21:37:06 D! [] No domains given. Collecting metrics from all available domains.
2025/02/19 21:37:06 D! [] Using default libvirt url - "qemu:///system"
=== RUN   TestLibvirt_Init/throw_error_when_user_provided_wrong_metric_name
2025/02/19 21:37:06 D! [] No domains given. Collecting metrics from all available domains.
2025/02/19 21:37:06 D! [] Using default libvirt url - "qemu:///system"
=== RUN   TestLibvirt_Init/throw_error_when_user_provided_invalid_uri
2025/02/19 21:37:06 D! [] No domains given. Collecting metrics from all available domains.
=== RUN   TestLibvirt_Init/successfully_initialize_libvirt_on_correct_user_input
2025/02/19 21:37:06 D! [] No domains given. Collecting metrics from all available domains.
--- PASS: TestLibvirt_Init (0.00s)
    --- PASS: TestLibvirt_Init/throw_error_when_user_provided_duplicated_state_metric_name (0.00s)
    --- PASS: TestLibvirt_Init/throw_error_when_user_provided_wrong_metric_name (0.00s)
    --- PASS: TestLibvirt_Init/throw_error_when_user_provided_invalid_uri (0.00s)
    --- PASS: TestLibvirt_Init/successfully_initialize_libvirt_on_correct_user_input (0.00s)
=== RUN   TestLibvirt_Gather
=== RUN   TestLibvirt_Gather/wrong_uri_throws_error
=== RUN   TestLibvirt_Gather/error_when_read_error_happened_in_gathering_domains
=== RUN   TestLibvirt_Gather/no_error_when_empty_list_of_domains_is_returned
2025/02/19 21:37:06 D! [] Couldn't find any domains on system
=== RUN   TestLibvirt_Gather/error_when_gathering_metrics_by_number
2025/02/19 21:37:06 D! [] No domains given. Collecting metrics from all available domains.
2025/02/19 21:37:06 D! [] Using default libvirt url - "qemu:///system"
=== RUN   TestLibvirt_Gather/successfully_gather_from_host_that_has_domains
2025/02/19 21:37:06 D! [] No domains given. Collecting metrics from all available domains.
2025/02/19 21:37:06 D! [] Using default libvirt url - "qemu:///system"
=== RUN   TestLibvirt_Gather/successfully_gather_from_host_for_excluded_domain
2025/02/19 21:37:06 D! [] Using default libvirt url - "qemu:///system"
--- PASS: TestLibvirt_Gather (0.00s)
    --- PASS: TestLibvirt_Gather/wrong_uri_throws_error (0.00s)
    --- PASS: TestLibvirt_Gather/error_when_read_error_happened_in_gathering_domains (0.00s)
    --- PASS: TestLibvirt_Gather/no_error_when_empty_list_of_domains_is_returned (0.00s)
    --- PASS: TestLibvirt_Gather/error_when_gathering_metrics_by_number (0.00s)
    --- PASS: TestLibvirt_Gather/successfully_gather_from_host_that_has_domains (0.00s)
    --- PASS: TestLibvirt_Gather/successfully_gather_from_host_for_excluded_domain (0.00s)
=== RUN   TestLibvirt_GatherMetrics
=== RUN   TestLibvirt_GatherMetrics/successfully_gather_memory_metrics_from_host_that_has_domains
=== RUN   TestLibvirt_GatherMetrics/successfully_gather_balloon_metrics_from_host_that_has_domains
=== RUN   TestLibvirt_GatherMetrics/successfully_gather_perf_metrics_from_host_that_has_domains
=== RUN   TestLibvirt_GatherMetrics/successfully_gather_cpu_metrics_from_host_that_has_domains
=== RUN   TestLibvirt_GatherMetrics/successfully_gather_interface_metrics_from_host_that_has_domains
=== RUN   TestLibvirt_GatherMetrics/successfully_gather_block_metrics_from_host_that_has_domains
=== RUN   TestLibvirt_GatherMetrics/successfully_gather_iothread_metrics_from_host_that_has_domains
=== RUN   TestLibvirt_GatherMetrics/successfully_gather_dirtyrate_metrics_from_host_that_has_domains
=== RUN   TestLibvirt_GatherMetrics/successfully_gather_vcpu_metrics_from_host_that_has_domains
=== RUN   TestLibvirt_GatherMetrics/successfully_gather_vcpu_metrics_with_vCPU_from_host_that_has_domains
--- PASS: TestLibvirt_GatherMetrics (0.01s)
    --- PASS: TestLibvirt_GatherMetrics/successfully_gather_memory_metrics_from_host_that_has_domains (0.00s)
    --- PASS: TestLibvirt_GatherMetrics/successfully_gather_balloon_metrics_from_host_that_has_domains (0.00s)
    --- PASS: TestLibvirt_GatherMetrics/successfully_gather_perf_metrics_from_host_that_has_domains (0.00s)
    --- PASS: TestLibvirt_GatherMetrics/successfully_gather_cpu_metrics_from_host_that_has_domains (0.00s)
    --- PASS: TestLibvirt_GatherMetrics/successfully_gather_interface_metrics_from_host_that_has_domains (0.00s)
    --- PASS: TestLibvirt_GatherMetrics/successfully_gather_block_metrics_from_host_that_has_domains (0.00s)
    --- PASS: TestLibvirt_GatherMetrics/successfully_gather_iothread_metrics_from_host_that_has_domains (0.00s)
    --- PASS: TestLibvirt_GatherMetrics/successfully_gather_dirtyrate_metrics_from_host_that_has_domains (0.00s)
    --- PASS: TestLibvirt_GatherMetrics/successfully_gather_vcpu_metrics_from_host_that_has_domains (0.00s)
    --- PASS: TestLibvirt_GatherMetrics/successfully_gather_vcpu_metrics_with_vCPU_from_host_that_has_domains (0.00s)
=== RUN   TestLibvirt_validateLibvirtUri
=== RUN   TestLibvirt_validateLibvirtUri/no_error_on_good_uri_provided
=== RUN   TestLibvirt_validateLibvirtUri/unmarshal_error_on_bad_uri_provided
=== RUN   TestLibvirt_validateLibvirtUri/dialer_error_on_bad_ssh_uri_provided
--- PASS: TestLibvirt_validateLibvirtUri (0.00s)
    --- PASS: TestLibvirt_validateLibvirtUri/no_error_on_good_uri_provided (0.00s)
    --- PASS: TestLibvirt_validateLibvirtUri/unmarshal_error_on_bad_uri_provided (0.00s)
    --- PASS: TestLibvirt_validateLibvirtUri/dialer_error_on_bad_ssh_uri_provided (0.00s)
=== RUN   TestLibvirt_calculateMetricNumber
=== RUN   TestLibvirt_calculateMetricNumber/error_on_duplicated_metric_name
=== RUN   TestLibvirt_calculateMetricNumber/error_on_unrecognized_metric_name
=== RUN   TestLibvirt_calculateMetricNumber/correctly_calculates_metrics_number_provided
--- PASS: TestLibvirt_calculateMetricNumber (0.00s)
    --- PASS: TestLibvirt_calculateMetricNumber/error_on_duplicated_metric_name (0.00s)
    --- PASS: TestLibvirt_calculateMetricNumber/error_on_unrecognized_metric_name (0.00s)
    --- PASS: TestLibvirt_calculateMetricNumber/correctly_calculates_metrics_number_provided (0.00s)
=== RUN   TestLibvirt_filterDomains
=== RUN   TestLibvirt_filterDomains/success_filter_domains
--- PASS: TestLibvirt_filterDomains (0.00s)
    --- PASS: TestLibvirt_filterDomains/success_filter_domains (0.00s)
PASS
ok  	github.com/influxdata/telegraf/plugins/inputs/libvirt	2.699s
?   	github.com/influxdata/telegraf/plugins/inputs/linux_cpu	[no test files]
=== RUN   TestSysctlFSGather
--- PASS: TestSysctlFSGather (0.00s)
PASS
ok  	github.com/influxdata/telegraf/plugins/inputs/linux_sysctl_fs	2.217s
=== RUN   TestStartNoParsers
--- PASS: TestStartNoParsers (0.00s)
=== RUN   TestGrokParseLogFilesNonExistPattern
--- PASS: TestGrokParseLogFilesNonExistPattern (0.00s)
=== RUN   TestGrokParseLogFiles
--- PASS: TestGrokParseLogFiles (0.00s)
=== RUN   TestGrokParseLogFilesAppearLater
--- PASS: TestGrokParseLogFilesAppearLater (0.00s)
=== RUN   TestGrokParseLogFilesOneBad
--- PASS: TestGrokParseLogFilesOneBad (0.00s)
=== RUN   TestGrokParseLogFiles_TimestampInEpochMilli
--- PASS: TestGrokParseLogFiles_TimestampInEpochMilli (0.00s)
PASS
ok  	github.com/influxdata/telegraf/plugins/inputs/logparser	0.562s
=== RUN   Test_Logstash5GatherProcessStats
--- PASS: Test_Logstash5GatherProcessStats (0.00s)
=== RUN   Test_Logstash6GatherProcessStats
--- PASS: Test_Logstash6GatherProcessStats (0.00s)
=== RUN   Test_Logstash5GatherPipelineStats
--- PASS: Test_Logstash5GatherPipelineStats (0.00s)
=== RUN   Test_Logstash6GatherPipelinesStats
--- PASS: Test_Logstash6GatherPipelinesStats (0.00s)
=== RUN   Test_Logstash5GatherJVMStats
--- PASS: Test_Logstash5GatherJVMStats (0.00s)
=== RUN   Test_Logstash6GatherJVMStats
--- PASS: Test_Logstash6GatherJVMStats (0.00s)
=== RUN   Test_Logstash7GatherPipelinesQueueStats
--- PASS: Test_Logstash7GatherPipelinesQueueStats (0.00s)
PASS
ok  	github.com/influxdata/telegraf/plugins/inputs/logstash	2.335s
?   	github.com/influxdata/telegraf/plugins/inputs/lustre2	[no test files]
=== RUN   TestGather
--- PASS: TestGather (0.08s)
=== RUN   TestHelperProcess
--- PASS: TestHelperProcess (0.00s)
=== RUN   TestGatherNoLVM
--- PASS: TestGatherNoLVM (0.08s)
=== RUN   TestHelperProcessNoLVM
--- PASS: TestHelperProcessNoLVM (0.00s)
PASS
ok  	github.com/influxdata/telegraf/plugins/inputs/lvm	2.293s
=== RUN   TestMailChimpGatherReports
2025/02/19 21:37:07 D! [] request URL: http://127.0.0.1:51200/3.0/reports
2025/02/19 21:37:07 D! [] response Body: "\n{\n  \"reports\": [\n    {\n      \"id\": \"42694e9e57\",\n      \"campaign_title\": \"Freddie's Jokes Vol. 1\",\n      \"type\": \"regular\",\n      \"emails_sent\": 200,\n      \"abuse_reports\": 0,\n      \"unsubscribed\": 2,\n      \"send_time\": \"2015-09-15T19:05:51+00:00\",\n      \"bounces\": {\n        \"hard_bounces\": 0,\n        \"soft_bounces\": 2,\n        \"syntax_errors\": 0\n      },\n      \"forwards\": {\n        \"forwards_count\": 0,\n        \"forwards_opens\": 0\n      },\n      \"opens\": {\n        \"opens_total\": 186,\n        \"unique_opens\": 100,\n        \"open_rate\": 42,\n        \"last_open\": \"2015-09-15T19:15:47+00:00\"\n      },\n      \"clicks\": {\n        \"clicks_total\": 42,\n        \"unique_clicks\": 400,\n        \"unique_subscriber_clicks\": 42,\n        \"click_rate\": 42,\n        \"last_click\": \"2015-09-15T19:15:47+00:00\"\n      },\n      \"facebook_likes\": {\n        \"recipient_likes\": 5,\n        \"unique_likes\": 8,\n        \"facebook_likes\": 42\n      },\n      \"industry_stats\": {\n        \"type\": \"Social Networks and Online Communities\",\n        \"open_rate\": 0.17076777144396,\n        \"click_rate\": 0.027431311866951,\n        \"bounce_rate\": 0.0063767751251474,\n        \"unopen_rate\": 0.82285545343089,\n        \"unsub_rate\": 0.001436957032815,\n        \"abuse_rate\": 0.00021111996110887\n      },\n      \"list_stats\": {\n        \"sub_rate\": 10,\n        \"unsub_rate\": 20,\n        \"open_rate\": 42,\n        \"click_rate\": 42\n      },\n      \"timeseries\": [\n        {\n          \"timestamp\": \"2015-09-15T19:00:00+00:00\",\n          \"emails_sent\": 198,\n          \"unique_opens\": 0,\n          \"recipients_clicks\": 0\n        },\n        {\n          \"timestamp\": \"2015-09-15T20:00:00+00:00\",\n          \"emails_sent\": 2,\n          \"unique_opens\": 0,\n          \"recipients_clicks\": 0\n        },\n        {\n          \"timestamp\": \"2015-09-15T21:00:00+00:00\",\n          \"emails_sent\": 0,\n          \"unique_opens\": 0,\n          \"recipients_clicks\": 0\n        },\n        {\n          \"timestamp\": \"2015-09-15T22:00:00+00:00\",\n          \"emails_sent\": 0,\n          \"unique_opens\": 0,\n          \"recipients_clicks\": 0\n        },\n        {\n          \"timestamp\": \"2015-09-15T23:00:00+00:00\",\n          \"emails_sent\": 0,\n          \"unique_opens\": 0,\n          \"recipients_clicks\": 0\n        },\n        {\n          \"timestamp\": \"2015-09-16T00:00:00+00:00\",\n          \"emails_sent\": 0,\n          \"unique_opens\": 0,\n          \"recipients_clicks\": 0\n        },\n        {\n          \"timestamp\": \"2015-09-16T01:00:00+00:00\",\n          \"emails_sent\": 0,\n          \"unique_opens\": 0,\n          \"recipients_clicks\": 0\n        },\n        {\n          \"timestamp\": \"2015-09-16T02:00:00+00:00\",\n          \"emails_sent\": 0,\n          \"unique_opens\": 0,\n          \"recipients_clicks\": 0\n        },\n        {\n          \"timestamp\": \"2015-09-16T03:00:00+00:00\",\n          \"emails_sent\": 0,\n          \"unique_opens\": 0,\n          \"recipients_clicks\": 0\n        },\n        {\n          \"timestamp\": \"2015-09-16T04:00:00+00:00\",\n          \"emails_sent\": 0,\n          \"unique_opens\": 0,\n          \"recipients_clicks\": 0\n        },\n        {\n          \"timestamp\": \"2015-09-16T05:00:00+00:00\",\n          \"emails_sent\": 0,\n          \"unique_opens\": 0,\n          \"recipients_clicks\": 0\n        },\n        {\n          \"timestamp\": \"2015-09-16T06:00:00+00:00\",\n          \"emails_sent\": 0,\n          \"unique_opens\": 0,\n          \"recipients_clicks\": 0\n        },\n        {\n          \"timestamp\": \"2015-09-16T07:00:00+00:00\",\n          \"emails_sent\": 0,\n          \"unique_opens\": 0,\n          \"recipients_clicks\": 0\n        },\n        {\n          \"timestamp\": \"2015-09-16T08:00:00+00:00\",\n          \"emails_sent\": 0,\n          \"unique_opens\": 0,\n          \"recipients_clicks\": 0\n        },\n        {\n          \"timestamp\": \"2015-09-16T09:00:00+00:00\",\n          \"emails_sent\": 0,\n          \"unique_opens\": 0,\n          \"recipients_clicks\": 0\n        },\n        {\n          \"timestamp\": \"2015-09-16T10:00:00+00:00\",\n          \"emails_sent\": 0,\n          \"unique_opens\": 0,\n          \"recipients_clicks\": 0\n        },\n        {\n          \"timestamp\": \"2015-09-16T11:00:00+00:00\",\n          \"emails_sent\": 0,\n          \"unique_opens\": 0,\n          \"recipients_clicks\": 0\n        },\n        {\n          \"timestamp\": \"2015-09-16T12:00:00+00:00\",\n          \"emails_sent\": 0,\n          \"unique_opens\": 0,\n          \"recipients_clicks\": 0\n        },\n        {\n          \"timestamp\": \"2015-09-16T13:00:00+00:00\",\n          \"emails_sent\": 0,\n          \"unique_opens\": 0,\n          \"recipients_clicks\": 0\n        },\n        {\n          \"timestamp\": \"2015-09-16T14:00:00+00:00\",\n          \"emails_sent\": 0,\n          \"unique_opens\": 0,\n          \"recipients_clicks\": 0\n        },\n        {\n          \"timestamp\": \"2015-09-16T15:00:00+00:00\",\n          \"emails_sent\": 0,\n          \"unique_opens\": 0,\n          \"recipients_clicks\": 0\n        },\n        {\n          \"timestamp\": \"2015-09-16T16:00:00+00:00\",\n          \"emails_sent\": 0,\n          \"unique_opens\": 0,\n          \"recipients_clicks\": 0\n        },\n        {\n          \"timestamp\": \"2015-09-16T17:00:00+00:00\",\n          \"emails_sent\": 0,\n          \"unique_opens\": 0,\n          \"recipients_clicks\": 0\n        },\n        {\n          \"timestamp\": \"2015-09-16T18:00:00+00:00\",\n          \"emails_sent\": 0,\n          \"unique_opens\": 0,\n          \"recipients_clicks\": 0\n        }\n      ],\n      \"share_report\": {\n        \"share_url\": \"http://usX.vip-reports.net/reports/summary?u=xxxx&id=xxxx\",\n        \"share_password\": \"freddielikesjokes\"\n      },\n      \"delivery_status\": {\n        \"enabled\": false\n      },\n      \"_links\": [\n        {\n          \"rel\": \"parent\",\n          \"href\": \"https://usX.api.mailchimp.com/3.0/reports\",\n          \"method\": \"GET\",\n          \"targetSchema\": \"https://api.mailchimp.com/schema/3.0/Reports/Collection.json\",\n          \"schema\": \"https://api.mailchimp.com/schema/3.0/CollectionLinks/Reports.json\"\n        },\n        {\n          \"rel\": \"self\",\n          \"href\": \"https://usX.api.mailchimp.com/3.0/reports/42694e9e57\",\n          \"method\": \"GET\",\n          \"targetSchema\": \"https://api.mailchimp.com/schema/3.0/Reports/Instance.json\"\n        },\n        {\n          \"rel\": \"campaign\",\n          \"href\": \"https://usX.api.mailchimp.com/3.0/campaigns/42694e9e57\",\n          \"method\": \"GET\",\n          \"targetSchema\": \"https://api.mailchimp.com/schema/3.0/Campaigns/Instance.json\"\n        },\n        {\n          \"rel\": \"sub-reports\",\n          \"href\": \"https://usX.api.mailchimp.com/3.0/reports/42694e9e57/sub-reports\",\n          \"method\": \"GET\",\n          \"targetSchema\": \"https://api.mailchimp.com/schema/3.0/Reports/Sub/Collection.json\"\n        },\n        {\n          \"rel\": \"abuse-reports\",\n          \"href\": \"https://usX.api.mailchimp.com/3.0/reports/42694e9e57/abuse-reports\",\n          \"method\": \"GET\",\n          \"targetSchema\": \"https://api.mailchimp.com/schema/3.0/Reports/Abuse/Collection.json\"\n        },\n        {\n          \"rel\": \"advice\",\n          \"href\": \"https://usX.api.mailchimp.com/3.0/reports/42694e9e57/advice\",\n          \"method\": \"GET\",\n          \"targetSchema\": \"https://api.mailchimp.com/schema/3.0/Reports/Advice/Collection.json\"\n        },\n        {\n          \"rel\": \"click-details\",\n          \"href\": \"https://usX.api.mailchimp.com/3.0/reports/42694e9e57/click-details\",\n          \"method\": \"GET\",\n          \"targetSchema\": \"https://api.mailchimp.com/schema/3.0/Reports/ClickDetails/Collection.json\"\n        },\n        {\n          \"rel\": \"domain-performance\",\n          \"href\": \"https://usX.api.mailchimp.com/3.0/reports/42694e9e57/domain-performance\",\n          \"method\": \"GET\",\n          \"targetSchema\": \"https://api.mailchimp.com/schema/3.0/Reports/DomainPerformance/Collection.json\"\n        },\n        {\n          \"rel\": \"eepurl\",\n          \"href\": \"https://usX.api.mailchimp.com/3.0/reports/42694e9e57/eepurl\",\n          \"method\": \"GET\",\n          \"targetSchema\": \"https://api.mailchimp.com/schema/3.0/Reports/Eepurl/Collection.json\"\n        },\n        {\n          \"rel\": \"email-activity\",\n          \"href\": \"https://usX.api.mailchimp.com/3.0/reports/42694e9e57/email-activity\",\n          \"method\": \"GET\",\n          \"targetSchema\": \"https://api.mailchimp.com/schema/3.0/Reports/EmailActivity/Collection.json\"\n        },\n        {\n          \"rel\": \"locations\",\n          \"href\": \"https://usX.api.mailchimp.com/3.0/reports/42694e9e57/locations\",\n          \"method\": \"GET\",\n          \"targetSchema\": \"https://api.mailchimp.com/schema/3.0/Reports/Locations/Collection.json\"\n        },\n        {\n          \"rel\": \"sent-to\",\n          \"href\": \"https://usX.api.mailchimp.com/3.0/reports/42694e9e57/sent-to\",\n          \"method\": \"GET\",\n          \"targetSchema\": \"https://api.mailchimp.com/schema/3.0/Reports/SentTo/Collection.json\"\n        },\n        {\n          \"rel\": \"unsubscribed\",\n          \"href\": \"https://usX.api.mailchimp.com/3.0/reports/42694e9e57/unsubscribed\",\n          \"method\": \"GET\",\n          \"targetSchema\": \"https://api.mailchimp.com/schema/3.0/Reports/Unsubs/Collection.json\"\n        }\n      ]\n    }\n  ],\n  \"_links\": [\n    {\n      \"rel\": \"parent\",\n      \"href\": \"https://usX.api.mailchimp.com/3.0/\",\n      \"method\": \"GET\",\n      \"targetSchema\": \"https://api.mailchimp.com/schema/3.0/Root.json\"\n    },\n    {\n      \"rel\": \"self\",\n      \"href\": \"https://usX.api.mailchimp.com/3.0/reports\",\n      \"method\": \"GET\",\n      \"targetSchema\": \"https://api.mailchimp.com/schema/3.0/Reports/Collection.json\",\n      \"schema\": \"https://api.mailchimp.com/schema/3.0/CollectionLinks/Reports.json\"\n    }\n  ],\n  \"total_items\": 1\n}\n\n"
--- PASS: TestMailChimpGatherReports (0.00s)
=== RUN   TestMailChimpGatherReport
2025/02/19 21:37:07 D! [] request URL: http://127.0.0.1:51202/3.0/reports/test
2025/02/19 21:37:07 D! [] response Body: "\n{\n  \"id\": \"42694e9e57\",\n  \"campaign_title\": \"Freddie's Jokes Vol. 1\",\n  \"type\": \"regular\",\n  \"emails_sent\": 200,\n  \"abuse_reports\": 0,\n  \"unsubscribed\": 2,\n  \"send_time\": \"2015-09-15T19:05:51+00:00\",\n  \"bounces\": {\n    \"hard_bounces\": 0,\n    \"soft_bounces\": 2,\n    \"syntax_errors\": 0\n  },\n  \"forwards\": {\n    \"forwards_count\": 0,\n    \"forwards_opens\": 0\n  },\n  \"opens\": {\n    \"opens_total\": 186,\n    \"unique_opens\": 100,\n    \"open_rate\": 42,\n    \"last_open\": \"2015-09-15T19:15:47+00:00\"\n  },\n  \"clicks\": {\n    \"clicks_total\": 42,\n    \"unique_clicks\": 400,\n    \"unique_subscriber_clicks\": 42,\n    \"click_rate\": 42,\n    \"last_click\": \"2015-09-15T19:15:47+00:00\"\n  },\n  \"facebook_likes\": {\n    \"recipient_likes\": 5,\n    \"unique_likes\": 8,\n    \"facebook_likes\": 42\n  },\n  \"industry_stats\": {\n    \"type\": \"Social Networks and Online Communities\",\n    \"open_rate\": 0.17076777144396,\n    \"click_rate\": 0.027431311866951,\n    \"bounce_rate\": 0.0063767751251474,\n    \"unopen_rate\": 0.82285545343089,\n    \"unsub_rate\": 0.001436957032815,\n    \"abuse_rate\": 0.00021111996110887\n  },\n  \"list_stats\": {\n    \"sub_rate\": 10,\n    \"unsub_rate\": 20,\n    \"open_rate\": 42,\n    \"click_rate\": 42\n  },\n  \"timeseries\": [\n    {\n      \"timestamp\": \"2015-09-15T19:00:00+00:00\",\n      \"emails_sent\": 198,\n      \"unique_opens\": 0,\n      \"recipients_clicks\": 0\n    },\n    {\n      \"timestamp\": \"2015-09-15T20:00:00+00:00\",\n      \"emails_sent\": 2,\n      \"unique_opens\": 0,\n      \"recipients_clicks\": 0\n    },\n    {\n      \"timestamp\": \"2015-09-15T21:00:00+00:00\",\n      \"emails_sent\": 0,\n      \"unique_opens\": 0,\n      \"recipients_clicks\": 0\n    },\n    {\n      \"timestamp\": \"2015-09-15T22:00:00+00:00\",\n      \"emails_sent\": 0,\n      \"unique_opens\": 0,\n      \"recipients_clicks\": 0\n    },\n    {\n      \"timestamp\": \"2015-09-15T23:00:00+00:00\",\n      \"emails_sent\": 0,\n      \"unique_opens\": 0,\n      \"recipients_clicks\": 0\n    },\n    {\n      \"timestamp\": \"2015-09-16T00:00:00+00:00\",\n      \"emails_sent\": 0,\n      \"unique_opens\": 0,\n      \"recipients_clicks\": 0\n    },\n    {\n      \"timestamp\": \"2015-09-16T01:00:00+00:00\",\n      \"emails_sent\": 0,\n      \"unique_opens\": 0,\n      \"recipients_clicks\": 0\n    },\n    {\n      \"timestamp\": \"2015-09-16T02:00:00+00:00\",\n      \"emails_sent\": 0,\n      \"unique_opens\": 0,\n      \"recipients_clicks\": 0\n    },\n    {\n      \"timestamp\": \"2015-09-16T03:00:00+00:00\",\n      \"emails_sent\": 0,\n      \"unique_opens\": 0,\n      \"recipients_clicks\": 0\n    },\n    {\n      \"timestamp\": \"2015-09-16T04:00:00+00:00\",\n      \"emails_sent\": 0,\n      \"unique_opens\": 0,\n      \"recipients_clicks\": 0\n    },\n    {\n      \"timestamp\": \"2015-09-16T05:00:00+00:00\",\n      \"emails_sent\": 0,\n      \"unique_opens\": 0,\n      \"recipients_clicks\": 0\n    },\n    {\n      \"timestamp\": \"2015-09-16T06:00:00+00:00\",\n      \"emails_sent\": 0,\n      \"unique_opens\": 0,\n      \"recipients_clicks\": 0\n    },\n    {\n      \"timestamp\": \"2015-09-16T07:00:00+00:00\",\n      \"emails_sent\": 0,\n      \"unique_opens\": 0,\n      \"recipients_clicks\": 0\n    },\n    {\n      \"timestamp\": \"2015-09-16T08:00:00+00:00\",\n      \"emails_sent\": 0,\n      \"unique_opens\": 0,\n      \"recipients_clicks\": 0\n    },\n    {\n      \"timestamp\": \"2015-09-16T09:00:00+00:00\",\n      \"emails_sent\": 0,\n      \"unique_opens\": 0,\n      \"recipients_clicks\": 0\n    },\n    {\n      \"timestamp\": \"2015-09-16T10:00:00+00:00\",\n      \"emails_sent\": 0,\n      \"unique_opens\": 0,\n      \"recipients_clicks\": 0\n    },\n    {\n      \"timestamp\": \"2015-09-16T11:00:00+00:00\",\n      \"emails_sent\": 0,\n      \"unique_opens\": 0,\n      \"recipients_clicks\": 0\n    },\n    {\n      \"timestamp\": \"2015-09-16T12:00:00+00:00\",\n      \"emails_sent\": 0,\n      \"unique_opens\": 0,\n      \"recipients_clicks\": 0\n    },\n    {\n      \"timestamp\": \"2015-09-16T13:00:00+00:00\",\n      \"emails_sent\": 0,\n      \"unique_opens\": 0,\n      \"recipients_clicks\": 0\n    },\n    {\n      \"timestamp\": \"2015-09-16T14:00:00+00:00\",\n      \"emails_sent\": 0,\n      \"unique_opens\": 0,\n      \"recipients_clicks\": 0\n    },\n    {\n      \"timestamp\": \"2015-09-16T15:00:00+00:00\",\n      \"emails_sent\": 0,\n      \"unique_opens\": 0,\n      \"recipients_clicks\": 0\n    },\n    {\n      \"timestamp\": \"2015-09-16T16:00:00+00:00\",\n      \"emails_sent\": 0,\n      \"unique_opens\": 0,\n      \"recipients_clicks\": 0\n    },\n    {\n      \"timestamp\": \"2015-09-16T17:00:00+00:00\",\n      \"emails_sent\": 0,\n      \"unique_opens\": 0,\n      \"recipients_clicks\": 0\n    },\n    {\n      \"timestamp\": \"2015-09-16T18:00:00+00:00\",\n      \"emails_sent\": 0,\n      \"unique_opens\": 0,\n      \"recipients_clicks\": 0\n    }\n  ],\n  \"share_report\": {\n    \"share_url\": \"http://usX.vip-reports.net/reports/summary?u=xxxx&id=xxxx\",\n    \"share_password\": \"freddielikesjokes\"\n  },\n  \"delivery_status\": {\n    \"enabled\": false\n  },\n  \"_links\": [\n    {\n      \"rel\": \"parent\",\n      \"href\": \"https://usX.api.mailchimp.com/3.0/reports\",\n      \"method\": \"GET\",\n      \"targetSchema\": \"https://api.mailchimp.com/schema/3.0/Reports/Collection.json\",\n      \"schema\": \"https://api.mailchimp.com/schema/3.0/CollectionLinks/Reports.json\"\n    },\n    {\n      \"rel\": \"self\",\n      \"href\": \"https://usX.api.mailchimp.com/3.0/reports/42694e9e57\",\n      \"method\": \"GET\",\n      \"targetSchema\": \"https://api.mailchimp.com/schema/3.0/Reports/Instance.json\"\n    },\n    {\n      \"rel\": \"campaign\",\n      \"href\": \"https://usX.api.mailchimp.com/3.0/campaigns/42694e9e57\",\n      \"method\": \"GET\",\n      \"targetSchema\": \"https://api.mailchimp.com/schema/3.0/Campaigns/Instance.json\"\n    },\n    {\n      \"rel\": \"sub-reports\",\n      \"href\": \"https://usX.api.mailchimp.com/3.0/reports/42694e9e57/sub-reports\",\n      \"method\": \"GET\",\n      \"targetSchema\": \"https://api.mailchimp.com/schema/3.0/Reports/Sub/Collection.json\"\n    },\n    {\n      \"rel\": \"abuse-reports\",\n      \"href\": \"https://usX.api.mailchimp.com/3.0/reports/42694e9e57/abuse-reports\",\n      \"method\": \"GET\",\n      \"targetSchema\": \"https://api.mailchimp.com/schema/3.0/Reports/Abuse/Collection.json\"\n    },\n    {\n      \"rel\": \"advice\",\n      \"href\": \"https://usX.api.mailchimp.com/3.0/reports/42694e9e57/advice\",\n      \"method\": \"GET\",\n      \"targetSchema\": \"https://api.mailchimp.com/schema/3.0/Reports/Advice/Collection.json\"\n    },\n    {\n      \"rel\": \"click-details\",\n      \"href\": \"https://usX.api.mailchimp.com/3.0/reports/42694e9e57/click-details\",\n      \"method\": \"GET\",\n      \"targetSchema\": \"https://api.mailchimp.com/schema/3.0/Reports/ClickDetails/Collection.json\"\n    },\n    {\n      \"rel\": \"domain-performance\",\n      \"href\": \"https://usX.api.mailchimp.com/3.0/reports/42694e9e57/domain-performance\",\n      \"method\": \"GET\",\n      \"targetSchema\": \"https://api.mailchimp.com/schema/3.0/Reports/DomainPerformance/Collection.json\"\n    },\n    {\n      \"rel\": \"eepurl\",\n      \"href\": \"https://usX.api.mailchimp.com/3.0/reports/42694e9e57/eepurl\",\n      \"method\": \"GET\",\n      \"targetSchema\": \"https://api.mailchimp.com/schema/3.0/Reports/Eepurl/Collection.json\"\n    },\n    {\n      \"rel\": \"email-activity\",\n      \"href\": \"https://usX.api.mailchimp.com/3.0/reports/42694e9e57/email-activity\",\n      \"method\": \"GET\",\n      \"targetSchema\": \"https://api.mailchimp.com/schema/3.0/Reports/EmailActivity/Collection.json\"\n    },\n    {\n      \"rel\": \"locations\",\n      \"href\": \"https://usX.api.mailchimp.com/3.0/reports/42694e9e57/locations\",\n      \"method\": \"GET\",\n      \"targetSchema\": \"https://api.mailchimp.com/schema/3.0/Reports/Locations/Collection.json\"\n    },\n    {\n      \"rel\": \"sent-to\",\n      \"href\": \"https://usX.api.mailchimp.com/3.0/reports/42694e9e57/sent-to\",\n      \"method\": \"GET\",\n      \"targetSchema\": \"https://api.mailchimp.com/schema/3.0/Reports/SentTo/Collection.json\"\n    },\n    {\n      \"rel\": \"unsubscribed\",\n      \"href\": \"https://usX.api.mailchimp.com/3.0/reports/42694e9e57/unsubscribed\",\n      \"method\": \"GET\",\n      \"targetSchema\": \"https://api.mailchimp.com/schema/3.0/Reports/Unsubs/Collection.json\"\n    }\n  ]\n}\n\n"
--- PASS: TestMailChimpGatherReport (0.00s)
=== RUN   TestMailChimpGatherError
2025/02/19 21:37:07 D! [] request URL: http://127.0.0.1:51204/3.0/reports/test
2025/02/19 21:37:07 D! [] response Body: "\n{\n    \"type\": \"http://developer.mailchimp.com/documentation/mailchimp/guides/error-glossary/\",\n    \"title\": \"API Key Invalid\",\n    \"status\": 401,\n    \"detail\": \"Your API key may be invalid, or you've attempted to access the wrong datacenter.\",\n    \"instance\": \"\"\n}\n\n"
--- PASS: TestMailChimpGatherError (0.00s)
PASS
ok  	github.com/influxdata/telegraf/plugins/inputs/mailchimp	1.920s
=== RUN   TestMarklogic
--- PASS: TestMarklogic (0.00s)
PASS
ok  	github.com/influxdata/telegraf/plugins/inputs/marklogic	1.526s
=== RUN   TestAddressParsing
--- PASS: TestAddressParsing (0.00s)
=== RUN   TestMcrouterGeneratesMetricsIntegration
--- FAIL: TestMcrouterGeneratesMetricsIntegration (0.00s)
panic: check host "unix:///var/run/docker.sock": docker info: Cannot connect to the Docker daemon at unix:///var/run/docker.sock. Is the docker daemon running?
	check host "unix:///Users/frederikmoschner/.docker/run/docker.sock": docker info: Cannot connect to the Docker daemon at unix:///Users/frederikmoschner/.docker/run/docker.sock. Is the docker daemon running? [recovered]
	panic: check host "unix:///var/run/docker.sock": docker info: Cannot connect to the Docker daemon at unix:///var/run/docker.sock. Is the docker daemon running?
	check host "unix:///Users/frederikmoschner/.docker/run/docker.sock": docker info: Cannot connect to the Docker daemon at unix:///Users/frederikmoschner/.docker/run/docker.sock. Is the docker daemon running?

goroutine 43 [running]:
testing.tRunner.func1.2({0x101469100, 0x140001222d0})
	/opt/homebrew/Cellar/go/1.24.0/libexec/src/testing/testing.go:1734 +0x1ac
testing.tRunner.func1()
	/opt/homebrew/Cellar/go/1.24.0/libexec/src/testing/testing.go:1737 +0x334
panic({0x101469100?, 0x140001222d0?})
	/opt/homebrew/Cellar/go/1.24.0/libexec/src/runtime/panic.go:787 +0x124
github.com/testcontainers/testcontainers-go/internal/core.MustExtractDockerHost.func1()
	/Users/frederikmoschner/go/pkg/mod/github.com/testcontainers/testcontainers-go@v0.34.0/internal/core/docker_host.go:91 +0x70
sync.(*Once).doSlow(0x828012010180000?, 0x2540be400?)
	/opt/homebrew/Cellar/go/1.24.0/libexec/src/sync/once.go:78 +0xf0
sync.(*Once).Do(...)
	/opt/homebrew/Cellar/go/1.24.0/libexec/src/sync/once.go:69
github.com/testcontainers/testcontainers-go/internal/core.MustExtractDockerHost({0x10156afa8?, 0x1019f1ca0?})
	/Users/frederikmoschner/go/pkg/mod/github.com/testcontainers/testcontainers-go@v0.34.0/internal/core/docker_host.go:88 +0x54
github.com/testcontainers/testcontainers-go/internal/core.NewClient({0x10156afa8, 0x1019f1ca0}, {0x0, 0x0, 0x6363615f726f7470?})
	/Users/frederikmoschner/go/pkg/mod/github.com/testcontainers/testcontainers-go@v0.34.0/internal/core/client.go:17 +0x9c
github.com/testcontainers/testcontainers-go.NewDockerClientWithOpts({0x10156afa8, 0x1019f1ca0}, {0x0, 0x0, 0x0})
	/Users/frederikmoschner/go/pkg/mod/github.com/testcontainers/testcontainers-go@v0.34.0/docker_client.go:117 +0x4c
github.com/testcontainers/testcontainers-go.NewDockerProvider({0x14000390420, 0x2, 0x10125e703?})
	/Users/frederikmoschner/go/pkg/mod/github.com/testcontainers/testcontainers-go@v0.34.0/provider.go:143 +0xf0
github.com/testcontainers/testcontainers-go.ProviderType.GetProvider(0x0, {0x140001292c8, 0x1, 0x0?})
	/Users/frederikmoschner/go/pkg/mod/github.com/testcontainers/testcontainers-go@v0.34.0/provider.go:114 +0x380
github.com/testcontainers/testcontainers-go.GenericContainer({_, _}, {{{{0x0, 0x0}, {0x0, 0x0}, {0x0, 0x0}, {0x0, 0x0}, ...}, ...}, ...})
	/Users/frederikmoschner/go/pkg/mod/github.com/testcontainers/testcontainers-go@v0.34.0/generic.go:59 +0xf0
github.com/influxdata/telegraf/testutil.(*Container).Start(0x14000000120)
	/Users/frederikmoschner/Documents/plugin_erweiterung/telegraf/testutil/container.go:76 +0x2d8
github.com/influxdata/telegraf/plugins/inputs/mcrouter.TestMcrouterGeneratesMetricsIntegration(0x14000582c40)
	/Users/frederikmoschner/Documents/plugin_erweiterung/telegraf/plugins/inputs/mcrouter/mcrouter_test.go:58 +0x19c
testing.tRunner(0x14000582c40, 0x10155e648)
	/opt/homebrew/Cellar/go/1.24.0/libexec/src/testing/testing.go:1792 +0xe4
created by testing.(*T).Run in goroutine 1
	/opt/homebrew/Cellar/go/1.24.0/libexec/src/testing/testing.go:1851 +0x374
FAIL	github.com/influxdata/telegraf/plugins/inputs/mcrouter	1.288s
?   	github.com/influxdata/telegraf/plugins/inputs/mdstat	[no test files]
=== RUN   TestMemStats
--- PASS: TestMemStats (0.00s)
PASS
ok  	github.com/influxdata/telegraf/plugins/inputs/mem	1.138s
=== RUN   TestMemcachedGeneratesMetricsIntegration
--- FAIL: TestMemcachedGeneratesMetricsIntegration (0.00s)
panic: check host "unix:///var/run/docker.sock": docker info: Cannot connect to the Docker daemon at unix:///var/run/docker.sock. Is the docker daemon running?
	check host "unix:///Users/frederikmoschner/.docker/run/docker.sock": docker info: Cannot connect to the Docker daemon at unix:///Users/frederikmoschner/.docker/run/docker.sock. Is the docker daemon running? [recovered]
	panic: check host "unix:///var/run/docker.sock": docker info: Cannot connect to the Docker daemon at unix:///var/run/docker.sock. Is the docker daemon running?
	check host "unix:///Users/frederikmoschner/.docker/run/docker.sock": docker info: Cannot connect to the Docker daemon at unix:///Users/frederikmoschner/.docker/run/docker.sock. Is the docker daemon running?

goroutine 7 [running]:
testing.tRunner.func1.2({0x102cc5660, 0x1400000eb28})
	/opt/homebrew/Cellar/go/1.24.0/libexec/src/testing/testing.go:1734 +0x1ac
testing.tRunner.func1()
	/opt/homebrew/Cellar/go/1.24.0/libexec/src/testing/testing.go:1737 +0x334
panic({0x102cc5660?, 0x1400000eb28?})
	/opt/homebrew/Cellar/go/1.24.0/libexec/src/runtime/panic.go:787 +0x124
github.com/testcontainers/testcontainers-go/internal/core.MustExtractDockerHost.func1()
	/Users/frederikmoschner/go/pkg/mod/github.com/testcontainers/testcontainers-go@v0.34.0/internal/core/docker_host.go:91 +0x70
sync.(*Once).doSlow(0x0?, 0x2540be400?)
	/opt/homebrew/Cellar/go/1.24.0/libexec/src/sync/once.go:78 +0xf0
sync.(*Once).Do(...)
	/opt/homebrew/Cellar/go/1.24.0/libexec/src/sync/once.go:69
github.com/testcontainers/testcontainers-go/internal/core.MustExtractDockerHost({0x102d754b8?, 0x1030b3640?})
	/Users/frederikmoschner/go/pkg/mod/github.com/testcontainers/testcontainers-go@v0.34.0/internal/core/docker_host.go:88 +0x54
github.com/testcontainers/testcontainers-go/internal/core.NewClient({0x102d754b8, 0x1030b3640}, {0x0, 0x0, 0x0?})
	/Users/frederikmoschner/go/pkg/mod/github.com/testcontainers/testcontainers-go@v0.34.0/internal/core/client.go:17 +0x9c
github.com/testcontainers/testcontainers-go.NewDockerClientWithOpts({0x102d754b8, 0x1030b3640}, {0x0, 0x0, 0x0})
	/Users/frederikmoschner/go/pkg/mod/github.com/testcontainers/testcontainers-go@v0.34.0/docker_client.go:117 +0x4c
github.com/testcontainers/testcontainers-go.NewDockerProvider({0x140002a2300, 0x2, 0x102b953b1?})
	/Users/frederikmoschner/go/pkg/mod/github.com/testcontainers/testcontainers-go@v0.34.0/provider.go:143 +0xf0
github.com/testcontainers/testcontainers-go.ProviderType.GetProvider(0x0, {0x140000dd0a8, 0x1, 0x0?})
	/Users/frederikmoschner/go/pkg/mod/github.com/testcontainers/testcontainers-go@v0.34.0/provider.go:114 +0x380
github.com/testcontainers/testcontainers-go.GenericContainer({_, _}, {{{{0x0, 0x0}, {0x0, 0x0}, {0x0, 0x0}, {0x0, 0x0}, ...}, ...}, ...})
	/Users/frederikmoschner/go/pkg/mod/github.com/testcontainers/testcontainers-go@v0.34.0/generic.go:59 +0xf0
github.com/influxdata/telegraf/testutil.(*Container).Start(0x14000000ea0)
	/Users/frederikmoschner/Documents/plugin_erweiterung/telegraf/testutil/container.go:76 +0x2d8
github.com/influxdata/telegraf/plugins/inputs/memcached.TestMemcachedGeneratesMetricsIntegration(0x14000266540)
	/Users/frederikmoschner/Documents/plugin_erweiterung/telegraf/plugins/inputs/memcached/memcached_test.go:27 +0x188
testing.tRunner(0x14000266540, 0x102d6be00)
	/opt/homebrew/Cellar/go/1.24.0/libexec/src/testing/testing.go:1792 +0xe4
created by testing.(*T).Run in goroutine 1
	/opt/homebrew/Cellar/go/1.24.0/libexec/src/testing/testing.go:1851 +0x374
FAIL	github.com/influxdata/telegraf/plugins/inputs/memcached	1.065s
=== RUN   TestMesosMaster
2025/02/19 21:37:08 W! [] using "http://127.0.0.1:51208" as connection URL; please update your configuration to use an URL
--- PASS: TestMesosMaster (0.00s)
=== RUN   TestMasterFilter
--- PASS: TestMasterFilter (0.00s)
=== RUN   TestMesosSlave
2025/02/19 21:37:08 W! [] using "http://127.0.0.1:51209" as connection URL; please update your configuration to use an URL
--- PASS: TestMesosSlave (0.00s)
=== RUN   TestSlaveFilter
--- PASS: TestSlaveFilter (0.00s)
=== RUN   TestWithPathDoesNotModify
--- PASS: TestWithPathDoesNotModify (0.00s)
=== RUN   TestURLTagDoesNotModify
--- PASS: TestURLTagDoesNotModify (0.00s)
PASS
ok  	github.com/influxdata/telegraf/plugins/inputs/mesos	1.306s
=== RUN   TestClient_Player
=== RUN   TestClient_Player/minecraft_1.12_no_players
=== RUN   TestClient_Player/minecraft_1.12_single_player
=== RUN   TestClient_Player/minecraft_1.12_two_players
=== RUN   TestClient_Player/minecraft_1.12_three_players
=== RUN   TestClient_Player/minecraft_1.12_players_space_in_username
=== RUN   TestClient_Player/minecraft_1.12_players_and_in_username
=== RUN   TestClient_Player/minecraft_1.13_no_players
=== RUN   TestClient_Player/minecraft_1.13_single_player
=== RUN   TestClient_Player/minecraft_1.13_multiple_player
--- PASS: TestClient_Player (0.00s)
    --- PASS: TestClient_Player/minecraft_1.12_no_players (0.00s)
    --- PASS: TestClient_Player/minecraft_1.12_single_player (0.00s)
    --- PASS: TestClient_Player/minecraft_1.12_two_players (0.00s)
    --- PASS: TestClient_Player/minecraft_1.12_three_players (0.00s)
    --- PASS: TestClient_Player/minecraft_1.12_players_space_in_username (0.00s)
    --- PASS: TestClient_Player/minecraft_1.12_players_and_in_username (0.00s)
    --- PASS: TestClient_Player/minecraft_1.13_no_players (0.00s)
    --- PASS: TestClient_Player/minecraft_1.13_single_player (0.00s)
    --- PASS: TestClient_Player/minecraft_1.13_multiple_player (0.00s)
=== RUN   TestClient_Scores
=== RUN   TestClient_Scores/minecraft_1.12_player_with_no_scores
=== RUN   TestClient_Scores/minecraft_1.12_player_with_one_score
=== RUN   TestClient_Scores/minecraft_1.12_player_with_many_scores
=== RUN   TestClient_Scores/minecraft_1.13_player_with_no_scores
=== RUN   TestClient_Scores/minecraft_1.13_player_with_one_score
=== RUN   TestClient_Scores/minecraft_1.13_player_with_many_scores
--- PASS: TestClient_Scores (0.00s)
    --- PASS: TestClient_Scores/minecraft_1.12_player_with_no_scores (0.00s)
    --- PASS: TestClient_Scores/minecraft_1.12_player_with_one_score (0.00s)
    --- PASS: TestClient_Scores/minecraft_1.12_player_with_many_scores (0.00s)
    --- PASS: TestClient_Scores/minecraft_1.13_player_with_no_scores (0.00s)
    --- PASS: TestClient_Scores/minecraft_1.13_player_with_one_score (0.00s)
    --- PASS: TestClient_Scores/minecraft_1.13_player_with_many_scores (0.00s)
=== RUN   TestGather
=== RUN   TestGather/no_players
=== RUN   TestGather/one_player_without_scores
=== RUN   TestGather/one_player_with_scores
--- PASS: TestGather (0.00s)
    --- PASS: TestGather/no_players (0.00s)
    --- PASS: TestGather/one_player_without_scores (0.00s)
    --- PASS: TestGather/one_player_with_scores (0.00s)
PASS
ok  	github.com/influxdata/telegraf/plugins/inputs/minecraft	1.507s
=== RUN   TestGather
--- PASS: TestGather (0.00s)
=== RUN   TestGatherEmpty
--- PASS: TestGatherEmpty (0.00s)
PASS
ok  	github.com/influxdata/telegraf/plugins/inputs/mock	1.429s
=== RUN   TestMetric
2025-02-19T20:37:09Z I! [] Got 1 request(s) touching 6 holding registers for 3 fields (slave 1) on device "Test"
2025-02-19T20:37:09Z I! [] Got 0 request(s) touching 0 inputs registers for 0 fields (slave 1) on device "Test"
2025-02-19T20:37:09Z I! [] Got 0 request(s) touching 0 discrete registers for 0 fields (slave 1) on device "Test"
2025-02-19T20:37:09Z I! [] Got 1 request(s) touching 4 coil registers for 4 fields (slave 1) on device "Test"
2025-02-19T20:37:09Z I! [] Got 2 request(s) touching 2 holding registers for 2 fields (slave 2) on device "Test"
2025-02-19T20:37:09Z I! [] Got 2 request(s) touching 2 inputs registers for 2 fields (slave 2) on device "Test"
2025-02-19T20:37:09Z I! [] Got 1 request(s) touching 1 discrete registers for 1 fields (slave 2) on device "Test"
2025-02-19T20:37:09Z I! [] Got 1 request(s) touching 4 coil registers for 4 fields (slave 2) on device "Test"
--- PASS: TestMetric (0.00s)
=== RUN   TestMetricResult
2025-02-19T20:37:09Z I! [] Got 5 request(s) touching 21 holding registers for 11 fields (slave 1) on device "FAKEMETER"
2025-02-19T20:37:09Z I! [] Got 0 request(s) touching 0 inputs registers for 0 fields (slave 1) on device "FAKEMETER"
2025-02-19T20:37:09Z I! [] Got 0 request(s) touching 0 discrete registers for 0 fields (slave 1) on device "FAKEMETER"
2025-02-19T20:37:09Z I! [] Got 0 request(s) touching 0 coil registers for 0 fields (slave 1) on device "FAKEMETER"
--- PASS: TestMetricResult (0.01s)
=== RUN   TestMetricAddressOverflow
--- PASS: TestMetricAddressOverflow (0.00s)
=== RUN   TestRegister
2025-02-19T20:37:09Z I! [] Got 1 request(s) touching 1 holding registers for 1 fields (slave 1) on device "TestRetryFailExhausted"
2025-02-19T20:37:09Z I! [] Got 1 request(s) touching 1 inputs registers for 1 fields (slave 1) on device "TestRetryFailExhausted"
2025-02-19T20:37:09Z I! [] Got 1 request(s) touching 1 discrete registers for 1 fields (slave 1) on device "TestRetryFailExhausted"
2025-02-19T20:37:09Z I! [] Got 1 request(s) touching 1 coil registers for 1 fields (slave 1) on device "TestRetryFailExhausted"
--- PASS: TestRegister (0.00s)
=== RUN   TestRegisterCoils
=== RUN   TestRegisterCoils/coil0_turn_off
2025-02-19T20:37:09Z I! [] Got 0 request(s) touching 0 holding registers for 0 fields (slave 1) on device "TestCoils"
2025-02-19T20:37:09Z I! [] Got 0 request(s) touching 0 inputs registers for 0 fields (slave 1) on device "TestCoils"
2025-02-19T20:37:09Z I! [] Got 0 request(s) touching 0 discrete registers for 0 fields (slave 1) on device "TestCoils"
2025-02-19T20:37:09Z I! [] Got 1 request(s) touching 1 coil registers for 1 fields (slave 1) on device "TestCoils"
=== RUN   TestRegisterCoils/coil0_turn_on
2025-02-19T20:37:09Z I! [] Got 0 request(s) touching 0 holding registers for 0 fields (slave 1) on device "TestCoils"
2025-02-19T20:37:09Z I! [] Got 0 request(s) touching 0 inputs registers for 0 fields (slave 1) on device "TestCoils"
2025-02-19T20:37:09Z I! [] Got 0 request(s) touching 0 discrete registers for 0 fields (slave 1) on device "TestCoils"
2025-02-19T20:37:09Z I! [] Got 1 request(s) touching 1 coil registers for 1 fields (slave 1) on device "TestCoils"
=== RUN   TestRegisterCoils/coil1_turn_on
2025-02-19T20:37:09Z I! [] Got 0 request(s) touching 0 holding registers for 0 fields (slave 1) on device "TestCoils"
2025-02-19T20:37:09Z I! [] Got 0 request(s) touching 0 inputs registers for 0 fields (slave 1) on device "TestCoils"
2025-02-19T20:37:09Z I! [] Got 0 request(s) touching 0 discrete registers for 0 fields (slave 1) on device "TestCoils"
2025-02-19T20:37:09Z I! [] Got 1 request(s) touching 1 coil registers for 1 fields (slave 1) on device "TestCoils"
=== RUN   TestRegisterCoils/coil2_turn_on
2025-02-19T20:37:09Z I! [] Got 0 request(s) touching 0 holding registers for 0 fields (slave 1) on device "TestCoils"
2025-02-19T20:37:09Z I! [] Got 0 request(s) touching 0 inputs registers for 0 fields (slave 1) on device "TestCoils"
2025-02-19T20:37:09Z I! [] Got 0 request(s) touching 0 discrete registers for 0 fields (slave 1) on device "TestCoils"
2025-02-19T20:37:09Z I! [] Got 1 request(s) touching 1 coil registers for 1 fields (slave 1) on device "TestCoils"
=== RUN   TestRegisterCoils/coil3_turn_on
2025-02-19T20:37:09Z I! [] Got 0 request(s) touching 0 holding registers for 0 fields (slave 1) on device "TestCoils"
2025-02-19T20:37:09Z I! [] Got 0 request(s) touching 0 inputs registers for 0 fields (slave 1) on device "TestCoils"
2025-02-19T20:37:09Z I! [] Got 0 request(s) touching 0 discrete registers for 0 fields (slave 1) on device "TestCoils"
2025-02-19T20:37:09Z I! [] Got 1 request(s) touching 1 coil registers for 1 fields (slave 1) on device "TestCoils"
=== RUN   TestRegisterCoils/coil1_turn_off
2025-02-19T20:37:09Z I! [] Got 0 request(s) touching 0 holding registers for 0 fields (slave 1) on device "TestCoils"
2025-02-19T20:37:09Z I! [] Got 0 request(s) touching 0 inputs registers for 0 fields (slave 1) on device "TestCoils"
2025-02-19T20:37:09Z I! [] Got 0 request(s) touching 0 discrete registers for 0 fields (slave 1) on device "TestCoils"
2025-02-19T20:37:09Z I! [] Got 1 request(s) touching 1 coil registers for 1 fields (slave 1) on device "TestCoils"
=== RUN   TestRegisterCoils/coil2_turn_off
2025-02-19T20:37:09Z I! [] Got 0 request(s) touching 0 holding registers for 0 fields (slave 1) on device "TestCoils"
2025-02-19T20:37:09Z I! [] Got 0 request(s) touching 0 inputs registers for 0 fields (slave 1) on device "TestCoils"
2025-02-19T20:37:09Z I! [] Got 0 request(s) touching 0 discrete registers for 0 fields (slave 1) on device "TestCoils"
2025-02-19T20:37:09Z I! [] Got 1 request(s) touching 1 coil registers for 1 fields (slave 1) on device "TestCoils"
=== RUN   TestRegisterCoils/coil3_turn_off
2025-02-19T20:37:09Z I! [] Got 0 request(s) touching 0 holding registers for 0 fields (slave 1) on device "TestCoils"
2025-02-19T20:37:09Z I! [] Got 0 request(s) touching 0 inputs registers for 0 fields (slave 1) on device "TestCoils"
2025-02-19T20:37:09Z I! [] Got 0 request(s) touching 0 discrete registers for 0 fields (slave 1) on device "TestCoils"
2025-02-19T20:37:09Z I! [] Got 1 request(s) touching 1 coil registers for 1 fields (slave 1) on device "TestCoils"
=== RUN   TestRegisterCoils/coil4_turn_off
2025-02-19T20:37:09Z I! [] Got 0 request(s) touching 0 holding registers for 0 fields (slave 1) on device "TestCoils"
2025-02-19T20:37:09Z I! [] Got 0 request(s) touching 0 inputs registers for 0 fields (slave 1) on device "TestCoils"
2025-02-19T20:37:09Z I! [] Got 0 request(s) touching 0 discrete registers for 0 fields (slave 1) on device "TestCoils"
2025-02-19T20:37:09Z I! [] Got 1 request(s) touching 1 coil registers for 1 fields (slave 1) on device "TestCoils"
=== RUN   TestRegisterCoils/coil4_turn_on
2025-02-19T20:37:09Z I! [] Got 0 request(s) touching 0 holding registers for 0 fields (slave 1) on device "TestCoils"
2025-02-19T20:37:09Z I! [] Got 0 request(s) touching 0 inputs registers for 0 fields (slave 1) on device "TestCoils"
2025-02-19T20:37:09Z I! [] Got 0 request(s) touching 0 discrete registers for 0 fields (slave 1) on device "TestCoils"
2025-02-19T20:37:09Z I! [] Got 1 request(s) touching 1 coil registers for 1 fields (slave 1) on device "TestCoils"
=== RUN   TestRegisterCoils/coil4_turn_off_bool
2025-02-19T20:37:09Z I! [] Got 0 request(s) touching 0 holding registers for 0 fields (slave 1) on device "TestCoils"
2025-02-19T20:37:09Z I! [] Got 0 request(s) touching 0 inputs registers for 0 fields (slave 1) on device "TestCoils"
2025-02-19T20:37:09Z I! [] Got 0 request(s) touching 0 discrete registers for 0 fields (slave 1) on device "TestCoils"
2025-02-19T20:37:09Z I! [] Got 1 request(s) touching 1 coil registers for 1 fields (slave 1) on device "TestCoils"
=== RUN   TestRegisterCoils/coil4_turn_on_bool
2025-02-19T20:37:09Z I! [] Got 0 request(s) touching 0 holding registers for 0 fields (slave 1) on device "TestCoils"
2025-02-19T20:37:09Z I! [] Got 0 request(s) touching 0 inputs registers for 0 fields (slave 1) on device "TestCoils"
2025-02-19T20:37:09Z I! [] Got 0 request(s) touching 0 discrete registers for 0 fields (slave 1) on device "TestCoils"
2025-02-19T20:37:09Z I! [] Got 1 request(s) touching 1 coil registers for 1 fields (slave 1) on device "TestCoils"
--- PASS: TestRegisterCoils (0.02s)
    --- PASS: TestRegisterCoils/coil0_turn_off (0.00s)
    --- PASS: TestRegisterCoils/coil0_turn_on (0.00s)
    --- PASS: TestRegisterCoils/coil1_turn_on (0.00s)
    --- PASS: TestRegisterCoils/coil2_turn_on (0.00s)
    --- PASS: TestRegisterCoils/coil3_turn_on (0.00s)
    --- PASS: TestRegisterCoils/coil1_turn_off (0.00s)
    --- PASS: TestRegisterCoils/coil2_turn_off (0.00s)
    --- PASS: TestRegisterCoils/coil3_turn_off (0.00s)
    --- PASS: TestRegisterCoils/coil4_turn_off (0.00s)
    --- PASS: TestRegisterCoils/coil4_turn_on (0.00s)
    --- PASS: TestRegisterCoils/coil4_turn_off_bool (0.00s)
    --- PASS: TestRegisterCoils/coil4_turn_on_bool (0.00s)
=== RUN   TestRegisterHoldingRegisters
=== RUN   TestRegisterHoldingRegisters/register5_bit3
2025-02-19T20:37:09Z I! [] Got 1 request(s) touching 1 holding registers for 1 fields (slave 1) on device "TestHoldingRegisters"
2025-02-19T20:37:09Z I! [] Got 0 request(s) touching 0 inputs registers for 0 fields (slave 1) on device "TestHoldingRegisters"
2025-02-19T20:37:09Z I! [] Got 0 request(s) touching 0 discrete registers for 0 fields (slave 1) on device "TestHoldingRegisters"
2025-02-19T20:37:09Z I! [] Got 0 request(s) touching 0 coil registers for 0 fields (slave 1) on device "TestHoldingRegisters"
=== RUN   TestRegisterHoldingRegisters/register5_bit14
2025-02-19T20:37:09Z I! [] Got 1 request(s) touching 1 holding registers for 1 fields (slave 1) on device "TestHoldingRegisters"
2025-02-19T20:37:09Z I! [] Got 0 request(s) touching 0 inputs registers for 0 fields (slave 1) on device "TestHoldingRegisters"
2025-02-19T20:37:09Z I! [] Got 0 request(s) touching 0 discrete registers for 0 fields (slave 1) on device "TestHoldingRegisters"
2025-02-19T20:37:09Z I! [] Got 0 request(s) touching 0 coil registers for 0 fields (slave 1) on device "TestHoldingRegisters"
=== RUN   TestRegisterHoldingRegisters/register0_ab_float32
2025-02-19T20:37:09Z I! [] Got 1 request(s) touching 1 holding registers for 1 fields (slave 1) on device "TestHoldingRegisters"
2025-02-19T20:37:09Z I! [] Got 0 request(s) touching 0 inputs registers for 0 fields (slave 1) on device "TestHoldingRegisters"
2025-02-19T20:37:09Z I! [] Got 0 request(s) touching 0 discrete registers for 0 fields (slave 1) on device "TestHoldingRegisters"
2025-02-19T20:37:09Z I! [] Got 0 request(s) touching 0 coil registers for 0 fields (slave 1) on device "TestHoldingRegisters"
=== RUN   TestRegisterHoldingRegisters/register0_register1_ab_float32
2025-02-19T20:37:09Z I! [] Got 1 request(s) touching 2 holding registers for 1 fields (slave 1) on device "TestHoldingRegisters"
2025-02-19T20:37:09Z I! [] Got 0 request(s) touching 0 inputs registers for 0 fields (slave 1) on device "TestHoldingRegisters"
2025-02-19T20:37:09Z I! [] Got 0 request(s) touching 0 discrete registers for 0 fields (slave 1) on device "TestHoldingRegisters"
2025-02-19T20:37:09Z I! [] Got 0 request(s) touching 0 coil registers for 0 fields (slave 1) on device "TestHoldingRegisters"
=== RUN   TestRegisterHoldingRegisters/register1_register2_abcd_float32
2025-02-19T20:37:09Z I! [] Got 1 request(s) touching 2 holding registers for 1 fields (slave 1) on device "TestHoldingRegisters"
2025-02-19T20:37:09Z I! [] Got 0 request(s) touching 0 inputs registers for 0 fields (slave 1) on device "TestHoldingRegisters"
2025-02-19T20:37:09Z I! [] Got 0 request(s) touching 0 discrete registers for 0 fields (slave 1) on device "TestHoldingRegisters"
2025-02-19T20:37:09Z I! [] Got 0 request(s) touching 0 coil registers for 0 fields (slave 1) on device "TestHoldingRegisters"
=== RUN   TestRegisterHoldingRegisters/register3_register4_abcd_float32
2025-02-19T20:37:09Z I! [] Got 1 request(s) touching 2 holding registers for 1 fields (slave 1) on device "TestHoldingRegisters"
2025-02-19T20:37:09Z I! [] Got 0 request(s) touching 0 inputs registers for 0 fields (slave 1) on device "TestHoldingRegisters"
2025-02-19T20:37:09Z I! [] Got 0 request(s) touching 0 discrete registers for 0 fields (slave 1) on device "TestHoldingRegisters"
2025-02-19T20:37:09Z I! [] Got 0 request(s) touching 0 coil registers for 0 fields (slave 1) on device "TestHoldingRegisters"
=== RUN   TestRegisterHoldingRegisters/register7_ab_float32
2025-02-19T20:37:09Z I! [] Got 1 request(s) touching 1 holding registers for 1 fields (slave 1) on device "TestHoldingRegisters"
2025-02-19T20:37:09Z I! [] Got 0 request(s) touching 0 inputs registers for 0 fields (slave 1) on device "TestHoldingRegisters"
2025-02-19T20:37:09Z I! [] Got 0 request(s) touching 0 discrete registers for 0 fields (slave 1) on device "TestHoldingRegisters"
2025-02-19T20:37:09Z I! [] Got 0 request(s) touching 0 coil registers for 0 fields (slave 1) on device "TestHoldingRegisters"
=== RUN   TestRegisterHoldingRegisters/register0_ab_float32_msb
2025-02-19T20:37:09Z I! [] Got 1 request(s) touching 1 holding registers for 1 fields (slave 1) on device "TestHoldingRegisters"
2025-02-19T20:37:09Z I! [] Got 0 request(s) touching 0 inputs registers for 0 fields (slave 1) on device "TestHoldingRegisters"
2025-02-19T20:37:09Z I! [] Got 0 request(s) touching 0 discrete registers for 0 fields (slave 1) on device "TestHoldingRegisters"
2025-02-19T20:37:09Z I! [] Got 0 request(s) touching 0 coil registers for 0 fields (slave 1) on device "TestHoldingRegisters"
=== RUN   TestRegisterHoldingRegisters/register0_register1_ab_float32_msb
2025-02-19T20:37:09Z I! [] Got 1 request(s) touching 2 holding registers for 1 fields (slave 1) on device "TestHoldingRegisters"
2025-02-19T20:37:09Z I! [] Got 0 request(s) touching 0 inputs registers for 0 fields (slave 1) on device "TestHoldingRegisters"
2025-02-19T20:37:09Z I! [] Got 0 request(s) touching 0 discrete registers for 0 fields (slave 1) on device "TestHoldingRegisters"
2025-02-19T20:37:09Z I! [] Got 0 request(s) touching 0 coil registers for 0 fields (slave 1) on device "TestHoldingRegisters"
=== RUN   TestRegisterHoldingRegisters/register5_to_register8_abcdefgh_float32
2025-02-19T20:37:09Z I! [] Got 1 request(s) touching 4 holding registers for 1 fields (slave 1) on device "TestHoldingRegisters"
2025-02-19T20:37:09Z I! [] Got 0 request(s) touching 0 inputs registers for 0 fields (slave 1) on device "TestHoldingRegisters"
2025-02-19T20:37:09Z I! [] Got 0 request(s) touching 0 discrete registers for 0 fields (slave 1) on device "TestHoldingRegisters"
2025-02-19T20:37:09Z I! [] Got 0 request(s) touching 0 coil registers for 0 fields (slave 1) on device "TestHoldingRegisters"
=== RUN   TestRegisterHoldingRegisters/register6_to_register9_hgfedcba_float32_msb
2025-02-19T20:37:09Z I! [] Got 1 request(s) touching 4 holding registers for 1 fields (slave 1) on device "TestHoldingRegisters"
2025-02-19T20:37:09Z I! [] Got 0 request(s) touching 0 inputs registers for 0 fields (slave 1) on device "TestHoldingRegisters"
2025-02-19T20:37:09Z I! [] Got 0 request(s) touching 0 discrete registers for 0 fields (slave 1) on device "TestHoldingRegisters"
2025-02-19T20:37:09Z I! [] Got 0 request(s) touching 0 coil registers for 0 fields (slave 1) on device "TestHoldingRegisters"
=== RUN   TestRegisterHoldingRegisters/register0_ab_float
2025-02-19T20:37:09Z I! [] Got 1 request(s) touching 1 holding registers for 1 fields (slave 1) on device "TestHoldingRegisters"
2025-02-19T20:37:09Z I! [] Got 0 request(s) touching 0 inputs registers for 0 fields (slave 1) on device "TestHoldingRegisters"
2025-02-19T20:37:09Z I! [] Got 0 request(s) touching 0 discrete registers for 0 fields (slave 1) on device "TestHoldingRegisters"
2025-02-19T20:37:09Z I! [] Got 0 request(s) touching 0 coil registers for 0 fields (slave 1) on device "TestHoldingRegisters"
=== RUN   TestRegisterHoldingRegisters/register1_ba_ufloat
2025-02-19T20:37:09Z I! [] Got 1 request(s) touching 1 holding registers for 1 fields (slave 1) on device "TestHoldingRegisters"
2025-02-19T20:37:09Z I! [] Got 0 request(s) touching 0 inputs registers for 0 fields (slave 1) on device "TestHoldingRegisters"
2025-02-19T20:37:09Z I! [] Got 0 request(s) touching 0 discrete registers for 0 fields (slave 1) on device "TestHoldingRegisters"
2025-02-19T20:37:09Z I! [] Got 0 request(s) touching 0 coil registers for 0 fields (slave 1) on device "TestHoldingRegisters"
=== RUN   TestRegisterHoldingRegisters/register4_register5_abcd_float
2025-02-19T20:37:09Z I! [] Got 1 request(s) touching 2 holding registers for 1 fields (slave 1) on device "TestHoldingRegisters"
2025-02-19T20:37:09Z I! [] Got 0 request(s) touching 0 inputs registers for 0 fields (slave 1) on device "TestHoldingRegisters"
2025-02-19T20:37:09Z I! [] Got 0 request(s) touching 0 discrete registers for 0 fields (slave 1) on device "TestHoldingRegisters"
2025-02-19T20:37:09Z I! [] Got 0 request(s) touching 0 coil registers for 0 fields (slave 1) on device "TestHoldingRegisters"
=== RUN   TestRegisterHoldingRegisters/register5_register6_dcba_ufloat
2025-02-19T20:37:09Z I! [] Got 1 request(s) touching 2 holding registers for 1 fields (slave 1) on device "TestHoldingRegisters"
2025-02-19T20:37:09Z I! [] Got 0 request(s) touching 0 inputs registers for 0 fields (slave 1) on device "TestHoldingRegisters"
2025-02-19T20:37:09Z I! [] Got 0 request(s) touching 0 discrete registers for 0 fields (slave 1) on device "TestHoldingRegisters"
2025-02-19T20:37:09Z I! [] Got 0 request(s) touching 0 coil registers for 0 fields (slave 1) on device "TestHoldingRegisters"
=== RUN   TestRegisterHoldingRegisters/register5_to_register8_abcdefgh_float
2025-02-19T20:37:09Z I! [] Got 1 request(s) touching 4 holding registers for 1 fields (slave 1) on device "TestHoldingRegisters"
2025-02-19T20:37:09Z I! [] Got 0 request(s) touching 0 inputs registers for 0 fields (slave 1) on device "TestHoldingRegisters"
2025-02-19T20:37:09Z I! [] Got 0 request(s) touching 0 discrete registers for 0 fields (slave 1) on device "TestHoldingRegisters"
2025-02-19T20:37:09Z I! [] Got 0 request(s) touching 0 coil registers for 0 fields (slave 1) on device "TestHoldingRegisters"
=== RUN   TestRegisterHoldingRegisters/register6_to_register9_hgfedcba_ufloat
2025-02-19T20:37:09Z I! [] Got 1 request(s) touching 4 holding registers for 1 fields (slave 1) on device "TestHoldingRegisters"
2025-02-19T20:37:09Z I! [] Got 0 request(s) touching 0 inputs registers for 0 fields (slave 1) on device "TestHoldingRegisters"
2025-02-19T20:37:09Z I! [] Got 0 request(s) touching 0 discrete registers for 0 fields (slave 1) on device "TestHoldingRegisters"
2025-02-19T20:37:09Z I! [] Got 0 request(s) touching 0 coil registers for 0 fields (slave 1) on device "TestHoldingRegisters"
=== RUN   TestRegisterHoldingRegisters/register20_uint16
2025-02-19T20:37:09Z I! [] Got 1 request(s) touching 1 holding registers for 1 fields (slave 1) on device "TestHoldingRegisters"
2025-02-19T20:37:09Z I! [] Got 0 request(s) touching 0 inputs registers for 0 fields (slave 1) on device "TestHoldingRegisters"
2025-02-19T20:37:09Z I! [] Got 0 request(s) touching 0 discrete registers for 0 fields (slave 1) on device "TestHoldingRegisters"
2025-02-19T20:37:09Z I! [] Got 0 request(s) touching 0 coil registers for 0 fields (slave 1) on device "TestHoldingRegisters"
=== RUN   TestRegisterHoldingRegisters/register20_uint16-scale_.1
2025-02-19T20:37:09Z I! [] Got 1 request(s) touching 1 holding registers for 1 fields (slave 1) on device "TestHoldingRegisters"
2025-02-19T20:37:09Z I! [] Got 0 request(s) touching 0 inputs registers for 0 fields (slave 1) on device "TestHoldingRegisters"
2025-02-19T20:37:09Z I! [] Got 0 request(s) touching 0 discrete registers for 0 fields (slave 1) on device "TestHoldingRegisters"
2025-02-19T20:37:09Z I! [] Got 0 request(s) touching 0 coil registers for 0 fields (slave 1) on device "TestHoldingRegisters"
=== RUN   TestRegisterHoldingRegisters/register20_uint16_scale_10
2025-02-19T20:37:09Z I! [] Got 1 request(s) touching 1 holding registers for 1 fields (slave 1) on device "TestHoldingRegisters"
2025-02-19T20:37:09Z I! [] Got 0 request(s) touching 0 inputs registers for 0 fields (slave 1) on device "TestHoldingRegisters"
2025-02-19T20:37:09Z I! [] Got 0 request(s) touching 0 discrete registers for 0 fields (slave 1) on device "TestHoldingRegisters"
2025-02-19T20:37:09Z I! [] Got 0 request(s) touching 0 coil registers for 0 fields (slave 1) on device "TestHoldingRegisters"
=== RUN   TestRegisterHoldingRegisters/register11_uint8H
2025-02-19T20:37:09Z I! [] Got 1 request(s) touching 1 holding registers for 1 fields (slave 1) on device "TestHoldingRegisters"
2025-02-19T20:37:09Z I! [] Got 0 request(s) touching 0 inputs registers for 0 fields (slave 1) on device "TestHoldingRegisters"
2025-02-19T20:37:09Z I! [] Got 0 request(s) touching 0 discrete registers for 0 fields (slave 1) on device "TestHoldingRegisters"
2025-02-19T20:37:09Z I! [] Got 0 request(s) touching 0 coil registers for 0 fields (slave 1) on device "TestHoldingRegisters"
=== RUN   TestRegisterHoldingRegisters/register11_uint8L-scale_.1
2025-02-19T20:37:09Z I! [] Got 1 request(s) touching 1 holding registers for 1 fields (slave 1) on device "TestHoldingRegisters"
2025-02-19T20:37:09Z I! [] Got 0 request(s) touching 0 inputs registers for 0 fields (slave 1) on device "TestHoldingRegisters"
2025-02-19T20:37:09Z I! [] Got 0 request(s) touching 0 discrete registers for 0 fields (slave 1) on device "TestHoldingRegisters"
2025-02-19T20:37:09Z I! [] Got 0 request(s) touching 0 coil registers for 0 fields (slave 1) on device "TestHoldingRegisters"
=== RUN   TestRegisterHoldingRegisters/register11_uint8L_scale_10
2025-02-19T20:37:09Z I! [] Got 1 request(s) touching 1 holding registers for 1 fields (slave 1) on device "TestHoldingRegisters"
2025-02-19T20:37:09Z I! [] Got 0 request(s) touching 0 inputs registers for 0 fields (slave 1) on device "TestHoldingRegisters"
2025-02-19T20:37:09Z I! [] Got 0 request(s) touching 0 discrete registers for 0 fields (slave 1) on device "TestHoldingRegisters"
2025-02-19T20:37:09Z I! [] Got 0 request(s) touching 0 coil registers for 0 fields (slave 1) on device "TestHoldingRegisters"
=== RUN   TestRegisterHoldingRegisters/register12_int8L
2025-02-19T20:37:09Z I! [] Got 1 request(s) touching 1 holding registers for 1 fields (slave 1) on device "TestHoldingRegisters"
2025-02-19T20:37:09Z I! [] Got 0 request(s) touching 0 inputs registers for 0 fields (slave 1) on device "TestHoldingRegisters"
2025-02-19T20:37:09Z I! [] Got 0 request(s) touching 0 discrete registers for 0 fields (slave 1) on device "TestHoldingRegisters"
2025-02-19T20:37:09Z I! [] Got 0 request(s) touching 0 coil registers for 0 fields (slave 1) on device "TestHoldingRegisters"
=== RUN   TestRegisterHoldingRegisters/register12_int8L-scale_.1
2025-02-19T20:37:09Z I! [] Got 1 request(s) touching 1 holding registers for 1 fields (slave 1) on device "TestHoldingRegisters"
2025-02-19T20:37:09Z I! [] Got 0 request(s) touching 0 inputs registers for 0 fields (slave 1) on device "TestHoldingRegisters"
2025-02-19T20:37:09Z I! [] Got 0 request(s) touching 0 discrete registers for 0 fields (slave 1) on device "TestHoldingRegisters"
2025-02-19T20:37:09Z I! [] Got 0 request(s) touching 0 coil registers for 0 fields (slave 1) on device "TestHoldingRegisters"
=== RUN   TestRegisterHoldingRegisters/register12_int8L_scale_10
2025-02-19T20:37:09Z I! [] Got 1 request(s) touching 1 holding registers for 1 fields (slave 1) on device "TestHoldingRegisters"
2025-02-19T20:37:09Z I! [] Got 0 request(s) touching 0 inputs registers for 0 fields (slave 1) on device "TestHoldingRegisters"
2025-02-19T20:37:09Z I! [] Got 0 request(s) touching 0 discrete registers for 0 fields (slave 1) on device "TestHoldingRegisters"
2025-02-19T20:37:09Z I! [] Got 0 request(s) touching 0 coil registers for 0 fields (slave 1) on device "TestHoldingRegisters"
=== RUN   TestRegisterHoldingRegisters/register13_int8H
2025-02-19T20:37:09Z I! [] Got 1 request(s) touching 1 holding registers for 1 fields (slave 1) on device "TestHoldingRegisters"
2025-02-19T20:37:09Z I! [] Got 0 request(s) touching 0 inputs registers for 0 fields (slave 1) on device "TestHoldingRegisters"
2025-02-19T20:37:09Z I! [] Got 0 request(s) touching 0 discrete registers for 0 fields (slave 1) on device "TestHoldingRegisters"
2025-02-19T20:37:09Z I! [] Got 0 request(s) touching 0 coil registers for 0 fields (slave 1) on device "TestHoldingRegisters"
=== RUN   TestRegisterHoldingRegisters/register13_int8H-scale_.1
2025-02-19T20:37:09Z I! [] Got 1 request(s) touching 1 holding registers for 1 fields (slave 1) on device "TestHoldingRegisters"
2025-02-19T20:37:09Z I! [] Got 0 request(s) touching 0 inputs registers for 0 fields (slave 1) on device "TestHoldingRegisters"
2025-02-19T20:37:09Z I! [] Got 0 request(s) touching 0 discrete registers for 0 fields (slave 1) on device "TestHoldingRegisters"
2025-02-19T20:37:09Z I! [] Got 0 request(s) touching 0 coil registers for 0 fields (slave 1) on device "TestHoldingRegisters"
=== RUN   TestRegisterHoldingRegisters/register13_int8H_scale_10
2025-02-19T20:37:09Z I! [] Got 1 request(s) touching 1 holding registers for 1 fields (slave 1) on device "TestHoldingRegisters"
2025-02-19T20:37:09Z I! [] Got 0 request(s) touching 0 inputs registers for 0 fields (slave 1) on device "TestHoldingRegisters"
2025-02-19T20:37:09Z I! [] Got 0 request(s) touching 0 discrete registers for 0 fields (slave 1) on device "TestHoldingRegisters"
2025-02-19T20:37:09Z I! [] Got 0 request(s) touching 0 coil registers for 0 fields (slave 1) on device "TestHoldingRegisters"
=== RUN   TestRegisterHoldingRegisters/register15_ab_uint16
2025-02-19T20:37:09Z I! [] Got 1 request(s) touching 1 holding registers for 1 fields (slave 1) on device "TestHoldingRegisters"
2025-02-19T20:37:09Z I! [] Got 0 request(s) touching 0 inputs registers for 0 fields (slave 1) on device "TestHoldingRegisters"
2025-02-19T20:37:09Z I! [] Got 0 request(s) touching 0 discrete registers for 0 fields (slave 1) on device "TestHoldingRegisters"
2025-02-19T20:37:09Z I! [] Got 0 request(s) touching 0 coil registers for 0 fields (slave 1) on device "TestHoldingRegisters"
=== RUN   TestRegisterHoldingRegisters/register15_ab_uint16-scale_.1
2025-02-19T20:37:09Z I! [] Got 1 request(s) touching 1 holding registers for 1 fields (slave 1) on device "TestHoldingRegisters"
2025-02-19T20:37:09Z I! [] Got 0 request(s) touching 0 inputs registers for 0 fields (slave 1) on device "TestHoldingRegisters"
2025-02-19T20:37:09Z I! [] Got 0 request(s) touching 0 discrete registers for 0 fields (slave 1) on device "TestHoldingRegisters"
2025-02-19T20:37:09Z I! [] Got 0 request(s) touching 0 coil registers for 0 fields (slave 1) on device "TestHoldingRegisters"
=== RUN   TestRegisterHoldingRegisters/register15_ab_uint16_scale_10
2025-02-19T20:37:09Z I! [] Got 1 request(s) touching 1 holding registers for 1 fields (slave 1) on device "TestHoldingRegisters"
2025-02-19T20:37:09Z I! [] Got 0 request(s) touching 0 inputs registers for 0 fields (slave 1) on device "TestHoldingRegisters"
2025-02-19T20:37:09Z I! [] Got 0 request(s) touching 0 discrete registers for 0 fields (slave 1) on device "TestHoldingRegisters"
2025-02-19T20:37:09Z I! [] Got 0 request(s) touching 0 coil registers for 0 fields (slave 1) on device "TestHoldingRegisters"
=== RUN   TestRegisterHoldingRegisters/register20_ba_uint16
2025-02-19T20:37:09Z I! [] Got 1 request(s) touching 1 holding registers for 1 fields (slave 1) on device "TestHoldingRegisters"
2025-02-19T20:37:09Z I! [] Got 0 request(s) touching 0 inputs registers for 0 fields (slave 1) on device "TestHoldingRegisters"
2025-02-19T20:37:09Z I! [] Got 0 request(s) touching 0 discrete registers for 0 fields (slave 1) on device "TestHoldingRegisters"
2025-02-19T20:37:09Z I! [] Got 0 request(s) touching 0 coil registers for 0 fields (slave 1) on device "TestHoldingRegisters"
=== RUN   TestRegisterHoldingRegisters/register30_ab_int16
2025-02-19T20:37:09Z I! [] Got 1 request(s) touching 1 holding registers for 1 fields (slave 1) on device "TestHoldingRegisters"
2025-02-19T20:37:09Z I! [] Got 0 request(s) touching 0 inputs registers for 0 fields (slave 1) on device "TestHoldingRegisters"
2025-02-19T20:37:09Z I! [] Got 0 request(s) touching 0 discrete registers for 0 fields (slave 1) on device "TestHoldingRegisters"
2025-02-19T20:37:09Z I! [] Got 0 request(s) touching 0 coil registers for 0 fields (slave 1) on device "TestHoldingRegisters"
=== RUN   TestRegisterHoldingRegisters/register40_ba_int16
2025-02-19T20:37:09Z I! [] Got 1 request(s) touching 1 holding registers for 1 fields (slave 1) on device "TestHoldingRegisters"
2025-02-19T20:37:09Z I! [] Got 0 request(s) touching 0 inputs registers for 0 fields (slave 1) on device "TestHoldingRegisters"
2025-02-19T20:37:09Z I! [] Got 0 request(s) touching 0 discrete registers for 0 fields (slave 1) on device "TestHoldingRegisters"
2025-02-19T20:37:09Z I! [] Got 0 request(s) touching 0 coil registers for 0 fields (slave 1) on device "TestHoldingRegisters"
=== RUN   TestRegisterHoldingRegisters/register50_register51_abcd_int32_scaled
2025-02-19T20:37:09Z I! [] Got 1 request(s) touching 2 holding registers for 1 fields (slave 1) on device "TestHoldingRegisters"
2025-02-19T20:37:09Z I! [] Got 0 request(s) touching 0 inputs registers for 0 fields (slave 1) on device "TestHoldingRegisters"
2025-02-19T20:37:09Z I! [] Got 0 request(s) touching 0 discrete registers for 0 fields (slave 1) on device "TestHoldingRegisters"
2025-02-19T20:37:09Z I! [] Got 0 request(s) touching 0 coil registers for 0 fields (slave 1) on device "TestHoldingRegisters"
=== RUN   TestRegisterHoldingRegisters/register50_register51_abcd_int32
2025-02-19T20:37:09Z I! [] Got 1 request(s) touching 2 holding registers for 1 fields (slave 1) on device "TestHoldingRegisters"
2025-02-19T20:37:09Z I! [] Got 0 request(s) touching 0 inputs registers for 0 fields (slave 1) on device "TestHoldingRegisters"
2025-02-19T20:37:09Z I! [] Got 0 request(s) touching 0 discrete registers for 0 fields (slave 1) on device "TestHoldingRegisters"
2025-02-19T20:37:09Z I! [] Got 0 request(s) touching 0 coil registers for 0 fields (slave 1) on device "TestHoldingRegisters"
=== RUN   TestRegisterHoldingRegisters/register60_register61_dcba_int32
2025-02-19T20:37:09Z I! [] Got 1 request(s) touching 2 holding registers for 1 fields (slave 1) on device "TestHoldingRegisters"
2025-02-19T20:37:09Z I! [] Got 0 request(s) touching 0 inputs registers for 0 fields (slave 1) on device "TestHoldingRegisters"
2025-02-19T20:37:09Z I! [] Got 0 request(s) touching 0 discrete registers for 0 fields (slave 1) on device "TestHoldingRegisters"
2025-02-19T20:37:09Z I! [] Got 0 request(s) touching 0 coil registers for 0 fields (slave 1) on device "TestHoldingRegisters"
=== RUN   TestRegisterHoldingRegisters/register70_register71_badc_int32
2025-02-19T20:37:09Z I! [] Got 1 request(s) touching 2 holding registers for 1 fields (slave 1) on device "TestHoldingRegisters"
2025-02-19T20:37:09Z I! [] Got 0 request(s) touching 0 inputs registers for 0 fields (slave 1) on device "TestHoldingRegisters"
2025-02-19T20:37:09Z I! [] Got 0 request(s) touching 0 discrete registers for 0 fields (slave 1) on device "TestHoldingRegisters"
2025-02-19T20:37:09Z I! [] Got 0 request(s) touching 0 coil registers for 0 fields (slave 1) on device "TestHoldingRegisters"
=== RUN   TestRegisterHoldingRegisters/register80_register81_cdab_int32
2025-02-19T20:37:09Z I! [] Got 1 request(s) touching 2 holding registers for 1 fields (slave 1) on device "TestHoldingRegisters"
2025-02-19T20:37:09Z I! [] Got 0 request(s) touching 0 inputs registers for 0 fields (slave 1) on device "TestHoldingRegisters"
2025-02-19T20:37:09Z I! [] Got 0 request(s) touching 0 discrete registers for 0 fields (slave 1) on device "TestHoldingRegisters"
2025-02-19T20:37:09Z I! [] Got 0 request(s) touching 0 coil registers for 0 fields (slave 1) on device "TestHoldingRegisters"
=== RUN   TestRegisterHoldingRegisters/register90_register91_abcd_uint32
2025-02-19T20:37:09Z I! [] Got 1 request(s) touching 2 holding registers for 1 fields (slave 1) on device "TestHoldingRegisters"
2025-02-19T20:37:09Z I! [] Got 0 request(s) touching 0 inputs registers for 0 fields (slave 1) on device "TestHoldingRegisters"
2025-02-19T20:37:09Z I! [] Got 0 request(s) touching 0 discrete registers for 0 fields (slave 1) on device "TestHoldingRegisters"
2025-02-19T20:37:09Z I! [] Got 0 request(s) touching 0 coil registers for 0 fields (slave 1) on device "TestHoldingRegisters"
=== RUN   TestRegisterHoldingRegisters/register100_register101_dcba_uint32
2025-02-19T20:37:09Z I! [] Got 1 request(s) touching 2 holding registers for 1 fields (slave 1) on device "TestHoldingRegisters"
2025-02-19T20:37:09Z I! [] Got 0 request(s) touching 0 inputs registers for 0 fields (slave 1) on device "TestHoldingRegisters"
2025-02-19T20:37:09Z I! [] Got 0 request(s) touching 0 discrete registers for 0 fields (slave 1) on device "TestHoldingRegisters"
2025-02-19T20:37:09Z I! [] Got 0 request(s) touching 0 coil registers for 0 fields (slave 1) on device "TestHoldingRegisters"
=== RUN   TestRegisterHoldingRegisters/register110_register111_badc_uint32
2025-02-19T20:37:09Z I! [] Got 1 request(s) touching 2 holding registers for 1 fields (slave 1) on device "TestHoldingRegisters"
2025-02-19T20:37:09Z I! [] Got 0 request(s) touching 0 inputs registers for 0 fields (slave 1) on device "TestHoldingRegisters"
2025-02-19T20:37:09Z I! [] Got 0 request(s) touching 0 discrete registers for 0 fields (slave 1) on device "TestHoldingRegisters"
2025-02-19T20:37:09Z I! [] Got 0 request(s) touching 0 coil registers for 0 fields (slave 1) on device "TestHoldingRegisters"
=== RUN   TestRegisterHoldingRegisters/register120_register121_cdab_uint32
2025-02-19T20:37:09Z I! [] Got 1 request(s) touching 2 holding registers for 1 fields (slave 1) on device "TestHoldingRegisters"
2025-02-19T20:37:09Z I! [] Got 0 request(s) touching 0 inputs registers for 0 fields (slave 1) on device "TestHoldingRegisters"
2025-02-19T20:37:09Z I! [] Got 0 request(s) touching 0 discrete registers for 0 fields (slave 1) on device "TestHoldingRegisters"
2025-02-19T20:37:09Z I! [] Got 0 request(s) touching 0 coil registers for 0 fields (slave 1) on device "TestHoldingRegisters"
=== RUN   TestRegisterHoldingRegisters/register130_register131_abcd_float32_ieee
2025-02-19T20:37:09Z I! [] Got 1 request(s) touching 2 holding registers for 1 fields (slave 1) on device "TestHoldingRegisters"
2025-02-19T20:37:09Z I! [] Got 0 request(s) touching 0 inputs registers for 0 fields (slave 1) on device "TestHoldingRegisters"
2025-02-19T20:37:09Z I! [] Got 0 request(s) touching 0 discrete registers for 0 fields (slave 1) on device "TestHoldingRegisters"
2025-02-19T20:37:09Z I! [] Got 0 request(s) touching 0 coil registers for 0 fields (slave 1) on device "TestHoldingRegisters"
=== RUN   TestRegisterHoldingRegisters/register130_register131_abcd_float32_ieee_scaled
2025-02-19T20:37:09Z I! [] Got 1 request(s) touching 2 holding registers for 1 fields (slave 1) on device "TestHoldingRegisters"
2025-02-19T20:37:09Z I! [] Got 0 request(s) touching 0 inputs registers for 0 fields (slave 1) on device "TestHoldingRegisters"
2025-02-19T20:37:09Z I! [] Got 0 request(s) touching 0 discrete registers for 0 fields (slave 1) on device "TestHoldingRegisters"
2025-02-19T20:37:09Z I! [] Got 0 request(s) touching 0 coil registers for 0 fields (slave 1) on device "TestHoldingRegisters"
=== RUN   TestRegisterHoldingRegisters/register140_to_register143_abcdefgh_int64_scaled
2025-02-19T20:37:09Z I! [] Got 1 request(s) touching 4 holding registers for 1 fields (slave 1) on device "TestHoldingRegisters"
2025-02-19T20:37:09Z I! [] Got 0 request(s) touching 0 inputs registers for 0 fields (slave 1) on device "TestHoldingRegisters"
2025-02-19T20:37:09Z I! [] Got 0 request(s) touching 0 discrete registers for 0 fields (slave 1) on device "TestHoldingRegisters"
2025-02-19T20:37:09Z I! [] Got 0 request(s) touching 0 coil registers for 0 fields (slave 1) on device "TestHoldingRegisters"
=== RUN   TestRegisterHoldingRegisters/register140_to_register143_abcdefgh_int64
2025-02-19T20:37:09Z I! [] Got 1 request(s) touching 4 holding registers for 1 fields (slave 1) on device "TestHoldingRegisters"
2025-02-19T20:37:09Z I! [] Got 0 request(s) touching 0 inputs registers for 0 fields (slave 1) on device "TestHoldingRegisters"
2025-02-19T20:37:09Z I! [] Got 0 request(s) touching 0 discrete registers for 0 fields (slave 1) on device "TestHoldingRegisters"
2025-02-19T20:37:09Z I! [] Got 0 request(s) touching 0 coil registers for 0 fields (slave 1) on device "TestHoldingRegisters"
=== RUN   TestRegisterHoldingRegisters/register150_to_register153_hgfedcba_int64
2025-02-19T20:37:09Z I! [] Got 1 request(s) touching 4 holding registers for 1 fields (slave 1) on device "TestHoldingRegisters"
2025-02-19T20:37:09Z I! [] Got 0 request(s) touching 0 inputs registers for 0 fields (slave 1) on device "TestHoldingRegisters"
2025-02-19T20:37:09Z I! [] Got 0 request(s) touching 0 discrete registers for 0 fields (slave 1) on device "TestHoldingRegisters"
2025-02-19T20:37:09Z I! [] Got 0 request(s) touching 0 coil registers for 0 fields (slave 1) on device "TestHoldingRegisters"
=== RUN   TestRegisterHoldingRegisters/register160_to_register163_badcfehg_int64
2025-02-19T20:37:09Z I! [] Got 1 request(s) touching 4 holding registers for 1 fields (slave 1) on device "TestHoldingRegisters"
2025-02-19T20:37:09Z I! [] Got 0 request(s) touching 0 inputs registers for 0 fields (slave 1) on device "TestHoldingRegisters"
2025-02-19T20:37:09Z I! [] Got 0 request(s) touching 0 discrete registers for 0 fields (slave 1) on device "TestHoldingRegisters"
2025-02-19T20:37:09Z I! [] Got 0 request(s) touching 0 coil registers for 0 fields (slave 1) on device "TestHoldingRegisters"
=== RUN   TestRegisterHoldingRegisters/register170_to_register173_ghefcdab_int64
2025-02-19T20:37:09Z I! [] Got 1 request(s) touching 4 holding registers for 1 fields (slave 1) on device "TestHoldingRegisters"
2025-02-19T20:37:09Z I! [] Got 0 request(s) touching 0 inputs registers for 0 fields (slave 1) on device "TestHoldingRegisters"
2025-02-19T20:37:09Z I! [] Got 0 request(s) touching 0 discrete registers for 0 fields (slave 1) on device "TestHoldingRegisters"
2025-02-19T20:37:09Z I! [] Got 0 request(s) touching 0 coil registers for 0 fields (slave 1) on device "TestHoldingRegisters"
=== RUN   TestRegisterHoldingRegisters/register180_to_register183_abcdefgh_uint64_scaled
2025-02-19T20:37:09Z I! [] Got 1 request(s) touching 4 holding registers for 1 fields (slave 1) on device "TestHoldingRegisters"
2025-02-19T20:37:09Z I! [] Got 0 request(s) touching 0 inputs registers for 0 fields (slave 1) on device "TestHoldingRegisters"
2025-02-19T20:37:09Z I! [] Got 0 request(s) touching 0 discrete registers for 0 fields (slave 1) on device "TestHoldingRegisters"
2025-02-19T20:37:09Z I! [] Got 0 request(s) touching 0 coil registers for 0 fields (slave 1) on device "TestHoldingRegisters"
=== RUN   TestRegisterHoldingRegisters/register180_to_register183_abcdefgh_uint64
2025-02-19T20:37:09Z I! [] Got 1 request(s) touching 4 holding registers for 1 fields (slave 1) on device "TestHoldingRegisters"
2025-02-19T20:37:09Z I! [] Got 0 request(s) touching 0 inputs registers for 0 fields (slave 1) on device "TestHoldingRegisters"
2025-02-19T20:37:09Z I! [] Got 0 request(s) touching 0 discrete registers for 0 fields (slave 1) on device "TestHoldingRegisters"
2025-02-19T20:37:09Z I! [] Got 0 request(s) touching 0 coil registers for 0 fields (slave 1) on device "TestHoldingRegisters"
=== RUN   TestRegisterHoldingRegisters/register190_to_register193_hgfedcba_uint64
2025-02-19T20:37:09Z I! [] Got 1 request(s) touching 4 holding registers for 1 fields (slave 1) on device "TestHoldingRegisters"
2025-02-19T20:37:09Z I! [] Got 0 request(s) touching 0 inputs registers for 0 fields (slave 1) on device "TestHoldingRegisters"
2025-02-19T20:37:09Z I! [] Got 0 request(s) touching 0 discrete registers for 0 fields (slave 1) on device "TestHoldingRegisters"
2025-02-19T20:37:09Z I! [] Got 0 request(s) touching 0 coil registers for 0 fields (slave 1) on device "TestHoldingRegisters"
=== RUN   TestRegisterHoldingRegisters/register200_to_register203_badcfehg_uint64
2025-02-19T20:37:09Z I! [] Got 1 request(s) touching 4 holding registers for 1 fields (slave 1) on device "TestHoldingRegisters"
2025-02-19T20:37:09Z I! [] Got 0 request(s) touching 0 inputs registers for 0 fields (slave 1) on device "TestHoldingRegisters"
2025-02-19T20:37:09Z I! [] Got 0 request(s) touching 0 discrete registers for 0 fields (slave 1) on device "TestHoldingRegisters"
2025-02-19T20:37:09Z I! [] Got 0 request(s) touching 0 coil registers for 0 fields (slave 1) on device "TestHoldingRegisters"
=== RUN   TestRegisterHoldingRegisters/register210_to_register213_ghefcdab_uint64
2025-02-19T20:37:09Z I! [] Got 1 request(s) touching 4 holding registers for 1 fields (slave 1) on device "TestHoldingRegisters"
2025-02-19T20:37:09Z I! [] Got 0 request(s) touching 0 inputs registers for 0 fields (slave 1) on device "TestHoldingRegisters"
2025-02-19T20:37:09Z I! [] Got 0 request(s) touching 0 discrete registers for 0 fields (slave 1) on device "TestHoldingRegisters"
2025-02-19T20:37:09Z I! [] Got 0 request(s) touching 0 coil registers for 0 fields (slave 1) on device "TestHoldingRegisters"
=== RUN   TestRegisterHoldingRegisters/register214_to_register217_abcdefgh_float64_ieee
2025-02-19T20:37:09Z I! [] Got 1 request(s) touching 4 holding registers for 1 fields (slave 1) on device "TestHoldingRegisters"
2025-02-19T20:37:09Z I! [] Got 0 request(s) touching 0 inputs registers for 0 fields (slave 1) on device "TestHoldingRegisters"
2025-02-19T20:37:09Z I! [] Got 0 request(s) touching 0 discrete registers for 0 fields (slave 1) on device "TestHoldingRegisters"
2025-02-19T20:37:09Z I! [] Got 0 request(s) touching 0 coil registers for 0 fields (slave 1) on device "TestHoldingRegisters"
=== RUN   TestRegisterHoldingRegisters/register214_to_register217_abcdefgh_float64_ieee_scaled
2025-02-19T20:37:09Z I! [] Got 1 request(s) touching 4 holding registers for 1 fields (slave 1) on device "TestHoldingRegisters"
2025-02-19T20:37:09Z I! [] Got 0 request(s) touching 0 inputs registers for 0 fields (slave 1) on device "TestHoldingRegisters"
2025-02-19T20:37:09Z I! [] Got 0 request(s) touching 0 discrete registers for 0 fields (slave 1) on device "TestHoldingRegisters"
2025-02-19T20:37:09Z I! [] Got 0 request(s) touching 0 coil registers for 0 fields (slave 1) on device "TestHoldingRegisters"
=== RUN   TestRegisterHoldingRegisters/register218_to_register221_abcdefgh_float64_ieee_pos
2025-02-19T20:37:09Z I! [] Got 1 request(s) touching 4 holding registers for 1 fields (slave 1) on device "TestHoldingRegisters"
2025-02-19T20:37:09Z I! [] Got 0 request(s) touching 0 inputs registers for 0 fields (slave 1) on device "TestHoldingRegisters"
2025-02-19T20:37:09Z I! [] Got 0 request(s) touching 0 discrete registers for 0 fields (slave 1) on device "TestHoldingRegisters"
2025-02-19T20:37:09Z I! [] Got 0 request(s) touching 0 coil registers for 0 fields (slave 1) on device "TestHoldingRegisters"
=== RUN   TestRegisterHoldingRegisters/register222_to_register225_hgfecdba_float64_ieee
2025-02-19T20:37:09Z I! [] Got 1 request(s) touching 4 holding registers for 1 fields (slave 1) on device "TestHoldingRegisters"
2025-02-19T20:37:09Z I! [] Got 0 request(s) touching 0 inputs registers for 0 fields (slave 1) on device "TestHoldingRegisters"
2025-02-19T20:37:09Z I! [] Got 0 request(s) touching 0 discrete registers for 0 fields (slave 1) on device "TestHoldingRegisters"
2025-02-19T20:37:09Z I! [] Got 0 request(s) touching 0 coil registers for 0 fields (slave 1) on device "TestHoldingRegisters"
=== RUN   TestRegisterHoldingRegisters/register226_to_register229_badcfehg_float64_ieee
2025-02-19T20:37:09Z I! [] Got 1 request(s) touching 4 holding registers for 1 fields (slave 1) on device "TestHoldingRegisters"
2025-02-19T20:37:09Z I! [] Got 0 request(s) touching 0 inputs registers for 0 fields (slave 1) on device "TestHoldingRegisters"
2025-02-19T20:37:09Z I! [] Got 0 request(s) touching 0 discrete registers for 0 fields (slave 1) on device "TestHoldingRegisters"
2025-02-19T20:37:09Z I! [] Got 0 request(s) touching 0 coil registers for 0 fields (slave 1) on device "TestHoldingRegisters"
=== RUN   TestRegisterHoldingRegisters/register230_to_register233_ghefcdab_float64_ieee
2025-02-19T20:37:09Z I! [] Got 1 request(s) touching 4 holding registers for 1 fields (slave 1) on device "TestHoldingRegisters"
2025-02-19T20:37:09Z I! [] Got 0 request(s) touching 0 inputs registers for 0 fields (slave 1) on device "TestHoldingRegisters"
2025-02-19T20:37:09Z I! [] Got 0 request(s) touching 0 discrete registers for 0 fields (slave 1) on device "TestHoldingRegisters"
2025-02-19T20:37:09Z I! [] Got 0 request(s) touching 0 coil registers for 0 fields (slave 1) on device "TestHoldingRegisters"
=== RUN   TestRegisterHoldingRegisters/register240_abcd_float16
2025-02-19T20:37:09Z I! [] Got 1 request(s) touching 1 holding registers for 1 fields (slave 1) on device "TestHoldingRegisters"
2025-02-19T20:37:09Z I! [] Got 0 request(s) touching 0 inputs registers for 0 fields (slave 1) on device "TestHoldingRegisters"
2025-02-19T20:37:09Z I! [] Got 0 request(s) touching 0 discrete registers for 0 fields (slave 1) on device "TestHoldingRegisters"
2025-02-19T20:37:09Z I! [] Got 0 request(s) touching 0 coil registers for 0 fields (slave 1) on device "TestHoldingRegisters"
=== RUN   TestRegisterHoldingRegisters/register240_dcba_float16
2025-02-19T20:37:09Z I! [] Got 1 request(s) touching 1 holding registers for 1 fields (slave 1) on device "TestHoldingRegisters"
2025-02-19T20:37:09Z I! [] Got 0 request(s) touching 0 inputs registers for 0 fields (slave 1) on device "TestHoldingRegisters"
2025-02-19T20:37:09Z I! [] Got 0 request(s) touching 0 discrete registers for 0 fields (slave 1) on device "TestHoldingRegisters"
2025-02-19T20:37:09Z I! [] Got 0 request(s) touching 0 coil registers for 0 fields (slave 1) on device "TestHoldingRegisters"
=== RUN   TestRegisterHoldingRegisters/register250_abcd_string
2025-02-19T20:37:09Z I! [] Got 1 request(s) touching 7 holding registers for 1 fields (slave 1) on device "TestHoldingRegisters"
2025-02-19T20:37:09Z I! [] Got 0 request(s) touching 0 inputs registers for 0 fields (slave 1) on device "TestHoldingRegisters"
2025-02-19T20:37:09Z I! [] Got 0 request(s) touching 0 discrete registers for 0 fields (slave 1) on device "TestHoldingRegisters"
2025-02-19T20:37:09Z I! [] Got 0 request(s) touching 0 coil registers for 0 fields (slave 1) on device "TestHoldingRegisters"
=== RUN   TestRegisterHoldingRegisters/register250_dcba_string
2025-02-19T20:37:09Z I! [] Got 1 request(s) touching 7 holding registers for 1 fields (slave 1) on device "TestHoldingRegisters"
2025-02-19T20:37:09Z I! [] Got 0 request(s) touching 0 inputs registers for 0 fields (slave 1) on device "TestHoldingRegisters"
2025-02-19T20:37:09Z I! [] Got 0 request(s) touching 0 discrete registers for 0 fields (slave 1) on device "TestHoldingRegisters"
2025-02-19T20:37:09Z I! [] Got 0 request(s) touching 0 coil registers for 0 fields (slave 1) on device "TestHoldingRegisters"
--- PASS: TestRegisterHoldingRegisters (0.11s)
    --- PASS: TestRegisterHoldingRegisters/register5_bit3 (0.00s)
    --- PASS: TestRegisterHoldingRegisters/register5_bit14 (0.00s)
    --- PASS: TestRegisterHoldingRegisters/register0_ab_float32 (0.00s)
    --- PASS: TestRegisterHoldingRegisters/register0_register1_ab_float32 (0.00s)
    --- PASS: TestRegisterHoldingRegisters/register1_register2_abcd_float32 (0.00s)
    --- PASS: TestRegisterHoldingRegisters/register3_register4_abcd_float32 (0.00s)
    --- PASS: TestRegisterHoldingRegisters/register7_ab_float32 (0.00s)
    --- PASS: TestRegisterHoldingRegisters/register0_ab_float32_msb (0.00s)
    --- PASS: TestRegisterHoldingRegisters/register0_register1_ab_float32_msb (0.00s)
    --- PASS: TestRegisterHoldingRegisters/register5_to_register8_abcdefgh_float32 (0.00s)
    --- PASS: TestRegisterHoldingRegisters/register6_to_register9_hgfedcba_float32_msb (0.00s)
    --- PASS: TestRegisterHoldingRegisters/register0_ab_float (0.00s)
    --- PASS: TestRegisterHoldingRegisters/register1_ba_ufloat (0.00s)
    --- PASS: TestRegisterHoldingRegisters/register4_register5_abcd_float (0.00s)
    --- PASS: TestRegisterHoldingRegisters/register5_register6_dcba_ufloat (0.00s)
    --- PASS: TestRegisterHoldingRegisters/register5_to_register8_abcdefgh_float (0.01s)
    --- PASS: TestRegisterHoldingRegisters/register6_to_register9_hgfedcba_ufloat (0.01s)
    --- PASS: TestRegisterHoldingRegisters/register20_uint16 (0.00s)
    --- PASS: TestRegisterHoldingRegisters/register20_uint16-scale_.1 (0.01s)
    --- PASS: TestRegisterHoldingRegisters/register20_uint16_scale_10 (0.01s)
    --- PASS: TestRegisterHoldingRegisters/register11_uint8H (0.00s)
    --- PASS: TestRegisterHoldingRegisters/register11_uint8L-scale_.1 (0.00s)
    --- PASS: TestRegisterHoldingRegisters/register11_uint8L_scale_10 (0.00s)
    --- PASS: TestRegisterHoldingRegisters/register12_int8L (0.00s)
    --- PASS: TestRegisterHoldingRegisters/register12_int8L-scale_.1 (0.01s)
    --- PASS: TestRegisterHoldingRegisters/register12_int8L_scale_10 (0.00s)
    --- PASS: TestRegisterHoldingRegisters/register13_int8H (0.00s)
    --- PASS: TestRegisterHoldingRegisters/register13_int8H-scale_.1 (0.00s)
    --- PASS: TestRegisterHoldingRegisters/register13_int8H_scale_10 (0.00s)
    --- PASS: TestRegisterHoldingRegisters/register15_ab_uint16 (0.00s)
    --- PASS: TestRegisterHoldingRegisters/register15_ab_uint16-scale_.1 (0.00s)
    --- PASS: TestRegisterHoldingRegisters/register15_ab_uint16_scale_10 (0.00s)
    --- PASS: TestRegisterHoldingRegisters/register20_ba_uint16 (0.00s)
    --- PASS: TestRegisterHoldingRegisters/register30_ab_int16 (0.00s)
    --- PASS: TestRegisterHoldingRegisters/register40_ba_int16 (0.00s)
    --- PASS: TestRegisterHoldingRegisters/register50_register51_abcd_int32_scaled (0.00s)
    --- PASS: TestRegisterHoldingRegisters/register50_register51_abcd_int32 (0.00s)
    --- PASS: TestRegisterHoldingRegisters/register60_register61_dcba_int32 (0.00s)
    --- PASS: TestRegisterHoldingRegisters/register70_register71_badc_int32 (0.00s)
    --- PASS: TestRegisterHoldingRegisters/register80_register81_cdab_int32 (0.00s)
    --- PASS: TestRegisterHoldingRegisters/register90_register91_abcd_uint32 (0.00s)
    --- PASS: TestRegisterHoldingRegisters/register100_register101_dcba_uint32 (0.00s)
    --- PASS: TestRegisterHoldingRegisters/register110_register111_badc_uint32 (0.00s)
    --- PASS: TestRegisterHoldingRegisters/register120_register121_cdab_uint32 (0.00s)
    --- PASS: TestRegisterHoldingRegisters/register130_register131_abcd_float32_ieee (0.00s)
    --- PASS: TestRegisterHoldingRegisters/register130_register131_abcd_float32_ieee_scaled (0.00s)
    --- PASS: TestRegisterHoldingRegisters/register140_to_register143_abcdefgh_int64_scaled (0.00s)
    --- PASS: TestRegisterHoldingRegisters/register140_to_register143_abcdefgh_int64 (0.00s)
    --- PASS: TestRegisterHoldingRegisters/register150_to_register153_hgfedcba_int64 (0.00s)
    --- PASS: TestRegisterHoldingRegisters/register160_to_register163_badcfehg_int64 (0.00s)
    --- PASS: TestRegisterHoldingRegisters/register170_to_register173_ghefcdab_int64 (0.00s)
    --- PASS: TestRegisterHoldingRegisters/register180_to_register183_abcdefgh_uint64_scaled (0.00s)
    --- PASS: TestRegisterHoldingRegisters/register180_to_register183_abcdefgh_uint64 (0.00s)
    --- PASS: TestRegisterHoldingRegisters/register190_to_register193_hgfedcba_uint64 (0.00s)
    --- PASS: TestRegisterHoldingRegisters/register200_to_register203_badcfehg_uint64 (0.00s)
    --- PASS: TestRegisterHoldingRegisters/register210_to_register213_ghefcdab_uint64 (0.00s)
    --- PASS: TestRegisterHoldingRegisters/register214_to_register217_abcdefgh_float64_ieee (0.00s)
    --- PASS: TestRegisterHoldingRegisters/register214_to_register217_abcdefgh_float64_ieee_scaled (0.00s)
    --- PASS: TestRegisterHoldingRegisters/register218_to_register221_abcdefgh_float64_ieee_pos (0.00s)
    --- PASS: TestRegisterHoldingRegisters/register222_to_register225_hgfecdba_float64_ieee (0.00s)
    --- PASS: TestRegisterHoldingRegisters/register226_to_register229_badcfehg_float64_ieee (0.00s)
    --- PASS: TestRegisterHoldingRegisters/register230_to_register233_ghefcdab_float64_ieee (0.00s)
    --- PASS: TestRegisterHoldingRegisters/register240_abcd_float16 (0.00s)
    --- PASS: TestRegisterHoldingRegisters/register240_dcba_float16 (0.00s)
    --- PASS: TestRegisterHoldingRegisters/register250_abcd_string (0.00s)
    --- PASS: TestRegisterHoldingRegisters/register250_dcba_string (0.00s)
=== RUN   TestRegisterReadMultipleCoilWithHole
2025-02-19T20:37:09Z I! [modbus:MultipleCoilWithHole] Got 0 request(s) touching 0 holding registers for 0 fields (slave 1) on device "TestReadMultipleCoilWithHole"
2025-02-19T20:37:09Z I! [modbus:MultipleCoilWithHole] Got 0 request(s) touching 0 inputs registers for 0 fields (slave 1) on device "TestReadMultipleCoilWithHole"
2025-02-19T20:37:09Z I! [modbus:MultipleCoilWithHole] Got 0 request(s) touching 0 discrete registers for 0 fields (slave 1) on device "TestReadMultipleCoilWithHole"
2025-02-19T20:37:09Z I! [modbus:MultipleCoilWithHole] Got 3 request(s) touching 26 coil registers for 26 fields (slave 1) on device "TestReadMultipleCoilWithHole"
--- PASS: TestRegisterReadMultipleCoilWithHole (0.00s)
=== RUN   TestRegisterReadMultipleCoilLimit
2025-02-19T20:37:09Z I! [] Got 0 request(s) touching 0 holding registers for 0 fields (slave 1) on device "TestReadCoils"
2025-02-19T20:37:09Z I! [] Got 0 request(s) touching 0 inputs registers for 0 fields (slave 1) on device "TestReadCoils"
2025-02-19T20:37:09Z I! [] Got 0 request(s) touching 0 discrete registers for 0 fields (slave 1) on device "TestReadCoils"
2025-02-19T20:37:09Z I! [] Got 2 request(s) touching 4000 coil registers for 4000 fields (slave 1) on device "TestReadCoils"
--- PASS: TestRegisterReadMultipleCoilLimit (0.19s)
=== RUN   TestRegisterReadMultipleHoldingRegisterWithHole
2025-02-19T20:37:09Z I! [] Got 2 request(s) touching 20 holding registers for 20 fields (slave 1) on device "TestHoldingRegister"
2025-02-19T20:37:09Z I! [] Got 0 request(s) touching 0 inputs registers for 0 fields (slave 1) on device "TestHoldingRegister"
2025-02-19T20:37:09Z I! [] Got 0 request(s) touching 0 discrete registers for 0 fields (slave 1) on device "TestHoldingRegister"
2025-02-19T20:37:09Z I! [] Got 0 request(s) touching 0 coil registers for 0 fields (slave 1) on device "TestHoldingRegister"
--- PASS: TestRegisterReadMultipleHoldingRegisterWithHole (0.01s)
=== RUN   TestRegisterReadMultipleHoldingRegisterLimit
2025-02-19T20:37:09Z I! [] Got 4 request(s) touching 401 holding registers for 401 fields (slave 1) on device "TestHoldingRegister"
2025-02-19T20:37:09Z I! [] Got 0 request(s) touching 0 inputs registers for 0 fields (slave 1) on device "TestHoldingRegister"
2025-02-19T20:37:09Z I! [] Got 0 request(s) touching 0 discrete registers for 0 fields (slave 1) on device "TestHoldingRegister"
2025-02-19T20:37:09Z I! [] Got 0 request(s) touching 0 coil registers for 0 fields (slave 1) on device "TestHoldingRegister"
--- PASS: TestRegisterReadMultipleHoldingRegisterLimit (0.02s)
=== RUN   TestRegisterHighAddresses
2025-02-19T20:37:09Z I! [] Got 1 request(s) touching 11 holding registers for 2 fields (slave 1) on device "Issue-15138"
2025-02-19T20:37:09Z I! [] Got 0 request(s) touching 0 inputs registers for 0 fields (slave 1) on device "Issue-15138"
2025-02-19T20:37:09Z I! [] Got 0 request(s) touching 0 discrete registers for 0 fields (slave 1) on device "Issue-15138"
2025-02-19T20:37:09Z I! [] Got 0 request(s) touching 0 coil registers for 0 fields (slave 1) on device "Issue-15138"
--- PASS: TestRegisterHighAddresses (0.00s)
=== RUN   TestRequest
2025-02-19T20:37:09Z I! [] Got 1 request(s) touching 6 holding registers for 2 fields (slave 1) on device "Test"
2025-02-19T20:37:09Z I! [] Got 1 request(s) touching 6 inputs registers for 2 fields (slave 1) on device "Test"
2025-02-19T20:37:09Z I! [] Got 1 request(s) touching 4 discrete registers for 3 fields (slave 1) on device "Test"
2025-02-19T20:37:09Z I! [] Got 2 request(s) touching 8 coil registers for 6 fields (slave 1) on device "Test"
--- PASS: TestRequest (0.00s)
=== RUN   TestRequestWithTags
2025-02-19T20:37:09Z I! [] Got 1 request(s) touching 6 holding registers for 2 fields (slave 1) on device "Test"
2025-02-19T20:37:09Z I! [] Got 1 request(s) touching 6 inputs registers for 2 fields (slave 1) on device "Test"
2025-02-19T20:37:09Z I! [] Got 1 request(s) touching 3 discrete registers for 2 fields (slave 1) on device "Test"
2025-02-19T20:37:09Z I! [] Got 2 request(s) touching 6 coil registers for 4 fields (slave 1) on device "Test"
--- PASS: TestRequestWithTags (0.00s)
=== RUN   TestRequestTypesCoil
=== RUN   TestRequestTypesCoil/coil-1-off
2025-02-19T20:37:09Z I! [] Got 0 request(s) touching 0 holding registers for 0 fields (slave 1) on device "TestRequestTypesCoil"
2025-02-19T20:37:09Z I! [] Got 0 request(s) touching 0 inputs registers for 0 fields (slave 1) on device "TestRequestTypesCoil"
2025-02-19T20:37:09Z I! [] Got 0 request(s) touching 0 discrete registers for 0 fields (slave 1) on device "TestRequestTypesCoil"
2025-02-19T20:37:09Z I! [] Got 1 request(s) touching 1 coil registers for 1 fields (slave 1) on device "TestRequestTypesCoil"
=== RUN   TestRequestTypesCoil/coil-2-on
2025-02-19T20:37:09Z I! [] Got 0 request(s) touching 0 holding registers for 0 fields (slave 1) on device "TestRequestTypesCoil"
2025-02-19T20:37:09Z I! [] Got 0 request(s) touching 0 inputs registers for 0 fields (slave 1) on device "TestRequestTypesCoil"
2025-02-19T20:37:09Z I! [] Got 0 request(s) touching 0 discrete registers for 0 fields (slave 1) on device "TestRequestTypesCoil"
2025-02-19T20:37:09Z I! [] Got 1 request(s) touching 1 coil registers for 1 fields (slave 1) on device "TestRequestTypesCoil"
=== RUN   TestRequestTypesCoil/coil-3-false
2025-02-19T20:37:09Z I! [] Got 0 request(s) touching 0 holding registers for 0 fields (slave 1) on device "TestRequestTypesCoil"
2025-02-19T20:37:09Z I! [] Got 0 request(s) touching 0 inputs registers for 0 fields (slave 1) on device "TestRequestTypesCoil"
2025-02-19T20:37:09Z I! [] Got 0 request(s) touching 0 discrete registers for 0 fields (slave 1) on device "TestRequestTypesCoil"
2025-02-19T20:37:09Z I! [] Got 1 request(s) touching 1 coil registers for 1 fields (slave 1) on device "TestRequestTypesCoil"
=== RUN   TestRequestTypesCoil/coil-4-true
2025-02-19T20:37:09Z I! [] Got 0 request(s) touching 0 holding registers for 0 fields (slave 1) on device "TestRequestTypesCoil"
2025-02-19T20:37:09Z I! [] Got 0 request(s) touching 0 inputs registers for 0 fields (slave 1) on device "TestRequestTypesCoil"
2025-02-19T20:37:09Z I! [] Got 0 request(s) touching 0 discrete registers for 0 fields (slave 1) on device "TestRequestTypesCoil"
2025-02-19T20:37:09Z I! [] Got 1 request(s) touching 1 coil registers for 1 fields (slave 1) on device "TestRequestTypesCoil"
--- PASS: TestRequestTypesCoil (0.00s)
    --- PASS: TestRequestTypesCoil/coil-1-off (0.00s)
    --- PASS: TestRequestTypesCoil/coil-2-on (0.00s)
    --- PASS: TestRequestTypesCoil/coil-3-false (0.00s)
    --- PASS: TestRequestTypesCoil/coil-4-true (0.00s)
=== RUN   TestRequestTypesHoldingABCD
=== RUN   TestRequestTypesHoldingABCD/register5_bit3
2025-02-19T20:37:09Z I! [] Got 1 request(s) touching 1 holding registers for 1 fields (slave 1) on device "TestRequestTypesHoldingABCD"
2025-02-19T20:37:09Z I! [] Got 0 request(s) touching 0 inputs registers for 0 fields (slave 1) on device "TestRequestTypesHoldingABCD"
2025-02-19T20:37:09Z I! [] Got 0 request(s) touching 0 discrete registers for 0 fields (slave 1) on device "TestRequestTypesHoldingABCD"
2025-02-19T20:37:09Z I! [] Got 0 request(s) touching 0 coil registers for 0 fields (slave 1) on device "TestRequestTypesHoldingABCD"
=== RUN   TestRequestTypesHoldingABCD/register5_bit14
2025-02-19T20:37:09Z I! [] Got 1 request(s) touching 1 holding registers for 1 fields (slave 1) on device "TestRequestTypesHoldingABCD"
2025-02-19T20:37:09Z I! [] Got 0 request(s) touching 0 inputs registers for 0 fields (slave 1) on device "TestRequestTypesHoldingABCD"
2025-02-19T20:37:09Z I! [] Got 0 request(s) touching 0 discrete registers for 0 fields (slave 1) on device "TestRequestTypesHoldingABCD"
2025-02-19T20:37:09Z I! [] Got 0 request(s) touching 0 coil registers for 0 fields (slave 1) on device "TestRequestTypesHoldingABCD"
=== RUN   TestRequestTypesHoldingABCD/register10_uint8L
2025-02-19T20:37:09Z I! [] Got 1 request(s) touching 1 holding registers for 1 fields (slave 1) on device "TestRequestTypesHoldingABCD"
2025-02-19T20:37:09Z I! [] Got 0 request(s) touching 0 inputs registers for 0 fields (slave 1) on device "TestRequestTypesHoldingABCD"
2025-02-19T20:37:09Z I! [] Got 0 request(s) touching 0 discrete registers for 0 fields (slave 1) on device "TestRequestTypesHoldingABCD"
2025-02-19T20:37:09Z I! [] Got 0 request(s) touching 0 coil registers for 0 fields (slave 1) on device "TestRequestTypesHoldingABCD"
=== RUN   TestRequestTypesHoldingABCD/register10_uint8L-scale_.1
2025-02-19T20:37:09Z I! [] Got 1 request(s) touching 1 holding registers for 1 fields (slave 1) on device "TestRequestTypesHoldingABCD"
2025-02-19T20:37:09Z I! [] Got 0 request(s) touching 0 inputs registers for 0 fields (slave 1) on device "TestRequestTypesHoldingABCD"
2025-02-19T20:37:09Z I! [] Got 0 request(s) touching 0 discrete registers for 0 fields (slave 1) on device "TestRequestTypesHoldingABCD"
2025-02-19T20:37:09Z I! [] Got 0 request(s) touching 0 coil registers for 0 fields (slave 1) on device "TestRequestTypesHoldingABCD"
=== RUN   TestRequestTypesHoldingABCD/register10_uint8L_scale_10
2025-02-19T20:37:09Z I! [] Got 1 request(s) touching 1 holding registers for 1 fields (slave 1) on device "TestRequestTypesHoldingABCD"
2025-02-19T20:37:09Z I! [] Got 0 request(s) touching 0 inputs registers for 0 fields (slave 1) on device "TestRequestTypesHoldingABCD"
2025-02-19T20:37:09Z I! [] Got 0 request(s) touching 0 discrete registers for 0 fields (slave 1) on device "TestRequestTypesHoldingABCD"
2025-02-19T20:37:09Z I! [] Got 0 request(s) touching 0 coil registers for 0 fields (slave 1) on device "TestRequestTypesHoldingABCD"
=== RUN   TestRequestTypesHoldingABCD/register10_uint8L_uint64
2025-02-19T20:37:09Z I! [] Got 1 request(s) touching 1 holding registers for 1 fields (slave 1) on device "TestRequestTypesHoldingABCD"
2025-02-19T20:37:09Z I! [] Got 0 request(s) touching 0 inputs registers for 0 fields (slave 1) on device "TestRequestTypesHoldingABCD"
2025-02-19T20:37:09Z I! [] Got 0 request(s) touching 0 discrete registers for 0 fields (slave 1) on device "TestRequestTypesHoldingABCD"
2025-02-19T20:37:09Z I! [] Got 0 request(s) touching 0 coil registers for 0 fields (slave 1) on device "TestRequestTypesHoldingABCD"
=== RUN   TestRequestTypesHoldingABCD/register10_uint8L_int64
2025-02-19T20:37:09Z I! [] Got 1 request(s) touching 1 holding registers for 1 fields (slave 1) on device "TestRequestTypesHoldingABCD"
2025-02-19T20:37:09Z I! [] Got 0 request(s) touching 0 inputs registers for 0 fields (slave 1) on device "TestRequestTypesHoldingABCD"
2025-02-19T20:37:09Z I! [] Got 0 request(s) touching 0 discrete registers for 0 fields (slave 1) on device "TestRequestTypesHoldingABCD"
2025-02-19T20:37:09Z I! [] Got 0 request(s) touching 0 coil registers for 0 fields (slave 1) on device "TestRequestTypesHoldingABCD"
=== RUN   TestRequestTypesHoldingABCD/register10_uint8L_float64
2025-02-19T20:37:09Z I! [] Got 1 request(s) touching 1 holding registers for 1 fields (slave 1) on device "TestRequestTypesHoldingABCD"
2025-02-19T20:37:09Z I! [] Got 0 request(s) touching 0 inputs registers for 0 fields (slave 1) on device "TestRequestTypesHoldingABCD"
2025-02-19T20:37:09Z I! [] Got 0 request(s) touching 0 discrete registers for 0 fields (slave 1) on device "TestRequestTypesHoldingABCD"
2025-02-19T20:37:09Z I! [] Got 0 request(s) touching 0 coil registers for 0 fields (slave 1) on device "TestRequestTypesHoldingABCD"
=== RUN   TestRequestTypesHoldingABCD/register10_uint8L_float64_scale
2025-02-19T20:37:09Z I! [] Got 1 request(s) touching 1 holding registers for 1 fields (slave 1) on device "TestRequestTypesHoldingABCD"
2025-02-19T20:37:09Z I! [] Got 0 request(s) touching 0 inputs registers for 0 fields (slave 1) on device "TestRequestTypesHoldingABCD"
2025-02-19T20:37:09Z I! [] Got 0 request(s) touching 0 discrete registers for 0 fields (slave 1) on device "TestRequestTypesHoldingABCD"
2025-02-19T20:37:09Z I! [] Got 0 request(s) touching 0 coil registers for 0 fields (slave 1) on device "TestRequestTypesHoldingABCD"
=== RUN   TestRequestTypesHoldingABCD/register15_int8L
2025-02-19T20:37:09Z I! [] Got 1 request(s) touching 1 holding registers for 1 fields (slave 1) on device "TestRequestTypesHoldingABCD"
2025-02-19T20:37:09Z I! [] Got 0 request(s) touching 0 inputs registers for 0 fields (slave 1) on device "TestRequestTypesHoldingABCD"
2025-02-19T20:37:09Z I! [] Got 0 request(s) touching 0 discrete registers for 0 fields (slave 1) on device "TestRequestTypesHoldingABCD"
2025-02-19T20:37:09Z I! [] Got 0 request(s) touching 0 coil registers for 0 fields (slave 1) on device "TestRequestTypesHoldingABCD"
=== RUN   TestRequestTypesHoldingABCD/register15_int8L-scale_.1
2025-02-19T20:37:09Z I! [] Got 1 request(s) touching 1 holding registers for 1 fields (slave 1) on device "TestRequestTypesHoldingABCD"
2025-02-19T20:37:09Z I! [] Got 0 request(s) touching 0 inputs registers for 0 fields (slave 1) on device "TestRequestTypesHoldingABCD"
2025-02-19T20:37:09Z I! [] Got 0 request(s) touching 0 discrete registers for 0 fields (slave 1) on device "TestRequestTypesHoldingABCD"
2025-02-19T20:37:09Z I! [] Got 0 request(s) touching 0 coil registers for 0 fields (slave 1) on device "TestRequestTypesHoldingABCD"
=== RUN   TestRequestTypesHoldingABCD/register15_int8L_scale_10
2025-02-19T20:37:09Z I! [] Got 1 request(s) touching 1 holding registers for 1 fields (slave 1) on device "TestRequestTypesHoldingABCD"
2025-02-19T20:37:09Z I! [] Got 0 request(s) touching 0 inputs registers for 0 fields (slave 1) on device "TestRequestTypesHoldingABCD"
2025-02-19T20:37:09Z I! [] Got 0 request(s) touching 0 discrete registers for 0 fields (slave 1) on device "TestRequestTypesHoldingABCD"
2025-02-19T20:37:09Z I! [] Got 0 request(s) touching 0 coil registers for 0 fields (slave 1) on device "TestRequestTypesHoldingABCD"
=== RUN   TestRequestTypesHoldingABCD/register15_int8L_uint64
2025-02-19T20:37:09Z I! [] Got 1 request(s) touching 1 holding registers for 1 fields (slave 1) on device "TestRequestTypesHoldingABCD"
2025-02-19T20:37:09Z I! [] Got 0 request(s) touching 0 inputs registers for 0 fields (slave 1) on device "TestRequestTypesHoldingABCD"
2025-02-19T20:37:09Z I! [] Got 0 request(s) touching 0 discrete registers for 0 fields (slave 1) on device "TestRequestTypesHoldingABCD"
2025-02-19T20:37:09Z I! [] Got 0 request(s) touching 0 coil registers for 0 fields (slave 1) on device "TestRequestTypesHoldingABCD"
=== RUN   TestRequestTypesHoldingABCD/register15_int8L_int64
2025-02-19T20:37:09Z I! [] Got 1 request(s) touching 1 holding registers for 1 fields (slave 1) on device "TestRequestTypesHoldingABCD"
2025-02-19T20:37:09Z I! [] Got 0 request(s) touching 0 inputs registers for 0 fields (slave 1) on device "TestRequestTypesHoldingABCD"
2025-02-19T20:37:09Z I! [] Got 0 request(s) touching 0 discrete registers for 0 fields (slave 1) on device "TestRequestTypesHoldingABCD"
2025-02-19T20:37:09Z I! [] Got 0 request(s) touching 0 coil registers for 0 fields (slave 1) on device "TestRequestTypesHoldingABCD"
=== RUN   TestRequestTypesHoldingABCD/register15_int8L_float64
2025-02-19T20:37:09Z I! [] Got 1 request(s) touching 1 holding registers for 1 fields (slave 1) on device "TestRequestTypesHoldingABCD"
2025-02-19T20:37:09Z I! [] Got 0 request(s) touching 0 inputs registers for 0 fields (slave 1) on device "TestRequestTypesHoldingABCD"
2025-02-19T20:37:09Z I! [] Got 0 request(s) touching 0 discrete registers for 0 fields (slave 1) on device "TestRequestTypesHoldingABCD"
2025-02-19T20:37:09Z I! [] Got 0 request(s) touching 0 coil registers for 0 fields (slave 1) on device "TestRequestTypesHoldingABCD"
=== RUN   TestRequestTypesHoldingABCD/register15_int8L_float64_scale
2025-02-19T20:37:09Z I! [] Got 1 request(s) touching 1 holding registers for 1 fields (slave 1) on device "TestRequestTypesHoldingABCD"
2025-02-19T20:37:09Z I! [] Got 0 request(s) touching 0 inputs registers for 0 fields (slave 1) on device "TestRequestTypesHoldingABCD"
2025-02-19T20:37:09Z I! [] Got 0 request(s) touching 0 discrete registers for 0 fields (slave 1) on device "TestRequestTypesHoldingABCD"
2025-02-19T20:37:09Z I! [] Got 0 request(s) touching 0 coil registers for 0 fields (slave 1) on device "TestRequestTypesHoldingABCD"
=== RUN   TestRequestTypesHoldingABCD/register20_uint16
2025-02-19T20:37:09Z I! [] Got 1 request(s) touching 1 holding registers for 1 fields (slave 1) on device "TestRequestTypesHoldingABCD"
2025-02-19T20:37:09Z I! [] Got 0 request(s) touching 0 inputs registers for 0 fields (slave 1) on device "TestRequestTypesHoldingABCD"
2025-02-19T20:37:09Z I! [] Got 0 request(s) touching 0 discrete registers for 0 fields (slave 1) on device "TestRequestTypesHoldingABCD"
2025-02-19T20:37:09Z I! [] Got 0 request(s) touching 0 coil registers for 0 fields (slave 1) on device "TestRequestTypesHoldingABCD"
=== RUN   TestRequestTypesHoldingABCD/register20_uint16-scale_.1
2025-02-19T20:37:09Z I! [] Got 1 request(s) touching 1 holding registers for 1 fields (slave 1) on device "TestRequestTypesHoldingABCD"
2025-02-19T20:37:09Z I! [] Got 0 request(s) touching 0 inputs registers for 0 fields (slave 1) on device "TestRequestTypesHoldingABCD"
2025-02-19T20:37:09Z I! [] Got 0 request(s) touching 0 discrete registers for 0 fields (slave 1) on device "TestRequestTypesHoldingABCD"
2025-02-19T20:37:09Z I! [] Got 0 request(s) touching 0 coil registers for 0 fields (slave 1) on device "TestRequestTypesHoldingABCD"
=== RUN   TestRequestTypesHoldingABCD/register20_uint16_scale_10
2025-02-19T20:37:09Z I! [] Got 1 request(s) touching 1 holding registers for 1 fields (slave 1) on device "TestRequestTypesHoldingABCD"
2025-02-19T20:37:09Z I! [] Got 0 request(s) touching 0 inputs registers for 0 fields (slave 1) on device "TestRequestTypesHoldingABCD"
2025-02-19T20:37:09Z I! [] Got 0 request(s) touching 0 discrete registers for 0 fields (slave 1) on device "TestRequestTypesHoldingABCD"
2025-02-19T20:37:09Z I! [] Got 0 request(s) touching 0 coil registers for 0 fields (slave 1) on device "TestRequestTypesHoldingABCD"
=== RUN   TestRequestTypesHoldingABCD/register20_uint16_uint64
2025-02-19T20:37:09Z I! [] Got 1 request(s) touching 1 holding registers for 1 fields (slave 1) on device "TestRequestTypesHoldingABCD"
2025-02-19T20:37:09Z I! [] Got 0 request(s) touching 0 inputs registers for 0 fields (slave 1) on device "TestRequestTypesHoldingABCD"
2025-02-19T20:37:09Z I! [] Got 0 request(s) touching 0 discrete registers for 0 fields (slave 1) on device "TestRequestTypesHoldingABCD"
2025-02-19T20:37:09Z I! [] Got 0 request(s) touching 0 coil registers for 0 fields (slave 1) on device "TestRequestTypesHoldingABCD"
=== RUN   TestRequestTypesHoldingABCD/register20_uint16_int64
2025-02-19T20:37:09Z I! [] Got 1 request(s) touching 1 holding registers for 1 fields (slave 1) on device "TestRequestTypesHoldingABCD"
2025-02-19T20:37:09Z I! [] Got 0 request(s) touching 0 inputs registers for 0 fields (slave 1) on device "TestRequestTypesHoldingABCD"
2025-02-19T20:37:09Z I! [] Got 0 request(s) touching 0 discrete registers for 0 fields (slave 1) on device "TestRequestTypesHoldingABCD"
2025-02-19T20:37:09Z I! [] Got 0 request(s) touching 0 coil registers for 0 fields (slave 1) on device "TestRequestTypesHoldingABCD"
=== RUN   TestRequestTypesHoldingABCD/register20_uint16_float64
2025-02-19T20:37:09Z I! [] Got 1 request(s) touching 1 holding registers for 1 fields (slave 1) on device "TestRequestTypesHoldingABCD"
2025-02-19T20:37:09Z I! [] Got 0 request(s) touching 0 inputs registers for 0 fields (slave 1) on device "TestRequestTypesHoldingABCD"
2025-02-19T20:37:09Z I! [] Got 0 request(s) touching 0 discrete registers for 0 fields (slave 1) on device "TestRequestTypesHoldingABCD"
2025-02-19T20:37:09Z I! [] Got 0 request(s) touching 0 coil registers for 0 fields (slave 1) on device "TestRequestTypesHoldingABCD"
=== RUN   TestRequestTypesHoldingABCD/register20_uint16_float64_scale
2025-02-19T20:37:09Z I! [] Got 1 request(s) touching 1 holding registers for 1 fields (slave 1) on device "TestRequestTypesHoldingABCD"
2025-02-19T20:37:09Z I! [] Got 0 request(s) touching 0 inputs registers for 0 fields (slave 1) on device "TestRequestTypesHoldingABCD"
2025-02-19T20:37:09Z I! [] Got 0 request(s) touching 0 discrete registers for 0 fields (slave 1) on device "TestRequestTypesHoldingABCD"
2025-02-19T20:37:09Z I! [] Got 0 request(s) touching 0 coil registers for 0 fields (slave 1) on device "TestRequestTypesHoldingABCD"
=== RUN   TestRequestTypesHoldingABCD/register30_int16
2025-02-19T20:37:09Z I! [] Got 1 request(s) touching 1 holding registers for 1 fields (slave 1) on device "TestRequestTypesHoldingABCD"
2025-02-19T20:37:09Z I! [] Got 0 request(s) touching 0 inputs registers for 0 fields (slave 1) on device "TestRequestTypesHoldingABCD"
2025-02-19T20:37:09Z I! [] Got 0 request(s) touching 0 discrete registers for 0 fields (slave 1) on device "TestRequestTypesHoldingABCD"
2025-02-19T20:37:09Z I! [] Got 0 request(s) touching 0 coil registers for 0 fields (slave 1) on device "TestRequestTypesHoldingABCD"
=== RUN   TestRequestTypesHoldingABCD/register30_int16-scale_.1
2025-02-19T20:37:09Z I! [] Got 1 request(s) touching 1 holding registers for 1 fields (slave 1) on device "TestRequestTypesHoldingABCD"
2025-02-19T20:37:09Z I! [] Got 0 request(s) touching 0 inputs registers for 0 fields (slave 1) on device "TestRequestTypesHoldingABCD"
2025-02-19T20:37:09Z I! [] Got 0 request(s) touching 0 discrete registers for 0 fields (slave 1) on device "TestRequestTypesHoldingABCD"
2025-02-19T20:37:09Z I! [] Got 0 request(s) touching 0 coil registers for 0 fields (slave 1) on device "TestRequestTypesHoldingABCD"
=== RUN   TestRequestTypesHoldingABCD/register30_int16_scale_10
2025-02-19T20:37:09Z I! [] Got 1 request(s) touching 1 holding registers for 1 fields (slave 1) on device "TestRequestTypesHoldingABCD"
2025-02-19T20:37:09Z I! [] Got 0 request(s) touching 0 inputs registers for 0 fields (slave 1) on device "TestRequestTypesHoldingABCD"
2025-02-19T20:37:09Z I! [] Got 0 request(s) touching 0 discrete registers for 0 fields (slave 1) on device "TestRequestTypesHoldingABCD"
2025-02-19T20:37:09Z I! [] Got 0 request(s) touching 0 coil registers for 0 fields (slave 1) on device "TestRequestTypesHoldingABCD"
=== RUN   TestRequestTypesHoldingABCD/register30_int16_uint64
2025-02-19T20:37:09Z I! [] Got 1 request(s) touching 1 holding registers for 1 fields (slave 1) on device "TestRequestTypesHoldingABCD"
2025-02-19T20:37:09Z I! [] Got 0 request(s) touching 0 inputs registers for 0 fields (slave 1) on device "TestRequestTypesHoldingABCD"
2025-02-19T20:37:09Z I! [] Got 0 request(s) touching 0 discrete registers for 0 fields (slave 1) on device "TestRequestTypesHoldingABCD"
2025-02-19T20:37:09Z I! [] Got 0 request(s) touching 0 coil registers for 0 fields (slave 1) on device "TestRequestTypesHoldingABCD"
=== RUN   TestRequestTypesHoldingABCD/register30_int16_int64
2025-02-19T20:37:09Z I! [] Got 1 request(s) touching 1 holding registers for 1 fields (slave 1) on device "TestRequestTypesHoldingABCD"
2025-02-19T20:37:09Z I! [] Got 0 request(s) touching 0 inputs registers for 0 fields (slave 1) on device "TestRequestTypesHoldingABCD"
2025-02-19T20:37:09Z I! [] Got 0 request(s) touching 0 discrete registers for 0 fields (slave 1) on device "TestRequestTypesHoldingABCD"
2025-02-19T20:37:09Z I! [] Got 0 request(s) touching 0 coil registers for 0 fields (slave 1) on device "TestRequestTypesHoldingABCD"
=== RUN   TestRequestTypesHoldingABCD/register30_int16_float64
2025-02-19T20:37:09Z I! [] Got 1 request(s) touching 1 holding registers for 1 fields (slave 1) on device "TestRequestTypesHoldingABCD"
2025-02-19T20:37:09Z I! [] Got 0 request(s) touching 0 inputs registers for 0 fields (slave 1) on device "TestRequestTypesHoldingABCD"
2025-02-19T20:37:09Z I! [] Got 0 request(s) touching 0 discrete registers for 0 fields (slave 1) on device "TestRequestTypesHoldingABCD"
2025-02-19T20:37:09Z I! [] Got 0 request(s) touching 0 coil registers for 0 fields (slave 1) on device "TestRequestTypesHoldingABCD"
=== RUN   TestRequestTypesHoldingABCD/register30_int16_float64_scale
2025-02-19T20:37:09Z I! [] Got 1 request(s) touching 1 holding registers for 1 fields (slave 1) on device "TestRequestTypesHoldingABCD"
2025-02-19T20:37:09Z I! [] Got 0 request(s) touching 0 inputs registers for 0 fields (slave 1) on device "TestRequestTypesHoldingABCD"
2025-02-19T20:37:09Z I! [] Got 0 request(s) touching 0 discrete registers for 0 fields (slave 1) on device "TestRequestTypesHoldingABCD"
2025-02-19T20:37:09Z I! [] Got 0 request(s) touching 0 coil registers for 0 fields (slave 1) on device "TestRequestTypesHoldingABCD"
=== RUN   TestRequestTypesHoldingABCD/register40_uint32
2025-02-19T20:37:09Z I! [] Got 1 request(s) touching 2 holding registers for 1 fields (slave 1) on device "TestRequestTypesHoldingABCD"
2025-02-19T20:37:09Z I! [] Got 0 request(s) touching 0 inputs registers for 0 fields (slave 1) on device "TestRequestTypesHoldingABCD"
2025-02-19T20:37:09Z I! [] Got 0 request(s) touching 0 discrete registers for 0 fields (slave 1) on device "TestRequestTypesHoldingABCD"
2025-02-19T20:37:09Z I! [] Got 0 request(s) touching 0 coil registers for 0 fields (slave 1) on device "TestRequestTypesHoldingABCD"
=== RUN   TestRequestTypesHoldingABCD/register40_uint32-scale_.1
2025-02-19T20:37:09Z I! [] Got 1 request(s) touching 2 holding registers for 1 fields (slave 1) on device "TestRequestTypesHoldingABCD"
2025-02-19T20:37:09Z I! [] Got 0 request(s) touching 0 inputs registers for 0 fields (slave 1) on device "TestRequestTypesHoldingABCD"
2025-02-19T20:37:09Z I! [] Got 0 request(s) touching 0 discrete registers for 0 fields (slave 1) on device "TestRequestTypesHoldingABCD"
2025-02-19T20:37:09Z I! [] Got 0 request(s) touching 0 coil registers for 0 fields (slave 1) on device "TestRequestTypesHoldingABCD"
=== RUN   TestRequestTypesHoldingABCD/register40_uint32_scale_10
2025-02-19T20:37:09Z I! [] Got 1 request(s) touching 2 holding registers for 1 fields (slave 1) on device "TestRequestTypesHoldingABCD"
2025-02-19T20:37:09Z I! [] Got 0 request(s) touching 0 inputs registers for 0 fields (slave 1) on device "TestRequestTypesHoldingABCD"
2025-02-19T20:37:09Z I! [] Got 0 request(s) touching 0 discrete registers for 0 fields (slave 1) on device "TestRequestTypesHoldingABCD"
2025-02-19T20:37:09Z I! [] Got 0 request(s) touching 0 coil registers for 0 fields (slave 1) on device "TestRequestTypesHoldingABCD"
=== RUN   TestRequestTypesHoldingABCD/register40_uint32_uint64
2025-02-19T20:37:09Z I! [] Got 1 request(s) touching 2 holding registers for 1 fields (slave 1) on device "TestRequestTypesHoldingABCD"
2025-02-19T20:37:09Z I! [] Got 0 request(s) touching 0 inputs registers for 0 fields (slave 1) on device "TestRequestTypesHoldingABCD"
2025-02-19T20:37:09Z I! [] Got 0 request(s) touching 0 discrete registers for 0 fields (slave 1) on device "TestRequestTypesHoldingABCD"
2025-02-19T20:37:09Z I! [] Got 0 request(s) touching 0 coil registers for 0 fields (slave 1) on device "TestRequestTypesHoldingABCD"
=== RUN   TestRequestTypesHoldingABCD/register40_uint32_int64
2025-02-19T20:37:09Z I! [] Got 1 request(s) touching 2 holding registers for 1 fields (slave 1) on device "TestRequestTypesHoldingABCD"
2025-02-19T20:37:09Z I! [] Got 0 request(s) touching 0 inputs registers for 0 fields (slave 1) on device "TestRequestTypesHoldingABCD"
2025-02-19T20:37:09Z I! [] Got 0 request(s) touching 0 discrete registers for 0 fields (slave 1) on device "TestRequestTypesHoldingABCD"
2025-02-19T20:37:09Z I! [] Got 0 request(s) touching 0 coil registers for 0 fields (slave 1) on device "TestRequestTypesHoldingABCD"
=== RUN   TestRequestTypesHoldingABCD/register40_uint32_float64
2025-02-19T20:37:09Z I! [] Got 1 request(s) touching 2 holding registers for 1 fields (slave 1) on device "TestRequestTypesHoldingABCD"
2025-02-19T20:37:09Z I! [] Got 0 request(s) touching 0 inputs registers for 0 fields (slave 1) on device "TestRequestTypesHoldingABCD"
2025-02-19T20:37:09Z I! [] Got 0 request(s) touching 0 discrete registers for 0 fields (slave 1) on device "TestRequestTypesHoldingABCD"
2025-02-19T20:37:09Z I! [] Got 0 request(s) touching 0 coil registers for 0 fields (slave 1) on device "TestRequestTypesHoldingABCD"
=== RUN   TestRequestTypesHoldingABCD/register40_uint32_float64_scale
2025-02-19T20:37:09Z I! [] Got 1 request(s) touching 2 holding registers for 1 fields (slave 1) on device "TestRequestTypesHoldingABCD"
2025-02-19T20:37:09Z I! [] Got 0 request(s) touching 0 inputs registers for 0 fields (slave 1) on device "TestRequestTypesHoldingABCD"
2025-02-19T20:37:09Z I! [] Got 0 request(s) touching 0 discrete registers for 0 fields (slave 1) on device "TestRequestTypesHoldingABCD"
2025-02-19T20:37:09Z I! [] Got 0 request(s) touching 0 coil registers for 0 fields (slave 1) on device "TestRequestTypesHoldingABCD"
=== RUN   TestRequestTypesHoldingABCD/register50_int32
2025-02-19T20:37:09Z I! [] Got 1 request(s) touching 2 holding registers for 1 fields (slave 1) on device "TestRequestTypesHoldingABCD"
2025-02-19T20:37:09Z I! [] Got 0 request(s) touching 0 inputs registers for 0 fields (slave 1) on device "TestRequestTypesHoldingABCD"
2025-02-19T20:37:09Z I! [] Got 0 request(s) touching 0 discrete registers for 0 fields (slave 1) on device "TestRequestTypesHoldingABCD"
2025-02-19T20:37:09Z I! [] Got 0 request(s) touching 0 coil registers for 0 fields (slave 1) on device "TestRequestTypesHoldingABCD"
=== RUN   TestRequestTypesHoldingABCD/register50_int32-scale_.1
2025-02-19T20:37:09Z I! [] Got 1 request(s) touching 2 holding registers for 1 fields (slave 1) on device "TestRequestTypesHoldingABCD"
2025-02-19T20:37:09Z I! [] Got 0 request(s) touching 0 inputs registers for 0 fields (slave 1) on device "TestRequestTypesHoldingABCD"
2025-02-19T20:37:09Z I! [] Got 0 request(s) touching 0 discrete registers for 0 fields (slave 1) on device "TestRequestTypesHoldingABCD"
2025-02-19T20:37:09Z I! [] Got 0 request(s) touching 0 coil registers for 0 fields (slave 1) on device "TestRequestTypesHoldingABCD"
=== RUN   TestRequestTypesHoldingABCD/register50_int32_scale_10
2025-02-19T20:37:09Z I! [] Got 1 request(s) touching 2 holding registers for 1 fields (slave 1) on device "TestRequestTypesHoldingABCD"
2025-02-19T20:37:09Z I! [] Got 0 request(s) touching 0 inputs registers for 0 fields (slave 1) on device "TestRequestTypesHoldingABCD"
2025-02-19T20:37:09Z I! [] Got 0 request(s) touching 0 discrete registers for 0 fields (slave 1) on device "TestRequestTypesHoldingABCD"
2025-02-19T20:37:09Z I! [] Got 0 request(s) touching 0 coil registers for 0 fields (slave 1) on device "TestRequestTypesHoldingABCD"
=== RUN   TestRequestTypesHoldingABCD/register50_int32_uint64
2025-02-19T20:37:09Z I! [] Got 1 request(s) touching 2 holding registers for 1 fields (slave 1) on device "TestRequestTypesHoldingABCD"
2025-02-19T20:37:09Z I! [] Got 0 request(s) touching 0 inputs registers for 0 fields (slave 1) on device "TestRequestTypesHoldingABCD"
2025-02-19T20:37:09Z I! [] Got 0 request(s) touching 0 discrete registers for 0 fields (slave 1) on device "TestRequestTypesHoldingABCD"
2025-02-19T20:37:09Z I! [] Got 0 request(s) touching 0 coil registers for 0 fields (slave 1) on device "TestRequestTypesHoldingABCD"
=== RUN   TestRequestTypesHoldingABCD/register50_int32_int64
2025-02-19T20:37:09Z I! [] Got 1 request(s) touching 2 holding registers for 1 fields (slave 1) on device "TestRequestTypesHoldingABCD"
2025-02-19T20:37:09Z I! [] Got 0 request(s) touching 0 inputs registers for 0 fields (slave 1) on device "TestRequestTypesHoldingABCD"
2025-02-19T20:37:09Z I! [] Got 0 request(s) touching 0 discrete registers for 0 fields (slave 1) on device "TestRequestTypesHoldingABCD"
2025-02-19T20:37:09Z I! [] Got 0 request(s) touching 0 coil registers for 0 fields (slave 1) on device "TestRequestTypesHoldingABCD"
=== RUN   TestRequestTypesHoldingABCD/register50_int32_float64
2025-02-19T20:37:09Z I! [] Got 1 request(s) touching 2 holding registers for 1 fields (slave 1) on device "TestRequestTypesHoldingABCD"
2025-02-19T20:37:09Z I! [] Got 0 request(s) touching 0 inputs registers for 0 fields (slave 1) on device "TestRequestTypesHoldingABCD"
2025-02-19T20:37:09Z I! [] Got 0 request(s) touching 0 discrete registers for 0 fields (slave 1) on device "TestRequestTypesHoldingABCD"
2025-02-19T20:37:09Z I! [] Got 0 request(s) touching 0 coil registers for 0 fields (slave 1) on device "TestRequestTypesHoldingABCD"
=== RUN   TestRequestTypesHoldingABCD/register50_int32_float64_scale
2025-02-19T20:37:09Z I! [] Got 1 request(s) touching 2 holding registers for 1 fields (slave 1) on device "TestRequestTypesHoldingABCD"
2025-02-19T20:37:09Z I! [] Got 0 request(s) touching 0 inputs registers for 0 fields (slave 1) on device "TestRequestTypesHoldingABCD"
2025-02-19T20:37:09Z I! [] Got 0 request(s) touching 0 discrete registers for 0 fields (slave 1) on device "TestRequestTypesHoldingABCD"
2025-02-19T20:37:09Z I! [] Got 0 request(s) touching 0 coil registers for 0 fields (slave 1) on device "TestRequestTypesHoldingABCD"
=== RUN   TestRequestTypesHoldingABCD/register60_uint64
2025-02-19T20:37:09Z I! [] Got 1 request(s) touching 4 holding registers for 1 fields (slave 1) on device "TestRequestTypesHoldingABCD"
2025-02-19T20:37:09Z I! [] Got 0 request(s) touching 0 inputs registers for 0 fields (slave 1) on device "TestRequestTypesHoldingABCD"
2025-02-19T20:37:09Z I! [] Got 0 request(s) touching 0 discrete registers for 0 fields (slave 1) on device "TestRequestTypesHoldingABCD"
2025-02-19T20:37:09Z I! [] Got 0 request(s) touching 0 coil registers for 0 fields (slave 1) on device "TestRequestTypesHoldingABCD"
=== RUN   TestRequestTypesHoldingABCD/register60_uint64-scale_.1
2025-02-19T20:37:09Z I! [] Got 1 request(s) touching 4 holding registers for 1 fields (slave 1) on device "TestRequestTypesHoldingABCD"
2025-02-19T20:37:09Z I! [] Got 0 request(s) touching 0 inputs registers for 0 fields (slave 1) on device "TestRequestTypesHoldingABCD"
2025-02-19T20:37:09Z I! [] Got 0 request(s) touching 0 discrete registers for 0 fields (slave 1) on device "TestRequestTypesHoldingABCD"
2025-02-19T20:37:09Z I! [] Got 0 request(s) touching 0 coil registers for 0 fields (slave 1) on device "TestRequestTypesHoldingABCD"
=== RUN   TestRequestTypesHoldingABCD/register60_uint64_scale_10
2025-02-19T20:37:09Z I! [] Got 1 request(s) touching 4 holding registers for 1 fields (slave 1) on device "TestRequestTypesHoldingABCD"
2025-02-19T20:37:09Z I! [] Got 0 request(s) touching 0 inputs registers for 0 fields (slave 1) on device "TestRequestTypesHoldingABCD"
2025-02-19T20:37:09Z I! [] Got 0 request(s) touching 0 discrete registers for 0 fields (slave 1) on device "TestRequestTypesHoldingABCD"
2025-02-19T20:37:09Z I! [] Got 0 request(s) touching 0 coil registers for 0 fields (slave 1) on device "TestRequestTypesHoldingABCD"
=== RUN   TestRequestTypesHoldingABCD/register60_uint64_int64
2025-02-19T20:37:09Z I! [] Got 1 request(s) touching 4 holding registers for 1 fields (slave 1) on device "TestRequestTypesHoldingABCD"
2025-02-19T20:37:09Z I! [] Got 0 request(s) touching 0 inputs registers for 0 fields (slave 1) on device "TestRequestTypesHoldingABCD"
2025-02-19T20:37:09Z I! [] Got 0 request(s) touching 0 discrete registers for 0 fields (slave 1) on device "TestRequestTypesHoldingABCD"
2025-02-19T20:37:09Z I! [] Got 0 request(s) touching 0 coil registers for 0 fields (slave 1) on device "TestRequestTypesHoldingABCD"
=== RUN   TestRequestTypesHoldingABCD/register60_uint64_float64
2025-02-19T20:37:09Z I! [] Got 1 request(s) touching 4 holding registers for 1 fields (slave 1) on device "TestRequestTypesHoldingABCD"
2025-02-19T20:37:09Z I! [] Got 0 request(s) touching 0 inputs registers for 0 fields (slave 1) on device "TestRequestTypesHoldingABCD"
2025-02-19T20:37:09Z I! [] Got 0 request(s) touching 0 discrete registers for 0 fields (slave 1) on device "TestRequestTypesHoldingABCD"
2025-02-19T20:37:09Z I! [] Got 0 request(s) touching 0 coil registers for 0 fields (slave 1) on device "TestRequestTypesHoldingABCD"
=== RUN   TestRequestTypesHoldingABCD/register60_uint64_float64_scale
2025-02-19T20:37:09Z I! [] Got 1 request(s) touching 4 holding registers for 1 fields (slave 1) on device "TestRequestTypesHoldingABCD"
2025-02-19T20:37:09Z I! [] Got 0 request(s) touching 0 inputs registers for 0 fields (slave 1) on device "TestRequestTypesHoldingABCD"
2025-02-19T20:37:09Z I! [] Got 0 request(s) touching 0 discrete registers for 0 fields (slave 1) on device "TestRequestTypesHoldingABCD"
2025-02-19T20:37:09Z I! [] Got 0 request(s) touching 0 coil registers for 0 fields (slave 1) on device "TestRequestTypesHoldingABCD"
=== RUN   TestRequestTypesHoldingABCD/register70_int64
2025-02-19T20:37:09Z I! [] Got 1 request(s) touching 4 holding registers for 1 fields (slave 1) on device "TestRequestTypesHoldingABCD"
2025-02-19T20:37:09Z I! [] Got 0 request(s) touching 0 inputs registers for 0 fields (slave 1) on device "TestRequestTypesHoldingABCD"
2025-02-19T20:37:09Z I! [] Got 0 request(s) touching 0 discrete registers for 0 fields (slave 1) on device "TestRequestTypesHoldingABCD"
2025-02-19T20:37:09Z I! [] Got 0 request(s) touching 0 coil registers for 0 fields (slave 1) on device "TestRequestTypesHoldingABCD"
=== RUN   TestRequestTypesHoldingABCD/register70_int64-scale_.1
2025-02-19T20:37:09Z I! [] Got 1 request(s) touching 4 holding registers for 1 fields (slave 1) on device "TestRequestTypesHoldingABCD"
2025-02-19T20:37:09Z I! [] Got 0 request(s) touching 0 inputs registers for 0 fields (slave 1) on device "TestRequestTypesHoldingABCD"
2025-02-19T20:37:09Z I! [] Got 0 request(s) touching 0 discrete registers for 0 fields (slave 1) on device "TestRequestTypesHoldingABCD"
2025-02-19T20:37:09Z I! [] Got 0 request(s) touching 0 coil registers for 0 fields (slave 1) on device "TestRequestTypesHoldingABCD"
=== RUN   TestRequestTypesHoldingABCD/register70_int64_scale_10
2025-02-19T20:37:09Z I! [] Got 1 request(s) touching 4 holding registers for 1 fields (slave 1) on device "TestRequestTypesHoldingABCD"
2025-02-19T20:37:09Z I! [] Got 0 request(s) touching 0 inputs registers for 0 fields (slave 1) on device "TestRequestTypesHoldingABCD"
2025-02-19T20:37:09Z I! [] Got 0 request(s) touching 0 discrete registers for 0 fields (slave 1) on device "TestRequestTypesHoldingABCD"
2025-02-19T20:37:09Z I! [] Got 0 request(s) touching 0 coil registers for 0 fields (slave 1) on device "TestRequestTypesHoldingABCD"
=== RUN   TestRequestTypesHoldingABCD/register70_int64_uint64
2025-02-19T20:37:09Z I! [] Got 1 request(s) touching 4 holding registers for 1 fields (slave 1) on device "TestRequestTypesHoldingABCD"
2025-02-19T20:37:09Z I! [] Got 0 request(s) touching 0 inputs registers for 0 fields (slave 1) on device "TestRequestTypesHoldingABCD"
2025-02-19T20:37:09Z I! [] Got 0 request(s) touching 0 discrete registers for 0 fields (slave 1) on device "TestRequestTypesHoldingABCD"
2025-02-19T20:37:09Z I! [] Got 0 request(s) touching 0 coil registers for 0 fields (slave 1) on device "TestRequestTypesHoldingABCD"
=== RUN   TestRequestTypesHoldingABCD/register70_int64_float64
2025-02-19T20:37:09Z I! [] Got 1 request(s) touching 4 holding registers for 1 fields (slave 1) on device "TestRequestTypesHoldingABCD"
2025-02-19T20:37:09Z I! [] Got 0 request(s) touching 0 inputs registers for 0 fields (slave 1) on device "TestRequestTypesHoldingABCD"
2025-02-19T20:37:09Z I! [] Got 0 request(s) touching 0 discrete registers for 0 fields (slave 1) on device "TestRequestTypesHoldingABCD"
2025-02-19T20:37:09Z I! [] Got 0 request(s) touching 0 coil registers for 0 fields (slave 1) on device "TestRequestTypesHoldingABCD"
=== RUN   TestRequestTypesHoldingABCD/register70_int64_float64_scale
2025-02-19T20:37:09Z I! [] Got 1 request(s) touching 4 holding registers for 1 fields (slave 1) on device "TestRequestTypesHoldingABCD"
2025-02-19T20:37:09Z I! [] Got 0 request(s) touching 0 inputs registers for 0 fields (slave 1) on device "TestRequestTypesHoldingABCD"
2025-02-19T20:37:09Z I! [] Got 0 request(s) touching 0 discrete registers for 0 fields (slave 1) on device "TestRequestTypesHoldingABCD"
2025-02-19T20:37:09Z I! [] Got 0 request(s) touching 0 coil registers for 0 fields (slave 1) on device "TestRequestTypesHoldingABCD"
=== RUN   TestRequestTypesHoldingABCD/register80_float32
2025-02-19T20:37:09Z I! [] Got 1 request(s) touching 2 holding registers for 1 fields (slave 1) on device "TestRequestTypesHoldingABCD"
2025-02-19T20:37:09Z I! [] Got 0 request(s) touching 0 inputs registers for 0 fields (slave 1) on device "TestRequestTypesHoldingABCD"
2025-02-19T20:37:09Z I! [] Got 0 request(s) touching 0 discrete registers for 0 fields (slave 1) on device "TestRequestTypesHoldingABCD"
2025-02-19T20:37:09Z I! [] Got 0 request(s) touching 0 coil registers for 0 fields (slave 1) on device "TestRequestTypesHoldingABCD"
=== RUN   TestRequestTypesHoldingABCD/register80_float32-scale_.1
2025-02-19T20:37:09Z I! [] Got 1 request(s) touching 2 holding registers for 1 fields (slave 1) on device "TestRequestTypesHoldingABCD"
2025-02-19T20:37:09Z I! [] Got 0 request(s) touching 0 inputs registers for 0 fields (slave 1) on device "TestRequestTypesHoldingABCD"
2025-02-19T20:37:09Z I! [] Got 0 request(s) touching 0 discrete registers for 0 fields (slave 1) on device "TestRequestTypesHoldingABCD"
2025-02-19T20:37:09Z I! [] Got 0 request(s) touching 0 coil registers for 0 fields (slave 1) on device "TestRequestTypesHoldingABCD"
=== RUN   TestRequestTypesHoldingABCD/register80_float32_scale_10
2025-02-19T20:37:09Z I! [] Got 1 request(s) touching 2 holding registers for 1 fields (slave 1) on device "TestRequestTypesHoldingABCD"
2025-02-19T20:37:09Z I! [] Got 0 request(s) touching 0 inputs registers for 0 fields (slave 1) on device "TestRequestTypesHoldingABCD"
2025-02-19T20:37:09Z I! [] Got 0 request(s) touching 0 discrete registers for 0 fields (slave 1) on device "TestRequestTypesHoldingABCD"
2025-02-19T20:37:09Z I! [] Got 0 request(s) touching 0 coil registers for 0 fields (slave 1) on device "TestRequestTypesHoldingABCD"
=== RUN   TestRequestTypesHoldingABCD/register80_float32_float64
2025-02-19T20:37:09Z I! [] Got 1 request(s) touching 2 holding registers for 1 fields (slave 1) on device "TestRequestTypesHoldingABCD"
2025-02-19T20:37:09Z I! [] Got 0 request(s) touching 0 inputs registers for 0 fields (slave 1) on device "TestRequestTypesHoldingABCD"
2025-02-19T20:37:09Z I! [] Got 0 request(s) touching 0 discrete registers for 0 fields (slave 1) on device "TestRequestTypesHoldingABCD"
2025-02-19T20:37:09Z I! [] Got 0 request(s) touching 0 coil registers for 0 fields (slave 1) on device "TestRequestTypesHoldingABCD"
=== RUN   TestRequestTypesHoldingABCD/register80_float32_float64_scale
2025-02-19T20:37:09Z I! [] Got 1 request(s) touching 2 holding registers for 1 fields (slave 1) on device "TestRequestTypesHoldingABCD"
2025-02-19T20:37:09Z I! [] Got 0 request(s) touching 0 inputs registers for 0 fields (slave 1) on device "TestRequestTypesHoldingABCD"
2025-02-19T20:37:09Z I! [] Got 0 request(s) touching 0 discrete registers for 0 fields (slave 1) on device "TestRequestTypesHoldingABCD"
2025-02-19T20:37:09Z I! [] Got 0 request(s) touching 0 coil registers for 0 fields (slave 1) on device "TestRequestTypesHoldingABCD"
=== RUN   TestRequestTypesHoldingABCD/register90_float64
2025-02-19T20:37:09Z I! [] Got 1 request(s) touching 4 holding registers for 1 fields (slave 1) on device "TestRequestTypesHoldingABCD"
2025-02-19T20:37:09Z I! [] Got 0 request(s) touching 0 inputs registers for 0 fields (slave 1) on device "TestRequestTypesHoldingABCD"
2025-02-19T20:37:09Z I! [] Got 0 request(s) touching 0 discrete registers for 0 fields (slave 1) on device "TestRequestTypesHoldingABCD"
2025-02-19T20:37:09Z I! [] Got 0 request(s) touching 0 coil registers for 0 fields (slave 1) on device "TestRequestTypesHoldingABCD"
=== RUN   TestRequestTypesHoldingABCD/register90_float64-scale_.1
2025-02-19T20:37:09Z I! [] Got 1 request(s) touching 4 holding registers for 1 fields (slave 1) on device "TestRequestTypesHoldingABCD"
2025-02-19T20:37:09Z I! [] Got 0 request(s) touching 0 inputs registers for 0 fields (slave 1) on device "TestRequestTypesHoldingABCD"
2025-02-19T20:37:09Z I! [] Got 0 request(s) touching 0 discrete registers for 0 fields (slave 1) on device "TestRequestTypesHoldingABCD"
2025-02-19T20:37:09Z I! [] Got 0 request(s) touching 0 coil registers for 0 fields (slave 1) on device "TestRequestTypesHoldingABCD"
=== RUN   TestRequestTypesHoldingABCD/register90_float64_scale_10
2025-02-19T20:37:09Z I! [] Got 1 request(s) touching 4 holding registers for 1 fields (slave 1) on device "TestRequestTypesHoldingABCD"
2025-02-19T20:37:09Z I! [] Got 0 request(s) touching 0 inputs registers for 0 fields (slave 1) on device "TestRequestTypesHoldingABCD"
2025-02-19T20:37:09Z I! [] Got 0 request(s) touching 0 discrete registers for 0 fields (slave 1) on device "TestRequestTypesHoldingABCD"
2025-02-19T20:37:09Z I! [] Got 0 request(s) touching 0 coil registers for 0 fields (slave 1) on device "TestRequestTypesHoldingABCD"
=== RUN   TestRequestTypesHoldingABCD/register90_float64_float64_scale
2025-02-19T20:37:09Z I! [] Got 1 request(s) touching 4 holding registers for 1 fields (slave 1) on device "TestRequestTypesHoldingABCD"
2025-02-19T20:37:09Z I! [] Got 0 request(s) touching 0 inputs registers for 0 fields (slave 1) on device "TestRequestTypesHoldingABCD"
2025-02-19T20:37:09Z I! [] Got 0 request(s) touching 0 discrete registers for 0 fields (slave 1) on device "TestRequestTypesHoldingABCD"
2025-02-19T20:37:09Z I! [] Got 0 request(s) touching 0 coil registers for 0 fields (slave 1) on device "TestRequestTypesHoldingABCD"
=== RUN   TestRequestTypesHoldingABCD/register100_float16
2025-02-19T20:37:09Z I! [] Got 1 request(s) touching 1 holding registers for 1 fields (slave 1) on device "TestRequestTypesHoldingABCD"
2025-02-19T20:37:09Z I! [] Got 0 request(s) touching 0 inputs registers for 0 fields (slave 1) on device "TestRequestTypesHoldingABCD"
2025-02-19T20:37:09Z I! [] Got 0 request(s) touching 0 discrete registers for 0 fields (slave 1) on device "TestRequestTypesHoldingABCD"
2025-02-19T20:37:09Z I! [] Got 0 request(s) touching 0 coil registers for 0 fields (slave 1) on device "TestRequestTypesHoldingABCD"
=== RUN   TestRequestTypesHoldingABCD/register100_float16-scale_.1
2025-02-19T20:37:09Z I! [] Got 1 request(s) touching 1 holding registers for 1 fields (slave 1) on device "TestRequestTypesHoldingABCD"
2025-02-19T20:37:09Z I! [] Got 0 request(s) touching 0 inputs registers for 0 fields (slave 1) on device "TestRequestTypesHoldingABCD"
2025-02-19T20:37:09Z I! [] Got 0 request(s) touching 0 discrete registers for 0 fields (slave 1) on device "TestRequestTypesHoldingABCD"
2025-02-19T20:37:09Z I! [] Got 0 request(s) touching 0 coil registers for 0 fields (slave 1) on device "TestRequestTypesHoldingABCD"
=== RUN   TestRequestTypesHoldingABCD/register100_float16_scale_10
2025-02-19T20:37:09Z I! [] Got 1 request(s) touching 1 holding registers for 1 fields (slave 1) on device "TestRequestTypesHoldingABCD"
2025-02-19T20:37:09Z I! [] Got 0 request(s) touching 0 inputs registers for 0 fields (slave 1) on device "TestRequestTypesHoldingABCD"
2025-02-19T20:37:09Z I! [] Got 0 request(s) touching 0 discrete registers for 0 fields (slave 1) on device "TestRequestTypesHoldingABCD"
2025-02-19T20:37:09Z I! [] Got 0 request(s) touching 0 coil registers for 0 fields (slave 1) on device "TestRequestTypesHoldingABCD"
=== RUN   TestRequestTypesHoldingABCD/register100_float16_float64_scale
2025-02-19T20:37:09Z I! [] Got 1 request(s) touching 1 holding registers for 1 fields (slave 1) on device "TestRequestTypesHoldingABCD"
2025-02-19T20:37:09Z I! [] Got 0 request(s) touching 0 inputs registers for 0 fields (slave 1) on device "TestRequestTypesHoldingABCD"
2025-02-19T20:37:09Z I! [] Got 0 request(s) touching 0 discrete registers for 0 fields (slave 1) on device "TestRequestTypesHoldingABCD"
2025-02-19T20:37:09Z I! [] Got 0 request(s) touching 0 coil registers for 0 fields (slave 1) on device "TestRequestTypesHoldingABCD"
=== RUN   TestRequestTypesHoldingABCD/register110_string
2025-02-19T20:37:09Z I! [] Got 1 request(s) touching 7 holding registers for 1 fields (slave 1) on device "TestRequestTypesHoldingABCD"
2025-02-19T20:37:09Z I! [] Got 0 request(s) touching 0 inputs registers for 0 fields (slave 1) on device "TestRequestTypesHoldingABCD"
2025-02-19T20:37:09Z I! [] Got 0 request(s) touching 0 discrete registers for 0 fields (slave 1) on device "TestRequestTypesHoldingABCD"
2025-02-19T20:37:09Z I! [] Got 0 request(s) touching 0 coil registers for 0 fields (slave 1) on device "TestRequestTypesHoldingABCD"
--- PASS: TestRequestTypesHoldingABCD (0.03s)
    --- PASS: TestRequestTypesHoldingABCD/register5_bit3 (0.00s)
    --- PASS: TestRequestTypesHoldingABCD/register5_bit14 (0.00s)
    --- PASS: TestRequestTypesHoldingABCD/register10_uint8L (0.00s)
    --- PASS: TestRequestTypesHoldingABCD/register10_uint8L-scale_.1 (0.00s)
    --- PASS: TestRequestTypesHoldingABCD/register10_uint8L_scale_10 (0.00s)
    --- PASS: TestRequestTypesHoldingABCD/register10_uint8L_uint64 (0.00s)
    --- PASS: TestRequestTypesHoldingABCD/register10_uint8L_int64 (0.00s)
    --- PASS: TestRequestTypesHoldingABCD/register10_uint8L_float64 (0.00s)
    --- PASS: TestRequestTypesHoldingABCD/register10_uint8L_float64_scale (0.00s)
    --- PASS: TestRequestTypesHoldingABCD/register15_int8L (0.00s)
    --- PASS: TestRequestTypesHoldingABCD/register15_int8L-scale_.1 (0.00s)
    --- PASS: TestRequestTypesHoldingABCD/register15_int8L_scale_10 (0.00s)
    --- PASS: TestRequestTypesHoldingABCD/register15_int8L_uint64 (0.00s)
    --- PASS: TestRequestTypesHoldingABCD/register15_int8L_int64 (0.00s)
    --- PASS: TestRequestTypesHoldingABCD/register15_int8L_float64 (0.00s)
    --- PASS: TestRequestTypesHoldingABCD/register15_int8L_float64_scale (0.00s)
    --- PASS: TestRequestTypesHoldingABCD/register20_uint16 (0.00s)
    --- PASS: TestRequestTypesHoldingABCD/register20_uint16-scale_.1 (0.00s)
    --- PASS: TestRequestTypesHoldingABCD/register20_uint16_scale_10 (0.00s)
    --- PASS: TestRequestTypesHoldingABCD/register20_uint16_uint64 (0.00s)
    --- PASS: TestRequestTypesHoldingABCD/register20_uint16_int64 (0.00s)
    --- PASS: TestRequestTypesHoldingABCD/register20_uint16_float64 (0.00s)
    --- PASS: TestRequestTypesHoldingABCD/register20_uint16_float64_scale (0.00s)
    --- PASS: TestRequestTypesHoldingABCD/register30_int16 (0.00s)
    --- PASS: TestRequestTypesHoldingABCD/register30_int16-scale_.1 (0.00s)
    --- PASS: TestRequestTypesHoldingABCD/register30_int16_scale_10 (0.00s)
    --- PASS: TestRequestTypesHoldingABCD/register30_int16_uint64 (0.00s)
    --- PASS: TestRequestTypesHoldingABCD/register30_int16_int64 (0.00s)
    --- PASS: TestRequestTypesHoldingABCD/register30_int16_float64 (0.00s)
    --- PASS: TestRequestTypesHoldingABCD/register30_int16_float64_scale (0.00s)
    --- PASS: TestRequestTypesHoldingABCD/register40_uint32 (0.00s)
    --- PASS: TestRequestTypesHoldingABCD/register40_uint32-scale_.1 (0.00s)
    --- PASS: TestRequestTypesHoldingABCD/register40_uint32_scale_10 (0.00s)
    --- PASS: TestRequestTypesHoldingABCD/register40_uint32_uint64 (0.00s)
    --- PASS: TestRequestTypesHoldingABCD/register40_uint32_int64 (0.00s)
    --- PASS: TestRequestTypesHoldingABCD/register40_uint32_float64 (0.00s)
    --- PASS: TestRequestTypesHoldingABCD/register40_uint32_float64_scale (0.00s)
    --- PASS: TestRequestTypesHoldingABCD/register50_int32 (0.00s)
    --- PASS: TestRequestTypesHoldingABCD/register50_int32-scale_.1 (0.00s)
    --- PASS: TestRequestTypesHoldingABCD/register50_int32_scale_10 (0.00s)
    --- PASS: TestRequestTypesHoldingABCD/register50_int32_uint64 (0.00s)
    --- PASS: TestRequestTypesHoldingABCD/register50_int32_int64 (0.00s)
    --- PASS: TestRequestTypesHoldingABCD/register50_int32_float64 (0.00s)
    --- PASS: TestRequestTypesHoldingABCD/register50_int32_float64_scale (0.00s)
    --- PASS: TestRequestTypesHoldingABCD/register60_uint64 (0.00s)
    --- PASS: TestRequestTypesHoldingABCD/register60_uint64-scale_.1 (0.00s)
    --- PASS: TestRequestTypesHoldingABCD/register60_uint64_scale_10 (0.00s)
    --- PASS: TestRequestTypesHoldingABCD/register60_uint64_int64 (0.00s)
    --- PASS: TestRequestTypesHoldingABCD/register60_uint64_float64 (0.00s)
    --- PASS: TestRequestTypesHoldingABCD/register60_uint64_float64_scale (0.00s)
    --- PASS: TestRequestTypesHoldingABCD/register70_int64 (0.00s)
    --- PASS: TestRequestTypesHoldingABCD/register70_int64-scale_.1 (0.00s)
    --- PASS: TestRequestTypesHoldingABCD/register70_int64_scale_10 (0.00s)
    --- PASS: TestRequestTypesHoldingABCD/register70_int64_uint64 (0.00s)
    --- PASS: TestRequestTypesHoldingABCD/register70_int64_float64 (0.00s)
    --- PASS: TestRequestTypesHoldingABCD/register70_int64_float64_scale (0.00s)
    --- PASS: TestRequestTypesHoldingABCD/register80_float32 (0.00s)
    --- PASS: TestRequestTypesHoldingABCD/register80_float32-scale_.1 (0.00s)
    --- PASS: TestRequestTypesHoldingABCD/register80_float32_scale_10 (0.00s)
    --- PASS: TestRequestTypesHoldingABCD/register80_float32_float64 (0.00s)
    --- PASS: TestRequestTypesHoldingABCD/register80_float32_float64_scale (0.00s)
    --- PASS: TestRequestTypesHoldingABCD/register90_float64 (0.00s)
    --- PASS: TestRequestTypesHoldingABCD/register90_float64-scale_.1 (0.00s)
    --- PASS: TestRequestTypesHoldingABCD/register90_float64_scale_10 (0.00s)
    --- PASS: TestRequestTypesHoldingABCD/register90_float64_float64_scale (0.00s)
    --- PASS: TestRequestTypesHoldingABCD/register100_float16 (0.00s)
    --- PASS: TestRequestTypesHoldingABCD/register100_float16-scale_.1 (0.00s)
    --- PASS: TestRequestTypesHoldingABCD/register100_float16_scale_10 (0.00s)
    --- PASS: TestRequestTypesHoldingABCD/register100_float16_float64_scale (0.00s)
    --- PASS: TestRequestTypesHoldingABCD/register110_string (0.00s)
=== RUN   TestRequestTypesHoldingDCBA
=== RUN   TestRequestTypesHoldingDCBA/register10_uint8L
2025-02-19T20:37:09Z I! [] Got 1 request(s) touching 1 holding registers for 1 fields (slave 1) on device "TestRequestTypesHoldingDCBA"
2025-02-19T20:37:09Z I! [] Got 0 request(s) touching 0 inputs registers for 0 fields (slave 1) on device "TestRequestTypesHoldingDCBA"
2025-02-19T20:37:09Z I! [] Got 0 request(s) touching 0 discrete registers for 0 fields (slave 1) on device "TestRequestTypesHoldingDCBA"
2025-02-19T20:37:09Z I! [] Got 0 request(s) touching 0 coil registers for 0 fields (slave 1) on device "TestRequestTypesHoldingDCBA"
=== RUN   TestRequestTypesHoldingDCBA/register10_uint8L-scale_.1
2025-02-19T20:37:09Z I! [] Got 1 request(s) touching 1 holding registers for 1 fields (slave 1) on device "TestRequestTypesHoldingDCBA"
2025-02-19T20:37:09Z I! [] Got 0 request(s) touching 0 inputs registers for 0 fields (slave 1) on device "TestRequestTypesHoldingDCBA"
2025-02-19T20:37:09Z I! [] Got 0 request(s) touching 0 discrete registers for 0 fields (slave 1) on device "TestRequestTypesHoldingDCBA"
2025-02-19T20:37:09Z I! [] Got 0 request(s) touching 0 coil registers for 0 fields (slave 1) on device "TestRequestTypesHoldingDCBA"
=== RUN   TestRequestTypesHoldingDCBA/register10_uint8L_scale_10
2025-02-19T20:37:09Z I! [] Got 1 request(s) touching 1 holding registers for 1 fields (slave 1) on device "TestRequestTypesHoldingDCBA"
2025-02-19T20:37:09Z I! [] Got 0 request(s) touching 0 inputs registers for 0 fields (slave 1) on device "TestRequestTypesHoldingDCBA"
2025-02-19T20:37:09Z I! [] Got 0 request(s) touching 0 discrete registers for 0 fields (slave 1) on device "TestRequestTypesHoldingDCBA"
2025-02-19T20:37:09Z I! [] Got 0 request(s) touching 0 coil registers for 0 fields (slave 1) on device "TestRequestTypesHoldingDCBA"
=== RUN   TestRequestTypesHoldingDCBA/register10_uint8L_uint64
2025-02-19T20:37:09Z I! [] Got 1 request(s) touching 1 holding registers for 1 fields (slave 1) on device "TestRequestTypesHoldingDCBA"
2025-02-19T20:37:09Z I! [] Got 0 request(s) touching 0 inputs registers for 0 fields (slave 1) on device "TestRequestTypesHoldingDCBA"
2025-02-19T20:37:09Z I! [] Got 0 request(s) touching 0 discrete registers for 0 fields (slave 1) on device "TestRequestTypesHoldingDCBA"
2025-02-19T20:37:09Z I! [] Got 0 request(s) touching 0 coil registers for 0 fields (slave 1) on device "TestRequestTypesHoldingDCBA"
=== RUN   TestRequestTypesHoldingDCBA/register10_uint8L_int64
2025-02-19T20:37:09Z I! [] Got 1 request(s) touching 1 holding registers for 1 fields (slave 1) on device "TestRequestTypesHoldingDCBA"
2025-02-19T20:37:09Z I! [] Got 0 request(s) touching 0 inputs registers for 0 fields (slave 1) on device "TestRequestTypesHoldingDCBA"
2025-02-19T20:37:09Z I! [] Got 0 request(s) touching 0 discrete registers for 0 fields (slave 1) on device "TestRequestTypesHoldingDCBA"
2025-02-19T20:37:09Z I! [] Got 0 request(s) touching 0 coil registers for 0 fields (slave 1) on device "TestRequestTypesHoldingDCBA"
=== RUN   TestRequestTypesHoldingDCBA/register10_uint8L_float64
2025-02-19T20:37:09Z I! [] Got 1 request(s) touching 1 holding registers for 1 fields (slave 1) on device "TestRequestTypesHoldingDCBA"
2025-02-19T20:37:09Z I! [] Got 0 request(s) touching 0 inputs registers for 0 fields (slave 1) on device "TestRequestTypesHoldingDCBA"
2025-02-19T20:37:09Z I! [] Got 0 request(s) touching 0 discrete registers for 0 fields (slave 1) on device "TestRequestTypesHoldingDCBA"
2025-02-19T20:37:09Z I! [] Got 0 request(s) touching 0 coil registers for 0 fields (slave 1) on device "TestRequestTypesHoldingDCBA"
=== RUN   TestRequestTypesHoldingDCBA/register10_uint8L_float64_scale
2025-02-19T20:37:09Z I! [] Got 1 request(s) touching 1 holding registers for 1 fields (slave 1) on device "TestRequestTypesHoldingDCBA"
2025-02-19T20:37:09Z I! [] Got 0 request(s) touching 0 inputs registers for 0 fields (slave 1) on device "TestRequestTypesHoldingDCBA"
2025-02-19T20:37:09Z I! [] Got 0 request(s) touching 0 discrete registers for 0 fields (slave 1) on device "TestRequestTypesHoldingDCBA"
2025-02-19T20:37:09Z I! [] Got 0 request(s) touching 0 coil registers for 0 fields (slave 1) on device "TestRequestTypesHoldingDCBA"
=== RUN   TestRequestTypesHoldingDCBA/register15_int8L
2025-02-19T20:37:09Z I! [] Got 1 request(s) touching 1 holding registers for 1 fields (slave 1) on device "TestRequestTypesHoldingDCBA"
2025-02-19T20:37:09Z I! [] Got 0 request(s) touching 0 inputs registers for 0 fields (slave 1) on device "TestRequestTypesHoldingDCBA"
2025-02-19T20:37:09Z I! [] Got 0 request(s) touching 0 discrete registers for 0 fields (slave 1) on device "TestRequestTypesHoldingDCBA"
2025-02-19T20:37:09Z I! [] Got 0 request(s) touching 0 coil registers for 0 fields (slave 1) on device "TestRequestTypesHoldingDCBA"
=== RUN   TestRequestTypesHoldingDCBA/register15_int8L-scale_.1
2025-02-19T20:37:09Z I! [] Got 1 request(s) touching 1 holding registers for 1 fields (slave 1) on device "TestRequestTypesHoldingDCBA"
2025-02-19T20:37:09Z I! [] Got 0 request(s) touching 0 inputs registers for 0 fields (slave 1) on device "TestRequestTypesHoldingDCBA"
2025-02-19T20:37:09Z I! [] Got 0 request(s) touching 0 discrete registers for 0 fields (slave 1) on device "TestRequestTypesHoldingDCBA"
2025-02-19T20:37:09Z I! [] Got 0 request(s) touching 0 coil registers for 0 fields (slave 1) on device "TestRequestTypesHoldingDCBA"
=== RUN   TestRequestTypesHoldingDCBA/register15_int8L_scale_10
2025-02-19T20:37:09Z I! [] Got 1 request(s) touching 1 holding registers for 1 fields (slave 1) on device "TestRequestTypesHoldingDCBA"
2025-02-19T20:37:09Z I! [] Got 0 request(s) touching 0 inputs registers for 0 fields (slave 1) on device "TestRequestTypesHoldingDCBA"
2025-02-19T20:37:09Z I! [] Got 0 request(s) touching 0 discrete registers for 0 fields (slave 1) on device "TestRequestTypesHoldingDCBA"
2025-02-19T20:37:09Z I! [] Got 0 request(s) touching 0 coil registers for 0 fields (slave 1) on device "TestRequestTypesHoldingDCBA"
=== RUN   TestRequestTypesHoldingDCBA/register15_int8L_uint64
2025-02-19T20:37:09Z I! [] Got 1 request(s) touching 1 holding registers for 1 fields (slave 1) on device "TestRequestTypesHoldingDCBA"
2025-02-19T20:37:09Z I! [] Got 0 request(s) touching 0 inputs registers for 0 fields (slave 1) on device "TestRequestTypesHoldingDCBA"
2025-02-19T20:37:09Z I! [] Got 0 request(s) touching 0 discrete registers for 0 fields (slave 1) on device "TestRequestTypesHoldingDCBA"
2025-02-19T20:37:09Z I! [] Got 0 request(s) touching 0 coil registers for 0 fields (slave 1) on device "TestRequestTypesHoldingDCBA"
=== RUN   TestRequestTypesHoldingDCBA/register15_int8L_int64
2025-02-19T20:37:09Z I! [] Got 1 request(s) touching 1 holding registers for 1 fields (slave 1) on device "TestRequestTypesHoldingDCBA"
2025-02-19T20:37:09Z I! [] Got 0 request(s) touching 0 inputs registers for 0 fields (slave 1) on device "TestRequestTypesHoldingDCBA"
2025-02-19T20:37:09Z I! [] Got 0 request(s) touching 0 discrete registers for 0 fields (slave 1) on device "TestRequestTypesHoldingDCBA"
2025-02-19T20:37:09Z I! [] Got 0 request(s) touching 0 coil registers for 0 fields (slave 1) on device "TestRequestTypesHoldingDCBA"
=== RUN   TestRequestTypesHoldingDCBA/register15_int8L_float64
2025-02-19T20:37:09Z I! [] Got 1 request(s) touching 1 holding registers for 1 fields (slave 1) on device "TestRequestTypesHoldingDCBA"
2025-02-19T20:37:09Z I! [] Got 0 request(s) touching 0 inputs registers for 0 fields (slave 1) on device "TestRequestTypesHoldingDCBA"
2025-02-19T20:37:09Z I! [] Got 0 request(s) touching 0 discrete registers for 0 fields (slave 1) on device "TestRequestTypesHoldingDCBA"
2025-02-19T20:37:09Z I! [] Got 0 request(s) touching 0 coil registers for 0 fields (slave 1) on device "TestRequestTypesHoldingDCBA"
=== RUN   TestRequestTypesHoldingDCBA/register15_int8L_float64_scale
2025-02-19T20:37:09Z I! [] Got 1 request(s) touching 1 holding registers for 1 fields (slave 1) on device "TestRequestTypesHoldingDCBA"
2025-02-19T20:37:09Z I! [] Got 0 request(s) touching 0 inputs registers for 0 fields (slave 1) on device "TestRequestTypesHoldingDCBA"
2025-02-19T20:37:09Z I! [] Got 0 request(s) touching 0 discrete registers for 0 fields (slave 1) on device "TestRequestTypesHoldingDCBA"
2025-02-19T20:37:09Z I! [] Got 0 request(s) touching 0 coil registers for 0 fields (slave 1) on device "TestRequestTypesHoldingDCBA"
=== RUN   TestRequestTypesHoldingDCBA/register20_uint16
2025-02-19T20:37:09Z I! [] Got 1 request(s) touching 1 holding registers for 1 fields (slave 1) on device "TestRequestTypesHoldingDCBA"
2025-02-19T20:37:09Z I! [] Got 0 request(s) touching 0 inputs registers for 0 fields (slave 1) on device "TestRequestTypesHoldingDCBA"
2025-02-19T20:37:09Z I! [] Got 0 request(s) touching 0 discrete registers for 0 fields (slave 1) on device "TestRequestTypesHoldingDCBA"
2025-02-19T20:37:09Z I! [] Got 0 request(s) touching 0 coil registers for 0 fields (slave 1) on device "TestRequestTypesHoldingDCBA"
=== RUN   TestRequestTypesHoldingDCBA/register20_uint16-scale_.1
2025-02-19T20:37:09Z I! [] Got 1 request(s) touching 1 holding registers for 1 fields (slave 1) on device "TestRequestTypesHoldingDCBA"
2025-02-19T20:37:09Z I! [] Got 0 request(s) touching 0 inputs registers for 0 fields (slave 1) on device "TestRequestTypesHoldingDCBA"
2025-02-19T20:37:09Z I! [] Got 0 request(s) touching 0 discrete registers for 0 fields (slave 1) on device "TestRequestTypesHoldingDCBA"
2025-02-19T20:37:09Z I! [] Got 0 request(s) touching 0 coil registers for 0 fields (slave 1) on device "TestRequestTypesHoldingDCBA"
=== RUN   TestRequestTypesHoldingDCBA/register20_uint16_scale_10
2025-02-19T20:37:09Z I! [] Got 1 request(s) touching 1 holding registers for 1 fields (slave 1) on device "TestRequestTypesHoldingDCBA"
2025-02-19T20:37:09Z I! [] Got 0 request(s) touching 0 inputs registers for 0 fields (slave 1) on device "TestRequestTypesHoldingDCBA"
2025-02-19T20:37:09Z I! [] Got 0 request(s) touching 0 discrete registers for 0 fields (slave 1) on device "TestRequestTypesHoldingDCBA"
2025-02-19T20:37:09Z I! [] Got 0 request(s) touching 0 coil registers for 0 fields (slave 1) on device "TestRequestTypesHoldingDCBA"
=== RUN   TestRequestTypesHoldingDCBA/register20_uint16_uint64
2025-02-19T20:37:09Z I! [] Got 1 request(s) touching 1 holding registers for 1 fields (slave 1) on device "TestRequestTypesHoldingDCBA"
2025-02-19T20:37:09Z I! [] Got 0 request(s) touching 0 inputs registers for 0 fields (slave 1) on device "TestRequestTypesHoldingDCBA"
2025-02-19T20:37:09Z I! [] Got 0 request(s) touching 0 discrete registers for 0 fields (slave 1) on device "TestRequestTypesHoldingDCBA"
2025-02-19T20:37:09Z I! [] Got 0 request(s) touching 0 coil registers for 0 fields (slave 1) on device "TestRequestTypesHoldingDCBA"
=== RUN   TestRequestTypesHoldingDCBA/register20_uint16_int64
2025-02-19T20:37:09Z I! [] Got 1 request(s) touching 1 holding registers for 1 fields (slave 1) on device "TestRequestTypesHoldingDCBA"
2025-02-19T20:37:09Z I! [] Got 0 request(s) touching 0 inputs registers for 0 fields (slave 1) on device "TestRequestTypesHoldingDCBA"
2025-02-19T20:37:09Z I! [] Got 0 request(s) touching 0 discrete registers for 0 fields (slave 1) on device "TestRequestTypesHoldingDCBA"
2025-02-19T20:37:09Z I! [] Got 0 request(s) touching 0 coil registers for 0 fields (slave 1) on device "TestRequestTypesHoldingDCBA"
=== RUN   TestRequestTypesHoldingDCBA/register20_uint16_float64
2025-02-19T20:37:09Z I! [] Got 1 request(s) touching 1 holding registers for 1 fields (slave 1) on device "TestRequestTypesHoldingDCBA"
2025-02-19T20:37:09Z I! [] Got 0 request(s) touching 0 inputs registers for 0 fields (slave 1) on device "TestRequestTypesHoldingDCBA"
2025-02-19T20:37:09Z I! [] Got 0 request(s) touching 0 discrete registers for 0 fields (slave 1) on device "TestRequestTypesHoldingDCBA"
2025-02-19T20:37:09Z I! [] Got 0 request(s) touching 0 coil registers for 0 fields (slave 1) on device "TestRequestTypesHoldingDCBA"
=== RUN   TestRequestTypesHoldingDCBA/register20_uint16_float64_scale
2025-02-19T20:37:09Z I! [] Got 1 request(s) touching 1 holding registers for 1 fields (slave 1) on device "TestRequestTypesHoldingDCBA"
2025-02-19T20:37:09Z I! [] Got 0 request(s) touching 0 inputs registers for 0 fields (slave 1) on device "TestRequestTypesHoldingDCBA"
2025-02-19T20:37:09Z I! [] Got 0 request(s) touching 0 discrete registers for 0 fields (slave 1) on device "TestRequestTypesHoldingDCBA"
2025-02-19T20:37:09Z I! [] Got 0 request(s) touching 0 coil registers for 0 fields (slave 1) on device "TestRequestTypesHoldingDCBA"
=== RUN   TestRequestTypesHoldingDCBA/register30_int16
2025-02-19T20:37:09Z I! [] Got 1 request(s) touching 1 holding registers for 1 fields (slave 1) on device "TestRequestTypesHoldingDCBA"
2025-02-19T20:37:09Z I! [] Got 0 request(s) touching 0 inputs registers for 0 fields (slave 1) on device "TestRequestTypesHoldingDCBA"
2025-02-19T20:37:09Z I! [] Got 0 request(s) touching 0 discrete registers for 0 fields (slave 1) on device "TestRequestTypesHoldingDCBA"
2025-02-19T20:37:09Z I! [] Got 0 request(s) touching 0 coil registers for 0 fields (slave 1) on device "TestRequestTypesHoldingDCBA"
=== RUN   TestRequestTypesHoldingDCBA/register30_int16-scale_.1
2025-02-19T20:37:09Z I! [] Got 1 request(s) touching 1 holding registers for 1 fields (slave 1) on device "TestRequestTypesHoldingDCBA"
2025-02-19T20:37:09Z I! [] Got 0 request(s) touching 0 inputs registers for 0 fields (slave 1) on device "TestRequestTypesHoldingDCBA"
2025-02-19T20:37:09Z I! [] Got 0 request(s) touching 0 discrete registers for 0 fields (slave 1) on device "TestRequestTypesHoldingDCBA"
2025-02-19T20:37:09Z I! [] Got 0 request(s) touching 0 coil registers for 0 fields (slave 1) on device "TestRequestTypesHoldingDCBA"
=== RUN   TestRequestTypesHoldingDCBA/register30_int16_scale_10
2025-02-19T20:37:09Z I! [] Got 1 request(s) touching 1 holding registers for 1 fields (slave 1) on device "TestRequestTypesHoldingDCBA"
2025-02-19T20:37:09Z I! [] Got 0 request(s) touching 0 inputs registers for 0 fields (slave 1) on device "TestRequestTypesHoldingDCBA"
2025-02-19T20:37:09Z I! [] Got 0 request(s) touching 0 discrete registers for 0 fields (slave 1) on device "TestRequestTypesHoldingDCBA"
2025-02-19T20:37:09Z I! [] Got 0 request(s) touching 0 coil registers for 0 fields (slave 1) on device "TestRequestTypesHoldingDCBA"
=== RUN   TestRequestTypesHoldingDCBA/register30_int16_uint64
2025-02-19T20:37:09Z I! [] Got 1 request(s) touching 1 holding registers for 1 fields (slave 1) on device "TestRequestTypesHoldingDCBA"
2025-02-19T20:37:09Z I! [] Got 0 request(s) touching 0 inputs registers for 0 fields (slave 1) on device "TestRequestTypesHoldingDCBA"
2025-02-19T20:37:09Z I! [] Got 0 request(s) touching 0 discrete registers for 0 fields (slave 1) on device "TestRequestTypesHoldingDCBA"
2025-02-19T20:37:09Z I! [] Got 0 request(s) touching 0 coil registers for 0 fields (slave 1) on device "TestRequestTypesHoldingDCBA"
=== RUN   TestRequestTypesHoldingDCBA/register30_int16_int64
2025-02-19T20:37:09Z I! [] Got 1 request(s) touching 1 holding registers for 1 fields (slave 1) on device "TestRequestTypesHoldingDCBA"
2025-02-19T20:37:09Z I! [] Got 0 request(s) touching 0 inputs registers for 0 fields (slave 1) on device "TestRequestTypesHoldingDCBA"
2025-02-19T20:37:09Z I! [] Got 0 request(s) touching 0 discrete registers for 0 fields (slave 1) on device "TestRequestTypesHoldingDCBA"
2025-02-19T20:37:09Z I! [] Got 0 request(s) touching 0 coil registers for 0 fields (slave 1) on device "TestRequestTypesHoldingDCBA"
=== RUN   TestRequestTypesHoldingDCBA/register30_int16_float64
2025-02-19T20:37:09Z I! [] Got 1 request(s) touching 1 holding registers for 1 fields (slave 1) on device "TestRequestTypesHoldingDCBA"
2025-02-19T20:37:09Z I! [] Got 0 request(s) touching 0 inputs registers for 0 fields (slave 1) on device "TestRequestTypesHoldingDCBA"
2025-02-19T20:37:09Z I! [] Got 0 request(s) touching 0 discrete registers for 0 fields (slave 1) on device "TestRequestTypesHoldingDCBA"
2025-02-19T20:37:09Z I! [] Got 0 request(s) touching 0 coil registers for 0 fields (slave 1) on device "TestRequestTypesHoldingDCBA"
=== RUN   TestRequestTypesHoldingDCBA/register30_int16_float64_scale
2025-02-19T20:37:09Z I! [] Got 1 request(s) touching 1 holding registers for 1 fields (slave 1) on device "TestRequestTypesHoldingDCBA"
2025-02-19T20:37:09Z I! [] Got 0 request(s) touching 0 inputs registers for 0 fields (slave 1) on device "TestRequestTypesHoldingDCBA"
2025-02-19T20:37:09Z I! [] Got 0 request(s) touching 0 discrete registers for 0 fields (slave 1) on device "TestRequestTypesHoldingDCBA"
2025-02-19T20:37:09Z I! [] Got 0 request(s) touching 0 coil registers for 0 fields (slave 1) on device "TestRequestTypesHoldingDCBA"
=== RUN   TestRequestTypesHoldingDCBA/register40_uint32
2025-02-19T20:37:09Z I! [] Got 1 request(s) touching 2 holding registers for 1 fields (slave 1) on device "TestRequestTypesHoldingDCBA"
2025-02-19T20:37:09Z I! [] Got 0 request(s) touching 0 inputs registers for 0 fields (slave 1) on device "TestRequestTypesHoldingDCBA"
2025-02-19T20:37:09Z I! [] Got 0 request(s) touching 0 discrete registers for 0 fields (slave 1) on device "TestRequestTypesHoldingDCBA"
2025-02-19T20:37:09Z I! [] Got 0 request(s) touching 0 coil registers for 0 fields (slave 1) on device "TestRequestTypesHoldingDCBA"
=== RUN   TestRequestTypesHoldingDCBA/register40_uint32-scale_.1
2025-02-19T20:37:09Z I! [] Got 1 request(s) touching 2 holding registers for 1 fields (slave 1) on device "TestRequestTypesHoldingDCBA"
2025-02-19T20:37:09Z I! [] Got 0 request(s) touching 0 inputs registers for 0 fields (slave 1) on device "TestRequestTypesHoldingDCBA"
2025-02-19T20:37:09Z I! [] Got 0 request(s) touching 0 discrete registers for 0 fields (slave 1) on device "TestRequestTypesHoldingDCBA"
2025-02-19T20:37:09Z I! [] Got 0 request(s) touching 0 coil registers for 0 fields (slave 1) on device "TestRequestTypesHoldingDCBA"
=== RUN   TestRequestTypesHoldingDCBA/register40_uint32_scale_10
2025-02-19T20:37:09Z I! [] Got 1 request(s) touching 2 holding registers for 1 fields (slave 1) on device "TestRequestTypesHoldingDCBA"
2025-02-19T20:37:09Z I! [] Got 0 request(s) touching 0 inputs registers for 0 fields (slave 1) on device "TestRequestTypesHoldingDCBA"
2025-02-19T20:37:09Z I! [] Got 0 request(s) touching 0 discrete registers for 0 fields (slave 1) on device "TestRequestTypesHoldingDCBA"
2025-02-19T20:37:09Z I! [] Got 0 request(s) touching 0 coil registers for 0 fields (slave 1) on device "TestRequestTypesHoldingDCBA"
=== RUN   TestRequestTypesHoldingDCBA/register40_uint32_uint64
2025-02-19T20:37:09Z I! [] Got 1 request(s) touching 2 holding registers for 1 fields (slave 1) on device "TestRequestTypesHoldingDCBA"
2025-02-19T20:37:09Z I! [] Got 0 request(s) touching 0 inputs registers for 0 fields (slave 1) on device "TestRequestTypesHoldingDCBA"
2025-02-19T20:37:09Z I! [] Got 0 request(s) touching 0 discrete registers for 0 fields (slave 1) on device "TestRequestTypesHoldingDCBA"
2025-02-19T20:37:09Z I! [] Got 0 request(s) touching 0 coil registers for 0 fields (slave 1) on device "TestRequestTypesHoldingDCBA"
=== RUN   TestRequestTypesHoldingDCBA/register40_uint32_int64
2025-02-19T20:37:09Z I! [] Got 1 request(s) touching 2 holding registers for 1 fields (slave 1) on device "TestRequestTypesHoldingDCBA"
2025-02-19T20:37:09Z I! [] Got 0 request(s) touching 0 inputs registers for 0 fields (slave 1) on device "TestRequestTypesHoldingDCBA"
2025-02-19T20:37:09Z I! [] Got 0 request(s) touching 0 discrete registers for 0 fields (slave 1) on device "TestRequestTypesHoldingDCBA"
2025-02-19T20:37:09Z I! [] Got 0 request(s) touching 0 coil registers for 0 fields (slave 1) on device "TestRequestTypesHoldingDCBA"
=== RUN   TestRequestTypesHoldingDCBA/register40_uint32_float64
2025-02-19T20:37:09Z I! [] Got 1 request(s) touching 2 holding registers for 1 fields (slave 1) on device "TestRequestTypesHoldingDCBA"
2025-02-19T20:37:09Z I! [] Got 0 request(s) touching 0 inputs registers for 0 fields (slave 1) on device "TestRequestTypesHoldingDCBA"
2025-02-19T20:37:09Z I! [] Got 0 request(s) touching 0 discrete registers for 0 fields (slave 1) on device "TestRequestTypesHoldingDCBA"
2025-02-19T20:37:09Z I! [] Got 0 request(s) touching 0 coil registers for 0 fields (slave 1) on device "TestRequestTypesHoldingDCBA"
=== RUN   TestRequestTypesHoldingDCBA/register40_uint32_float64_scale
2025-02-19T20:37:09Z I! [] Got 1 request(s) touching 2 holding registers for 1 fields (slave 1) on device "TestRequestTypesHoldingDCBA"
2025-02-19T20:37:09Z I! [] Got 0 request(s) touching 0 inputs registers for 0 fields (slave 1) on device "TestRequestTypesHoldingDCBA"
2025-02-19T20:37:09Z I! [] Got 0 request(s) touching 0 discrete registers for 0 fields (slave 1) on device "TestRequestTypesHoldingDCBA"
2025-02-19T20:37:09Z I! [] Got 0 request(s) touching 0 coil registers for 0 fields (slave 1) on device "TestRequestTypesHoldingDCBA"
=== RUN   TestRequestTypesHoldingDCBA/register50_int32
2025-02-19T20:37:09Z I! [] Got 1 request(s) touching 2 holding registers for 1 fields (slave 1) on device "TestRequestTypesHoldingDCBA"
2025-02-19T20:37:09Z I! [] Got 0 request(s) touching 0 inputs registers for 0 fields (slave 1) on device "TestRequestTypesHoldingDCBA"
2025-02-19T20:37:09Z I! [] Got 0 request(s) touching 0 discrete registers for 0 fields (slave 1) on device "TestRequestTypesHoldingDCBA"
2025-02-19T20:37:09Z I! [] Got 0 request(s) touching 0 coil registers for 0 fields (slave 1) on device "TestRequestTypesHoldingDCBA"
=== RUN   TestRequestTypesHoldingDCBA/register50_int32-scale_.1
2025-02-19T20:37:09Z I! [] Got 1 request(s) touching 2 holding registers for 1 fields (slave 1) on device "TestRequestTypesHoldingDCBA"
2025-02-19T20:37:09Z I! [] Got 0 request(s) touching 0 inputs registers for 0 fields (slave 1) on device "TestRequestTypesHoldingDCBA"
2025-02-19T20:37:09Z I! [] Got 0 request(s) touching 0 discrete registers for 0 fields (slave 1) on device "TestRequestTypesHoldingDCBA"
2025-02-19T20:37:09Z I! [] Got 0 request(s) touching 0 coil registers for 0 fields (slave 1) on device "TestRequestTypesHoldingDCBA"
=== RUN   TestRequestTypesHoldingDCBA/register50_int32_scale_10
2025-02-19T20:37:09Z I! [] Got 1 request(s) touching 2 holding registers for 1 fields (slave 1) on device "TestRequestTypesHoldingDCBA"
2025-02-19T20:37:09Z I! [] Got 0 request(s) touching 0 inputs registers for 0 fields (slave 1) on device "TestRequestTypesHoldingDCBA"
2025-02-19T20:37:09Z I! [] Got 0 request(s) touching 0 discrete registers for 0 fields (slave 1) on device "TestRequestTypesHoldingDCBA"
2025-02-19T20:37:09Z I! [] Got 0 request(s) touching 0 coil registers for 0 fields (slave 1) on device "TestRequestTypesHoldingDCBA"
=== RUN   TestRequestTypesHoldingDCBA/register50_int32_uint64
2025-02-19T20:37:09Z I! [] Got 1 request(s) touching 2 holding registers for 1 fields (slave 1) on device "TestRequestTypesHoldingDCBA"
2025-02-19T20:37:09Z I! [] Got 0 request(s) touching 0 inputs registers for 0 fields (slave 1) on device "TestRequestTypesHoldingDCBA"
2025-02-19T20:37:09Z I! [] Got 0 request(s) touching 0 discrete registers for 0 fields (slave 1) on device "TestRequestTypesHoldingDCBA"
2025-02-19T20:37:09Z I! [] Got 0 request(s) touching 0 coil registers for 0 fields (slave 1) on device "TestRequestTypesHoldingDCBA"
=== RUN   TestRequestTypesHoldingDCBA/register50_int32_int64
2025-02-19T20:37:09Z I! [] Got 1 request(s) touching 2 holding registers for 1 fields (slave 1) on device "TestRequestTypesHoldingDCBA"
2025-02-19T20:37:09Z I! [] Got 0 request(s) touching 0 inputs registers for 0 fields (slave 1) on device "TestRequestTypesHoldingDCBA"
2025-02-19T20:37:09Z I! [] Got 0 request(s) touching 0 discrete registers for 0 fields (slave 1) on device "TestRequestTypesHoldingDCBA"
2025-02-19T20:37:09Z I! [] Got 0 request(s) touching 0 coil registers for 0 fields (slave 1) on device "TestRequestTypesHoldingDCBA"
=== RUN   TestRequestTypesHoldingDCBA/register50_int32_float64
2025-02-19T20:37:09Z I! [] Got 1 request(s) touching 2 holding registers for 1 fields (slave 1) on device "TestRequestTypesHoldingDCBA"
2025-02-19T20:37:09Z I! [] Got 0 request(s) touching 0 inputs registers for 0 fields (slave 1) on device "TestRequestTypesHoldingDCBA"
2025-02-19T20:37:09Z I! [] Got 0 request(s) touching 0 discrete registers for 0 fields (slave 1) on device "TestRequestTypesHoldingDCBA"
2025-02-19T20:37:09Z I! [] Got 0 request(s) touching 0 coil registers for 0 fields (slave 1) on device "TestRequestTypesHoldingDCBA"
=== RUN   TestRequestTypesHoldingDCBA/register50_int32_float64_scale
2025-02-19T20:37:09Z I! [] Got 1 request(s) touching 2 holding registers for 1 fields (slave 1) on device "TestRequestTypesHoldingDCBA"
2025-02-19T20:37:09Z I! [] Got 0 request(s) touching 0 inputs registers for 0 fields (slave 1) on device "TestRequestTypesHoldingDCBA"
2025-02-19T20:37:09Z I! [] Got 0 request(s) touching 0 discrete registers for 0 fields (slave 1) on device "TestRequestTypesHoldingDCBA"
2025-02-19T20:37:09Z I! [] Got 0 request(s) touching 0 coil registers for 0 fields (slave 1) on device "TestRequestTypesHoldingDCBA"
=== RUN   TestRequestTypesHoldingDCBA/register60_uint64
2025-02-19T20:37:09Z I! [] Got 1 request(s) touching 4 holding registers for 1 fields (slave 1) on device "TestRequestTypesHoldingDCBA"
2025-02-19T20:37:09Z I! [] Got 0 request(s) touching 0 inputs registers for 0 fields (slave 1) on device "TestRequestTypesHoldingDCBA"
2025-02-19T20:37:09Z I! [] Got 0 request(s) touching 0 discrete registers for 0 fields (slave 1) on device "TestRequestTypesHoldingDCBA"
2025-02-19T20:37:09Z I! [] Got 0 request(s) touching 0 coil registers for 0 fields (slave 1) on device "TestRequestTypesHoldingDCBA"
=== RUN   TestRequestTypesHoldingDCBA/register60_uint64-scale_.1
2025-02-19T20:37:09Z I! [] Got 1 request(s) touching 4 holding registers for 1 fields (slave 1) on device "TestRequestTypesHoldingDCBA"
2025-02-19T20:37:09Z I! [] Got 0 request(s) touching 0 inputs registers for 0 fields (slave 1) on device "TestRequestTypesHoldingDCBA"
2025-02-19T20:37:09Z I! [] Got 0 request(s) touching 0 discrete registers for 0 fields (slave 1) on device "TestRequestTypesHoldingDCBA"
2025-02-19T20:37:09Z I! [] Got 0 request(s) touching 0 coil registers for 0 fields (slave 1) on device "TestRequestTypesHoldingDCBA"
=== RUN   TestRequestTypesHoldingDCBA/register60_uint64_scale_10
2025-02-19T20:37:09Z I! [] Got 1 request(s) touching 4 holding registers for 1 fields (slave 1) on device "TestRequestTypesHoldingDCBA"
2025-02-19T20:37:09Z I! [] Got 0 request(s) touching 0 inputs registers for 0 fields (slave 1) on device "TestRequestTypesHoldingDCBA"
2025-02-19T20:37:09Z I! [] Got 0 request(s) touching 0 discrete registers for 0 fields (slave 1) on device "TestRequestTypesHoldingDCBA"
2025-02-19T20:37:09Z I! [] Got 0 request(s) touching 0 coil registers for 0 fields (slave 1) on device "TestRequestTypesHoldingDCBA"
=== RUN   TestRequestTypesHoldingDCBA/register60_uint64_int64
2025-02-19T20:37:09Z I! [] Got 1 request(s) touching 4 holding registers for 1 fields (slave 1) on device "TestRequestTypesHoldingDCBA"
2025-02-19T20:37:09Z I! [] Got 0 request(s) touching 0 inputs registers for 0 fields (slave 1) on device "TestRequestTypesHoldingDCBA"
2025-02-19T20:37:09Z I! [] Got 0 request(s) touching 0 discrete registers for 0 fields (slave 1) on device "TestRequestTypesHoldingDCBA"
2025-02-19T20:37:09Z I! [] Got 0 request(s) touching 0 coil registers for 0 fields (slave 1) on device "TestRequestTypesHoldingDCBA"
=== RUN   TestRequestTypesHoldingDCBA/register60_uint64_float64
2025-02-19T20:37:09Z I! [] Got 1 request(s) touching 4 holding registers for 1 fields (slave 1) on device "TestRequestTypesHoldingDCBA"
2025-02-19T20:37:09Z I! [] Got 0 request(s) touching 0 inputs registers for 0 fields (slave 1) on device "TestRequestTypesHoldingDCBA"
2025-02-19T20:37:09Z I! [] Got 0 request(s) touching 0 discrete registers for 0 fields (slave 1) on device "TestRequestTypesHoldingDCBA"
2025-02-19T20:37:09Z I! [] Got 0 request(s) touching 0 coil registers for 0 fields (slave 1) on device "TestRequestTypesHoldingDCBA"
=== RUN   TestRequestTypesHoldingDCBA/register60_uint64_float64_scale
2025-02-19T20:37:09Z I! [] Got 1 request(s) touching 4 holding registers for 1 fields (slave 1) on device "TestRequestTypesHoldingDCBA"
2025-02-19T20:37:09Z I! [] Got 0 request(s) touching 0 inputs registers for 0 fields (slave 1) on device "TestRequestTypesHoldingDCBA"
2025-02-19T20:37:09Z I! [] Got 0 request(s) touching 0 discrete registers for 0 fields (slave 1) on device "TestRequestTypesHoldingDCBA"
2025-02-19T20:37:09Z I! [] Got 0 request(s) touching 0 coil registers for 0 fields (slave 1) on device "TestRequestTypesHoldingDCBA"
=== RUN   TestRequestTypesHoldingDCBA/register70_int64
2025-02-19T20:37:09Z I! [] Got 1 request(s) touching 4 holding registers for 1 fields (slave 1) on device "TestRequestTypesHoldingDCBA"
2025-02-19T20:37:09Z I! [] Got 0 request(s) touching 0 inputs registers for 0 fields (slave 1) on device "TestRequestTypesHoldingDCBA"
2025-02-19T20:37:09Z I! [] Got 0 request(s) touching 0 discrete registers for 0 fields (slave 1) on device "TestRequestTypesHoldingDCBA"
2025-02-19T20:37:09Z I! [] Got 0 request(s) touching 0 coil registers for 0 fields (slave 1) on device "TestRequestTypesHoldingDCBA"
=== RUN   TestRequestTypesHoldingDCBA/register70_int64-scale_.1
2025-02-19T20:37:09Z I! [] Got 1 request(s) touching 4 holding registers for 1 fields (slave 1) on device "TestRequestTypesHoldingDCBA"
2025-02-19T20:37:09Z I! [] Got 0 request(s) touching 0 inputs registers for 0 fields (slave 1) on device "TestRequestTypesHoldingDCBA"
2025-02-19T20:37:09Z I! [] Got 0 request(s) touching 0 discrete registers for 0 fields (slave 1) on device "TestRequestTypesHoldingDCBA"
2025-02-19T20:37:09Z I! [] Got 0 request(s) touching 0 coil registers for 0 fields (slave 1) on device "TestRequestTypesHoldingDCBA"
=== RUN   TestRequestTypesHoldingDCBA/register70_int64_scale_10
2025-02-19T20:37:09Z I! [] Got 1 request(s) touching 4 holding registers for 1 fields (slave 1) on device "TestRequestTypesHoldingDCBA"
2025-02-19T20:37:09Z I! [] Got 0 request(s) touching 0 inputs registers for 0 fields (slave 1) on device "TestRequestTypesHoldingDCBA"
2025-02-19T20:37:09Z I! [] Got 0 request(s) touching 0 discrete registers for 0 fields (slave 1) on device "TestRequestTypesHoldingDCBA"
2025-02-19T20:37:09Z I! [] Got 0 request(s) touching 0 coil registers for 0 fields (slave 1) on device "TestRequestTypesHoldingDCBA"
=== RUN   TestRequestTypesHoldingDCBA/register70_int64_uint64
2025-02-19T20:37:09Z I! [] Got 1 request(s) touching 4 holding registers for 1 fields (slave 1) on device "TestRequestTypesHoldingDCBA"
2025-02-19T20:37:09Z I! [] Got 0 request(s) touching 0 inputs registers for 0 fields (slave 1) on device "TestRequestTypesHoldingDCBA"
2025-02-19T20:37:09Z I! [] Got 0 request(s) touching 0 discrete registers for 0 fields (slave 1) on device "TestRequestTypesHoldingDCBA"
2025-02-19T20:37:09Z I! [] Got 0 request(s) touching 0 coil registers for 0 fields (slave 1) on device "TestRequestTypesHoldingDCBA"
=== RUN   TestRequestTypesHoldingDCBA/register70_int64_float64
2025-02-19T20:37:09Z I! [] Got 1 request(s) touching 4 holding registers for 1 fields (slave 1) on device "TestRequestTypesHoldingDCBA"
2025-02-19T20:37:09Z I! [] Got 0 request(s) touching 0 inputs registers for 0 fields (slave 1) on device "TestRequestTypesHoldingDCBA"
2025-02-19T20:37:09Z I! [] Got 0 request(s) touching 0 discrete registers for 0 fields (slave 1) on device "TestRequestTypesHoldingDCBA"
2025-02-19T20:37:09Z I! [] Got 0 request(s) touching 0 coil registers for 0 fields (slave 1) on device "TestRequestTypesHoldingDCBA"
=== RUN   TestRequestTypesHoldingDCBA/register70_int64_float64_scale
2025-02-19T20:37:09Z I! [] Got 1 request(s) touching 4 holding registers for 1 fields (slave 1) on device "TestRequestTypesHoldingDCBA"
2025-02-19T20:37:09Z I! [] Got 0 request(s) touching 0 inputs registers for 0 fields (slave 1) on device "TestRequestTypesHoldingDCBA"
2025-02-19T20:37:09Z I! [] Got 0 request(s) touching 0 discrete registers for 0 fields (slave 1) on device "TestRequestTypesHoldingDCBA"
2025-02-19T20:37:09Z I! [] Got 0 request(s) touching 0 coil registers for 0 fields (slave 1) on device "TestRequestTypesHoldingDCBA"
=== RUN   TestRequestTypesHoldingDCBA/register80_float32
2025-02-19T20:37:09Z I! [] Got 1 request(s) touching 2 holding registers for 1 fields (slave 1) on device "TestRequestTypesHoldingDCBA"
2025-02-19T20:37:09Z I! [] Got 0 request(s) touching 0 inputs registers for 0 fields (slave 1) on device "TestRequestTypesHoldingDCBA"
2025-02-19T20:37:09Z I! [] Got 0 request(s) touching 0 discrete registers for 0 fields (slave 1) on device "TestRequestTypesHoldingDCBA"
2025-02-19T20:37:09Z I! [] Got 0 request(s) touching 0 coil registers for 0 fields (slave 1) on device "TestRequestTypesHoldingDCBA"
=== RUN   TestRequestTypesHoldingDCBA/register80_float32-scale_.1
2025-02-19T20:37:09Z I! [] Got 1 request(s) touching 2 holding registers for 1 fields (slave 1) on device "TestRequestTypesHoldingDCBA"
2025-02-19T20:37:09Z I! [] Got 0 request(s) touching 0 inputs registers for 0 fields (slave 1) on device "TestRequestTypesHoldingDCBA"
2025-02-19T20:37:09Z I! [] Got 0 request(s) touching 0 discrete registers for 0 fields (slave 1) on device "TestRequestTypesHoldingDCBA"
2025-02-19T20:37:09Z I! [] Got 0 request(s) touching 0 coil registers for 0 fields (slave 1) on device "TestRequestTypesHoldingDCBA"
=== RUN   TestRequestTypesHoldingDCBA/register80_float32_scale_10
2025-02-19T20:37:09Z I! [] Got 1 request(s) touching 2 holding registers for 1 fields (slave 1) on device "TestRequestTypesHoldingDCBA"
2025-02-19T20:37:09Z I! [] Got 0 request(s) touching 0 inputs registers for 0 fields (slave 1) on device "TestRequestTypesHoldingDCBA"
2025-02-19T20:37:09Z I! [] Got 0 request(s) touching 0 discrete registers for 0 fields (slave 1) on device "TestRequestTypesHoldingDCBA"
2025-02-19T20:37:09Z I! [] Got 0 request(s) touching 0 coil registers for 0 fields (slave 1) on device "TestRequestTypesHoldingDCBA"
=== RUN   TestRequestTypesHoldingDCBA/register80_float32_float64
2025-02-19T20:37:09Z I! [] Got 1 request(s) touching 2 holding registers for 1 fields (slave 1) on device "TestRequestTypesHoldingDCBA"
2025-02-19T20:37:09Z I! [] Got 0 request(s) touching 0 inputs registers for 0 fields (slave 1) on device "TestRequestTypesHoldingDCBA"
2025-02-19T20:37:09Z I! [] Got 0 request(s) touching 0 discrete registers for 0 fields (slave 1) on device "TestRequestTypesHoldingDCBA"
2025-02-19T20:37:09Z I! [] Got 0 request(s) touching 0 coil registers for 0 fields (slave 1) on device "TestRequestTypesHoldingDCBA"
=== RUN   TestRequestTypesHoldingDCBA/register80_float32_float64_scale
2025-02-19T20:37:09Z I! [] Got 1 request(s) touching 2 holding registers for 1 fields (slave 1) on device "TestRequestTypesHoldingDCBA"
2025-02-19T20:37:09Z I! [] Got 0 request(s) touching 0 inputs registers for 0 fields (slave 1) on device "TestRequestTypesHoldingDCBA"
2025-02-19T20:37:09Z I! [] Got 0 request(s) touching 0 discrete registers for 0 fields (slave 1) on device "TestRequestTypesHoldingDCBA"
2025-02-19T20:37:09Z I! [] Got 0 request(s) touching 0 coil registers for 0 fields (slave 1) on device "TestRequestTypesHoldingDCBA"
=== RUN   TestRequestTypesHoldingDCBA/register90_float64
2025-02-19T20:37:09Z I! [] Got 1 request(s) touching 4 holding registers for 1 fields (slave 1) on device "TestRequestTypesHoldingDCBA"
2025-02-19T20:37:09Z I! [] Got 0 request(s) touching 0 inputs registers for 0 fields (slave 1) on device "TestRequestTypesHoldingDCBA"
2025-02-19T20:37:09Z I! [] Got 0 request(s) touching 0 discrete registers for 0 fields (slave 1) on device "TestRequestTypesHoldingDCBA"
2025-02-19T20:37:09Z I! [] Got 0 request(s) touching 0 coil registers for 0 fields (slave 1) on device "TestRequestTypesHoldingDCBA"
=== RUN   TestRequestTypesHoldingDCBA/register90_float64-scale_.1
2025-02-19T20:37:09Z I! [] Got 1 request(s) touching 4 holding registers for 1 fields (slave 1) on device "TestRequestTypesHoldingDCBA"
2025-02-19T20:37:09Z I! [] Got 0 request(s) touching 0 inputs registers for 0 fields (slave 1) on device "TestRequestTypesHoldingDCBA"
2025-02-19T20:37:09Z I! [] Got 0 request(s) touching 0 discrete registers for 0 fields (slave 1) on device "TestRequestTypesHoldingDCBA"
2025-02-19T20:37:09Z I! [] Got 0 request(s) touching 0 coil registers for 0 fields (slave 1) on device "TestRequestTypesHoldingDCBA"
=== RUN   TestRequestTypesHoldingDCBA/register90_float64_scale_10
2025-02-19T20:37:09Z I! [] Got 1 request(s) touching 4 holding registers for 1 fields (slave 1) on device "TestRequestTypesHoldingDCBA"
2025-02-19T20:37:09Z I! [] Got 0 request(s) touching 0 inputs registers for 0 fields (slave 1) on device "TestRequestTypesHoldingDCBA"
2025-02-19T20:37:09Z I! [] Got 0 request(s) touching 0 discrete registers for 0 fields (slave 1) on device "TestRequestTypesHoldingDCBA"
2025-02-19T20:37:09Z I! [] Got 0 request(s) touching 0 coil registers for 0 fields (slave 1) on device "TestRequestTypesHoldingDCBA"
=== RUN   TestRequestTypesHoldingDCBA/register90_float64_float64_scale
2025-02-19T20:37:09Z I! [] Got 1 request(s) touching 4 holding registers for 1 fields (slave 1) on device "TestRequestTypesHoldingDCBA"
2025-02-19T20:37:09Z I! [] Got 0 request(s) touching 0 inputs registers for 0 fields (slave 1) on device "TestRequestTypesHoldingDCBA"
2025-02-19T20:37:09Z I! [] Got 0 request(s) touching 0 discrete registers for 0 fields (slave 1) on device "TestRequestTypesHoldingDCBA"
2025-02-19T20:37:09Z I! [] Got 0 request(s) touching 0 coil registers for 0 fields (slave 1) on device "TestRequestTypesHoldingDCBA"
=== RUN   TestRequestTypesHoldingDCBA/register100_float16
2025-02-19T20:37:09Z I! [] Got 1 request(s) touching 1 holding registers for 1 fields (slave 1) on device "TestRequestTypesHoldingDCBA"
2025-02-19T20:37:09Z I! [] Got 0 request(s) touching 0 inputs registers for 0 fields (slave 1) on device "TestRequestTypesHoldingDCBA"
2025-02-19T20:37:09Z I! [] Got 0 request(s) touching 0 discrete registers for 0 fields (slave 1) on device "TestRequestTypesHoldingDCBA"
2025-02-19T20:37:09Z I! [] Got 0 request(s) touching 0 coil registers for 0 fields (slave 1) on device "TestRequestTypesHoldingDCBA"
=== RUN   TestRequestTypesHoldingDCBA/register100_float16-scale_.1
2025-02-19T20:37:09Z I! [] Got 1 request(s) touching 1 holding registers for 1 fields (slave 1) on device "TestRequestTypesHoldingDCBA"
2025-02-19T20:37:09Z I! [] Got 0 request(s) touching 0 inputs registers for 0 fields (slave 1) on device "TestRequestTypesHoldingDCBA"
2025-02-19T20:37:09Z I! [] Got 0 request(s) touching 0 discrete registers for 0 fields (slave 1) on device "TestRequestTypesHoldingDCBA"
2025-02-19T20:37:09Z I! [] Got 0 request(s) touching 0 coil registers for 0 fields (slave 1) on device "TestRequestTypesHoldingDCBA"
=== RUN   TestRequestTypesHoldingDCBA/register100_float16_scale_10
2025-02-19T20:37:09Z I! [] Got 1 request(s) touching 1 holding registers for 1 fields (slave 1) on device "TestRequestTypesHoldingDCBA"
2025-02-19T20:37:09Z I! [] Got 0 request(s) touching 0 inputs registers for 0 fields (slave 1) on device "TestRequestTypesHoldingDCBA"
2025-02-19T20:37:09Z I! [] Got 0 request(s) touching 0 discrete registers for 0 fields (slave 1) on device "TestRequestTypesHoldingDCBA"
2025-02-19T20:37:09Z I! [] Got 0 request(s) touching 0 coil registers for 0 fields (slave 1) on device "TestRequestTypesHoldingDCBA"
=== RUN   TestRequestTypesHoldingDCBA/register100_float16_float64_scale
2025-02-19T20:37:09Z I! [] Got 1 request(s) touching 1 holding registers for 1 fields (slave 1) on device "TestRequestTypesHoldingDCBA"
2025-02-19T20:37:09Z I! [] Got 0 request(s) touching 0 inputs registers for 0 fields (slave 1) on device "TestRequestTypesHoldingDCBA"
2025-02-19T20:37:09Z I! [] Got 0 request(s) touching 0 discrete registers for 0 fields (slave 1) on device "TestRequestTypesHoldingDCBA"
2025-02-19T20:37:09Z I! [] Got 0 request(s) touching 0 coil registers for 0 fields (slave 1) on device "TestRequestTypesHoldingDCBA"
=== RUN   TestRequestTypesHoldingDCBA/register110_string
2025-02-19T20:37:09Z I! [] Got 1 request(s) touching 7 holding registers for 1 fields (slave 1) on device "TestRequestTypesHoldingDCBA"
2025-02-19T20:37:09Z I! [] Got 0 request(s) touching 0 inputs registers for 0 fields (slave 1) on device "TestRequestTypesHoldingDCBA"
2025-02-19T20:37:09Z I! [] Got 0 request(s) touching 0 discrete registers for 0 fields (slave 1) on device "TestRequestTypesHoldingDCBA"
2025-02-19T20:37:09Z I! [] Got 0 request(s) touching 0 coil registers for 0 fields (slave 1) on device "TestRequestTypesHoldingDCBA"
--- PASS: TestRequestTypesHoldingDCBA (0.04s)
    --- PASS: TestRequestTypesHoldingDCBA/register10_uint8L (0.00s)
    --- PASS: TestRequestTypesHoldingDCBA/register10_uint8L-scale_.1 (0.00s)
    --- PASS: TestRequestTypesHoldingDCBA/register10_uint8L_scale_10 (0.00s)
    --- PASS: TestRequestTypesHoldingDCBA/register10_uint8L_uint64 (0.00s)
    --- PASS: TestRequestTypesHoldingDCBA/register10_uint8L_int64 (0.00s)
    --- PASS: TestRequestTypesHoldingDCBA/register10_uint8L_float64 (0.00s)
    --- PASS: TestRequestTypesHoldingDCBA/register10_uint8L_float64_scale (0.00s)
    --- PASS: TestRequestTypesHoldingDCBA/register15_int8L (0.00s)
    --- PASS: TestRequestTypesHoldingDCBA/register15_int8L-scale_.1 (0.00s)
    --- PASS: TestRequestTypesHoldingDCBA/register15_int8L_scale_10 (0.00s)
    --- PASS: TestRequestTypesHoldingDCBA/register15_int8L_uint64 (0.00s)
    --- PASS: TestRequestTypesHoldingDCBA/register15_int8L_int64 (0.00s)
    --- PASS: TestRequestTypesHoldingDCBA/register15_int8L_float64 (0.00s)
    --- PASS: TestRequestTypesHoldingDCBA/register15_int8L_float64_scale (0.00s)
    --- PASS: TestRequestTypesHoldingDCBA/register20_uint16 (0.00s)
    --- PASS: TestRequestTypesHoldingDCBA/register20_uint16-scale_.1 (0.00s)
    --- PASS: TestRequestTypesHoldingDCBA/register20_uint16_scale_10 (0.00s)
    --- PASS: TestRequestTypesHoldingDCBA/register20_uint16_uint64 (0.00s)
    --- PASS: TestRequestTypesHoldingDCBA/register20_uint16_int64 (0.00s)
    --- PASS: TestRequestTypesHoldingDCBA/register20_uint16_float64 (0.00s)
    --- PASS: TestRequestTypesHoldingDCBA/register20_uint16_float64_scale (0.00s)
    --- PASS: TestRequestTypesHoldingDCBA/register30_int16 (0.00s)
    --- PASS: TestRequestTypesHoldingDCBA/register30_int16-scale_.1 (0.00s)
    --- PASS: TestRequestTypesHoldingDCBA/register30_int16_scale_10 (0.00s)
    --- PASS: TestRequestTypesHoldingDCBA/register30_int16_uint64 (0.00s)
    --- PASS: TestRequestTypesHoldingDCBA/register30_int16_int64 (0.00s)
    --- PASS: TestRequestTypesHoldingDCBA/register30_int16_float64 (0.00s)
    --- PASS: TestRequestTypesHoldingDCBA/register30_int16_float64_scale (0.00s)
    --- PASS: TestRequestTypesHoldingDCBA/register40_uint32 (0.00s)
    --- PASS: TestRequestTypesHoldingDCBA/register40_uint32-scale_.1 (0.00s)
    --- PASS: TestRequestTypesHoldingDCBA/register40_uint32_scale_10 (0.00s)
    --- PASS: TestRequestTypesHoldingDCBA/register40_uint32_uint64 (0.00s)
    --- PASS: TestRequestTypesHoldingDCBA/register40_uint32_int64 (0.00s)
    --- PASS: TestRequestTypesHoldingDCBA/register40_uint32_float64 (0.00s)
    --- PASS: TestRequestTypesHoldingDCBA/register40_uint32_float64_scale (0.00s)
    --- PASS: TestRequestTypesHoldingDCBA/register50_int32 (0.00s)
    --- PASS: TestRequestTypesHoldingDCBA/register50_int32-scale_.1 (0.00s)
    --- PASS: TestRequestTypesHoldingDCBA/register50_int32_scale_10 (0.00s)
    --- PASS: TestRequestTypesHoldingDCBA/register50_int32_uint64 (0.00s)
    --- PASS: TestRequestTypesHoldingDCBA/register50_int32_int64 (0.00s)
    --- PASS: TestRequestTypesHoldingDCBA/register50_int32_float64 (0.00s)
    --- PASS: TestRequestTypesHoldingDCBA/register50_int32_float64_scale (0.00s)
    --- PASS: TestRequestTypesHoldingDCBA/register60_uint64 (0.00s)
    --- PASS: TestRequestTypesHoldingDCBA/register60_uint64-scale_.1 (0.00s)
    --- PASS: TestRequestTypesHoldingDCBA/register60_uint64_scale_10 (0.00s)
    --- PASS: TestRequestTypesHoldingDCBA/register60_uint64_int64 (0.00s)
    --- PASS: TestRequestTypesHoldingDCBA/register60_uint64_float64 (0.00s)
    --- PASS: TestRequestTypesHoldingDCBA/register60_uint64_float64_scale (0.00s)
    --- PASS: TestRequestTypesHoldingDCBA/register70_int64 (0.00s)
    --- PASS: TestRequestTypesHoldingDCBA/register70_int64-scale_.1 (0.00s)
    --- PASS: TestRequestTypesHoldingDCBA/register70_int64_scale_10 (0.00s)
    --- PASS: TestRequestTypesHoldingDCBA/register70_int64_uint64 (0.00s)
    --- PASS: TestRequestTypesHoldingDCBA/register70_int64_float64 (0.00s)
    --- PASS: TestRequestTypesHoldingDCBA/register70_int64_float64_scale (0.00s)
    --- PASS: TestRequestTypesHoldingDCBA/register80_float32 (0.00s)
    --- PASS: TestRequestTypesHoldingDCBA/register80_float32-scale_.1 (0.00s)
    --- PASS: TestRequestTypesHoldingDCBA/register80_float32_scale_10 (0.00s)
    --- PASS: TestRequestTypesHoldingDCBA/register80_float32_float64 (0.00s)
    --- PASS: TestRequestTypesHoldingDCBA/register80_float32_float64_scale (0.00s)
    --- PASS: TestRequestTypesHoldingDCBA/register90_float64 (0.00s)
    --- PASS: TestRequestTypesHoldingDCBA/register90_float64-scale_.1 (0.00s)
    --- PASS: TestRequestTypesHoldingDCBA/register90_float64_scale_10 (0.00s)
    --- PASS: TestRequestTypesHoldingDCBA/register90_float64_float64_scale (0.00s)
    --- PASS: TestRequestTypesHoldingDCBA/register100_float16 (0.00s)
    --- PASS: TestRequestTypesHoldingDCBA/register100_float16-scale_.1 (0.00s)
    --- PASS: TestRequestTypesHoldingDCBA/register100_float16_scale_10 (0.00s)
    --- PASS: TestRequestTypesHoldingDCBA/register100_float16_float64_scale (0.00s)
    --- PASS: TestRequestTypesHoldingDCBA/register110_string (0.00s)
=== RUN   TestRequestFail
=== RUN   TestRequestFail/empty_field_name_(coil)
=== RUN   TestRequestFail/invalid_byte-order_(coil)
=== RUN   TestRequestFail/duplicate_fields_(coil)
=== RUN   TestRequestFail/duplicate_fields_multiple_requests_(coil)
=== RUN   TestRequestFail/invalid_byte-order_(discrete)
=== RUN   TestRequestFail/duplicate_fields_(discrete)
=== RUN   TestRequestFail/duplicate_fields_multiple_requests_(discrete)
=== RUN   TestRequestFail/invalid_byte-order_(holding)
=== RUN   TestRequestFail/invalid_field_name_(holding)
=== RUN   TestRequestFail/invalid_field_input_type_(holding)
=== RUN   TestRequestFail/invalid_field_output_type_(holding)
=== RUN   TestRequestFail/duplicate_fields_(holding)
=== RUN   TestRequestFail/duplicate_fields_multiple_requests_(holding)
=== RUN   TestRequestFail/invalid_byte-order_(input)
=== RUN   TestRequestFail/invalid_field_name_(input)
=== RUN   TestRequestFail/invalid_field_input_type_(input)
=== RUN   TestRequestFail/invalid_field_output_type_(input)
=== RUN   TestRequestFail/duplicate_fields_(input)
=== RUN   TestRequestFail/duplicate_fields_multiple_requests_(input)
--- PASS: TestRequestFail (0.00s)
    --- PASS: TestRequestFail/empty_field_name_(coil) (0.00s)
    --- PASS: TestRequestFail/invalid_byte-order_(coil) (0.00s)
    --- PASS: TestRequestFail/duplicate_fields_(coil) (0.00s)
    --- PASS: TestRequestFail/duplicate_fields_multiple_requests_(coil) (0.00s)
    --- PASS: TestRequestFail/invalid_byte-order_(discrete) (0.00s)
    --- PASS: TestRequestFail/duplicate_fields_(discrete) (0.00s)
    --- PASS: TestRequestFail/duplicate_fields_multiple_requests_(discrete) (0.00s)
    --- PASS: TestRequestFail/invalid_byte-order_(holding) (0.00s)
    --- PASS: TestRequestFail/invalid_field_name_(holding) (0.00s)
    --- PASS: TestRequestFail/invalid_field_input_type_(holding) (0.00s)
    --- PASS: TestRequestFail/invalid_field_output_type_(holding) (0.00s)
    --- PASS: TestRequestFail/duplicate_fields_(holding) (0.00s)
    --- PASS: TestRequestFail/duplicate_fields_multiple_requests_(holding) (0.00s)
    --- PASS: TestRequestFail/invalid_byte-order_(input) (0.00s)
    --- PASS: TestRequestFail/invalid_field_name_(input) (0.00s)
    --- PASS: TestRequestFail/invalid_field_input_type_(input) (0.00s)
    --- PASS: TestRequestFail/invalid_field_output_type_(input) (0.00s)
    --- PASS: TestRequestFail/duplicate_fields_(input) (0.00s)
    --- PASS: TestRequestFail/duplicate_fields_multiple_requests_(input) (0.00s)
=== RUN   TestRequestStartingWithOmits
2025-02-19T20:37:09Z I! [] Got 1 request(s) touching 3 holding registers for 1 fields (slave 1) on device "Test"
2025-02-19T20:37:09Z I! [] Got 0 request(s) touching 0 inputs registers for 0 fields (slave 1) on device "Test"
2025-02-19T20:37:09Z I! [] Got 0 request(s) touching 0 discrete registers for 0 fields (slave 1) on device "Test"
2025-02-19T20:37:09Z I! [] Got 0 request(s) touching 0 coil registers for 0 fields (slave 1) on device "Test"
--- PASS: TestRequestStartingWithOmits (0.00s)
=== RUN   TestRequestWithOmittedFieldsOnly
--- PASS: TestRequestWithOmittedFieldsOnly (0.00s)
=== RUN   TestRequestGroupWithOmittedFieldsOnly
2025-02-19T20:37:09Z I! [] Got 1 request(s) touching 1 holding registers for 1 fields (slave 1) on device "Test"
2025-02-19T20:37:09Z I! [] Got 0 request(s) touching 0 inputs registers for 0 fields (slave 1) on device "Test"
2025-02-19T20:37:09Z I! [] Got 0 request(s) touching 0 discrete registers for 0 fields (slave 1) on device "Test"
2025-02-19T20:37:09Z I! [] Got 0 request(s) touching 0 coil registers for 0 fields (slave 1) on device "Test"
--- PASS: TestRequestGroupWithOmittedFieldsOnly (0.00s)
=== RUN   TestRequestEmptyFields
--- PASS: TestRequestEmptyFields (0.00s)
=== RUN   TestRequestMultipleSlavesOneFail
2025-02-19T20:37:09Z I! [] Got 1 request(s) touching 1 holding registers for 1 fields (slave 1) on device "Test"
2025-02-19T20:37:09Z I! [] Got 0 request(s) touching 0 inputs registers for 0 fields (slave 1) on device "Test"
2025-02-19T20:37:09Z I! [] Got 0 request(s) touching 0 discrete registers for 0 fields (slave 1) on device "Test"
2025-02-19T20:37:09Z I! [] Got 0 request(s) touching 0 coil registers for 0 fields (slave 1) on device "Test"
2025-02-19T20:37:09Z I! [] Got 1 request(s) touching 1 holding registers for 1 fields (slave 2) on device "Test"
2025-02-19T20:37:09Z I! [] Got 0 request(s) touching 0 inputs registers for 0 fields (slave 2) on device "Test"
2025-02-19T20:37:09Z I! [] Got 0 request(s) touching 0 discrete registers for 0 fields (slave 2) on device "Test"
2025-02-19T20:37:09Z I! [] Got 0 request(s) touching 0 coil registers for 0 fields (slave 2) on device "Test"
2025-02-19T20:37:09Z I! [] Got 1 request(s) touching 1 holding registers for 1 fields (slave 3) on device "Test"
2025-02-19T20:37:09Z I! [] Got 0 request(s) touching 0 inputs registers for 0 fields (slave 3) on device "Test"
2025-02-19T20:37:09Z I! [] Got 0 request(s) touching 0 discrete registers for 0 fields (slave 3) on device "Test"
2025-02-19T20:37:09Z I! [] Got 0 request(s) touching 0 coil registers for 0 fields (slave 3) on device "Test"
--- PASS: TestRequestMultipleSlavesOneFail (0.00s)
=== RUN   TestRequestOptimizationShrink
=== RUN   TestRequestOptimizationShrink/no_omit
2025-02-19T20:37:09Z I! [] Got 2 request(s) touching 250 holding registers for 250 fields (slave 1) on device "Test"
2025-02-19T20:37:09Z I! [] Got 0 request(s) touching 0 inputs registers for 0 fields (slave 1) on device "Test"
2025-02-19T20:37:09Z I! [] Got 0 request(s) touching 0 discrete registers for 0 fields (slave 1) on device "Test"
2025-02-19T20:37:09Z I! [] Got 0 request(s) touching 0 coil registers for 0 fields (slave 1) on device "Test"
=== RUN   TestRequestOptimizationShrink/borders
2025-02-19T20:37:09Z I! [] Got 2 request(s) touching 250 holding registers for 4 fields (slave 1) on device "Test"
2025-02-19T20:37:09Z I! [] Got 0 request(s) touching 0 inputs registers for 0 fields (slave 1) on device "Test"
2025-02-19T20:37:09Z I! [] Got 0 request(s) touching 0 discrete registers for 0 fields (slave 1) on device "Test"
2025-02-19T20:37:09Z I! [] Got 0 request(s) touching 0 coil registers for 0 fields (slave 1) on device "Test"
=== RUN   TestRequestOptimizationShrink/borders_with_gap
2025-02-19T20:37:09Z I! [] Got 3 request(s) touching 127 holding registers for 4 fields (slave 1) on device "Test"
2025-02-19T20:37:09Z I! [] Got 0 request(s) touching 0 inputs registers for 0 fields (slave 1) on device "Test"
2025-02-19T20:37:09Z I! [] Got 0 request(s) touching 0 discrete registers for 0 fields (slave 1) on device "Test"
2025-02-19T20:37:09Z I! [] Got 0 request(s) touching 0 coil registers for 0 fields (slave 1) on device "Test"
=== RUN   TestRequestOptimizationShrink/large_gaps
2025-02-19T20:37:09Z I! [] Got 3 request(s) touching 10 holding registers for 10 fields (slave 1) on device "Test"
2025-02-19T20:37:09Z I! [] Got 0 request(s) touching 0 inputs registers for 0 fields (slave 1) on device "Test"
2025-02-19T20:37:09Z I! [] Got 0 request(s) touching 0 discrete registers for 0 fields (slave 1) on device "Test"
2025-02-19T20:37:09Z I! [] Got 0 request(s) touching 0 coil registers for 0 fields (slave 1) on device "Test"
=== RUN   TestRequestOptimizationShrink/large_gaps_filled
2025-02-19T20:37:09Z I! [] Got 2 request(s) touching 169 holding registers for 11 fields (slave 1) on device "Test"
2025-02-19T20:37:09Z I! [] Got 0 request(s) touching 0 inputs registers for 0 fields (slave 1) on device "Test"
2025-02-19T20:37:09Z I! [] Got 0 request(s) touching 0 discrete registers for 0 fields (slave 1) on device "Test"
2025-02-19T20:37:09Z I! [] Got 0 request(s) touching 0 coil registers for 0 fields (slave 1) on device "Test"
=== RUN   TestRequestOptimizationShrink/large_gaps_filled_with_offset
2025-02-19T20:37:09Z I! [] Got 2 request(s) touching 112 holding registers for 10 fields (slave 1) on device "Test"
2025-02-19T20:37:09Z I! [] Got 0 request(s) touching 0 inputs registers for 0 fields (slave 1) on device "Test"
2025-02-19T20:37:09Z I! [] Got 0 request(s) touching 0 discrete registers for 0 fields (slave 1) on device "Test"
2025-02-19T20:37:09Z I! [] Got 0 request(s) touching 0 coil registers for 0 fields (slave 1) on device "Test"
=== RUN   TestRequestOptimizationShrink/worst_case
2025-02-19T20:37:09Z I! [] Got 2 request(s) touching 248 holding registers for 125 fields (slave 1) on device "Test"
2025-02-19T20:37:09Z I! [] Got 0 request(s) touching 0 inputs registers for 0 fields (slave 1) on device "Test"
2025-02-19T20:37:09Z I! [] Got 0 request(s) touching 0 discrete registers for 0 fields (slave 1) on device "Test"
2025-02-19T20:37:09Z I! [] Got 0 request(s) touching 0 coil registers for 0 fields (slave 1) on device "Test"
=== RUN   TestRequestOptimizationShrink/from_PR_#11106
2025-02-19T20:37:09Z I! [] Got 2 request(s) touching 2 holding registers for 2 fields (slave 1) on device "Test"
2025-02-19T20:37:09Z I! [] Got 0 request(s) touching 0 inputs registers for 0 fields (slave 1) on device "Test"
2025-02-19T20:37:09Z I! [] Got 0 request(s) touching 0 discrete registers for 0 fields (slave 1) on device "Test"
2025-02-19T20:37:09Z I! [] Got 0 request(s) touching 0 coil registers for 0 fields (slave 1) on device "Test"
--- PASS: TestRequestOptimizationShrink (0.00s)
    --- PASS: TestRequestOptimizationShrink/no_omit (0.00s)
    --- PASS: TestRequestOptimizationShrink/borders (0.00s)
    --- PASS: TestRequestOptimizationShrink/borders_with_gap (0.00s)
    --- PASS: TestRequestOptimizationShrink/large_gaps (0.00s)
    --- PASS: TestRequestOptimizationShrink/large_gaps_filled (0.00s)
    --- PASS: TestRequestOptimizationShrink/large_gaps_filled_with_offset (0.00s)
    --- PASS: TestRequestOptimizationShrink/worst_case (0.00s)
    --- PASS: TestRequestOptimizationShrink/from_PR_#11106 (0.00s)
=== RUN   TestRequestOptimizationRearrange
=== RUN   TestRequestOptimizationRearrange/no_omit
2025-02-19T20:37:09Z I! [] Got 2 request(s) touching 250 holding registers for 250 fields (slave 1) on device "Test"
2025-02-19T20:37:09Z I! [] Got 0 request(s) touching 0 inputs registers for 0 fields (slave 1) on device "Test"
2025-02-19T20:37:09Z I! [] Got 0 request(s) touching 0 discrete registers for 0 fields (slave 1) on device "Test"
2025-02-19T20:37:09Z I! [] Got 0 request(s) touching 0 coil registers for 0 fields (slave 1) on device "Test"
=== RUN   TestRequestOptimizationRearrange/borders
2025-02-19T20:37:09Z I! [] Got 2 request(s) touching 250 holding registers for 4 fields (slave 1) on device "Test"
2025-02-19T20:37:09Z I! [] Got 0 request(s) touching 0 inputs registers for 0 fields (slave 1) on device "Test"
2025-02-19T20:37:09Z I! [] Got 0 request(s) touching 0 discrete registers for 0 fields (slave 1) on device "Test"
2025-02-19T20:37:09Z I! [] Got 0 request(s) touching 0 coil registers for 0 fields (slave 1) on device "Test"
=== RUN   TestRequestOptimizationRearrange/borders_with_gap
2025-02-19T20:37:09Z I! [] Got 3 request(s) touching 4 holding registers for 4 fields (slave 1) on device "Test"
2025-02-19T20:37:09Z I! [] Got 0 request(s) touching 0 inputs registers for 0 fields (slave 1) on device "Test"
2025-02-19T20:37:09Z I! [] Got 0 request(s) touching 0 discrete registers for 0 fields (slave 1) on device "Test"
2025-02-19T20:37:09Z I! [] Got 0 request(s) touching 0 coil registers for 0 fields (slave 1) on device "Test"
=== RUN   TestRequestOptimizationRearrange/large_gaps
2025-02-19T20:37:09Z I! [] Got 3 request(s) touching 10 holding registers for 10 fields (slave 1) on device "Test"
2025-02-19T20:37:09Z I! [] Got 0 request(s) touching 0 inputs registers for 0 fields (slave 1) on device "Test"
2025-02-19T20:37:09Z I! [] Got 0 request(s) touching 0 discrete registers for 0 fields (slave 1) on device "Test"
2025-02-19T20:37:09Z I! [] Got 0 request(s) touching 0 coil registers for 0 fields (slave 1) on device "Test"
=== RUN   TestRequestOptimizationRearrange/large_gaps_filled
2025-02-19T20:37:09Z I! [] Got 2 request(s) touching 67 holding registers for 11 fields (slave 1) on device "Test"
2025-02-19T20:37:09Z I! [] Got 0 request(s) touching 0 inputs registers for 0 fields (slave 1) on device "Test"
2025-02-19T20:37:09Z I! [] Got 0 request(s) touching 0 discrete registers for 0 fields (slave 1) on device "Test"
2025-02-19T20:37:09Z I! [] Got 0 request(s) touching 0 coil registers for 0 fields (slave 1) on device "Test"
=== RUN   TestRequestOptimizationRearrange/large_gaps_filled_with_offset
2025-02-19T20:37:09Z I! [] Got 2 request(s) touching 49 holding registers for 10 fields (slave 1) on device "Test"
2025-02-19T20:37:09Z I! [] Got 0 request(s) touching 0 inputs registers for 0 fields (slave 1) on device "Test"
2025-02-19T20:37:09Z I! [] Got 0 request(s) touching 0 discrete registers for 0 fields (slave 1) on device "Test"
2025-02-19T20:37:09Z I! [] Got 0 request(s) touching 0 coil registers for 0 fields (slave 1) on device "Test"
=== RUN   TestRequestOptimizationRearrange/from_PR_#11106
2025-02-19T20:37:09Z I! [] Got 2 request(s) touching 2 holding registers for 2 fields (slave 1) on device "Test"
2025-02-19T20:37:09Z I! [] Got 0 request(s) touching 0 inputs registers for 0 fields (slave 1) on device "Test"
2025-02-19T20:37:09Z I! [] Got 0 request(s) touching 0 discrete registers for 0 fields (slave 1) on device "Test"
2025-02-19T20:37:09Z I! [] Got 0 request(s) touching 0 coil registers for 0 fields (slave 1) on device "Test"
--- PASS: TestRequestOptimizationRearrange (0.00s)
    --- PASS: TestRequestOptimizationRearrange/no_omit (0.00s)
    --- PASS: TestRequestOptimizationRearrange/borders (0.00s)
    --- PASS: TestRequestOptimizationRearrange/borders_with_gap (0.00s)
    --- PASS: TestRequestOptimizationRearrange/large_gaps (0.00s)
    --- PASS: TestRequestOptimizationRearrange/large_gaps_filled (0.00s)
    --- PASS: TestRequestOptimizationRearrange/large_gaps_filled_with_offset (0.00s)
    --- PASS: TestRequestOptimizationRearrange/from_PR_#11106 (0.00s)
=== RUN   TestRequestOptimizationAggressive
=== RUN   TestRequestOptimizationAggressive/no_omit
2025-02-19T20:37:09Z I! [] Got 2 request(s) touching 250 holding registers for 250 fields (slave 1) on device "Test"
2025-02-19T20:37:09Z I! [] Got 0 request(s) touching 0 inputs registers for 0 fields (slave 1) on device "Test"
2025-02-19T20:37:09Z I! [] Got 0 request(s) touching 0 discrete registers for 0 fields (slave 1) on device "Test"
2025-02-19T20:37:09Z I! [] Got 0 request(s) touching 0 coil registers for 0 fields (slave 1) on device "Test"
=== RUN   TestRequestOptimizationAggressive/borders
2025-02-19T20:37:09Z I! [] Got 2 request(s) touching 250 holding registers for 4 fields (slave 1) on device "Test"
2025-02-19T20:37:09Z I! [] Got 0 request(s) touching 0 inputs registers for 0 fields (slave 1) on device "Test"
2025-02-19T20:37:09Z I! [] Got 0 request(s) touching 0 discrete registers for 0 fields (slave 1) on device "Test"
2025-02-19T20:37:09Z I! [] Got 0 request(s) touching 0 coil registers for 0 fields (slave 1) on device "Test"
=== RUN   TestRequestOptimizationAggressive/borders_with_gap
2025-02-19T20:37:09Z I! [] Got 2 request(s) touching 250 holding registers for 4 fields (slave 1) on device "Test"
2025-02-19T20:37:09Z I! [] Got 0 request(s) touching 0 inputs registers for 0 fields (slave 1) on device "Test"
2025-02-19T20:37:09Z I! [] Got 0 request(s) touching 0 discrete registers for 0 fields (slave 1) on device "Test"
2025-02-19T20:37:09Z I! [] Got 0 request(s) touching 0 coil registers for 0 fields (slave 1) on device "Test"
=== RUN   TestRequestOptimizationAggressive/large_gaps
2025-02-19T20:37:09Z I! [] Got 2 request(s) touching 49 holding registers for 10 fields (slave 1) on device "Test"
2025-02-19T20:37:09Z I! [] Got 0 request(s) touching 0 inputs registers for 0 fields (slave 1) on device "Test"
2025-02-19T20:37:09Z I! [] Got 0 request(s) touching 0 discrete registers for 0 fields (slave 1) on device "Test"
2025-02-19T20:37:09Z I! [] Got 0 request(s) touching 0 coil registers for 0 fields (slave 1) on device "Test"
=== RUN   TestRequestOptimizationAggressive/large_gaps_filled
2025-02-19T20:37:09Z I! [] Got 2 request(s) touching 67 holding registers for 11 fields (slave 1) on device "Test"
2025-02-19T20:37:09Z I! [] Got 0 request(s) touching 0 inputs registers for 0 fields (slave 1) on device "Test"
2025-02-19T20:37:09Z I! [] Got 0 request(s) touching 0 discrete registers for 0 fields (slave 1) on device "Test"
2025-02-19T20:37:09Z I! [] Got 0 request(s) touching 0 coil registers for 0 fields (slave 1) on device "Test"
=== RUN   TestRequestOptimizationAggressive/large_gaps_filled_with_offset
2025-02-19T20:37:09Z I! [] Got 2 request(s) touching 49 holding registers for 10 fields (slave 1) on device "Test"
2025-02-19T20:37:09Z I! [] Got 0 request(s) touching 0 inputs registers for 0 fields (slave 1) on device "Test"
2025-02-19T20:37:09Z I! [] Got 0 request(s) touching 0 discrete registers for 0 fields (slave 1) on device "Test"
2025-02-19T20:37:09Z I! [] Got 0 request(s) touching 0 coil registers for 0 fields (slave 1) on device "Test"
=== RUN   TestRequestOptimizationAggressive/from_PR_#11106
2025-02-19T20:37:09Z I! [] Got 2 request(s) touching 2 holding registers for 2 fields (slave 1) on device "Test"
2025-02-19T20:37:09Z I! [] Got 0 request(s) touching 0 inputs registers for 0 fields (slave 1) on device "Test"
2025-02-19T20:37:09Z I! [] Got 0 request(s) touching 0 discrete registers for 0 fields (slave 1) on device "Test"
2025-02-19T20:37:09Z I! [] Got 0 request(s) touching 0 coil registers for 0 fields (slave 1) on device "Test"
--- PASS: TestRequestOptimizationAggressive (0.00s)
    --- PASS: TestRequestOptimizationAggressive/no_omit (0.00s)
    --- PASS: TestRequestOptimizationAggressive/borders (0.00s)
    --- PASS: TestRequestOptimizationAggressive/borders_with_gap (0.00s)
    --- PASS: TestRequestOptimizationAggressive/large_gaps (0.00s)
    --- PASS: TestRequestOptimizationAggressive/large_gaps_filled (0.00s)
    --- PASS: TestRequestOptimizationAggressive/large_gaps_filled_with_offset (0.00s)
    --- PASS: TestRequestOptimizationAggressive/from_PR_#11106 (0.00s)
=== RUN   TestRequestOptimizationMaxExtraRegisterFail
=== RUN   TestRequestOptimizationMaxExtraRegisterFail/MaxExtraRegister_too_large
=== RUN   TestRequestOptimizationMaxExtraRegisterFail/MaxExtraRegister_too_small
--- PASS: TestRequestOptimizationMaxExtraRegisterFail (0.00s)
    --- PASS: TestRequestOptimizationMaxExtraRegisterFail/MaxExtraRegister_too_large (0.00s)
    --- PASS: TestRequestOptimizationMaxExtraRegisterFail/MaxExtraRegister_too_small (0.00s)
=== RUN   TestRequestOptimizationMaxInsertSmall
=== RUN   TestRequestOptimizationMaxInsertSmall/large_gaps
2025-02-19T20:37:09Z I! [] Got 3 request(s) touching 10 holding registers for 10 fields (slave 1) on device "Test"
2025-02-19T20:37:09Z I! [] Got 0 request(s) touching 0 inputs registers for 0 fields (slave 1) on device "Test"
2025-02-19T20:37:09Z I! [] Got 0 request(s) touching 0 discrete registers for 0 fields (slave 1) on device "Test"
2025-02-19T20:37:09Z I! [] Got 0 request(s) touching 0 coil registers for 0 fields (slave 1) on device "Test"
=== RUN   TestRequestOptimizationMaxInsertSmall/large_gaps_filled
2025-02-19T20:37:09Z I! [] Got 4 request(s) touching 11 holding registers for 11 fields (slave 1) on device "Test"
2025-02-19T20:37:09Z I! [] Got 0 request(s) touching 0 inputs registers for 0 fields (slave 1) on device "Test"
2025-02-19T20:37:09Z I! [] Got 0 request(s) touching 0 discrete registers for 0 fields (slave 1) on device "Test"
2025-02-19T20:37:09Z I! [] Got 0 request(s) touching 0 coil registers for 0 fields (slave 1) on device "Test"
=== RUN   TestRequestOptimizationMaxInsertSmall/large_gaps_filled_with_offset
2025-02-19T20:37:09Z I! [] Got 3 request(s) touching 10 holding registers for 10 fields (slave 1) on device "Test"
2025-02-19T20:37:09Z I! [] Got 0 request(s) touching 0 inputs registers for 0 fields (slave 1) on device "Test"
2025-02-19T20:37:09Z I! [] Got 0 request(s) touching 0 discrete registers for 0 fields (slave 1) on device "Test"
2025-02-19T20:37:09Z I! [] Got 0 request(s) touching 0 coil registers for 0 fields (slave 1) on device "Test"
--- PASS: TestRequestOptimizationMaxInsertSmall (0.00s)
    --- PASS: TestRequestOptimizationMaxInsertSmall/large_gaps (0.00s)
    --- PASS: TestRequestOptimizationMaxInsertSmall/large_gaps_filled (0.00s)
    --- PASS: TestRequestOptimizationMaxInsertSmall/large_gaps_filled_with_offset (0.00s)
=== RUN   TestRequestWorkaroundsOneRequestPerField
2025-02-19T20:37:09Z I! [] Got 5 request(s) touching 5 holding registers for 5 fields (slave 1) on device "Test"
2025-02-19T20:37:09Z I! [] Got 0 request(s) touching 0 inputs registers for 0 fields (slave 1) on device "Test"
2025-02-19T20:37:09Z I! [] Got 0 request(s) touching 0 discrete registers for 0 fields (slave 1) on device "Test"
2025-02-19T20:37:09Z I! [] Got 0 request(s) touching 0 coil registers for 0 fields (slave 1) on device "Test"
--- PASS: TestRequestWorkaroundsOneRequestPerField (0.00s)
=== RUN   TestRequestWorkaroundsReadCoilsStartingAtZeroRequest
2025-02-19T20:37:09Z I! [] Got 0 request(s) touching 0 holding registers for 0 fields (slave 1) on device "Test"
2025-02-19T20:37:09Z I! [] Got 0 request(s) touching 0 inputs registers for 0 fields (slave 1) on device "Test"
2025-02-19T20:37:09Z I! [] Got 0 request(s) touching 0 discrete registers for 0 fields (slave 1) on device "Test"
2025-02-19T20:37:09Z I! [] Got 2 request(s) touching 10 coil registers for 2 fields (slave 1) on device "Test"
--- PASS: TestRequestWorkaroundsReadCoilsStartingAtZeroRequest (0.00s)
=== RUN   TestRequestOverlap
2025-02-19T20:37:09Z W! [] Request at 3 with length 4 overlaps with next request at 5
2025-02-19T20:37:09Z I! [] Got 1 request(s) touching 8 holding registers for 4 fields (slave 1) on device "Test"
2025-02-19T20:37:09Z I! [] Got 0 request(s) touching 0 inputs registers for 0 fields (slave 1) on device "Test"
2025-02-19T20:37:09Z I! [] Got 0 request(s) touching 0 discrete registers for 0 fields (slave 1) on device "Test"
2025-02-19T20:37:09Z I! [] Got 0 request(s) touching 0 coil registers for 0 fields (slave 1) on device "Test"
--- PASS: TestRequestOverlap (0.10s)
=== RUN   TestRequestAddressOverflow
--- PASS: TestRequestAddressOverflow (0.00s)
=== RUN   TestControllers
=== RUN   TestControllers/TCP_host
=== RUN   TestControllers/TCP_mode_auto
=== RUN   TestControllers/TCP_mode_TCP
=== RUN   TestControllers/TCP_mode_RTUoverTCP
=== RUN   TestControllers/TCP_mode_ASCIIoverTCP
=== RUN   TestControllers/TCP_invalid_host
=== RUN   TestControllers/TCP_invalid_mode_RTU
=== RUN   TestControllers/TCP_invalid_mode_ASCII
=== RUN   TestControllers/absolute_file_path
=== RUN   TestControllers/relative_file_path
=== RUN   TestControllers/relative_file_path_with_dot
=== RUN   TestControllers/Windows_COM-port
=== RUN   TestControllers/Windows_COM-port_file_path
=== RUN   TestControllers/serial_mode_auto
=== RUN   TestControllers/serial_mode_RTU
=== RUN   TestControllers/serial_mode_ASCII
=== RUN   TestControllers/empty_file_path
=== RUN   TestControllers/empty_controller
=== RUN   TestControllers/invalid_scheme
=== RUN   TestControllers/serial_invalid_mode_TCP
--- PASS: TestControllers (0.00s)
    --- PASS: TestControllers/TCP_host (0.00s)
    --- PASS: TestControllers/TCP_mode_auto (0.00s)
    --- PASS: TestControllers/TCP_mode_TCP (0.00s)
    --- PASS: TestControllers/TCP_mode_RTUoverTCP (0.00s)
    --- PASS: TestControllers/TCP_mode_ASCIIoverTCP (0.00s)
    --- PASS: TestControllers/TCP_invalid_host (0.00s)
    --- PASS: TestControllers/TCP_invalid_mode_RTU (0.00s)
    --- PASS: TestControllers/TCP_invalid_mode_ASCII (0.00s)
    --- PASS: TestControllers/absolute_file_path (0.00s)
    --- PASS: TestControllers/relative_file_path (0.00s)
    --- PASS: TestControllers/relative_file_path_with_dot (0.00s)
    --- PASS: TestControllers/Windows_COM-port (0.00s)
    --- PASS: TestControllers/Windows_COM-port_file_path (0.00s)
    --- PASS: TestControllers/serial_mode_auto (0.00s)
    --- PASS: TestControllers/serial_mode_RTU (0.00s)
    --- PASS: TestControllers/serial_mode_ASCII (0.00s)
    --- PASS: TestControllers/empty_file_path (0.00s)
    --- PASS: TestControllers/empty_controller (0.00s)
    --- PASS: TestControllers/invalid_scheme (0.00s)
    --- PASS: TestControllers/serial_invalid_mode_TCP (0.00s)
=== RUN   TestRetrySuccessful
--- PASS: TestRetrySuccessful (0.00s)
=== RUN   TestRetryFailExhausted
--- PASS: TestRetryFailExhausted (0.00s)
=== RUN   TestRetryFailIllegal
--- PASS: TestRetryFailIllegal (0.00s)
=== RUN   TestCases
=== RUN   TestCases/duplicate_fields_different_registers
2025-02-19T20:37:10Z I! Loading config: testcases/duplicate_fields_different_registers/telegraf.conf
=== RUN   TestCases/duplicate_fields_different_slave
2025-02-19T20:37:10Z I! Loading config: testcases/duplicate_fields_different_slave/telegraf.conf
2025-02-19T20:37:10Z I! [inputs.modbus] Got 0 request(s) touching 0 holding registers for 0 fields (slave 1) on device "Device"
2025-02-19T20:37:10Z I! [inputs.modbus] Got 1 request(s) touching 2 inputs registers for 1 fields (slave 1) on device "Device"
2025-02-19T20:37:10Z I! [inputs.modbus] Got 0 request(s) touching 0 discrete registers for 0 fields (slave 1) on device "Device"
2025-02-19T20:37:10Z I! [inputs.modbus] Got 0 request(s) touching 0 coil registers for 0 fields (slave 1) on device "Device"
2025-02-19T20:37:10Z I! [inputs.modbus] Got 0 request(s) touching 0 holding registers for 0 fields (slave 2) on device "Device"
2025-02-19T20:37:10Z I! [inputs.modbus] Got 1 request(s) touching 2 inputs registers for 1 fields (slave 2) on device "Device"
2025-02-19T20:37:10Z I! [inputs.modbus] Got 0 request(s) touching 0 discrete registers for 0 fields (slave 2) on device "Device"
2025-02-19T20:37:10Z I! [inputs.modbus] Got 0 request(s) touching 0 coil registers for 0 fields (slave 2) on device "Device"
=== RUN   TestCases/duplicate_fields_different_tags
2025-02-19T20:37:10Z I! Loading config: testcases/duplicate_fields_different_tags/telegraf.conf
2025-02-19T20:37:10Z I! [inputs.modbus] Got 9 request(s) touching 9 holding registers for 9 fields (slave 1) on device "Device"
2025-02-19T20:37:10Z I! [inputs.modbus] Got 0 request(s) touching 0 inputs registers for 0 fields (slave 1) on device "Device"
2025-02-19T20:37:10Z I! [inputs.modbus] Got 0 request(s) touching 0 discrete registers for 0 fields (slave 1) on device "Device"
2025-02-19T20:37:10Z I! [inputs.modbus] Got 0 request(s) touching 0 coil registers for 0 fields (slave 1) on device "Device"
=== RUN   TestCases/duplicate_fields_issue_12091
2025-02-19T20:37:10Z I! Loading config: testcases/duplicate_fields_issue_12091/telegraf.conf
2025-02-19T20:37:10Z I! [inputs.modbus] Got 7 request(s) touching 23 holding registers for 20 fields (slave 9) on device "EAP"
2025-02-19T20:37:10Z I! [inputs.modbus] Got 0 request(s) touching 0 inputs registers for 0 fields (slave 9) on device "EAP"
2025-02-19T20:37:10Z I! [inputs.modbus] Got 0 request(s) touching 0 discrete registers for 0 fields (slave 9) on device "EAP"
2025-02-19T20:37:10Z I! [inputs.modbus] Got 0 request(s) touching 0 coil registers for 0 fields (slave 9) on device "EAP"
=== RUN   TestCases/duplicate_fields_same_slave_and_request
2025-02-19T20:37:10Z I! Loading config: testcases/duplicate_fields_same_slave_and_request/telegraf.conf
=== RUN   TestCases/duplicate_fields_same_tags
2025-02-19T20:37:10Z I! Loading config: testcases/duplicate_fields_same_tags/telegraf.conf
=== RUN   TestCases/field_request_too_short_issue_13482
2025-02-19T20:37:10Z I! Loading config: testcases/field_request_too_short_issue_13482/telegraf.conf
=== RUN   TestCases/metric_style_issue_16031
2025-02-19T20:37:10Z I! Loading config: testcases/metric_style_issue_16031/telegraf.conf
2025-02-19T20:37:10Z I! [inputs.modbus] Got 1 request(s) touching 2 holding registers for 2 fields (slave 1) on device "modbus"
2025-02-19T20:37:10Z I! [inputs.modbus] Got 1 request(s) touching 1 inputs registers for 1 fields (slave 1) on device "modbus"
2025-02-19T20:37:10Z I! [inputs.modbus] Got 0 request(s) touching 0 discrete registers for 0 fields (slave 1) on device "modbus"
2025-02-19T20:37:10Z I! [inputs.modbus] Got 0 request(s) touching 0 coil registers for 0 fields (slave 1) on device "modbus"
=== RUN   TestCases/overflow_issue_14387
2025-02-19T20:37:10Z I! Loading config: testcases/overflow_issue_14387/telegraf.conf
2025-02-19T20:37:10Z I! [inputs.modbus] Got 2 request(s) touching 216 holding registers for 108 fields (slave 1) on device "device-fqdn.com"
2025-02-19T20:37:10Z I! [inputs.modbus] Got 0 request(s) touching 0 inputs registers for 0 fields (slave 1) on device "device-fqdn.com"
2025-02-19T20:37:10Z I! [inputs.modbus] Got 0 request(s) touching 0 discrete registers for 0 fields (slave 1) on device "device-fqdn.com"
2025-02-19T20:37:10Z I! [inputs.modbus] Got 0 request(s) touching 0 coil registers for 0 fields (slave 1) on device "device-fqdn.com"
--- PASS: TestCases (0.02s)
    --- PASS: TestCases/duplicate_fields_different_registers (0.00s)
    --- PASS: TestCases/duplicate_fields_different_slave (0.00s)
    --- PASS: TestCases/duplicate_fields_different_tags (0.00s)
    --- PASS: TestCases/duplicate_fields_issue_12091 (0.00s)
    --- PASS: TestCases/duplicate_fields_same_slave_and_request (0.00s)
    --- PASS: TestCases/duplicate_fields_same_tags (0.00s)
    --- PASS: TestCases/field_request_too_short_issue_13482 (0.00s)
    --- PASS: TestCases/metric_style_issue_16031 (0.00s)
    --- PASS: TestCases/overflow_issue_14387 (0.01s)
=== RUN   TestRegisterWorkaroundsOneRequestPerField
--- PASS: TestRegisterWorkaroundsOneRequestPerField (0.00s)
=== RUN   TestRequestsWorkaroundsReadCoilsStartingAtZeroRegister
--- PASS: TestRequestsWorkaroundsReadCoilsStartingAtZeroRegister (0.00s)
=== RUN   TestWorkaroundsStringRegisterLocation
=== RUN   TestWorkaroundsStringRegisterLocation/default_big-endian
=== RUN   TestWorkaroundsStringRegisterLocation/default_little-endian
=== RUN   TestWorkaroundsStringRegisterLocation/both_big-endian
=== RUN   TestWorkaroundsStringRegisterLocation/both_little-endian
=== RUN   TestWorkaroundsStringRegisterLocation/lower_big-endian
=== RUN   TestWorkaroundsStringRegisterLocation/lower_little-endian
=== RUN   TestWorkaroundsStringRegisterLocation/upper_big-endian
=== RUN   TestWorkaroundsStringRegisterLocation/upper_little-endian
--- PASS: TestWorkaroundsStringRegisterLocation (0.01s)
    --- PASS: TestWorkaroundsStringRegisterLocation/default_big-endian (0.00s)
    --- PASS: TestWorkaroundsStringRegisterLocation/default_little-endian (0.00s)
    --- PASS: TestWorkaroundsStringRegisterLocation/both_big-endian (0.00s)
    --- PASS: TestWorkaroundsStringRegisterLocation/both_little-endian (0.00s)
    --- PASS: TestWorkaroundsStringRegisterLocation/lower_big-endian (0.00s)
    --- PASS: TestWorkaroundsStringRegisterLocation/lower_little-endian (0.00s)
    --- PASS: TestWorkaroundsStringRegisterLocation/upper_big-endian (0.00s)
    --- PASS: TestWorkaroundsStringRegisterLocation/upper_little-endian (0.00s)
=== RUN   TestWorkaroundsStringRegisterLocationInvalid
--- PASS: TestWorkaroundsStringRegisterLocationInvalid (0.00s)
PASS
ok  	github.com/influxdata/telegraf/plugins/inputs/modbus	1.645s
=== RUN   TestAddNonReplStats
--- PASS: TestAddNonReplStats (0.00s)
=== RUN   TestAddReplStats
--- PASS: TestAddReplStats (0.00s)
=== RUN   TestAddWiredTigerStats
--- PASS: TestAddWiredTigerStats (0.00s)
=== RUN   TestAddShardStats
--- PASS: TestAddShardStats (0.00s)
=== RUN   TestAddLatencyStats
--- PASS: TestAddLatencyStats (0.00s)
=== RUN   TestAddAssertsStats
--- PASS: TestAddAssertsStats (0.00s)
=== RUN   TestAddCommandsStats
--- PASS: TestAddCommandsStats (0.00s)
=== RUN   TestAddTCMallocStats
--- PASS: TestAddTCMallocStats (0.00s)
=== RUN   TestAddStorageStats
--- PASS: TestAddStorageStats (0.00s)
=== RUN   TestAddShardHostStats
--- PASS: TestAddShardHostStats (0.00s)
=== RUN   TestStateTag
--- PASS: TestStateTag (0.00s)
=== RUN   TestAddTopStats
--- PASS: TestAddTopStats (0.00s)
=== RUN   TestGetDefaultTagsIntegration
--- FAIL: TestGetDefaultTagsIntegration (0.00s)
panic: check host "unix:///var/run/docker.sock": docker info: Cannot connect to the Docker daemon at unix:///var/run/docker.sock. Is the docker daemon running?
	check host "unix:///Users/frederikmoschner/.docker/run/docker.sock": docker info: Cannot connect to the Docker daemon at unix:///Users/frederikmoschner/.docker/run/docker.sock. Is the docker daemon running? [recovered]
	panic: check host "unix:///var/run/docker.sock": docker info: Cannot connect to the Docker daemon at unix:///var/run/docker.sock. Is the docker daemon running?
	check host "unix:///Users/frederikmoschner/.docker/run/docker.sock": docker info: Cannot connect to the Docker daemon at unix:///Users/frederikmoschner/.docker/run/docker.sock. Is the docker daemon running?

goroutine 16 [running]:
testing.tRunner.func1.2({0x1051261a0, 0x1400000f020})
	/opt/homebrew/Cellar/go/1.24.0/libexec/src/testing/testing.go:1734 +0x1ac
testing.tRunner.func1()
	/opt/homebrew/Cellar/go/1.24.0/libexec/src/testing/testing.go:1737 +0x334
panic({0x1051261a0?, 0x1400000f020?})
	/opt/homebrew/Cellar/go/1.24.0/libexec/src/runtime/panic.go:787 +0x124
github.com/testcontainers/testcontainers-go/internal/core.MustExtractDockerHost.func1()
	/Users/frederikmoschner/go/pkg/mod/github.com/testcontainers/testcontainers-go@v0.34.0/internal/core/docker_host.go:91 +0x70
sync.(*Once).doSlow(0x0?, 0x2540be400?)
	/opt/homebrew/Cellar/go/1.24.0/libexec/src/sync/once.go:78 +0xf0
sync.(*Once).Do(...)
	/opt/homebrew/Cellar/go/1.24.0/libexec/src/sync/once.go:69
github.com/testcontainers/testcontainers-go/internal/core.MustExtractDockerHost({0x105209718?, 0x105626e20?})
	/Users/frederikmoschner/go/pkg/mod/github.com/testcontainers/testcontainers-go@v0.34.0/internal/core/docker_host.go:88 +0x54
github.com/testcontainers/testcontainers-go/internal/core.NewClient({0x105209718, 0x105626e20}, {0x0, 0x0, 0xa?})
	/Users/frederikmoschner/go/pkg/mod/github.com/testcontainers/testcontainers-go@v0.34.0/internal/core/client.go:17 +0x9c
github.com/testcontainers/testcontainers-go.NewDockerClientWithOpts({0x105209718, 0x105626e20}, {0x0, 0x0, 0x0})
	/Users/frederikmoschner/go/pkg/mod/github.com/testcontainers/testcontainers-go@v0.34.0/docker_client.go:117 +0x4c
github.com/testcontainers/testcontainers-go.NewDockerProvider({0x14000500660, 0x2, 0x104fa21be?})
	/Users/frederikmoschner/go/pkg/mod/github.com/testcontainers/testcontainers-go@v0.34.0/provider.go:143 +0xf0
github.com/testcontainers/testcontainers-go.ProviderType.GetProvider(0x0, {0x140000fcfe8, 0x1, 0x8?})
	/Users/frederikmoschner/go/pkg/mod/github.com/testcontainers/testcontainers-go@v0.34.0/provider.go:114 +0x380
github.com/testcontainers/testcontainers-go.GenericContainer({_, _}, {{{{0x0, 0x0}, {0x0, 0x0}, {0x0, 0x0}, {0x0, 0x0}, ...}, ...}, ...})
	/Users/frederikmoschner/go/pkg/mod/github.com/testcontainers/testcontainers-go@v0.34.0/generic.go:59 +0xf0
github.com/influxdata/telegraf/testutil.(*Container).Start(0x140004bf8c0)
	/Users/frederikmoschner/Documents/plugin_erweiterung/telegraf/testutil/container.go:76 +0x2d8
github.com/influxdata/telegraf/plugins/inputs/mongodb.createTestServer(0x140004e6540)
	/Users/frederikmoschner/Documents/plugin_erweiterung/telegraf/plugins/inputs/mongodb/mongodb_server_test.go:26 +0x2d4
github.com/influxdata/telegraf/plugins/inputs/mongodb.TestGetDefaultTagsIntegration(0x140004e6540)
	/Users/frederikmoschner/Documents/plugin_erweiterung/telegraf/plugins/inputs/mongodb/mongodb_server_test.go:37 +0x8c
testing.tRunner(0x140004e6540, 0x1051fe3f8)
	/opt/homebrew/Cellar/go/1.24.0/libexec/src/testing/testing.go:1792 +0xe4
created by testing.(*T).Run in goroutine 1
	/opt/homebrew/Cellar/go/1.24.0/libexec/src/testing/testing.go:1851 +0x374
FAIL	github.com/influxdata/telegraf/plugins/inputs/mongodb	1.206s
=== RUN   TestServiceType
=== RUN   TestServiceType/check_filesystem_service_type
=== RUN   TestServiceType/check_directory_service_type
=== RUN   TestServiceType/check_file_service_type
=== RUN   TestServiceType/check_process_service_type
=== RUN   TestServiceType/check_remote_host_service_type
=== RUN   TestServiceType/check_system_service_type
=== RUN   TestServiceType/check_fifo_service_type
=== RUN   TestServiceType/check_program_service_type
=== RUN   TestServiceType/check_network_service_type
--- PASS: TestServiceType (0.01s)
    --- PASS: TestServiceType/check_filesystem_service_type (0.00s)
    --- PASS: TestServiceType/check_directory_service_type (0.00s)
    --- PASS: TestServiceType/check_file_service_type (0.00s)
    --- PASS: TestServiceType/check_process_service_type (0.00s)
    --- PASS: TestServiceType/check_remote_host_service_type (0.00s)
    --- PASS: TestServiceType/check_system_service_type (0.00s)
    --- PASS: TestServiceType/check_fifo_service_type (0.00s)
    --- PASS: TestServiceType/check_program_service_type (0.00s)
    --- PASS: TestServiceType/check_network_service_type (0.00s)
=== RUN   TestMonitFailure
=== RUN   TestMonitFailure/check_monit_failure_status
=== RUN   TestMonitFailure/check_passive_mode
=== RUN   TestMonitFailure/check_initializing_status
=== RUN   TestMonitFailure/check_pending_action
--- PASS: TestMonitFailure (0.01s)
    --- PASS: TestMonitFailure/check_monit_failure_status (0.00s)
    --- PASS: TestMonitFailure/check_passive_mode (0.01s)
    --- PASS: TestMonitFailure/check_initializing_status (0.00s)
    --- PASS: TestMonitFailure/check_pending_action (0.00s)
=== RUN   TestAllowHosts
--- PASS: TestAllowHosts (0.00s)
=== RUN   TestConnection
--- PASS: TestConnection (0.00s)
=== RUN   TestInvalidUsernameOrPassword
--- PASS: TestInvalidUsernameOrPassword (0.00s)
=== RUN   TestNoUsernameOrPasswordConfiguration
--- PASS: TestNoUsernameOrPasswordConfiguration (0.00s)
=== RUN   TestInvalidXMLAndInvalidTypes
=== RUN   TestInvalidXMLAndInvalidTypes/check_filesystem_service_type
=== RUN   TestInvalidXMLAndInvalidTypes/check_filesystem_service_type#01
=== RUN   TestInvalidXMLAndInvalidTypes/check_filesystem_service_type#02
--- PASS: TestInvalidXMLAndInvalidTypes (0.01s)
    --- PASS: TestInvalidXMLAndInvalidTypes/check_filesystem_service_type (0.00s)
    --- PASS: TestInvalidXMLAndInvalidTypes/check_filesystem_service_type#01 (0.00s)
    --- PASS: TestInvalidXMLAndInvalidTypes/check_filesystem_service_type#02 (0.00s)
PASS
ok  	github.com/influxdata/telegraf/plugins/inputs/monit	1.369s
=== RUN   TestLifecycleSanity
2025-02-19T20:37:10Z I! [] Connected [tcp://127.0.0.1]
--- PASS: TestLifecycleSanity (0.00s)
=== RUN   TestRandomClientID
--- PASS: TestRandomClientID (0.00s)
=== RUN   TestPersistentClientIDFail
--- PASS: TestPersistentClientIDFail (0.00s)
=== RUN   TestTopicTag
=== RUN   TestTopicTag/default_topic_when_topic_tag_is_unset_for_backwards_compatibility
2025-02-19T20:37:10Z I! [] Connected [tcp://127.0.0.1:1883]
=== RUN   TestTopicTag/use_topic_tag_when_set
2025-02-19T20:37:10Z I! [] Connected [tcp://127.0.0.1:1883]
=== RUN   TestTopicTag/no_topic_tag_is_added_when_topic_tag_is_set_to_the_empty_string
2025-02-19T20:37:10Z I! [] Connected [tcp://127.0.0.1:1883]
=== RUN   TestTopicTag/topic_parsing_configured
2025-02-19T20:37:10Z I! [] Connected [tcp://127.0.0.1:1883]
=== RUN   TestTopicTag/topic_parsing_configured_with_a_mqtt_wild_card_`+`
2025-02-19T20:37:10Z I! [] Connected [tcp://127.0.0.1:1883]
=== RUN   TestTopicTag/topic_parsing_configured_incorrectly
=== RUN   TestTopicTag/topic_parsing_configured_without_fields
2025-02-19T20:37:10Z I! [] Connected [tcp://127.0.0.1:1883]
=== RUN   TestTopicTag/topic_parsing_configured_without_measurement
2025-02-19T20:37:10Z I! [] Connected [tcp://127.0.0.1:1883]
=== RUN   TestTopicTag/topic_parsing_configured_topic_with_a_prefix_`/`
2025-02-19T20:37:10Z I! [] Connected [tcp://127.0.0.1:1883]
=== RUN   TestTopicTag/topic_parsing_with_variable_length
2025-02-19T20:37:10Z I! [] Connected [tcp://127.0.0.1:1883]
=== RUN   TestTopicTag/topic_parsing_with_variable_length_too_short
2025-02-19T20:37:10Z I! [] Connected [tcp://127.0.0.1:1883]
--- PASS: TestTopicTag (0.00s)
    --- PASS: TestTopicTag/default_topic_when_topic_tag_is_unset_for_backwards_compatibility (0.00s)
    --- PASS: TestTopicTag/use_topic_tag_when_set (0.00s)
    --- PASS: TestTopicTag/no_topic_tag_is_added_when_topic_tag_is_set_to_the_empty_string (0.00s)
    --- PASS: TestTopicTag/topic_parsing_configured (0.00s)
    --- PASS: TestTopicTag/topic_parsing_configured_with_a_mqtt_wild_card_`+` (0.00s)
    --- PASS: TestTopicTag/topic_parsing_configured_incorrectly (0.00s)
    --- PASS: TestTopicTag/topic_parsing_configured_without_fields (0.00s)
    --- PASS: TestTopicTag/topic_parsing_configured_without_measurement (0.00s)
    --- PASS: TestTopicTag/topic_parsing_configured_topic_with_a_prefix_`/` (0.00s)
    --- PASS: TestTopicTag/topic_parsing_with_variable_length (0.00s)
    --- PASS: TestTopicTag/topic_parsing_with_variable_length_too_short (0.00s)
=== RUN   TestAddRouteCalledForEachTopic
2025-02-19T20:37:10Z I! [] Connected [tcp://127.0.0.1:1883]
--- PASS: TestAddRouteCalledForEachTopic (0.00s)
=== RUN   TestSubscribeCalledIfNoSession
2025-02-19T20:37:10Z I! [] Connected [tcp://127.0.0.1:1883]
--- PASS: TestSubscribeCalledIfNoSession (0.00s)
=== RUN   TestSubscribeNotCalledIfSession
2025-02-19T20:37:10Z I! [] Connected [tcp://127.0.0.1:1883]
--- PASS: TestSubscribeNotCalledIfSession (0.00s)
=== RUN   TestIntegration
--- FAIL: TestIntegration (0.00s)
panic: check host "unix:///var/run/docker.sock": docker info: Cannot connect to the Docker daemon at unix:///var/run/docker.sock. Is the docker daemon running?
	check host "unix:///Users/frederikmoschner/.docker/run/docker.sock": docker info: Cannot connect to the Docker daemon at unix:///Users/frederikmoschner/.docker/run/docker.sock. Is the docker daemon running? [recovered]
	panic: check host "unix:///var/run/docker.sock": docker info: Cannot connect to the Docker daemon at unix:///var/run/docker.sock. Is the docker daemon running?
	check host "unix:///Users/frederikmoschner/.docker/run/docker.sock": docker info: Cannot connect to the Docker daemon at unix:///Users/frederikmoschner/.docker/run/docker.sock. Is the docker daemon running?

goroutine 92 [running]:
testing.tRunner.func1.2({0x1038866e0, 0x14000591638})
	/opt/homebrew/Cellar/go/1.24.0/libexec/src/testing/testing.go:1734 +0x1ac
testing.tRunner.func1()
	/opt/homebrew/Cellar/go/1.24.0/libexec/src/testing/testing.go:1737 +0x334
panic({0x1038866e0?, 0x14000591638?})
	/opt/homebrew/Cellar/go/1.24.0/libexec/src/runtime/panic.go:787 +0x124
github.com/testcontainers/testcontainers-go/internal/core.MustExtractDockerHost.func1()
	/Users/frederikmoschner/go/pkg/mod/github.com/testcontainers/testcontainers-go@v0.34.0/internal/core/docker_host.go:91 +0x70
sync.(*Once).doSlow(0x0?, 0x2540be400?)
	/opt/homebrew/Cellar/go/1.24.0/libexec/src/sync/once.go:78 +0xf0
sync.(*Once).Do(...)
	/opt/homebrew/Cellar/go/1.24.0/libexec/src/sync/once.go:69
github.com/testcontainers/testcontainers-go/internal/core.MustExtractDockerHost({0x1039c2348?, 0x104008040?})
	/Users/frederikmoschner/go/pkg/mod/github.com/testcontainers/testcontainers-go@v0.34.0/internal/core/docker_host.go:88 +0x54
github.com/testcontainers/testcontainers-go/internal/core.NewClient({0x1039c2348, 0x104008040}, {0x0, 0x0, 0x1039b0ef0?})
	/Users/frederikmoschner/go/pkg/mod/github.com/testcontainers/testcontainers-go@v0.34.0/internal/core/client.go:17 +0x9c
github.com/testcontainers/testcontainers-go.NewDockerClientWithOpts({0x1039c2348, 0x104008040}, {0x0, 0x0, 0x0})
	/Users/frederikmoschner/go/pkg/mod/github.com/testcontainers/testcontainers-go@v0.34.0/docker_client.go:117 +0x4c
github.com/testcontainers/testcontainers-go.NewDockerProvider({0x140000915a0, 0x2, 0x1035f5b2c?})
	/Users/frederikmoschner/go/pkg/mod/github.com/testcontainers/testcontainers-go@v0.34.0/provider.go:143 +0xf0
github.com/testcontainers/testcontainers-go.ProviderType.GetProvider(0x0, {0x140001851f8, 0x1, 0x103565080?})
	/Users/frederikmoschner/go/pkg/mod/github.com/testcontainers/testcontainers-go@v0.34.0/provider.go:114 +0x380
github.com/testcontainers/testcontainers-go.GenericContainer({_, _}, {{{{0x0, 0x0}, {0x0, 0x0}, {0x0, 0x0}, {0x0, 0x0}, ...}, ...}, ...})
	/Users/frederikmoschner/go/pkg/mod/github.com/testcontainers/testcontainers-go@v0.34.0/generic.go:59 +0xf0
github.com/influxdata/telegraf/testutil.(*Container).Start(0x14000273200)
	/Users/frederikmoschner/Documents/plugin_erweiterung/telegraf/testutil/container.go:76 +0x2d8
github.com/influxdata/telegraf/plugins/inputs/mqtt_consumer.TestIntegration(0x14000103340)
	/Users/frederikmoschner/Documents/plugin_erweiterung/telegraf/plugins/inputs/mqtt_consumer/mqtt_consumer_test.go:676 +0x278
testing.tRunner(0x14000103340, 0x1039b0ce8)
	/opt/homebrew/Cellar/go/1.24.0/libexec/src/testing/testing.go:1792 +0xe4
created by testing.(*T).Run in goroutine 1
	/opt/homebrew/Cellar/go/1.24.0/libexec/src/testing/testing.go:1851 +0x374
FAIL	github.com/influxdata/telegraf/plugins/inputs/mqtt_consumer	1.428s
=== RUN   TestFileTypes
--- PASS: TestFileTypes (0.00s)
=== RUN   TestFailEarly
--- PASS: TestFailEarly (0.00s)
PASS
ok  	github.com/influxdata/telegraf/plugins/inputs/multifile	1.628s
=== RUN   TestMysqlDefaultsToLocalIntegration
--- FAIL: TestMysqlDefaultsToLocalIntegration (0.00s)
panic: check host "unix:///var/run/docker.sock": docker info: Cannot connect to the Docker daemon at unix:///var/run/docker.sock. Is the docker daemon running?
	check host "unix:///Users/frederikmoschner/.docker/run/docker.sock": docker info: Cannot connect to the Docker daemon at unix:///Users/frederikmoschner/.docker/run/docker.sock. Is the docker daemon running? [recovered]
	panic: check host "unix:///var/run/docker.sock": docker info: Cannot connect to the Docker daemon at unix:///var/run/docker.sock. Is the docker daemon running?
	check host "unix:///Users/frederikmoschner/.docker/run/docker.sock": docker info: Cannot connect to the Docker daemon at unix:///Users/frederikmoschner/.docker/run/docker.sock. Is the docker daemon running?

goroutine 37 [running]:
testing.tRunner.func1.2({0x1030b87a0, 0x140001d4270})
	/opt/homebrew/Cellar/go/1.24.0/libexec/src/testing/testing.go:1734 +0x1ac
testing.tRunner.func1()
	/opt/homebrew/Cellar/go/1.24.0/libexec/src/testing/testing.go:1737 +0x334
panic({0x1030b87a0?, 0x140001d4270?})
	/opt/homebrew/Cellar/go/1.24.0/libexec/src/runtime/panic.go:787 +0x124
github.com/testcontainers/testcontainers-go/internal/core.MustExtractDockerHost.func1()
	/Users/frederikmoschner/go/pkg/mod/github.com/testcontainers/testcontainers-go@v0.34.0/internal/core/docker_host.go:91 +0x70
sync.(*Once).doSlow(0x0?, 0x2540be400?)
	/opt/homebrew/Cellar/go/1.24.0/libexec/src/sync/once.go:78 +0xf0
sync.(*Once).Do(...)
	/opt/homebrew/Cellar/go/1.24.0/libexec/src/sync/once.go:69
github.com/testcontainers/testcontainers-go/internal/core.MustExtractDockerHost({0x1031c5d98?, 0x10367f5a0?})
	/Users/frederikmoschner/go/pkg/mod/github.com/testcontainers/testcontainers-go@v0.34.0/internal/core/docker_host.go:88 +0x54
github.com/testcontainers/testcontainers-go/internal/core.NewClient({0x1031c5d98, 0x10367f5a0}, {0x0, 0x0, 0x6c6166053a082801?})
	/Users/frederikmoschner/go/pkg/mod/github.com/testcontainers/testcontainers-go@v0.34.0/internal/core/client.go:17 +0x9c
github.com/testcontainers/testcontainers-go.NewDockerClientWithOpts({0x1031c5d98, 0x10367f5a0}, {0x0, 0x0, 0x0})
	/Users/frederikmoschner/go/pkg/mod/github.com/testcontainers/testcontainers-go@v0.34.0/docker_client.go:117 +0x4c
github.com/testcontainers/testcontainers-go.NewDockerProvider({0x14000312580, 0x2, 0x102e973c6?})
	/Users/frederikmoschner/go/pkg/mod/github.com/testcontainers/testcontainers-go@v0.34.0/provider.go:143 +0xf0
github.com/testcontainers/testcontainers-go.ProviderType.GetProvider(0x0, {0x1400012f2d8, 0x1, 0x0?})
	/Users/frederikmoschner/go/pkg/mod/github.com/testcontainers/testcontainers-go@v0.34.0/provider.go:114 +0x380
github.com/testcontainers/testcontainers-go.GenericContainer({_, _}, {{{{0x0, 0x0}, {0x0, 0x0}, {0x0, 0x0}, {0x0, 0x0}, ...}, ...}, ...})
	/Users/frederikmoschner/go/pkg/mod/github.com/testcontainers/testcontainers-go@v0.34.0/generic.go:59 +0xf0
github.com/influxdata/telegraf/testutil.(*Container).Start(0x140002fe480)
	/Users/frederikmoschner/Documents/plugin_erweiterung/telegraf/testutil/container.go:76 +0x2d8
github.com/influxdata/telegraf/plugins/inputs/mysql.TestMysqlDefaultsToLocalIntegration(0x14000310a80)
	/Users/frederikmoschner/Documents/plugin_erweiterung/telegraf/plugins/inputs/mysql/mysql_test.go:39 +0x2c0
testing.tRunner(0x14000310a80, 0x1031b8d58)
	/opt/homebrew/Cellar/go/1.24.0/libexec/src/testing/testing.go:1792 +0xe4
created by testing.(*T).Run in goroutine 1
	/opt/homebrew/Cellar/go/1.24.0/libexec/src/testing/testing.go:1851 +0x374
FAIL	github.com/influxdata/telegraf/plugins/inputs/mysql	1.474s
?   	github.com/influxdata/telegraf/plugins/inputs/mysql/v1	[no test files]
=== RUN   TestConvertGlobalStatus
=== RUN   TestConvertGlobalStatus/default
=== RUN   TestConvertGlobalStatus/overflow_int64
=== RUN   TestConvertGlobalStatus/defined_variable_but_unset
--- PASS: TestConvertGlobalStatus (0.00s)
    --- PASS: TestConvertGlobalStatus/default (0.00s)
    --- PASS: TestConvertGlobalStatus/overflow_int64 (0.00s)
    --- PASS: TestConvertGlobalStatus/defined_variable_but_unset (0.00s)
=== RUN   TestConvertGlobalVariables
=== RUN   TestConvertGlobalVariables/boolean_type_mysql<=5.6
=== RUN   TestConvertGlobalVariables/enum_type_mysql>=5.7
=== RUN   TestConvertGlobalVariables/defined_variable_but_unset
--- PASS: TestConvertGlobalVariables (0.00s)
    --- PASS: TestConvertGlobalVariables/boolean_type_mysql<=5.6 (0.00s)
    --- PASS: TestConvertGlobalVariables/enum_type_mysql>=5.7 (0.00s)
    --- PASS: TestConvertGlobalVariables/defined_variable_but_unset (0.00s)
=== RUN   TestParseValue
--- PASS: TestParseValue (0.00s)
PASS
ok  	github.com/influxdata/telegraf/plugins/inputs/mysql/v2	1.554s
=== RUN   TestMetricsCorrect
--- PASS: TestMetricsCorrect (0.01s)
PASS
ok  	github.com/influxdata/telegraf/plugins/inputs/nats	1.389s
=== RUN   TestStartStop
--- FAIL: TestStartStop (0.00s)
panic: check host "unix:///var/run/docker.sock": docker info: Cannot connect to the Docker daemon at unix:///var/run/docker.sock. Is the docker daemon running?
	check host "unix:///Users/frederikmoschner/.docker/run/docker.sock": docker info: Cannot connect to the Docker daemon at unix:///Users/frederikmoschner/.docker/run/docker.sock. Is the docker daemon running? [recovered]
	panic: check host "unix:///var/run/docker.sock": docker info: Cannot connect to the Docker daemon at unix:///var/run/docker.sock. Is the docker daemon running?
	check host "unix:///Users/frederikmoschner/.docker/run/docker.sock": docker info: Cannot connect to the Docker daemon at unix:///Users/frederikmoschner/.docker/run/docker.sock. Is the docker daemon running?

goroutine 3 [running]:
testing.tRunner.func1.2({0x104e22980, 0x1400025e4b0})
	/opt/homebrew/Cellar/go/1.24.0/libexec/src/testing/testing.go:1734 +0x1ac
testing.tRunner.func1()
	/opt/homebrew/Cellar/go/1.24.0/libexec/src/testing/testing.go:1737 +0x334
panic({0x104e22980?, 0x1400025e4b0?})
	/opt/homebrew/Cellar/go/1.24.0/libexec/src/runtime/panic.go:787 +0x124
github.com/testcontainers/testcontainers-go/internal/core.MustExtractDockerHost.func1()
	/Users/frederikmoschner/go/pkg/mod/github.com/testcontainers/testcontainers-go@v0.34.0/internal/core/docker_host.go:91 +0x70
sync.(*Once).doSlow(0x14000040000?, 0x2540be400?)
	/opt/homebrew/Cellar/go/1.24.0/libexec/src/sync/once.go:78 +0xf0
sync.(*Once).Do(...)
	/opt/homebrew/Cellar/go/1.24.0/libexec/src/sync/once.go:69
github.com/testcontainers/testcontainers-go/internal/core.MustExtractDockerHost({0x104f64108?, 0x1055bdea0?})
	/Users/frederikmoschner/go/pkg/mod/github.com/testcontainers/testcontainers-go@v0.34.0/internal/core/docker_host.go:88 +0x54
github.com/testcontainers/testcontainers-go/internal/core.NewClient({0x104f64108, 0x1055bdea0}, {0x0, 0x0, 0x0?})
	/Users/frederikmoschner/go/pkg/mod/github.com/testcontainers/testcontainers-go@v0.34.0/internal/core/client.go:17 +0x9c
github.com/testcontainers/testcontainers-go.NewDockerClientWithOpts({0x104f64108, 0x1055bdea0}, {0x0, 0x0, 0x0})
	/Users/frederikmoschner/go/pkg/mod/github.com/testcontainers/testcontainers-go@v0.34.0/docker_client.go:117 +0x4c
github.com/testcontainers/testcontainers-go.NewDockerProvider({0x140003921c0, 0x2, 0x104b84f36?})
	/Users/frederikmoschner/go/pkg/mod/github.com/testcontainers/testcontainers-go@v0.34.0/provider.go:143 +0xf0
github.com/testcontainers/testcontainers-go.ProviderType.GetProvider(0x0, {0x140000c7348, 0x1, 0x0?})
	/Users/frederikmoschner/go/pkg/mod/github.com/testcontainers/testcontainers-go@v0.34.0/provider.go:114 +0x380
github.com/testcontainers/testcontainers-go.GenericContainer({_, _}, {{{{0x0, 0x0}, {0x0, 0x0}, {0x0, 0x0}, {0x0, 0x0}, ...}, ...}, ...})
	/Users/frederikmoschner/go/pkg/mod/github.com/testcontainers/testcontainers-go@v0.34.0/generic.go:59 +0xf0
github.com/influxdata/telegraf/testutil.(*Container).Start(0x14000398000)
	/Users/frederikmoschner/Documents/plugin_erweiterung/telegraf/testutil/container.go:76 +0x2d8
github.com/influxdata/telegraf/plugins/inputs/nats_consumer.TestStartStop(0x14000184700)
	/Users/frederikmoschner/Documents/plugin_erweiterung/telegraf/plugins/inputs/nats_consumer/nats_consumer_test.go:28 +0x194
testing.tRunner(0x14000184700, 0x104f52c28)
	/opt/homebrew/Cellar/go/1.24.0/libexec/src/testing/testing.go:1792 +0xe4
created by testing.(*T).Run in goroutine 1
	/opt/homebrew/Cellar/go/1.24.0/libexec/src/testing/testing.go:1851 +0x374
FAIL	github.com/influxdata/telegraf/plugins/inputs/nats_consumer	0.995s
=== RUN   TestCases
=== RUN   TestCases/small
2025-02-19T20:37:12Z I! Loading config: testcases/small/telegraf.conf
--- PASS: TestCases (0.03s)
    --- PASS: TestCases/small (0.03s)
PASS
ok  	github.com/influxdata/telegraf/plugins/inputs/neoom_beaam	1.248s
=== RUN   TestGather
=== RUN   TestGather/Good_case,_2_servers
2025-02-19T20:37:12Z I! http: superfluous response.WriteHeader call from github.com/influxdata/telegraf/plugins/inputs/neptune_apex.TestGather.func1 (neptune_apex_test.go:24)
=== RUN   TestGather/Good_case,_0_servers
=== RUN   TestGather/Good_case_nil
--- PASS: TestGather (0.01s)
    --- PASS: TestGather/Good_case,_2_servers (0.01s)
    --- PASS: TestGather/Good_case,_0_servers (0.00s)
    --- PASS: TestGather/Good_case_nil (0.00s)
=== RUN   TestParseXML
=== RUN   TestParseXML/Good_test
=== RUN   TestParseXML/Unmarshal_error
=== RUN   TestParseXML/Report_time_failure
=== RUN   TestParseXML/Power_Failed_time_failure
=== RUN   TestParseXML/Power_restored_time_failure
=== RUN   TestParseXML/Power_failed_failure
=== RUN   TestParseXML/Failed_to_parse_watt_to_float
=== RUN   TestParseXML/Failed_to_parse_amp_to_float
=== RUN   TestParseXML/Failed_to_parse_probe_value_to_float
--- PASS: TestParseXML (0.00s)
    --- PASS: TestParseXML/Good_test (0.00s)
    --- PASS: TestParseXML/Unmarshal_error (0.00s)
    --- PASS: TestParseXML/Report_time_failure (0.00s)
    --- PASS: TestParseXML/Power_Failed_time_failure (0.00s)
    --- PASS: TestParseXML/Power_restored_time_failure (0.00s)
    --- PASS: TestParseXML/Power_failed_failure (0.00s)
    --- PASS: TestParseXML/Failed_to_parse_watt_to_float (0.00s)
    --- PASS: TestParseXML/Failed_to_parse_amp_to_float (0.00s)
    --- PASS: TestParseXML/Failed_to_parse_probe_value_to_float (0.00s)
=== RUN   TestSendRequest
=== PAUSE TestSendRequest
=== RUN   TestParseTime
=== PAUSE TestParseTime
=== RUN   TestFindProbe
=== PAUSE TestFindProbe
=== CONT  TestSendRequest
=== RUN   TestSendRequest/Good_case
=== PAUSE TestSendRequest/Good_case
=== RUN   TestSendRequest/Get_error
=== PAUSE TestSendRequest/Get_error
=== RUN   TestSendRequest/Status_301
=== PAUSE TestSendRequest/Status_301
=== CONT  TestSendRequest/Good_case
=== CONT  TestSendRequest/Status_301
=== CONT  TestFindProbe
=== RUN   TestFindProbe/Good_case_-_Found
=== PAUSE TestFindProbe/Good_case_-_Found
=== RUN   TestFindProbe/Not_found
=== PAUSE TestFindProbe/Not_found
=== CONT  TestFindProbe/Good_case_-_Found
=== CONT  TestParseTime
=== RUN   TestParseTime/Good_case_-_Timezone_positive
=== PAUSE TestParseTime/Good_case_-_Timezone_positive
=== RUN   TestParseTime/Good_case_-_Timezone_negative
=== PAUSE TestParseTime/Good_case_-_Timezone_negative
=== RUN   TestParseTime/Cannot_parse
=== PAUSE TestParseTime/Cannot_parse
=== CONT  TestParseTime/Good_case_-_Timezone_positive
=== CONT  TestSendRequest/Get_error
=== CONT  TestParseTime/Cannot_parse
=== CONT  TestParseTime/Good_case_-_Timezone_negative
--- PASS: TestParseTime (0.00s)
    --- PASS: TestParseTime/Good_case_-_Timezone_positive (0.00s)
    --- PASS: TestParseTime/Cannot_parse (0.00s)
    --- PASS: TestParseTime/Good_case_-_Timezone_negative (0.00s)
=== CONT  TestFindProbe/Not_found
--- PASS: TestFindProbe (0.00s)
    --- PASS: TestFindProbe/Good_case_-_Found (0.00s)
    --- PASS: TestFindProbe/Not_found (0.00s)
--- PASS: TestSendRequest (0.00s)
    --- PASS: TestSendRequest/Good_case (0.00s)
    --- PASS: TestSendRequest/Get_error (0.00s)
    --- PASS: TestSendRequest/Status_301 (0.00s)
PASS
ok  	github.com/influxdata/telegraf/plugins/inputs/neptune_apex	1.248s
=== RUN   TestNetIOStats
--- PASS: TestNetIOStats (0.00s)
=== RUN   TestNetIOStatsSpeedUnsupported
--- PASS: TestNetIOStatsSpeedUnsupported (0.00s)
=== RUN   TestNetIOStatsNoSpeedFile
--- PASS: TestNetIOStatsNoSpeedFile (0.00s)
PASS
ok  	github.com/influxdata/telegraf/plugins/inputs/net	1.399s
=== RUN   TestBadProtocol
--- PASS: TestBadProtocol (0.00s)
=== RUN   TestNoPort
--- PASS: TestNoPort (0.00s)
=== RUN   TestAddressOnly
--- PASS: TestAddressOnly (0.00s)
=== RUN   TestSendExpectStrings
--- PASS: TestSendExpectStrings (0.00s)
=== RUN   TestTCPError
--- PASS: TestTCPError (0.00s)
=== RUN   TestTCPOK1
--- PASS: TestTCPOK1 (0.00s)
=== RUN   TestTCPOK2
--- PASS: TestTCPOK2 (0.00s)
=== RUN   TestUDPError
--- PASS: TestUDPError (0.00s)
=== RUN   TestUDPOK1
--- PASS: TestUDPOK1 (0.00s)
PASS
ok  	github.com/influxdata/telegraf/plugins/inputs/net_response	1.494s
=== RUN   TestInit
=== RUN   TestInit/Netflow_v5
=== RUN   TestInit/Netflow_v5_(uppercase)
=== RUN   TestInit/Netflow_v9
2025-02-19T20:37:13Z I! [] Loaded 0 PEN mappings...
=== RUN   TestInit/Netflow_v9_(uppercase)
2025-02-19T20:37:13Z I! [] Loaded 0 PEN mappings...
=== RUN   TestInit/IPFIX
2025-02-19T20:37:13Z I! [] Loaded 0 PEN mappings...
=== RUN   TestInit/IPFIX_(uppercase)
2025-02-19T20:37:13Z I! [] Loaded 0 PEN mappings...
=== RUN   TestInit/invalid_protocol
=== RUN   TestInit/UDP
=== RUN   TestInit/UDP4
=== RUN   TestInit/UDP6
=== RUN   TestInit/empty_service_address
=== RUN   TestInit/invalid_address_scheme
=== RUN   TestInit/invalid_service_address
--- PASS: TestInit (0.00s)
    --- PASS: TestInit/Netflow_v5 (0.00s)
    --- PASS: TestInit/Netflow_v5_(uppercase) (0.00s)
    --- PASS: TestInit/Netflow_v9 (0.00s)
    --- PASS: TestInit/Netflow_v9_(uppercase) (0.00s)
    --- PASS: TestInit/IPFIX (0.00s)
    --- PASS: TestInit/IPFIX_(uppercase) (0.00s)
    --- PASS: TestInit/invalid_protocol (0.00s)
    --- PASS: TestInit/UDP (0.00s)
    --- PASS: TestInit/UDP4 (0.00s)
    --- PASS: TestInit/UDP6 (0.00s)
    --- PASS: TestInit/empty_service_address (0.00s)
    --- PASS: TestInit/invalid_address_scheme (0.00s)
    --- PASS: TestInit/invalid_service_address (0.00s)
=== RUN   TestMissingTemplate
2025-02-19T20:37:13Z I! [] Loaded 0 PEN mappings...
2025-02-19T20:37:13Z I! [] Listening on udp://127.0.0.1:62223
2025-02-19T20:37:13Z W! [] IPFIX IPFIX [version:10 type:Decode obsDomainId:231: templateId:261] Error template not found. Skipping packet until the device resends the required template...
--- PASS: TestMissingTemplate (0.10s)
=== RUN   TestWrongMapping
--- PASS: TestWrongMapping (0.00s)
=== RUN   TestCases
=== RUN   TestCases/ipfix_example
2025-02-19T20:37:13Z I! Loading config: testcases/ipfix_example/telegraf.conf
2025-02-19T20:37:13Z I! [inputs.netflow] Loaded 0 PEN mappings...
2025-02-19T20:37:13Z I! [inputs.netflow] Listening on udp://127.0.0.1:49218
=== RUN   TestCases/ipfix_options
2025-02-19T20:37:13Z I! Loading config: testcases/ipfix_options/telegraf.conf
2025-02-19T20:37:13Z I! [inputs.netflow] Loaded 0 PEN mappings...
2025-02-19T20:37:13Z I! [inputs.netflow] Listening on udp://127.0.0.1:54594
=== RUN   TestCases/ipfix_pen_35632
2025-02-19T20:37:14Z I! Loading config: testcases/ipfix_pen_35632/telegraf.conf
2025-02-19T20:37:14Z I! [inputs.netflow] Loaded 95 PEN mappings...
2025-02-19T20:37:14Z I! [inputs.netflow] Listening on udp://127.0.0.1:64295
=== RUN   TestCases/issue_13305
2025-02-19T20:37:14Z I! Loading config: testcases/issue_13305/telegraf.conf
2025-02-19T20:37:14Z I! [inputs.netflow] Loaded 0 PEN mappings...
2025-02-19T20:37:14Z I! [inputs.netflow] Listening on udp://127.0.0.1:58446
=== RUN   TestCases/issue_14370
2025-02-19T20:37:14Z I! Loading config: testcases/issue_14370/telegraf.conf
2025-02-19T20:37:14Z I! [inputs.netflow] Loaded 0 PEN mappings...
2025-02-19T20:37:14Z I! [inputs.netflow] Listening on udp://127.0.0.1:60613
=== RUN   TestCases/netflow_v5_example
2025-02-19T20:37:14Z I! Loading config: testcases/netflow_v5_example/telegraf.conf
2025-02-19T20:37:14Z I! [inputs.netflow] Listening on udp://127.0.0.1:51578
=== RUN   TestCases/netflow_v9_example
2025-02-19T20:37:14Z I! Loading config: testcases/netflow_v9_example/telegraf.conf
2025-02-19T20:37:14Z I! [inputs.netflow] Loaded 0 PEN mappings...
2025-02-19T20:37:14Z I! [inputs.netflow] Listening on udp://127.0.0.1:54019
=== RUN   TestCases/netflow_v9_options
2025-02-19T20:37:15Z I! Loading config: testcases/netflow_v9_options/telegraf.conf
2025-02-19T20:37:15Z I! [inputs.netflow] Loaded 0 PEN mappings...
2025-02-19T20:37:15Z I! [inputs.netflow] Listening on udp://127.0.0.1:57802
=== RUN   TestCases/sflow_issue_15375
2025-02-19T20:37:15Z I! Loading config: testcases/sflow_issue_15375/telegraf.conf
2025-02-19T20:37:15Z I! [inputs.netflow] Listening on udp://127.0.0.1:62781
=== RUN   TestCases/sflow_issue_15918
2025-02-19T20:37:15Z I! Loading config: testcases/sflow_issue_15918/telegraf.conf
2025-02-19T20:37:15Z I! [inputs.netflow] Listening on udp://127.0.0.1:53955
2025-02-19T20:37:15Z W! [inputs.netflow] Unknown flow raw flow message IPv6HopByHop (46):
2025-02-19T20:37:15Z W! [inputs.netflow]   contents: 3a00050200000100
2025-02-19T20:37:15Z W! [inputs.netflow]   payload:  8f00d19f0000000204000000ff0200000000000000000001ffb4228604000000ff0200000000000000000000000000fb0000
2025-02-19T20:37:15Z W! [inputs.netflow] This message is only printed once.
2025-02-19T20:37:15Z W! [inputs.netflow] Unknown flow raw flow message ICMPv6 (57):
2025-02-19T20:37:15Z W! [inputs.netflow]   contents: 8f00d19f
2025-02-19T20:37:15Z W! [inputs.netflow]   payload:  0000000204000000ff0200000000000000000001ffb4228604000000ff0200000000000000000000000000fb0000
2025-02-19T20:37:15Z W! [inputs.netflow] This message is only printed once.
2025-02-19T20:37:15Z W! [inputs.netflow] Unknown flow raw flow message MLDv2MulticastListenerReport (138):
2025-02-19T20:37:15Z W! [inputs.netflow]   contents: 
2025-02-19T20:37:15Z W! [inputs.netflow]   payload:  
2025-02-19T20:37:15Z W! [inputs.netflow] This message is only printed once.
=== RUN   TestCases/sflow_v5_example
2025-02-19T20:37:15Z I! Loading config: testcases/sflow_v5_example/telegraf.conf
2025-02-19T20:37:15Z I! [inputs.netflow] Listening on udp://127.0.0.1:62842
--- PASS: TestCases (2.31s)
    --- PASS: TestCases/ipfix_example (0.22s)
    --- PASS: TestCases/ipfix_options (0.22s)
    --- PASS: TestCases/ipfix_pen_35632 (0.21s)
    --- PASS: TestCases/issue_13305 (0.21s)
    --- PASS: TestCases/issue_14370 (0.20s)
    --- PASS: TestCases/netflow_v5_example (0.21s)
    --- PASS: TestCases/netflow_v9_example (0.21s)
    --- PASS: TestCases/netflow_v9_options (0.21s)
    --- PASS: TestCases/sflow_issue_15375 (0.20s)
    --- PASS: TestCases/sflow_issue_15918 (0.22s)
    --- PASS: TestCases/sflow_v5_example (0.21s)
=== RUN   TestDecodeInt32
--- PASS: TestDecodeInt32 (0.00s)
=== RUN   TestDecodeUint
=== RUN   TestDecodeUint/uint8
=== RUN   TestDecodeUint/uint16
=== RUN   TestDecodeUint/uint32
=== RUN   TestDecodeUint/uint64
--- PASS: TestDecodeUint (0.00s)
    --- PASS: TestDecodeUint/uint8 (0.00s)
    --- PASS: TestDecodeUint/uint16 (0.00s)
    --- PASS: TestDecodeUint/uint32 (0.00s)
    --- PASS: TestDecodeUint/uint64 (0.00s)
=== RUN   TestDecodeUintInvalid
--- PASS: TestDecodeUintInvalid (0.00s)
=== RUN   TestDecodeFloat64
--- PASS: TestDecodeFloat64 (0.00s)
=== RUN   TestDecodeBool
=== RUN   TestDecodeBool/zero
=== RUN   TestDecodeBool/true
=== RUN   TestDecodeBool/false
=== RUN   TestDecodeBool/other
--- PASS: TestDecodeBool (0.00s)
    --- PASS: TestDecodeBool/zero (0.00s)
    --- PASS: TestDecodeBool/true (0.00s)
    --- PASS: TestDecodeBool/false (0.00s)
    --- PASS: TestDecodeBool/other (0.00s)
=== RUN   TestDecodeHex
--- PASS: TestDecodeHex (0.00s)
=== RUN   TestDecodeString
--- PASS: TestDecodeString (0.00s)
=== RUN   TestDecodeMAC
--- PASS: TestDecodeMAC (0.00s)
=== RUN   TestDecodeIP
=== RUN   TestDecodeIP/localhost_IPv4
=== RUN   TestDecodeIP/unrouted_IPv4
=== RUN   TestDecodeIP/localhost_IPv6
=== RUN   TestDecodeIP/local_network_IPv6
=== RUN   TestDecodeIP/google.com_IPv6
=== RUN   TestDecodeIP/stripped_in_between_IPv6
=== RUN   TestDecodeIP/IPv6_not_enough_bytes
--- PASS: TestDecodeIP (0.00s)
    --- PASS: TestDecodeIP/localhost_IPv4 (0.00s)
    --- PASS: TestDecodeIP/unrouted_IPv4 (0.00s)
    --- PASS: TestDecodeIP/localhost_IPv6 (0.00s)
    --- PASS: TestDecodeIP/local_network_IPv6 (0.00s)
    --- PASS: TestDecodeIP/google.com_IPv6 (0.00s)
    --- PASS: TestDecodeIP/stripped_in_between_IPv6 (0.00s)
    --- PASS: TestDecodeIP/IPv6_not_enough_bytes (0.00s)
=== RUN   TestDecodeIPFromUint32
--- PASS: TestDecodeIPFromUint32 (0.00s)
=== RUN   TestDecodeLayer4ProtocolNumber
=== RUN   TestDecodeLayer4ProtocolNumber/ICMP_1
=== RUN   TestDecodeLayer4ProtocolNumber/IPv4_4
=== RUN   TestDecodeLayer4ProtocolNumber/IPv6_41
=== RUN   TestDecodeLayer4ProtocolNumber/L2TP_115
=== RUN   TestDecodeLayer4ProtocolNumber/PTP_123
=== RUN   TestDecodeLayer4ProtocolNumber/unassigned_201
=== RUN   TestDecodeLayer4ProtocolNumber/experimental_254
=== RUN   TestDecodeLayer4ProtocolNumber/Reserved_255
--- PASS: TestDecodeLayer4ProtocolNumber (0.00s)
    --- PASS: TestDecodeLayer4ProtocolNumber/ICMP_1 (0.00s)
    --- PASS: TestDecodeLayer4ProtocolNumber/IPv4_4 (0.00s)
    --- PASS: TestDecodeLayer4ProtocolNumber/IPv6_41 (0.00s)
    --- PASS: TestDecodeLayer4ProtocolNumber/L2TP_115 (0.00s)
    --- PASS: TestDecodeLayer4ProtocolNumber/PTP_123 (0.00s)
    --- PASS: TestDecodeLayer4ProtocolNumber/unassigned_201 (0.00s)
    --- PASS: TestDecodeLayer4ProtocolNumber/experimental_254 (0.00s)
    --- PASS: TestDecodeLayer4ProtocolNumber/Reserved_255 (0.00s)
=== RUN   TestDecodeIPv4Options
=== RUN   TestDecodeIPv4Options/none
=== RUN   TestDecodeIPv4Options/all
=== RUN   TestDecodeIPv4Options/EOOL
=== RUN   TestDecodeIPv4Options/SSR
--- PASS: TestDecodeIPv4Options (0.00s)
    --- PASS: TestDecodeIPv4Options/none (0.00s)
    --- PASS: TestDecodeIPv4Options/all (0.00s)
    --- PASS: TestDecodeIPv4Options/EOOL (0.00s)
    --- PASS: TestDecodeIPv4Options/SSR (0.00s)
=== RUN   TestDecodeTCPFlags
=== RUN   TestDecodeTCPFlags/none
=== RUN   TestDecodeTCPFlags/none_IPFIX
=== RUN   TestDecodeTCPFlags/all
=== RUN   TestDecodeTCPFlags/all_IPFIX
=== RUN   TestDecodeTCPFlags/SYN
=== RUN   TestDecodeTCPFlags/SYN/ACK
=== RUN   TestDecodeTCPFlags/ACK
=== RUN   TestDecodeTCPFlags/FIN
=== RUN   TestDecodeTCPFlags/FIN/ACK
=== RUN   TestDecodeTCPFlags/ACK_IPFIX
=== RUN   TestDecodeTCPFlags/FIN_IPFIX
=== RUN   TestDecodeTCPFlags/ECN_Nounce_Sum_IPFIX
--- PASS: TestDecodeTCPFlags (0.00s)
    --- PASS: TestDecodeTCPFlags/none (0.00s)
    --- PASS: TestDecodeTCPFlags/none_IPFIX (0.00s)
    --- PASS: TestDecodeTCPFlags/all (0.00s)
    --- PASS: TestDecodeTCPFlags/all_IPFIX (0.00s)
    --- PASS: TestDecodeTCPFlags/SYN (0.00s)
    --- PASS: TestDecodeTCPFlags/SYN/ACK (0.00s)
    --- PASS: TestDecodeTCPFlags/ACK (0.00s)
    --- PASS: TestDecodeTCPFlags/FIN (0.00s)
    --- PASS: TestDecodeTCPFlags/FIN/ACK (0.00s)
    --- PASS: TestDecodeTCPFlags/ACK_IPFIX (0.00s)
    --- PASS: TestDecodeTCPFlags/FIN_IPFIX (0.00s)
    --- PASS: TestDecodeTCPFlags/ECN_Nounce_Sum_IPFIX (0.00s)
=== RUN   TestDecodeFragmentFlags
=== RUN   TestDecodeFragmentFlags/none
=== RUN   TestDecodeFragmentFlags/all
=== RUN   TestDecodeFragmentFlags/RS
=== RUN   TestDecodeFragmentFlags/DF
=== RUN   TestDecodeFragmentFlags/MF
=== RUN   TestDecodeFragmentFlags/Bit_7_(LSB)
--- PASS: TestDecodeFragmentFlags (0.00s)
    --- PASS: TestDecodeFragmentFlags/none (0.00s)
    --- PASS: TestDecodeFragmentFlags/all (0.00s)
    --- PASS: TestDecodeFragmentFlags/RS (0.00s)
    --- PASS: TestDecodeFragmentFlags/DF (0.00s)
    --- PASS: TestDecodeFragmentFlags/MF (0.00s)
    --- PASS: TestDecodeFragmentFlags/Bit_7_(LSB) (0.00s)
PASS
ok  	github.com/influxdata/telegraf/plugins/inputs/netflow	3.480s
=== RUN   TestNetStats
--- PASS: TestNetStats (0.00s)
PASS
ok  	github.com/influxdata/telegraf/plugins/inputs/netstat	1.493s
=== RUN   TestNFSClientParsev3
--- PASS: TestNFSClientParsev3 (0.00s)
=== RUN   TestNFSClientParsev4
--- PASS: TestNFSClientParsev4 (0.00s)
=== RUN   TestNFSClientParseLargeValue
--- PASS: TestNFSClientParseLargeValue (0.00s)
=== RUN   TestNFSClientProcessStat
--- PASS: TestNFSClientProcessStat (0.00s)
=== RUN   TestNFSClientProcessFull
--- PASS: TestNFSClientProcessFull (0.00s)
=== RUN   TestNFSClientFileDoesNotExist
--- PASS: TestNFSClientFileDoesNotExist (0.00s)
PASS
ok  	github.com/influxdata/telegraf/plugins/inputs/nfsclient	1.256s
=== RUN   TestNginxTags
--- PASS: TestNginxTags (0.00s)
=== RUN   TestNginxGeneratesMetrics
--- PASS: TestNginxGeneratesMetrics (0.00s)
PASS
ok  	github.com/influxdata/telegraf/plugins/inputs/nginx	1.520s
=== RUN   TestNginxPlusGeneratesMetrics
--- PASS: TestNginxPlusGeneratesMetrics (0.00s)
PASS
ok  	github.com/influxdata/telegraf/plugins/inputs/nginx_plus	1.522s
=== RUN   TestGatherProcessesMetrics
--- PASS: TestGatherProcessesMetrics (0.00s)
=== RUN   TestGatherConnectionsMetrics
--- PASS: TestGatherConnectionsMetrics (0.00s)
=== RUN   TestGatherSlabsMetrics
--- PASS: TestGatherSlabsMetrics (0.00s)
=== RUN   TestGatherSslMetrics
--- PASS: TestGatherSslMetrics (0.00s)
=== RUN   TestGatherHttpRequestsMetrics
--- PASS: TestGatherHttpRequestsMetrics (0.00s)
=== RUN   TestGatherHttpServerZonesMetrics
--- PASS: TestGatherHttpServerZonesMetrics (0.00s)
=== RUN   TestGatherHttpLimitReqsMetrics
--- PASS: TestGatherHttpLimitReqsMetrics (0.00s)
=== RUN   TestGatherHttpLocationZonesMetrics
--- PASS: TestGatherHttpLocationZonesMetrics (0.00s)
=== RUN   TestGatherHttpUpstreamsMetrics
--- PASS: TestGatherHttpUpstreamsMetrics (0.00s)
=== RUN   TestGatherHttpCachesMetrics
--- PASS: TestGatherHttpCachesMetrics (0.00s)
=== RUN   TestGatherResolverZonesMetrics
--- PASS: TestGatherResolverZonesMetrics (0.00s)
=== RUN   TestGatherStreamUpstreams
--- PASS: TestGatherStreamUpstreams (0.00s)
=== RUN   TestGatherStreamServerZonesMetrics
--- PASS: TestGatherStreamServerZonesMetrics (0.00s)
=== RUN   TestUnavailableEndpoints
--- PASS: TestUnavailableEndpoints (0.00s)
=== RUN   TestServerError
--- PASS: TestServerError (0.00s)
=== RUN   TestMalformedJSON
--- PASS: TestMalformedJSON (0.00s)
=== RUN   TestUnknownContentType
--- PASS: TestUnknownContentType (0.00s)
PASS
ok  	github.com/influxdata/telegraf/plugins/inputs/nginx_plus_api	1.352s
=== RUN   TestNginxPlusGeneratesMetrics
--- PASS: TestNginxPlusGeneratesMetrics (0.00s)
PASS
ok  	github.com/influxdata/telegraf/plugins/inputs/nginx_sts	1.428s
=== RUN   TestNginxUpstreamCheckData
--- PASS: TestNginxUpstreamCheckData (0.00s)
=== RUN   TestNginxUpstreamCheckRequest
--- PASS: TestNginxUpstreamCheckRequest (0.00s)
PASS
ok  	github.com/influxdata/telegraf/plugins/inputs/nginx_upstream_check	1.473s
=== RUN   TestNginxPlusGeneratesMetrics
--- PASS: TestNginxPlusGeneratesMetrics (0.00s)
PASS
ok  	github.com/influxdata/telegraf/plugins/inputs/nginx_vts	1.462s
=== RUN   TestNomadStats
=== RUN   TestNomadStats/Metrics
2025-02-19T20:37:15Z I! http: superfluous response.WriteHeader call from github.com/influxdata/telegraf/plugins/inputs/nomad.TestNomadStats.func1.1 (nomad_test.go:95)
--- PASS: TestNomadStats (0.01s)
    --- PASS: TestNomadStats/Metrics (0.00s)
PASS
ok  	github.com/influxdata/telegraf/plugins/inputs/nomad	1.236s
=== RUN   TestParseFullOutput
--- PASS: TestParseFullOutput (0.00s)
PASS
ok  	github.com/influxdata/telegraf/plugins/inputs/nsd	1.265s
=== RUN   TestNSQStatsV1
2025/02/19 21:37:16 http: superfluous response.WriteHeader call from github.com/influxdata/telegraf/plugins/inputs/nsq.TestNSQStatsV1.func1 (nsq_test.go:22)
--- PASS: TestNSQStatsV1 (0.01s)
=== RUN   TestNSQStatsPreV1
2025/02/19 21:37:16 http: superfluous response.WriteHeader call from github.com/influxdata/telegraf/plugins/inputs/nsq.TestNSQStatsPreV1.func1 (nsq_test.go:282)
--- PASS: TestNSQStatsPreV1 (0.01s)
PASS
ok  	github.com/influxdata/telegraf/plugins/inputs/nsq	1.350s
=== RUN   TestReadsMetricsFromNSQ
--- PASS: TestReadsMetricsFromNSQ (0.02s)
PASS
ok  	github.com/influxdata/telegraf/plugins/inputs/nsq_consumer	1.481s
=== RUN   TestLoadUglyTable
--- PASS: TestLoadUglyTable (0.00s)
=== RUN   TestLoadGoodTable
--- PASS: TestLoadGoodTable (0.00s)
PASS
ok  	github.com/influxdata/telegraf/plugins/inputs/nstat	1.047s
=== RUN   TestInitInvalid
=== RUN   TestInitInvalid/invalid_reach_format
--- PASS: TestInitInvalid (0.00s)
    --- PASS: TestInitInvalid/invalid_reach_format (0.00s)
=== RUN   TestCases
=== RUN   TestCases/bad_float_parse
2025-02-19T20:37:16Z I! Loading config: testcases/bad_float_parse/telegraf.conf
=== RUN   TestCases/bad_header
2025-02-19T20:37:16Z I! Loading config: testcases/bad_header/telegraf.conf
=== RUN   TestCases/bad_int_parse
2025-02-19T20:37:16Z I! Loading config: testcases/bad_int_parse/telegraf.conf
=== RUN   TestCases/bad_when
2025-02-19T20:37:16Z I! Loading config: testcases/bad_when/telegraf.conf
=== RUN   TestCases/days
2025-02-19T20:37:16Z I! Loading config: testcases/days/telegraf.conf
=== RUN   TestCases/failed
2025-02-19T20:37:16Z I! Loading config: testcases/failed/telegraf.conf
=== RUN   TestCases/hours
2025-02-19T20:37:16Z I! Loading config: testcases/hours/telegraf.conf
=== RUN   TestCases/issue_2386
2025-02-19T20:37:16Z I! Loading config: testcases/issue_2386/telegraf.conf
=== RUN   TestCases/long_poll
2025-02-19T20:37:16Z I! Loading config: testcases/long_poll/telegraf.conf
=== RUN   TestCases/minutes
2025-02-19T20:37:16Z I! Loading config: testcases/minutes/telegraf.conf
=== RUN   TestCases/missing_delay_column
2025-02-19T20:37:16Z I! Loading config: testcases/missing_delay_column/telegraf.conf
=== RUN   TestCases/multi
2025-02-19T20:37:16Z I! Loading config: testcases/multi/telegraf.conf
=== RUN   TestCases/no_ref_id
2025-02-19T20:37:16Z I! Loading config: testcases/no_ref_id/telegraf.conf
=== RUN   TestCases/pool_when_minus
2025-02-19T20:37:16Z I! Loading config: testcases/pool_when_minus/telegraf.conf
=== RUN   TestCases/servers
2025-02-19T20:37:16Z I! Loading config: testcases/servers/telegraf.conf
=== RUN   TestCases/servers_one_fail
2025-02-19T20:37:16Z I! Loading config: testcases/servers_one_fail/telegraf.conf
=== RUN   TestCases/single
2025-02-19T20:37:16Z I! Loading config: testcases/single/telegraf.conf
=== RUN   TestCases/single_reach_count
2025-02-19T20:37:16Z I! Loading config: testcases/single_reach_count/telegraf.conf
=== RUN   TestCases/single_reach_decimal
2025-02-19T20:37:16Z I! Loading config: testcases/single_reach_decimal/telegraf.conf
=== RUN   TestCases/single_reach_octal
2025-02-19T20:37:16Z I! Loading config: testcases/single_reach_octal/telegraf.conf
=== RUN   TestCases/single_reach_ratio
2025-02-19T20:37:16Z I! Loading config: testcases/single_reach_ratio/telegraf.conf
--- PASS: TestCases (0.06s)
    --- PASS: TestCases/bad_float_parse (0.00s)
    --- PASS: TestCases/bad_header (0.00s)
    --- PASS: TestCases/bad_int_parse (0.00s)
    --- PASS: TestCases/bad_when (0.00s)
    --- PASS: TestCases/days (0.00s)
    --- PASS: TestCases/failed (0.00s)
    --- PASS: TestCases/hours (0.00s)
    --- PASS: TestCases/issue_2386 (0.00s)
    --- PASS: TestCases/long_poll (0.00s)
    --- PASS: TestCases/minutes (0.00s)
    --- PASS: TestCases/missing_delay_column (0.00s)
    --- PASS: TestCases/multi (0.00s)
    --- PASS: TestCases/no_ref_id (0.00s)
    --- PASS: TestCases/pool_when_minus (0.00s)
    --- PASS: TestCases/servers (0.01s)
    --- PASS: TestCases/servers_one_fail (0.00s)
    --- PASS: TestCases/single (0.01s)
    --- PASS: TestCases/single_reach_count (0.00s)
    --- PASS: TestCases/single_reach_decimal (0.00s)
    --- PASS: TestCases/single_reach_octal (0.00s)
    --- PASS: TestCases/single_reach_ratio (0.01s)
PASS
ok  	github.com/influxdata/telegraf/plugins/inputs/ntpq	1.295s
=== RUN   TestProbe
=== RUN   TestProbe/probe_success
=== RUN   TestProbe/probe_error
--- PASS: TestProbe (0.10s)
    --- PASS: TestProbe/probe_success (0.09s)
    --- PASS: TestProbe/probe_error (0.01s)
=== RUN   TestErrorBehaviorDefault
--- PASS: TestErrorBehaviorDefault (0.00s)
=== RUN   TestErrorBehaviorError
--- PASS: TestErrorBehaviorError (0.00s)
=== RUN   TestErrorBehaviorRetry
--- PASS: TestErrorBehaviorRetry (0.00s)
=== RUN   TestErrorBehaviorIgnore
--- PASS: TestErrorBehaviorIgnore (0.00s)
=== RUN   TestGatherValidXML
=== RUN   TestGatherValidXML/GeForce_GTX_1070_Ti
=== RUN   TestGatherValidXML/GeForce_GTX_1660_Ti
=== RUN   TestGatherValidXML/Quadro_P400
=== RUN   TestGatherValidXML/Quadro_P2000
=== RUN   TestGatherValidXML/Tesla_T4
=== RUN   TestGatherValidXML/A10G
=== RUN   TestGatherValidXML/RTC_3080_schema_v12
=== RUN   TestGatherValidXML/RTC_3090_schema_v12
=== RUN   TestGatherValidXML/A100-SXM4_schema_v12
--- PASS: TestGatherValidXML (0.03s)
    --- PASS: TestGatherValidXML/GeForce_GTX_1070_Ti (0.00s)
    --- PASS: TestGatherValidXML/GeForce_GTX_1660_Ti (0.00s)
    --- PASS: TestGatherValidXML/Quadro_P400 (0.00s)
    --- PASS: TestGatherValidXML/Quadro_P2000 (0.01s)
    --- PASS: TestGatherValidXML/Tesla_T4 (0.00s)
    --- PASS: TestGatherValidXML/A10G (0.00s)
    --- PASS: TestGatherValidXML/RTC_3080_schema_v12 (0.00s)
    --- PASS: TestGatherValidXML/RTC_3090_schema_v12 (0.00s)
    --- PASS: TestGatherValidXML/A100-SXM4_schema_v12 (0.00s)
PASS
ok  	github.com/influxdata/telegraf/plugins/inputs/nvidia_smi	1.325s
?   	github.com/influxdata/telegraf/plugins/inputs/nvidia_smi/common	[no test files]
?   	github.com/influxdata/telegraf/plugins/inputs/nvidia_smi/schema_v11	[no test files]
?   	github.com/influxdata/telegraf/plugins/inputs/nvidia_smi/schema_v12	[no test files]
=== RUN   TestGetDataBadNodeContainerIntegration
--- FAIL: TestGetDataBadNodeContainerIntegration (0.00s)
panic: check host "unix:///var/run/docker.sock": docker info: Cannot connect to the Docker daemon at unix:///var/run/docker.sock. Is the docker daemon running?
	check host "unix:///Users/frederikmoschner/.docker/run/docker.sock": docker info: Cannot connect to the Docker daemon at unix:///Users/frederikmoschner/.docker/run/docker.sock. Is the docker daemon running? [recovered]
	panic: check host "unix:///var/run/docker.sock": docker info: Cannot connect to the Docker daemon at unix:///var/run/docker.sock. Is the docker daemon running?
	check host "unix:///Users/frederikmoschner/.docker/run/docker.sock": docker info: Cannot connect to the Docker daemon at unix:///Users/frederikmoschner/.docker/run/docker.sock. Is the docker daemon running?

goroutine 50 [running]:
testing.tRunner.func1.2({0x105b98be0, 0x1400000e2b8})
	/opt/homebrew/Cellar/go/1.24.0/libexec/src/testing/testing.go:1734 +0x1ac
testing.tRunner.func1()
	/opt/homebrew/Cellar/go/1.24.0/libexec/src/testing/testing.go:1737 +0x334
panic({0x105b98be0?, 0x1400000e2b8?})
	/opt/homebrew/Cellar/go/1.24.0/libexec/src/runtime/panic.go:787 +0x124
github.com/testcontainers/testcontainers-go/internal/core.MustExtractDockerHost.func1()
	/Users/frederikmoschner/go/pkg/mod/github.com/testcontainers/testcontainers-go@v0.34.0/internal/core/docker_host.go:91 +0x70
sync.(*Once).doSlow(0x0?, 0x2540be400?)
	/opt/homebrew/Cellar/go/1.24.0/libexec/src/sync/once.go:78 +0xf0
sync.(*Once).Do(...)
	/opt/homebrew/Cellar/go/1.24.0/libexec/src/sync/once.go:69
github.com/testcontainers/testcontainers-go/internal/core.MustExtractDockerHost({0x105d19288?, 0x1064b02c0?})
	/Users/frederikmoschner/go/pkg/mod/github.com/testcontainers/testcontainers-go@v0.34.0/internal/core/docker_host.go:88 +0x54
github.com/testcontainers/testcontainers-go/internal/core.NewClient({0x105d19288, 0x1064b02c0}, {0x0, 0x0, 0x0?})
	/Users/frederikmoschner/go/pkg/mod/github.com/testcontainers/testcontainers-go@v0.34.0/internal/core/client.go:17 +0x9c
github.com/testcontainers/testcontainers-go.NewDockerClientWithOpts({0x105d19288, 0x1064b02c0}, {0x0, 0x0, 0x0})
	/Users/frederikmoschner/go/pkg/mod/github.com/testcontainers/testcontainers-go@v0.34.0/docker_client.go:117 +0x4c
github.com/testcontainers/testcontainers-go.NewDockerProvider({0x14000330260, 0x2, 0x105899fb5?})
	/Users/frederikmoschner/go/pkg/mod/github.com/testcontainers/testcontainers-go@v0.34.0/provider.go:143 +0xf0
github.com/testcontainers/testcontainers-go.ProviderType.GetProvider(0x0, {0x140002570c8, 0x1, 0xff3a0000ff21?})
	/Users/frederikmoschner/go/pkg/mod/github.com/testcontainers/testcontainers-go@v0.34.0/provider.go:114 +0x380
github.com/testcontainers/testcontainers-go.GenericContainer({_, _}, {{{{0x0, 0x0}, {0x0, 0x0}, {0x0, 0x0}, {0x0, 0x0}, ...}, ...}, ...})
	/Users/frederikmoschner/go/pkg/mod/github.com/testcontainers/testcontainers-go@v0.34.0/generic.go:59 +0xf0
github.com/influxdata/telegraf/testutil.(*Container).Start(0x14000000120)
	/Users/frederikmoschner/Documents/plugin_erweiterung/telegraf/testutil/container.go:76 +0x2d8
github.com/influxdata/telegraf/plugins/inputs/opcua.TestGetDataBadNodeContainerIntegration(0x140001028c0)
	/Users/frederikmoschner/Documents/plugin_erweiterung/telegraf/plugins/inputs/opcua/opcua_test.go:51 +0x264
testing.tRunner(0x140001028c0, 0x105d066c0)
	/opt/homebrew/Cellar/go/1.24.0/libexec/src/testing/testing.go:1792 +0xe4
created by testing.(*T).Run in goroutine 1
	/opt/homebrew/Cellar/go/1.24.0/libexec/src/testing/testing.go:1851 +0x374
FAIL	github.com/influxdata/telegraf/plugins/inputs/opcua	0.622s
=== RUN   TestInitPluginWithBadConnectFailBehaviorValue
--- PASS: TestInitPluginWithBadConnectFailBehaviorValue (0.00s)
=== RUN   TestStartPlugin
2025-02-19T20:37:18Z E! [] Failed to connect to OPC UA server opc.tcp://notarealserver:4840. Will not retry: opcua: could not resolve address notarealserver:4840
    opcua_listener_test.go:101: 
        	Error Trace:	/Users/frederikmoschner/Documents/plugin_erweiterung/telegraf/plugins/inputs/opcua_listener/opcua_listener_test.go:101
        	Error:      	Received unexpected error:
        	            	opcua: could not resolve address notarealserver:4840
        	            	github.com/gopcua/opcua/errors.Errorf
        	            		/Users/frederikmoschner/go/pkg/mod/github.com/gopcua/opcua@v0.5.3/errors/errors.go:14
        	            	github.com/gopcua/opcua/uacp.ResolveEndpoint
        	            		/Users/frederikmoschner/go/pkg/mod/github.com/gopcua/opcua@v0.5.3/uacp/endpoint.go:32
        	            	github.com/gopcua/opcua/uacp.(*Dialer).Dial
        	            		/Users/frederikmoschner/go/pkg/mod/github.com/gopcua/opcua@v0.5.3/uacp/conn.go:71
        	            	github.com/gopcua/opcua.(*Client).Dial
        	            		/Users/frederikmoschner/go/pkg/mod/github.com/gopcua/opcua@v0.5.3/client.go:595
        	            	github.com/gopcua/opcua.GetEndpoints
        	            		/Users/frederikmoschner/go/pkg/mod/github.com/gopcua/opcua@v0.5.3/client.go:73
        	            	github.com/influxdata/telegraf/plugins/common/opcua.(*OpcUAClient).SetupOptions
        	            		/Users/frederikmoschner/Documents/plugin_erweiterung/telegraf/plugins/common/opcua/client.go:131
        	            	github.com/influxdata/telegraf/plugins/common/opcua.(*OpcUAClient).Connect
        	            		/Users/frederikmoschner/Documents/plugin_erweiterung/telegraf/plugins/common/opcua/client.go:188
        	            	github.com/influxdata/telegraf/plugins/inputs/opcua_listener.(*subscribeClient).connect
        	            		/Users/frederikmoschner/Documents/plugin_erweiterung/telegraf/plugins/inputs/opcua_listener/subscribe_client.go:262
        	            	github.com/influxdata/telegraf/plugins/inputs/opcua_listener.(*OpcUaListener).connect
        	            		/Users/frederikmoschner/Documents/plugin_erweiterung/telegraf/plugins/inputs/opcua_listener/opcua_listener.go:68
        	            	github.com/influxdata/telegraf/plugins/inputs/opcua_listener.(*OpcUaListener).Start
        	            		/Users/frederikmoschner/Documents/plugin_erweiterung/telegraf/plugins/inputs/opcua_listener/opcua_listener.go:44
        	            	github.com/influxdata/telegraf/plugins/inputs/opcua_listener.TestStartPlugin
        	            		/Users/frederikmoschner/Documents/plugin_erweiterung/telegraf/plugins/inputs/opcua_listener/opcua_listener_test.go:101
        	            	testing.tRunner
        	            		/opt/homebrew/Cellar/go/1.24.0/libexec/src/testing/testing.go:1792
        	            	runtime.goexit
        	            		/opt/homebrew/Cellar/go/1.24.0/libexec/src/runtime/asm_arm64.s:1223
        	Test:       	TestStartPlugin
--- FAIL: TestStartPlugin (0.02s)
=== RUN   TestSubscribeClientIntegration
--- FAIL: TestSubscribeClientIntegration (0.00s)
panic: check host "unix:///var/run/docker.sock": docker info: Cannot connect to the Docker daemon at unix:///var/run/docker.sock. Is the docker daemon running?
	check host "unix:///Users/frederikmoschner/.docker/run/docker.sock": docker info: Cannot connect to the Docker daemon at unix:///Users/frederikmoschner/.docker/run/docker.sock. Is the docker daemon running? [recovered]
	panic: check host "unix:///var/run/docker.sock": docker info: Cannot connect to the Docker daemon at unix:///var/run/docker.sock. Is the docker daemon running?
	check host "unix:///Users/frederikmoschner/.docker/run/docker.sock": docker info: Cannot connect to the Docker daemon at unix:///Users/frederikmoschner/.docker/run/docker.sock. Is the docker daemon running?

goroutine 21 [running]:
testing.tRunner.func1.2({0x10116db60, 0x140001202a0})
	/opt/homebrew/Cellar/go/1.24.0/libexec/src/testing/testing.go:1734 +0x1ac
testing.tRunner.func1()
	/opt/homebrew/Cellar/go/1.24.0/libexec/src/testing/testing.go:1737 +0x334
panic({0x10116db60?, 0x140001202a0?})
	/opt/homebrew/Cellar/go/1.24.0/libexec/src/runtime/panic.go:787 +0x124
github.com/testcontainers/testcontainers-go/internal/core.MustExtractDockerHost.func1()
	/Users/frederikmoschner/go/pkg/mod/github.com/testcontainers/testcontainers-go@v0.34.0/internal/core/docker_host.go:91 +0x70
sync.(*Once).doSlow(0x0?, 0x2540be400?)
	/opt/homebrew/Cellar/go/1.24.0/libexec/src/sync/once.go:78 +0xf0
sync.(*Once).Do(...)
	/opt/homebrew/Cellar/go/1.24.0/libexec/src/sync/once.go:69
github.com/testcontainers/testcontainers-go/internal/core.MustExtractDockerHost({0x1012ee9c8?, 0x101a8c540?})
	/Users/frederikmoschner/go/pkg/mod/github.com/testcontainers/testcontainers-go@v0.34.0/internal/core/docker_host.go:88 +0x54
github.com/testcontainers/testcontainers-go/internal/core.NewClient({0x1012ee9c8, 0x101a8c540}, {0x0, 0x0, 0x0?})
	/Users/frederikmoschner/go/pkg/mod/github.com/testcontainers/testcontainers-go@v0.34.0/internal/core/client.go:17 +0x9c
github.com/testcontainers/testcontainers-go.NewDockerClientWithOpts({0x1012ee9c8, 0x101a8c540}, {0x0, 0x0, 0x0})
	/Users/frederikmoschner/go/pkg/mod/github.com/testcontainers/testcontainers-go@v0.34.0/docker_client.go:117 +0x4c
github.com/testcontainers/testcontainers-go.NewDockerProvider({0x1400009a500, 0x2, 0x100e6abc3?})
	/Users/frederikmoschner/go/pkg/mod/github.com/testcontainers/testcontainers-go@v0.34.0/provider.go:143 +0xf0
github.com/testcontainers/testcontainers-go.ProviderType.GetProvider(0x0, {0x140004c4f08, 0x1, 0x0?})
	/Users/frederikmoschner/go/pkg/mod/github.com/testcontainers/testcontainers-go@v0.34.0/provider.go:114 +0x380
github.com/testcontainers/testcontainers-go.GenericContainer({_, _}, {{{{0x0, 0x0}, {0x0, 0x0}, {0x0, 0x0}, {0x0, 0x0}, ...}, ...}, ...})
	/Users/frederikmoschner/go/pkg/mod/github.com/testcontainers/testcontainers-go@v0.34.0/generic.go:59 +0xf0
github.com/influxdata/telegraf/testutil.(*Container).Start(0x140003246c0)
	/Users/frederikmoschner/Documents/plugin_erweiterung/telegraf/testutil/container.go:76 +0x2d8
github.com/influxdata/telegraf/plugins/inputs/opcua_listener.TestSubscribeClientIntegration(0x14000102c40)
	/Users/frederikmoschner/Documents/plugin_erweiterung/telegraf/plugins/inputs/opcua_listener/opcua_listener_test.go:143 +0x268
testing.tRunner(0x14000102c40, 0x1012dbd18)
	/opt/homebrew/Cellar/go/1.24.0/libexec/src/testing/testing.go:1792 +0xe4
created by testing.(*T).Run in goroutine 1
	/opt/homebrew/Cellar/go/1.24.0/libexec/src/testing/testing.go:1851 +0x374
FAIL	github.com/influxdata/telegraf/plugins/inputs/opcua_listener	0.979s
=== RUN   TestOpenldapMockResult
--- PASS: TestOpenldapMockResult (0.00s)
=== RUN   TestOpenldapNoConnectionIntegration
--- PASS: TestOpenldapNoConnectionIntegration (0.01s)
=== RUN   TestOpenldapGeneratesMetricsIntegration
--- FAIL: TestOpenldapGeneratesMetricsIntegration (0.00s)
panic: check host "unix:///var/run/docker.sock": docker info: Cannot connect to the Docker daemon at unix:///var/run/docker.sock. Is the docker daemon running?
	check host "unix:///Users/frederikmoschner/.docker/run/docker.sock": docker info: Cannot connect to the Docker daemon at unix:///Users/frederikmoschner/.docker/run/docker.sock. Is the docker daemon running? [recovered]
	panic: check host "unix:///var/run/docker.sock": docker info: Cannot connect to the Docker daemon at unix:///var/run/docker.sock. Is the docker daemon running?
	check host "unix:///Users/frederikmoschner/.docker/run/docker.sock": docker info: Cannot connect to the Docker daemon at unix:///Users/frederikmoschner/.docker/run/docker.sock. Is the docker daemon running?

goroutine 22 [running]:
testing.tRunner.func1.2({0x103493c80, 0x14000494300})
	/opt/homebrew/Cellar/go/1.24.0/libexec/src/testing/testing.go:1734 +0x1ac
testing.tRunner.func1()
	/opt/homebrew/Cellar/go/1.24.0/libexec/src/testing/testing.go:1737 +0x334
panic({0x103493c80?, 0x14000494300?})
	/opt/homebrew/Cellar/go/1.24.0/libexec/src/runtime/panic.go:787 +0x124
github.com/testcontainers/testcontainers-go/internal/core.MustExtractDockerHost.func1()
	/Users/frederikmoschner/go/pkg/mod/github.com/testcontainers/testcontainers-go@v0.34.0/internal/core/docker_host.go:91 +0x70
sync.(*Once).doSlow(0x0?, 0x2540be400?)
	/opt/homebrew/Cellar/go/1.24.0/libexec/src/sync/once.go:78 +0xf0
sync.(*Once).Do(...)
	/opt/homebrew/Cellar/go/1.24.0/libexec/src/sync/once.go:69
github.com/testcontainers/testcontainers-go/internal/core.MustExtractDockerHost({0x103547828?, 0x103897fc0?})
	/Users/frederikmoschner/go/pkg/mod/github.com/testcontainers/testcontainers-go@v0.34.0/internal/core/docker_host.go:88 +0x54
github.com/testcontainers/testcontainers-go/internal/core.NewClient({0x103547828, 0x103897fc0}, {0x0, 0x0, 0x0?})
	/Users/frederikmoschner/go/pkg/mod/github.com/testcontainers/testcontainers-go@v0.34.0/internal/core/client.go:17 +0x9c
github.com/testcontainers/testcontainers-go.NewDockerClientWithOpts({0x103547828, 0x103897fc0}, {0x0, 0x0, 0x0})
	/Users/frederikmoschner/go/pkg/mod/github.com/testcontainers/testcontainers-go@v0.34.0/docker_client.go:117 +0x4c
github.com/testcontainers/testcontainers-go.NewDockerProvider({0x140004a0240, 0x2, 0x10335c266?})
	/Users/frederikmoschner/go/pkg/mod/github.com/testcontainers/testcontainers-go@v0.34.0/provider.go:143 +0xf0
github.com/testcontainers/testcontainers-go.ProviderType.GetProvider(0x0, {0x140000d92d8, 0x1, 0x0?})
	/Users/frederikmoschner/go/pkg/mod/github.com/testcontainers/testcontainers-go@v0.34.0/provider.go:114 +0x380
github.com/testcontainers/testcontainers-go.GenericContainer({_, _}, {{{{0x0, 0x0}, {0x0, 0x0}, {0x0, 0x0}, {0x0, 0x0}, ...}, ...}, ...})
	/Users/frederikmoschner/go/pkg/mod/github.com/testcontainers/testcontainers-go@v0.34.0/generic.go:59 +0xf0
github.com/influxdata/telegraf/testutil.(*Container).Start(0x140004cc480)
	/Users/frederikmoschner/Documents/plugin_erweiterung/telegraf/testutil/container.go:76 +0x2d8
github.com/influxdata/telegraf/plugins/inputs/openldap.TestOpenldapGeneratesMetricsIntegration(0x14000402e00)
	/Users/frederikmoschner/Documents/plugin_erweiterung/telegraf/plugins/inputs/openldap/openldap_test.go:76 +0x304
testing.tRunner(0x14000402e00, 0x10353dca8)
	/opt/homebrew/Cellar/go/1.24.0/libexec/src/testing/testing.go:1792 +0xe4
created by testing.(*T).Run in goroutine 1
	/opt/homebrew/Cellar/go/1.24.0/libexec/src/testing/testing.go:1851 +0x374
FAIL	github.com/influxdata/telegraf/plugins/inputs/openldap	1.205s
=== RUN   TestParseSimpleOutput
--- PASS: TestParseSimpleOutput (0.00s)
=== RUN   TestParseSimpleOutputwithStatePrefix
--- PASS: TestParseSimpleOutputwithStatePrefix (0.00s)
=== RUN   TestParseSimpleOutputInvalidPeer
--- PASS: TestParseSimpleOutputInvalidPeer (0.00s)
=== RUN   TestParseSimpleOutputServersDNSError
--- PASS: TestParseSimpleOutputServersDNSError (0.00s)
=== RUN   TestParseSimpleOutputServerDNSError
--- PASS: TestParseSimpleOutputServerDNSError (0.00s)
=== RUN   TestParseFullOutput
--- PASS: TestParseFullOutput (0.00s)
PASS
ok  	github.com/influxdata/telegraf/plugins/inputs/openntpd	1.420s
=== RUN   TestOpensearchQueryIntegration
--- FAIL: TestOpensearchQueryIntegration (0.00s)
panic: check host "unix:///var/run/docker.sock": docker info: Cannot connect to the Docker daemon at unix:///var/run/docker.sock. Is the docker daemon running?
	check host "unix:///Users/frederikmoschner/.docker/run/docker.sock": docker info: Cannot connect to the Docker daemon at unix:///Users/frederikmoschner/.docker/run/docker.sock. Is the docker daemon running? [recovered]
	panic: check host "unix:///var/run/docker.sock": docker info: Cannot connect to the Docker daemon at unix:///var/run/docker.sock. Is the docker daemon running?
	check host "unix:///Users/frederikmoschner/.docker/run/docker.sock": docker info: Cannot connect to the Docker daemon at unix:///Users/frederikmoschner/.docker/run/docker.sock. Is the docker daemon running?

goroutine 7 [running]:
testing.tRunner.func1.2({0x105100e80, 0x140001d6000})
	/opt/homebrew/Cellar/go/1.24.0/libexec/src/testing/testing.go:1734 +0x1ac
testing.tRunner.func1()
	/opt/homebrew/Cellar/go/1.24.0/libexec/src/testing/testing.go:1737 +0x334
panic({0x105100e80?, 0x140001d6000?})
	/opt/homebrew/Cellar/go/1.24.0/libexec/src/runtime/panic.go:787 +0x124
github.com/testcontainers/testcontainers-go/internal/core.MustExtractDockerHost.func1()
	/Users/frederikmoschner/go/pkg/mod/github.com/testcontainers/testcontainers-go@v0.34.0/internal/core/docker_host.go:91 +0x70
sync.(*Once).doSlow(0x5264657672650000?, 0x2540be400?)
	/opt/homebrew/Cellar/go/1.24.0/libexec/src/sync/once.go:78 +0xf0
sync.(*Once).Do(...)
	/opt/homebrew/Cellar/go/1.24.0/libexec/src/sync/once.go:69
github.com/testcontainers/testcontainers-go/internal/core.MustExtractDockerHost({0x10525dfc8?, 0x105a46dc0?})
	/Users/frederikmoschner/go/pkg/mod/github.com/testcontainers/testcontainers-go@v0.34.0/internal/core/docker_host.go:88 +0x54
github.com/testcontainers/testcontainers-go/internal/core.NewClient({0x10525dfc8, 0x105a46dc0}, {0x0, 0x0, 0x1418687361685f64?})
	/Users/frederikmoschner/go/pkg/mod/github.com/testcontainers/testcontainers-go@v0.34.0/internal/core/client.go:17 +0x9c
github.com/testcontainers/testcontainers-go.NewDockerClientWithOpts({0x10525dfc8, 0x105a46dc0}, {0x0, 0x0, 0x0})
	/Users/frederikmoschner/go/pkg/mod/github.com/testcontainers/testcontainers-go@v0.34.0/docker_client.go:117 +0x4c
github.com/testcontainers/testcontainers-go.NewDockerProvider({0x14000311740, 0x2, 0x104e279e4?})
	/Users/frederikmoschner/go/pkg/mod/github.com/testcontainers/testcontainers-go@v0.34.0/provider.go:143 +0xf0
github.com/testcontainers/testcontainers-go.ProviderType.GetProvider(0x0, {0x14000184e68, 0x1, 0x0?})
	/Users/frederikmoschner/go/pkg/mod/github.com/testcontainers/testcontainers-go@v0.34.0/provider.go:114 +0x380
github.com/testcontainers/testcontainers-go.GenericContainer({_, _}, {{{{0x0, 0x0}, {0x0, 0x0}, {0x0, 0x0}, {0x0, 0x0}, ...}, ...}, ...})
	/Users/frederikmoschner/go/pkg/mod/github.com/testcontainers/testcontainers-go@v0.34.0/generic.go:59 +0xf0
github.com/influxdata/telegraf/testutil.(*Container).Start(0x140002fed80)
	/Users/frederikmoschner/Documents/plugin_erweiterung/telegraf/testutil/container.go:76 +0x2d8
github.com/influxdata/telegraf/plugins/inputs/opensearch_query.setupIntegrationTest(0x14000312700, {0x104e3e5bc, 0x22})
	/Users/frederikmoschner/Documents/plugin_erweiterung/telegraf/plugins/inputs/opensearch_query/opensearch_query_test.go:556 +0x2bc
github.com/influxdata/telegraf/plugins/inputs/opensearch_query.TestOpensearchQueryIntegration.func1(0x14000312700, {0x104e3e5bc?, 0x14000085f38?})
	/Users/frederikmoschner/Documents/plugin_erweiterung/telegraf/plugins/inputs/opensearch_query/opensearch_query_test.go:641 +0x34
github.com/influxdata/telegraf/plugins/inputs/opensearch_query.TestOpensearchQueryIntegration(0x14000312700)
	/Users/frederikmoschner/Documents/plugin_erweiterung/telegraf/plugins/inputs/opensearch_query/opensearch_query_test.go:673 +0xbc
testing.tRunner(0x14000312700, 0x10524be08)
	/opt/homebrew/Cellar/go/1.24.0/libexec/src/testing/testing.go:1792 +0xe4
created by testing.(*T).Run in goroutine 1
	/opt/homebrew/Cellar/go/1.24.0/libexec/src/testing/testing.go:1851 +0x374
FAIL	github.com/influxdata/telegraf/plugins/inputs/opensearch_query	1.513s
=== RUN   TestFilterSomeStats
--- PASS: TestFilterSomeStats (0.00s)
PASS
ok  	github.com/influxdata/telegraf/plugins/inputs/opensmtpd	1.740s
?   	github.com/influxdata/telegraf/plugins/inputs/openstack	[no test files]
=== RUN   TestOpenTelemetry
--- PASS: TestOpenTelemetry (0.00s)
=== RUN   TestCases
=== RUN   TestCases/profiles
2025-02-19T20:37:19Z I! Loading config: testcases/profiles/telegraf.conf
--- PASS: TestCases (0.11s)
    --- PASS: TestCases/profiles (0.11s)
PASS
ok  	github.com/influxdata/telegraf/plugins/inputs/opentelemetry	0.763s
=== RUN   TestFormatURL
--- PASS: TestFormatURL (0.00s)
=== RUN   TestDefaultUnits
--- PASS: TestDefaultUnits (0.00s)
=== RUN   TestDefaultLang
--- PASS: TestDefaultLang (0.00s)
=== RUN   TestCases
=== RUN   TestCases/forecast
2025-02-19T20:37:20Z I! Loading config: testcases/forecast/telegraf.conf
=== RUN   TestCases/rain_batch
2025-02-19T20:37:20Z I! Loading config: testcases/rain_batch/telegraf.conf
=== RUN   TestCases/snow_batch
2025-02-19T20:37:20Z I! Loading config: testcases/snow_batch/telegraf.conf
=== RUN   TestCases/weather
2025-02-19T20:37:20Z I! Loading config: testcases/weather/telegraf.conf
=== RUN   TestCases/weather_batch
2025-02-19T20:37:20Z I! Loading config: testcases/weather_batch/telegraf.conf
=== RUN   TestCases/weather_single
2025-02-19T20:37:20Z I! Loading config: testcases/weather_single/telegraf.conf
--- PASS: TestCases (0.02s)
    --- PASS: TestCases/forecast (0.01s)
    --- PASS: TestCases/rain_batch (0.00s)
    --- PASS: TestCases/snow_batch (0.00s)
    --- PASS: TestCases/weather (0.00s)
    --- PASS: TestCases/weather_batch (0.00s)
    --- PASS: TestCases/weather_single (0.00s)
PASS
ok  	github.com/influxdata/telegraf/plugins/inputs/openweathermap	0.966s
=== RUN   TestInitDefault
2025/02/19 21:37:20 D! [] Using default Endpoint: 127.0.0.1:9559
--- PASS: TestInitDefault (0.00s)
=== RUN   TestErrorGetP4Info
--- PASS: TestErrorGetP4Info (0.00s)
=== RUN   TestOneCounterRead
--- PASS: TestOneCounterRead (0.00s)
=== RUN   TestMultipleEntitiesSingleCounterRead
Running TestMultipleEntitiesSingleCounterRead with  2 totalNumOfCounters
Running TestMultipleEntitiesSingleCounterRead with  10 totalNumOfCounters
Running TestMultipleEntitiesSingleCounterRead with  100 totalNumOfCounters
--- PASS: TestMultipleEntitiesSingleCounterRead (0.00s)
=== RUN   TestSingleEntitiesMultipleCounterRead
Running TestSingleEntitiesMultipleCounterRead with  2 totalNumOfCounters
Running TestSingleEntitiesMultipleCounterRead with  10 totalNumOfCounters
Running TestSingleEntitiesMultipleCounterRead with  100 totalNumOfCounters
--- PASS: TestSingleEntitiesMultipleCounterRead (0.02s)
=== RUN   TestNoCountersAvailable
2025/02/19 21:37:20 W! [] No counters available in P4 Program!
--- PASS: TestNoCountersAvailable (0.00s)
=== RUN   TestFilterCounters
2025/02/19 21:37:20 W! [] No filtered counters available in P4 Program!
--- PASS: TestFilterCounters (0.00s)
=== RUN   TestFailReadCounterEntryFromEntry
--- PASS: TestFailReadCounterEntryFromEntry (0.00s)
=== RUN   TestFailReadAllEntries
--- PASS: TestFailReadAllEntries (0.00s)
=== RUN   TestFilterCounterNamesInclude
--- PASS: TestFilterCounterNamesInclude (0.00s)
PASS
ok  	github.com/influxdata/telegraf/plugins/inputs/p4runtime	1.451s
=== RUN   Test_Invalid_Passenger_Status_Cli
--- PASS: Test_Invalid_Passenger_Status_Cli (0.00s)
=== RUN   Test_Invalid_Xml
--- PASS: Test_Invalid_Xml (1.39s)
=== RUN   Test_Default_Config_Load_Default_Command
--- PASS: Test_Default_Config_Load_Default_Command (0.00s)
=== RUN   TestPassengerGenerateMetric
--- PASS: TestPassengerGenerateMetric (1.36s)
PASS
ok  	github.com/influxdata/telegraf/plugins/inputs/passenger	3.907s
=== RUN   TestPfctlInvocation
=== RUN   TestPfctlInvocation/0
2025/02/19 21:37:20 running #0
=== RUN   TestPfctlInvocation/1
2025/02/19 21:37:20 running #1
--- PASS: TestPfctlInvocation (0.00s)
    --- PASS: TestPfctlInvocation/0 (0.00s)
    --- PASS: TestPfctlInvocation/1 (0.00s)
=== RUN   TestPfMeasurements
=== RUN   TestPfMeasurements/0
2025/02/19 21:37:20 running #0
=== RUN   TestPfMeasurements/1
2025/02/19 21:37:20 running #1
=== RUN   TestPfMeasurements/2
2025/02/19 21:37:20 running #2
=== RUN   TestPfMeasurements/3
2025/02/19 21:37:20 running #3
=== RUN   TestPfMeasurements/4
2025/02/19 21:37:20 running #4
--- PASS: TestPfMeasurements (0.00s)
    --- PASS: TestPfMeasurements/0 (0.00s)
    --- PASS: TestPfMeasurements/1 (0.00s)
    --- PASS: TestPfMeasurements/2 (0.00s)
    --- PASS: TestPfMeasurements/3 (0.00s)
    --- PASS: TestPfMeasurements/4 (0.00s)
PASS
ok  	github.com/influxdata/telegraf/plugins/inputs/pf	1.604s
=== RUN   TestPgBouncerGeneratesMetricsIntegration
--- FAIL: TestPgBouncerGeneratesMetricsIntegration (0.00s)
panic: check host "unix:///var/run/docker.sock": docker info: Cannot connect to the Docker daemon at unix:///var/run/docker.sock. Is the docker daemon running?
	check host "unix:///Users/frederikmoschner/.docker/run/docker.sock": docker info: Cannot connect to the Docker daemon at unix:///Users/frederikmoschner/.docker/run/docker.sock. Is the docker daemon running? [recovered]
	panic: check host "unix:///var/run/docker.sock": docker info: Cannot connect to the Docker daemon at unix:///var/run/docker.sock. Is the docker daemon running?
	check host "unix:///Users/frederikmoschner/.docker/run/docker.sock": docker info: Cannot connect to the Docker daemon at unix:///Users/frederikmoschner/.docker/run/docker.sock. Is the docker daemon running?

goroutine 5 [running]:
testing.tRunner.func1.2({0x10504e1e0, 0x140001222a0})
	/opt/homebrew/Cellar/go/1.24.0/libexec/src/testing/testing.go:1734 +0x1ac
testing.tRunner.func1()
	/opt/homebrew/Cellar/go/1.24.0/libexec/src/testing/testing.go:1737 +0x334
panic({0x10504e1e0?, 0x140001222a0?})
	/opt/homebrew/Cellar/go/1.24.0/libexec/src/runtime/panic.go:787 +0x124
github.com/testcontainers/testcontainers-go/internal/core.MustExtractDockerHost.func1()
	/Users/frederikmoschner/go/pkg/mod/github.com/testcontainers/testcontainers-go@v0.34.0/internal/core/docker_host.go:91 +0x70
sync.(*Once).doSlow(0x0?, 0x2540be400?)
	/opt/homebrew/Cellar/go/1.24.0/libexec/src/sync/once.go:78 +0xf0
sync.(*Once).Do(...)
	/opt/homebrew/Cellar/go/1.24.0/libexec/src/sync/once.go:69
github.com/testcontainers/testcontainers-go/internal/core.MustExtractDockerHost({0x10516e4d8?, 0x105696de0?})
	/Users/frederikmoschner/go/pkg/mod/github.com/testcontainers/testcontainers-go@v0.34.0/internal/core/docker_host.go:88 +0x54
github.com/testcontainers/testcontainers-go/internal/core.NewClient({0x10516e4d8, 0x105696de0}, {0x0, 0x0, 0x1?})
	/Users/frederikmoschner/go/pkg/mod/github.com/testcontainers/testcontainers-go@v0.34.0/internal/core/client.go:17 +0x9c
github.com/testcontainers/testcontainers-go.NewDockerClientWithOpts({0x10516e4d8, 0x105696de0}, {0x0, 0x0, 0x0})
	/Users/frederikmoschner/go/pkg/mod/github.com/testcontainers/testcontainers-go@v0.34.0/docker_client.go:117 +0x4c
github.com/testcontainers/testcontainers-go.NewDockerProvider({0x14000392960, 0x2, 0x104e1b4d8?})
	/Users/frederikmoschner/go/pkg/mod/github.com/testcontainers/testcontainers-go@v0.34.0/provider.go:143 +0xf0
github.com/testcontainers/testcontainers-go.ProviderType.GetProvider(0x0, {0x140000db148, 0x1, 0x0?})
	/Users/frederikmoschner/go/pkg/mod/github.com/testcontainers/testcontainers-go@v0.34.0/provider.go:114 +0x380
github.com/testcontainers/testcontainers-go.GenericContainer({_, _}, {{{{0x0, 0x0}, {0x0, 0x0}, {0x0, 0x0}, {0x0, 0x0}, ...}, ...}, ...})
	/Users/frederikmoschner/go/pkg/mod/github.com/testcontainers/testcontainers-go@v0.34.0/generic.go:59 +0xf0
github.com/influxdata/telegraf/testutil.(*Container).Start(0x1400037e120)
	/Users/frederikmoschner/Documents/plugin_erweiterung/telegraf/testutil/container.go:76 +0x2d8
github.com/influxdata/telegraf/plugins/inputs/pgbouncer.TestPgBouncerGeneratesMetricsIntegration(0x14000584380)
	/Users/frederikmoschner/Documents/plugin_erweiterung/telegraf/plugins/inputs/pgbouncer/pgbouncer_test.go:32 +0x1f4
testing.tRunner(0x14000584380, 0x10515f9c0)
	/opt/homebrew/Cellar/go/1.24.0/libexec/src/testing/testing.go:1792 +0xe4
created by testing.(*T).Run in goroutine 1
	/opt/homebrew/Cellar/go/1.24.0/libexec/src/testing/testing.go:1851 +0x374
FAIL	github.com/influxdata/telegraf/plugins/inputs/pgbouncer	1.594s
=== RUN   TestSize
--- PASS: TestSize (0.00s)
=== RUN   TestStreams
--- PASS: TestStreams (0.00s)
=== RUN   TestGetValues
--- PASS: TestGetValues (0.00s)
=== RUN   TestChildServeCleansUp
--- PASS: TestChildServeCleansUp (0.00s)
=== RUN   TestMalformedParams
--- PASS: TestMalformedParams (0.00s)
=== RUN   TestPhpFpmGeneratesMetrics_From_Http
--- PASS: TestPhpFpmGeneratesMetrics_From_Http (0.00s)
=== RUN   TestPhpFpmGeneratesJSONMetrics_From_Http
--- PASS: TestPhpFpmGeneratesJSONMetrics_From_Http (0.00s)
=== RUN   TestPhpFpmGeneratesMetrics_From_Fcgi
--- PASS: TestPhpFpmGeneratesMetrics_From_Fcgi (0.00s)
=== RUN   TestPhpFpmTimeout_From_Fcgi
--- PASS: TestPhpFpmTimeout_From_Fcgi (0.20s)
=== RUN   TestPhpFpmCrashWithTimeout_From_Fcgi
--- PASS: TestPhpFpmCrashWithTimeout_From_Fcgi (0.00s)
=== RUN   TestPhpFpmGeneratesMetrics_From_Socket
--- PASS: TestPhpFpmGeneratesMetrics_From_Socket (0.01s)
=== RUN   TestPhpFpmGeneratesMetrics_From_Multiple_Sockets_With_Glob
--- PASS: TestPhpFpmGeneratesMetrics_From_Multiple_Sockets_With_Glob (0.00s)
=== RUN   TestPhpFpmGeneratesMetrics_From_Socket_Custom_Status_Path
--- PASS: TestPhpFpmGeneratesMetrics_From_Socket_Custom_Status_Path (0.00s)
=== RUN   TestPhpFpmDefaultGetFromLocalhost
--- PASS: TestPhpFpmDefaultGetFromLocalhost (0.06s)
=== RUN   TestPhpFpmGeneratesMetrics_Throw_Error_When_Fpm_Status_Is_Not_Responding
--- PASS: TestPhpFpmGeneratesMetrics_Throw_Error_When_Fpm_Status_Is_Not_Responding (0.07s)
=== RUN   TestPhpFpmGeneratesMetrics_Throw_Error_When_Socket_Path_Is_Invalid
--- PASS: TestPhpFpmGeneratesMetrics_Throw_Error_When_Socket_Path_Is_Invalid (0.00s)
=== RUN   TestPhpFpmParseJSON_Log_Error_Without_Panic_When_When_JSON_Is_Invalid
2025-02-19T20:37:21Z E! [inputs.phpfpm] Unable to decode JSON response: invalid character 'X' looking for beginning of value
--- PASS: TestPhpFpmParseJSON_Log_Error_Without_Panic_When_When_JSON_Is_Invalid (0.00s)
=== RUN   TestGatherDespiteUnavailable
--- PASS: TestGatherDespiteUnavailable (0.00s)
PASS
ok  	github.com/influxdata/telegraf/plugins/inputs/phpfpm	2.085s
=== RUN   TestProcessPingOutput
--- PASS: TestProcessPingOutput (0.00s)
=== RUN   TestProcessPingOutputWithVaryingTTL
--- PASS: TestProcessPingOutputWithVaryingTTL (0.00s)
=== RUN   TestErrorProcessPingOutput
--- PASS: TestErrorProcessPingOutput (0.00s)
=== RUN   TestArgs
--- PASS: TestArgs (0.00s)
=== RUN   TestArgs6
--- PASS: TestArgs6 (0.00s)
=== RUN   TestArguments
--- PASS: TestArguments (0.00s)
=== RUN   TestPingGather
--- PASS: TestPingGather (0.00s)
=== RUN   TestPingGatherIntegration
--- PASS: TestPingGatherIntegration (0.05s)
=== RUN   TestLossyPingGather
--- PASS: TestLossyPingGather (0.00s)
=== RUN   TestBadPingGather
--- PASS: TestBadPingGather (0.00s)
=== RUN   TestFatalPingGather
--- PASS: TestFatalPingGather (0.00s)
=== RUN   TestErrorWithHostNamePingGather
--- PASS: TestErrorWithHostNamePingGather (0.00s)
=== RUN   TestPingBinary
--- PASS: TestPingBinary (0.00s)
=== RUN   TestPingGatherNative
--- PASS: TestPingGatherNative (0.00s)
=== RUN   TestNoPacketsSent
2025/02/19 21:37:21 D! [] no packets sent
--- PASS: TestNoPacketsSent (0.00s)
=== RUN   TestDNSLookupError
2025/02/19 21:37:21 E! [] ping failed: unknown
--- PASS: TestDNSLookupError (0.00s)
PASS
ok  	github.com/influxdata/telegraf/plugins/inputs/ping	1.979s
=== RUN   TestGather
--- PASS: TestGather (0.00s)
PASS
ok  	github.com/influxdata/telegraf/plugins/inputs/postfix	2.035s
=== RUN   TestPostgresqlGeneratesMetricsIntegration
--- FAIL: TestPostgresqlGeneratesMetricsIntegration (0.00s)
panic: check host "unix:///var/run/docker.sock": docker info: Cannot connect to the Docker daemon at unix:///var/run/docker.sock. Is the docker daemon running?
	check host "unix:///Users/frederikmoschner/.docker/run/docker.sock": docker info: Cannot connect to the Docker daemon at unix:///Users/frederikmoschner/.docker/run/docker.sock. Is the docker daemon running? [recovered]
	panic: check host "unix:///var/run/docker.sock": docker info: Cannot connect to the Docker daemon at unix:///var/run/docker.sock. Is the docker daemon running?
	check host "unix:///Users/frederikmoschner/.docker/run/docker.sock": docker info: Cannot connect to the Docker daemon at unix:///Users/frederikmoschner/.docker/run/docker.sock. Is the docker daemon running?

goroutine 37 [running]:
testing.tRunner.func1.2({0x1035b6220, 0x140001de420})
	/opt/homebrew/Cellar/go/1.24.0/libexec/src/testing/testing.go:1734 +0x1ac
testing.tRunner.func1()
	/opt/homebrew/Cellar/go/1.24.0/libexec/src/testing/testing.go:1737 +0x334
panic({0x1035b6220?, 0x140001de420?})
	/opt/homebrew/Cellar/go/1.24.0/libexec/src/runtime/panic.go:787 +0x124
github.com/testcontainers/testcontainers-go/internal/core.MustExtractDockerHost.func1()
	/Users/frederikmoschner/go/pkg/mod/github.com/testcontainers/testcontainers-go@v0.34.0/internal/core/docker_host.go:91 +0x70
sync.(*Once).doSlow(0x0?, 0x2540be400?)
	/opt/homebrew/Cellar/go/1.24.0/libexec/src/sync/once.go:78 +0xf0
sync.(*Once).Do(...)
	/opt/homebrew/Cellar/go/1.24.0/libexec/src/sync/once.go:69
github.com/testcontainers/testcontainers-go/internal/core.MustExtractDockerHost({0x1036d6558?, 0x103c02fa0?})
	/Users/frederikmoschner/go/pkg/mod/github.com/testcontainers/testcontainers-go@v0.34.0/internal/core/docker_host.go:88 +0x54
github.com/testcontainers/testcontainers-go/internal/core.NewClient({0x1036d6558, 0x103c02fa0}, {0x0, 0x0, 0x65736c6166053a08?})
	/Users/frederikmoschner/go/pkg/mod/github.com/testcontainers/testcontainers-go@v0.34.0/internal/core/client.go:17 +0x9c
github.com/testcontainers/testcontainers-go.NewDockerClientWithOpts({0x1036d6558, 0x103c02fa0}, {0x0, 0x0, 0x0})
	/Users/frederikmoschner/go/pkg/mod/github.com/testcontainers/testcontainers-go@v0.34.0/docker_client.go:117 +0x4c
github.com/testcontainers/testcontainers-go.NewDockerProvider({0x1400031c960, 0x2, 0x103382f4b?})
	/Users/frederikmoschner/go/pkg/mod/github.com/testcontainers/testcontainers-go@v0.34.0/provider.go:143 +0xf0
github.com/testcontainers/testcontainers-go.ProviderType.GetProvider(0x0, {0x14000184f98, 0x1, 0x0?})
	/Users/frederikmoschner/go/pkg/mod/github.com/testcontainers/testcontainers-go@v0.34.0/provider.go:114 +0x380
github.com/testcontainers/testcontainers-go.GenericContainer({_, _}, {{{{0x0, 0x0}, {0x0, 0x0}, {0x0, 0x0}, {0x0, 0x0}, ...}, ...}, ...})
	/Users/frederikmoschner/go/pkg/mod/github.com/testcontainers/testcontainers-go@v0.34.0/generic.go:59 +0xf0
github.com/influxdata/telegraf/testutil.(*Container).Start(0x14000306120)
	/Users/frederikmoschner/Documents/plugin_erweiterung/telegraf/testutil/container.go:76 +0x2d8
github.com/influxdata/telegraf/plugins/inputs/postgresql.launchTestContainer(0x14000102e00)
	/Users/frederikmoschner/Documents/plugin_erweiterung/telegraf/plugins/inputs/postgresql/postgresql_test.go:33 +0x25c
github.com/influxdata/telegraf/plugins/inputs/postgresql.TestPostgresqlGeneratesMetricsIntegration(0x14000102e00)
	/Users/frederikmoschner/Documents/plugin_erweiterung/telegraf/plugins/inputs/postgresql/postgresql_test.go:44 +0x90
testing.tRunner(0x14000102e00, 0x1036c7a00)
	/opt/homebrew/Cellar/go/1.24.0/libexec/src/testing/testing.go:1792 +0xe4
created by testing.(*T).Run in goroutine 1
	/opt/homebrew/Cellar/go/1.24.0/libexec/src/testing/testing.go:1851 +0x374
FAIL	github.com/influxdata/telegraf/plugins/inputs/postgresql	1.580s
=== RUN   TestPostgresqlGeneratesMetricsIntegration
--- FAIL: TestPostgresqlGeneratesMetricsIntegration (0.00s)
panic: check host "unix:///var/run/docker.sock": docker info: Cannot connect to the Docker daemon at unix:///var/run/docker.sock. Is the docker daemon running?
	check host "unix:///Users/frederikmoschner/.docker/run/docker.sock": docker info: Cannot connect to the Docker daemon at unix:///Users/frederikmoschner/.docker/run/docker.sock. Is the docker daemon running? [recovered]
	panic: check host "unix:///var/run/docker.sock": docker info: Cannot connect to the Docker daemon at unix:///var/run/docker.sock. Is the docker daemon running?
	check host "unix:///Users/frederikmoschner/.docker/run/docker.sock": docker info: Cannot connect to the Docker daemon at unix:///Users/frederikmoschner/.docker/run/docker.sock. Is the docker daemon running?

goroutine 7 [running]:
testing.tRunner.func1.2({0x1017d2ac0, 0x140001d40d8})
	/opt/homebrew/Cellar/go/1.24.0/libexec/src/testing/testing.go:1734 +0x1ac
testing.tRunner.func1()
	/opt/homebrew/Cellar/go/1.24.0/libexec/src/testing/testing.go:1737 +0x334
panic({0x1017d2ac0?, 0x140001d40d8?})
	/opt/homebrew/Cellar/go/1.24.0/libexec/src/runtime/panic.go:787 +0x124
github.com/testcontainers/testcontainers-go/internal/core.MustExtractDockerHost.func1()
	/Users/frederikmoschner/go/pkg/mod/github.com/testcontainers/testcontainers-go@v0.34.0/internal/core/docker_host.go:91 +0x70
sync.(*Once).doSlow(0x14000040000?, 0x2540be400?)
	/opt/homebrew/Cellar/go/1.24.0/libexec/src/sync/once.go:78 +0xf0
sync.(*Once).Do(...)
	/opt/homebrew/Cellar/go/1.24.0/libexec/src/sync/once.go:69
github.com/testcontainers/testcontainers-go/internal/core.MustExtractDockerHost({0x1018f38e8?, 0x101e230a0?})
	/Users/frederikmoschner/go/pkg/mod/github.com/testcontainers/testcontainers-go@v0.34.0/internal/core/docker_host.go:88 +0x54
github.com/testcontainers/testcontainers-go/internal/core.NewClient({0x1018f38e8, 0x101e230a0}, {0x0, 0x0, 0x1278696665725073?})
	/Users/frederikmoschner/go/pkg/mod/github.com/testcontainers/testcontainers-go@v0.34.0/internal/core/client.go:17 +0x9c
github.com/testcontainers/testcontainers-go.NewDockerClientWithOpts({0x1018f38e8, 0x101e230a0}, {0x0, 0x0, 0x0})
	/Users/frederikmoschner/go/pkg/mod/github.com/testcontainers/testcontainers-go@v0.34.0/docker_client.go:117 +0x4c
github.com/testcontainers/testcontainers-go.NewDockerProvider({0x14000315c20, 0x2, 0x10159e742?})
	/Users/frederikmoschner/go/pkg/mod/github.com/testcontainers/testcontainers-go@v0.34.0/provider.go:143 +0xf0
github.com/testcontainers/testcontainers-go.ProviderType.GetProvider(0x0, {0x14000185068, 0x1, 0x0?})
	/Users/frederikmoschner/go/pkg/mod/github.com/testcontainers/testcontainers-go@v0.34.0/provider.go:114 +0x380
github.com/testcontainers/testcontainers-go.GenericContainer({_, _}, {{{{0x0, 0x0}, {0x0, 0x0}, {0x0, 0x0}, {0x0, 0x0}, ...}, ...}, ...})
	/Users/frederikmoschner/go/pkg/mod/github.com/testcontainers/testcontainers-go@v0.34.0/generic.go:59 +0xf0
github.com/influxdata/telegraf/testutil.(*Container).Start(0x140002fed80)
	/Users/frederikmoschner/Documents/plugin_erweiterung/telegraf/testutil/container.go:76 +0x2d8
github.com/influxdata/telegraf/plugins/inputs/postgresql_extensible.queryRunner(0x14000310700, {0x140002af580, 0x1, 0x1})
	/Users/frederikmoschner/Documents/plugin_erweiterung/telegraf/plugins/inputs/postgresql_extensible/postgresql_extensible_test.go:32 +0x278
github.com/influxdata/telegraf/plugins/inputs/postgresql_extensible.TestPostgresqlGeneratesMetricsIntegration(0x14000310700)
	/Users/frederikmoschner/Documents/plugin_erweiterung/telegraf/plugins/inputs/postgresql_extensible/postgresql_extensible_test.go:65 +0xb8
testing.tRunner(0x14000310700, 0x1018e4cd0)
	/opt/homebrew/Cellar/go/1.24.0/libexec/src/testing/testing.go:1792 +0xe4
created by testing.(*T).Run in goroutine 1
	/opt/homebrew/Cellar/go/1.24.0/libexec/src/testing/testing.go:1851 +0x374
FAIL	github.com/influxdata/telegraf/plugins/inputs/postgresql_extensible	1.540s
=== RUN   TestPowerdnsParseMetrics
--- PASS: TestPowerdnsParseMetrics (0.00s)
=== RUN   TestPowerdnsParseCorruptMetrics
--- PASS: TestPowerdnsParseCorruptMetrics (0.00s)
=== RUN   TestPowerdnsParseIntOverflowMetrics
2025/02/19 21:37:22 E! [] error parsing integer for metric "corrupt-packets=18446744073709550195": strconv.ParseInt: parsing "18446744073709550195": value out of range
--- PASS: TestPowerdnsParseIntOverflowMetrics (0.00s)
PASS
ok  	github.com/influxdata/telegraf/plugins/inputs/powerdns	1.538s
=== RUN   TestV1PowerdnsRecursorGeneratesMetrics
    powerdns_recursor_test.go:101: Skipping on windows and darwin, as unixgram sockets are not supported
--- SKIP: TestV1PowerdnsRecursorGeneratesMetrics (0.00s)
=== RUN   TestV2PowerdnsRecursorGeneratesMetrics
    powerdns_recursor_test.go:156: Skipping on windows and darwin, as unixgram sockets are not supported
--- SKIP: TestV2PowerdnsRecursorGeneratesMetrics (0.00s)
=== RUN   TestV3PowerdnsRecursorGeneratesMetrics
    powerdns_recursor_test.go:220: Skipping on windows and darwin, as unixgram sockets are not supported
--- SKIP: TestV3PowerdnsRecursorGeneratesMetrics (0.00s)
=== RUN   TestPowerdnsRecursorParseMetrics
--- PASS: TestPowerdnsRecursorParseMetrics (0.00s)
=== RUN   TestPowerdnsRecursorParseCorruptMetrics
--- PASS: TestPowerdnsRecursorParseCorruptMetrics (0.00s)
=== RUN   TestPowerdnsRecursorParseIntOverflowMetrics
--- PASS: TestPowerdnsRecursorParseIntOverflowMetrics (0.00s)
PASS
ok  	github.com/influxdata/telegraf/plugins/inputs/powerdns_recursor	1.620s
=== RUN   TestProcesses
--- PASS: TestProcesses (0.00s)
=== RUN   TestFromPS
--- PASS: TestFromPS (0.00s)
=== RUN   TestFromPSError
--- PASS: TestFromPSError (0.00s)
=== RUN   TestFromProcFiles
    processes_test.go:74: This test only runs on linux
--- SKIP: TestFromProcFiles (0.00s)
=== RUN   TestFromProcFilesWithSpaceInCmd
    processes_test.go:96: This test only runs on linux
--- SKIP: TestFromProcFilesWithSpaceInCmd (0.00s)
=== RUN   TestParkedProcess
    processes_test.go:125: Parked process test only relevant on linux
--- SKIP: TestParkedProcess (0.00s)
PASS
ok  	github.com/influxdata/telegraf/plugins/inputs/processes	1.497s
=== RUN   TestChildPattern
    native_finder_test.go:32: Skipping test on unsupported platform
--- SKIP: TestChildPattern (0.00s)
=== RUN   TestGather_RealPatternIntegration
--- PASS: TestGather_RealPatternIntegration (0.02s)
=== RUN   TestGather_RealFullPatternIntegration
    native_finder_test.go:79: Skipping integration test on Non-Windows OS
--- SKIP: TestGather_RealFullPatternIntegration (0.00s)
=== RUN   TestGather_RealUserIntegration
--- PASS: TestGather_RealUserIntegration (0.03s)
=== RUN   TestMockExecCommand
--- PASS: TestMockExecCommand (0.00s)
=== RUN   TestInitInvalidFinder
--- PASS: TestInitInvalidFinder (0.00s)
=== RUN   TestInitRequiresChildDarwin
--- PASS: TestInitRequiresChildDarwin (0.00s)
=== RUN   TestInitMissingPidMethod
--- PASS: TestInitMissingPidMethod (0.00s)
=== RUN   TestGather_CreateProcessErrorOk
2025/02/19 21:37:23 W! [] running in test mode
--- PASS: TestGather_CreateProcessErrorOk (0.00s)
=== RUN   TestGather_ProcessName
2025/02/19 21:37:23 W! [] running in test mode
--- PASS: TestGather_ProcessName (0.00s)
=== RUN   TestGather_NoProcessNameUsesReal
2025/02/19 21:37:23 W! [] running in test mode
--- PASS: TestGather_NoProcessNameUsesReal (0.00s)
=== RUN   TestGather_NoPidTag
2025/02/19 21:37:23 W! [] running in test mode
--- PASS: TestGather_NoPidTag (0.00s)
=== RUN   TestGather_PidTag
2025/02/19 21:37:23 W! [] running in test mode
--- PASS: TestGather_PidTag (0.00s)
=== RUN   TestGather_Prefix
2025/02/19 21:37:23 W! [] running in test mode
--- PASS: TestGather_Prefix (0.00s)
=== RUN   TestGather_Exe
2025/02/19 21:37:23 W! [] running in test mode
--- PASS: TestGather_Exe (0.00s)
=== RUN   TestGather_User
2025/02/19 21:37:23 W! [] running in test mode
--- PASS: TestGather_User (0.00s)
=== RUN   TestGather_Pattern
2025/02/19 21:37:23 W! [] running in test mode
--- PASS: TestGather_Pattern (0.00s)
=== RUN   TestGather_PidFile
2025/02/19 21:37:23 W! [] running in test mode
--- PASS: TestGather_PidFile (0.00s)
=== RUN   TestGather_PercentFirstPass
2025/02/19 21:37:23 W! [] running in test mode
--- PASS: TestGather_PercentFirstPass (0.02s)
=== RUN   TestGather_PercentSecondPass
2025/02/19 21:37:23 W! [] running in test mode
--- PASS: TestGather_PercentSecondPass (0.01s)
=== RUN   TestGather_systemdUnitPIDs
2025/02/19 21:37:23 W! [] running in test mode
--- PASS: TestGather_systemdUnitPIDs (0.07s)
=== RUN   TestGather_cgroupPIDs
2025/02/19 21:37:23 W! [] running in test mode
--- PASS: TestGather_cgroupPIDs (0.00s)
=== RUN   TestProcstatLookupMetric
2025/02/19 21:37:23 W! [] running in test mode
--- PASS: TestProcstatLookupMetric (0.00s)
=== RUN   TestGather_SameTimestamps
2025/02/19 21:37:23 W! [] running in test mode
--- PASS: TestGather_SameTimestamps (0.00s)
=== RUN   TestGather_supervisorUnitPIDs
2025/02/19 21:37:23 W! [] running in test mode
--- PASS: TestGather_supervisorUnitPIDs (0.02s)
=== RUN   TestGather_MoresupervisorUnitPIDs
2025/02/19 21:37:23 W! [] running in test mode
--- PASS: TestGather_MoresupervisorUnitPIDs (0.02s)
PASS
ok  	github.com/influxdata/telegraf/plugins/inputs/procstat	1.370s
=== RUN   TestScrapeURLNoAnnotations
--- PASS: TestScrapeURLNoAnnotations (0.00s)
=== RUN   TestScrapeURLNoAnnotationsScrapeConfig
--- PASS: TestScrapeURLNoAnnotationsScrapeConfig (0.00s)
=== RUN   TestScrapeURLScrapeConfigCustom
--- PASS: TestScrapeURLScrapeConfigCustom (0.00s)
=== RUN   TestScrapeURLAnnotations
--- PASS: TestScrapeURLAnnotations (0.00s)
=== RUN   TestScrapeURLAnnotationsScrapeConfig
--- PASS: TestScrapeURLAnnotationsScrapeConfig (0.00s)
=== RUN   TestScrapeURLAnnotationsCustomPort
--- PASS: TestScrapeURLAnnotationsCustomPort (0.00s)
=== RUN   TestScrapeURLAnnotationsCustomPortScrapeConfig
--- PASS: TestScrapeURLAnnotationsCustomPortScrapeConfig (0.00s)
=== RUN   TestScrapeURLAnnotationsCustomPath
--- PASS: TestScrapeURLAnnotationsCustomPath (0.00s)
=== RUN   TestScrapeURLAnnotationsCustomPathWithSep
--- PASS: TestScrapeURLAnnotationsCustomPathWithSep (0.00s)
=== RUN   TestScrapeURLAnnotationsCustomPathWithQueryParameters
--- PASS: TestScrapeURLAnnotationsCustomPathWithQueryParameters (0.00s)
=== RUN   TestScrapeURLAnnotationsCustomPathWithFragment
--- PASS: TestScrapeURLAnnotationsCustomPathWithFragment (0.00s)
=== RUN   TestAddPod
--- PASS: TestAddPod (0.00s)
=== RUN   TestAddPodScrapeConfig
--- PASS: TestAddPodScrapeConfig (0.00s)
=== RUN   TestAddMultipleDuplicatePods
--- PASS: TestAddMultipleDuplicatePods (0.00s)
=== RUN   TestAddMultiplePods
--- PASS: TestAddMultiplePods (0.00s)
=== RUN   TestDeletePods
--- PASS: TestDeletePods (0.00s)
=== RUN   TestKeepDefaultNamespaceLabelName
--- PASS: TestKeepDefaultNamespaceLabelName (0.00s)
=== RUN   TestChangeNamespaceLabelName
--- PASS: TestChangeNamespaceLabelName (0.00s)
=== RUN   TestPodHasMatchingNamespace
--- PASS: TestPodHasMatchingNamespace (0.00s)
=== RUN   TestPodHasMatchingLabelSelector
--- PASS: TestPodHasMatchingLabelSelector (0.00s)
=== RUN   TestPodHasMatchingFieldSelector
--- PASS: TestPodHasMatchingFieldSelector (0.00s)
=== RUN   TestInvalidFieldSelector
--- PASS: TestInvalidFieldSelector (0.00s)
=== RUN   TestAnnotationFilters
=== RUN   TestAnnotationFilters/Just_include
=== RUN   TestAnnotationFilters/Just_exclude
=== RUN   TestAnnotationFilters/Include_&_exclude
--- PASS: TestAnnotationFilters (0.00s)
    --- PASS: TestAnnotationFilters/Just_include (0.00s)
    --- PASS: TestAnnotationFilters/Just_exclude (0.00s)
    --- PASS: TestAnnotationFilters/Include_&_exclude (0.00s)
=== RUN   TestLabelFilters
=== RUN   TestLabelFilters/Just_include
=== RUN   TestLabelFilters/Just_exclude
=== RUN   TestLabelFilters/Include_&_exclude
--- PASS: TestLabelFilters (0.00s)
    --- PASS: TestLabelFilters/Just_include (0.00s)
    --- PASS: TestLabelFilters/Just_exclude (0.00s)
    --- PASS: TestLabelFilters/Include_&_exclude (0.00s)
=== RUN   TestPrometheusGeneratesMetrics
--- PASS: TestPrometheusGeneratesMetrics (0.00s)
=== RUN   TestPrometheusCustomHeader
--- PASS: TestPrometheusCustomHeader (0.00s)
=== RUN   TestPrometheusGeneratesMetricsWithHostNameTag
--- PASS: TestPrometheusGeneratesMetricsWithHostNameTag (0.00s)
=== RUN   TestPrometheusWithTimestamp
--- PASS: TestPrometheusWithTimestamp (0.00s)
=== RUN   TestPrometheusGeneratesMetricsAlthoughFirstDNSFailsIntegration
2025-02-19T20:37:30Z E! [] Could not resolve "random.telegraf.local:88", skipping it. Error: lookup random.telegraf.local: no such host
--- PASS: TestPrometheusGeneratesMetricsAlthoughFirstDNSFailsIntegration (5.06s)
=== RUN   TestPrometheusGeneratesMetricsSlowEndpoint
--- PASS: TestPrometheusGeneratesMetricsSlowEndpoint (4.00s)
=== RUN   TestPrometheusGeneratesMetricsSlowEndpointHitTheTimeout
--- PASS: TestPrometheusGeneratesMetricsSlowEndpointHitTheTimeout (6.00s)
=== RUN   TestPrometheusGeneratesMetricsSlowEndpointNewConfigParameter
--- PASS: TestPrometheusGeneratesMetricsSlowEndpointNewConfigParameter (4.00s)
=== RUN   TestPrometheusGeneratesMetricsSlowEndpointHitTheTimeoutNewConfigParameter
--- PASS: TestPrometheusGeneratesMetricsSlowEndpointHitTheTimeoutNewConfigParameter (6.00s)
=== RUN   TestPrometheusContentLengthLimit
2025-02-19T20:37:50Z I! [] skipping http://127.0.0.1:52339/metrics: content length exceeded maximum body size (1)
--- PASS: TestPrometheusContentLengthLimit (0.00s)
=== RUN   TestPrometheusGeneratesSummaryMetricsV2
--- PASS: TestPrometheusGeneratesSummaryMetricsV2 (0.00s)
=== RUN   TestSummaryMayContainNaN
--- PASS: TestSummaryMayContainNaN (0.00s)
=== RUN   TestPrometheusGeneratesGaugeMetricsV2
--- PASS: TestPrometheusGeneratesGaugeMetricsV2 (0.00s)
=== RUN   TestPrometheusGeneratesMetricsWithIgnoreTimestamp
--- PASS: TestPrometheusGeneratesMetricsWithIgnoreTimestamp (0.00s)
=== RUN   TestUnsupportedFieldSelector
--- PASS: TestUnsupportedFieldSelector (0.00s)
=== RUN   TestInitConfigErrors
=== RUN   TestInitConfigErrors/Both_invalid_IP_addresses
2025-02-19T20:37:50Z I! [] The config node_ip is empty or invalid. Using NODE_IP env var as default.
=== RUN   TestInitConfigErrors/Valid_IP_address
2025-02-19T20:37:50Z I! [] The config node_ip is empty or invalid. Using NODE_IP env var as default.
2025-02-19T20:37:50Z I! [] The config node_ip is empty or invalid. Using NODE_IP env var as default.
2025-02-19T20:37:50Z I! [] The config node_ip is empty or invalid. Using NODE_IP env var as default.
--- PASS: TestInitConfigErrors (0.00s)
    --- PASS: TestInitConfigErrors/Both_invalid_IP_addresses (0.00s)
    --- PASS: TestInitConfigErrors/Valid_IP_address (0.00s)
=== RUN   TestInitConfigSelectors
--- PASS: TestInitConfigSelectors (0.00s)
=== RUN   TestPrometheusInternalOk

--- PASS: TestPrometheusInternalOk (0.00s)
=== RUN   TestPrometheusInternalContentBadFormat
--- PASS: TestPrometheusInternalContentBadFormat (0.00s)
=== RUN   TestPrometheusInternalNoWeb

--- PASS: TestPrometheusInternalNoWeb (0.00s)
=== RUN   TestOpenmetricsText
--- PASS: TestOpenmetricsText (0.00s)
=== RUN   TestOpenmetricsProtobuf
--- PASS: TestOpenmetricsProtobuf (0.00s)
=== RUN   TestContentTypeOverride
--- PASS: TestContentTypeOverride (0.00s)
PASS
ok  	github.com/influxdata/telegraf/plugins/inputs/prometheus	26.429s
=== RUN   TestGetNodeSearchDomain
--- PASS: TestGetNodeSearchDomain (0.00s)
=== RUN   TestGatherLxcData
2025-02-19T20:37:26Z E! [] Error getting VM config: unexpected end of JSON input
--- PASS: TestGatherLxcData (0.00s)
=== RUN   TestGatherQemuData
--- PASS: TestGatherQemuData (0.00s)
=== RUN   TestGatherLxcDataWithID
2025-02-19T20:37:26Z E! [] Error getting VM config: unexpected end of JSON input
--- PASS: TestGatherLxcDataWithID (0.00s)
=== RUN   TestGatherQemuDataWithID
--- PASS: TestGatherQemuDataWithID (0.00s)
=== RUN   TestGather
2025-02-19T20:37:26Z E! [] Error getting VM config: unexpected end of JSON input
--- PASS: TestGather (0.00s)
PASS
ok  	github.com/influxdata/telegraf/plugins/inputs/proxmox	1.859s
=== RUN   TestGather
--- PASS: TestGather (0.00s)
PASS
ok  	github.com/influxdata/telegraf/plugins/inputs/puppetagent	0.495s
=== RUN   TestRabbitMQGeneratesMetricsSet1
--- PASS: TestRabbitMQGeneratesMetricsSet1 (0.03s)
=== RUN   TestRabbitMQGeneratesMetricsSet2
--- PASS: TestRabbitMQGeneratesMetricsSet2 (0.03s)
=== RUN   TestRabbitMQMetricFilerts
--- PASS: TestRabbitMQMetricFilerts (0.01s)
PASS
ok  	github.com/influxdata/telegraf/plugins/inputs/rabbitmq	2.461s
=== RUN   TestRadiusLocal
--- PASS: TestRadiusLocal (0.00s)
=== RUN   TestRadiusNASIP
--- PASS: TestRadiusNASIP (0.00s)
=== RUN   TestInvalidRequestIP
--- PASS: TestInvalidRequestIP (0.00s)
=== RUN   TestRadiusIntegration
--- FAIL: TestRadiusIntegration (0.00s)
panic: check host "unix:///var/run/docker.sock": docker info: Cannot connect to the Docker daemon at unix:///var/run/docker.sock. Is the docker daemon running?
	check host "unix:///Users/frederikmoschner/.docker/run/docker.sock": docker info: Cannot connect to the Docker daemon at unix:///Users/frederikmoschner/.docker/run/docker.sock. Is the docker daemon running? [recovered]
	panic: check host "unix:///var/run/docker.sock": docker info: Cannot connect to the Docker daemon at unix:///var/run/docker.sock. Is the docker daemon running?
	check host "unix:///Users/frederikmoschner/.docker/run/docker.sock": docker info: Cannot connect to the Docker daemon at unix:///Users/frederikmoschner/.docker/run/docker.sock. Is the docker daemon running?

goroutine 52 [running]:
testing.tRunner.func1.2({0x1053502c0, 0x1400000e300})
	/opt/homebrew/Cellar/go/1.24.0/libexec/src/testing/testing.go:1734 +0x1ac
testing.tRunner.func1()
	/opt/homebrew/Cellar/go/1.24.0/libexec/src/testing/testing.go:1737 +0x334
panic({0x1053502c0?, 0x1400000e300?})
	/opt/homebrew/Cellar/go/1.24.0/libexec/src/runtime/panic.go:787 +0x124
github.com/testcontainers/testcontainers-go/internal/core.MustExtractDockerHost.func1()
	/Users/frederikmoschner/go/pkg/mod/github.com/testcontainers/testcontainers-go@v0.34.0/internal/core/docker_host.go:91 +0x70
sync.(*Once).doSlow(0x0?, 0x2540be400?)
	/opt/homebrew/Cellar/go/1.24.0/libexec/src/sync/once.go:78 +0xf0
sync.(*Once).Do(...)
	/opt/homebrew/Cellar/go/1.24.0/libexec/src/sync/once.go:69
github.com/testcontainers/testcontainers-go/internal/core.MustExtractDockerHost({0x105480588?, 0x105a96c60?})
	/Users/frederikmoschner/go/pkg/mod/github.com/testcontainers/testcontainers-go@v0.34.0/internal/core/docker_host.go:88 +0x54
github.com/testcontainers/testcontainers-go/internal/core.NewClient({0x105480588, 0x105a96c60}, {0x0, 0x0, 0x617073656d614e61?})
	/Users/frederikmoschner/go/pkg/mod/github.com/testcontainers/testcontainers-go@v0.34.0/internal/core/client.go:17 +0x9c
github.com/testcontainers/testcontainers-go.NewDockerClientWithOpts({0x105480588, 0x105a96c60}, {0x0, 0x0, 0x0})
	/Users/frederikmoschner/go/pkg/mod/github.com/testcontainers/testcontainers-go@v0.34.0/docker_client.go:117 +0x4c
github.com/testcontainers/testcontainers-go.NewDockerProvider({0x14000126520, 0x2, 0x1050d0087?})
	/Users/frederikmoschner/go/pkg/mod/github.com/testcontainers/testcontainers-go@v0.34.0/provider.go:143 +0xf0
github.com/testcontainers/testcontainers-go.ProviderType.GetProvider(0x0, {0x140000bd138, 0x1, 0x0?})
	/Users/frederikmoschner/go/pkg/mod/github.com/testcontainers/testcontainers-go@v0.34.0/provider.go:114 +0x380
github.com/testcontainers/testcontainers-go.GenericContainer({_, _}, {{{{0x0, 0x0}, {0x0, 0x0}, {0x0, 0x0}, {0x0, 0x0}, ...}, ...}, ...})
	/Users/frederikmoschner/go/pkg/mod/github.com/testcontainers/testcontainers-go@v0.34.0/generic.go:59 +0xf0
github.com/influxdata/telegraf/testutil.(*Container).Start(0x14000306c60)
	/Users/frederikmoschner/Documents/plugin_erweiterung/telegraf/testutil/container.go:76 +0x2d8
github.com/influxdata/telegraf/plugins/inputs/radius.TestRadiusIntegration(0x14000503340)
	/Users/frederikmoschner/Documents/plugin_erweiterung/telegraf/plugins/inputs/radius/radius_test.go:193 +0x3f8
testing.tRunner(0x14000503340, 0x10546fd08)
	/opt/homebrew/Cellar/go/1.24.0/libexec/src/testing/testing.go:1792 +0xe4
created by testing.(*T).Run in goroutine 1
	/opt/homebrew/Cellar/go/1.24.0/libexec/src/testing/testing.go:1851 +0x374
FAIL	github.com/influxdata/telegraf/plugins/inputs/radius	2.119s
=== RUN   TestRaindropsTags
--- PASS: TestRaindropsTags (0.00s)
=== RUN   TestRaindropsGeneratesMetrics
--- PASS: TestRaindropsGeneratesMetrics (0.00s)
PASS
ok  	github.com/influxdata/telegraf/plugins/inputs/raindrops	1.557s
?   	github.com/influxdata/telegraf/plugins/inputs/ras	[no test files]
=== RUN   TestRavenDBGeneratesMetricsFull
--- PASS: TestRavenDBGeneratesMetricsFull (0.00s)
=== RUN   TestRavenDBGeneratesMetricsMin
--- PASS: TestRavenDBGeneratesMetricsMin (0.00s)
PASS
ok  	github.com/influxdata/telegraf/plugins/inputs/ravendb	0.766s
=== RUN   TestDellApis
--- PASS: TestDellApis (0.02s)
=== RUN   TestHPApis
--- PASS: TestHPApis (0.01s)
=== RUN   TestHPilo4Apis
--- PASS: TestHPilo4Apis (0.00s)
=== RUN   TestInvalidUsernameorPassword
--- PASS: TestInvalidUsernameorPassword (0.00s)
=== RUN   TestNoUsernameorPasswordConfiguration
--- PASS: TestNoUsernameorPasswordConfiguration (0.00s)
=== RUN   TestInvalidDellJSON
=== RUN   TestInvalidDellJSON/check_Thermal
=== RUN   TestInvalidDellJSON/check_Power
=== RUN   TestInvalidDellJSON/check_Location
=== RUN   TestInvalidDellJSON/check_Hostname
--- PASS: TestInvalidDellJSON (0.02s)
    --- PASS: TestInvalidDellJSON/check_Thermal (0.00s)
    --- PASS: TestInvalidDellJSON/check_Power (0.01s)
    --- PASS: TestInvalidDellJSON/check_Location (0.00s)
    --- PASS: TestInvalidDellJSON/check_Hostname (0.00s)
=== RUN   TestInvalidHPJSON
=== RUN   TestInvalidHPJSON/check_Thermal
=== RUN   TestInvalidHPJSON/check_Power
=== RUN   TestInvalidHPJSON/check_Hostname
--- PASS: TestInvalidHPJSON (0.01s)
    --- PASS: TestInvalidHPJSON/check_Thermal (0.00s)
    --- PASS: TestInvalidHPJSON/check_Power (0.00s)
    --- PASS: TestInvalidHPJSON/check_Hostname (0.00s)
=== RUN   TestIncludeTagSetsConfiguration
--- PASS: TestIncludeTagSetsConfiguration (0.00s)
PASS
ok  	github.com/influxdata/telegraf/plugins/inputs/redfish	2.543s
=== RUN   TestRedisConnectIntegration
--- FAIL: TestRedisConnectIntegration (0.00s)
panic: check host "unix:///var/run/docker.sock": docker info: Cannot connect to the Docker daemon at unix:///var/run/docker.sock. Is the docker daemon running?
	check host "unix:///Users/frederikmoschner/.docker/run/docker.sock": docker info: Cannot connect to the Docker daemon at unix:///Users/frederikmoschner/.docker/run/docker.sock. Is the docker daemon running? [recovered]
	panic: check host "unix:///var/run/docker.sock": docker info: Cannot connect to the Docker daemon at unix:///var/run/docker.sock. Is the docker daemon running?
	check host "unix:///Users/frederikmoschner/.docker/run/docker.sock": docker info: Cannot connect to the Docker daemon at unix:///Users/frederikmoschner/.docker/run/docker.sock. Is the docker daemon running?

goroutine 7 [running]:
testing.tRunner.func1.2({0x104b00740, 0x1400000eb40})
	/opt/homebrew/Cellar/go/1.24.0/libexec/src/testing/testing.go:1734 +0x1ac
testing.tRunner.func1()
	/opt/homebrew/Cellar/go/1.24.0/libexec/src/testing/testing.go:1737 +0x334
panic({0x104b00740?, 0x1400000eb40?})
	/opt/homebrew/Cellar/go/1.24.0/libexec/src/runtime/panic.go:787 +0x124
github.com/testcontainers/testcontainers-go/internal/core.MustExtractDockerHost.func1()
	/Users/frederikmoschner/go/pkg/mod/github.com/testcontainers/testcontainers-go@v0.34.0/internal/core/docker_host.go:91 +0x70
sync.(*Once).doSlow(0x0?, 0x2540be400?)
	/opt/homebrew/Cellar/go/1.24.0/libexec/src/sync/once.go:78 +0xf0
sync.(*Once).Do(...)
	/opt/homebrew/Cellar/go/1.24.0/libexec/src/sync/once.go:69
github.com/testcontainers/testcontainers-go/internal/core.MustExtractDockerHost({0x104bc8388?, 0x104f2bde0?})
	/Users/frederikmoschner/go/pkg/mod/github.com/testcontainers/testcontainers-go@v0.34.0/internal/core/docker_host.go:88 +0x54
github.com/testcontainers/testcontainers-go/internal/core.NewClient({0x104bc8388, 0x104f2bde0}, {0x0, 0x0, 0x0?})
	/Users/frederikmoschner/go/pkg/mod/github.com/testcontainers/testcontainers-go@v0.34.0/internal/core/client.go:17 +0x9c
github.com/testcontainers/testcontainers-go.NewDockerClientWithOpts({0x104bc8388, 0x104f2bde0}, {0x0, 0x0, 0x0})
	/Users/frederikmoschner/go/pkg/mod/github.com/testcontainers/testcontainers-go@v0.34.0/docker_client.go:117 +0x4c
github.com/testcontainers/testcontainers-go.NewDockerProvider({0x140002a2340, 0x2, 0x1049bf71b?})
	/Users/frederikmoschner/go/pkg/mod/github.com/testcontainers/testcontainers-go@v0.34.0/provider.go:143 +0xf0
github.com/testcontainers/testcontainers-go.ProviderType.GetProvider(0x0, {0x140000dd328, 0x1, 0x0?})
	/Users/frederikmoschner/go/pkg/mod/github.com/testcontainers/testcontainers-go@v0.34.0/provider.go:114 +0x380
github.com/testcontainers/testcontainers-go.GenericContainer({_, _}, {{{{0x0, 0x0}, {0x0, 0x0}, {0x0, 0x0}, {0x0, 0x0}, ...}, ...}, ...})
	/Users/frederikmoschner/go/pkg/mod/github.com/testcontainers/testcontainers-go@v0.34.0/generic.go:59 +0xf0
github.com/influxdata/telegraf/testutil.(*Container).Start(0x14000000fc0)
	/Users/frederikmoschner/Documents/plugin_erweiterung/telegraf/testutil/container.go:76 +0x2d8
github.com/influxdata/telegraf/plugins/inputs/redis.TestRedisConnectIntegration(0x14000264540)
	/Users/frederikmoschner/Documents/plugin_erweiterung/telegraf/plugins/inputs/redis/redis_test.go:48 +0x188
testing.tRunner(0x14000264540, 0x104bbeae0)
	/opt/homebrew/Cellar/go/1.24.0/libexec/src/testing/testing.go:1792 +0xe4
created by testing.(*T).Run in goroutine 1
	/opt/homebrew/Cellar/go/1.24.0/libexec/src/testing/testing.go:1851 +0x374
FAIL	github.com/influxdata/telegraf/plugins/inputs/redis	2.363s
=== RUN   TestRedisSentinelConnectIntegration
--- FAIL: TestRedisSentinelConnectIntegration (0.00s)
panic: check host "unix:///var/run/docker.sock": docker info: Cannot connect to the Docker daemon at unix:///var/run/docker.sock. Is the docker daemon running?
	check host "unix:///Users/frederikmoschner/.docker/run/docker.sock": docker info: Cannot connect to the Docker daemon at unix:///Users/frederikmoschner/.docker/run/docker.sock. Is the docker daemon running? [recovered]
	panic: check host "unix:///var/run/docker.sock": docker info: Cannot connect to the Docker daemon at unix:///var/run/docker.sock. Is the docker daemon running?
	check host "unix:///Users/frederikmoschner/.docker/run/docker.sock": docker info: Cannot connect to the Docker daemon at unix:///Users/frederikmoschner/.docker/run/docker.sock. Is the docker daemon running?

goroutine 36 [running]:
testing.tRunner.func1.2({0x1048aca00, 0x14000198b10})
	/opt/homebrew/Cellar/go/1.24.0/libexec/src/testing/testing.go:1734 +0x1ac
testing.tRunner.func1()
	/opt/homebrew/Cellar/go/1.24.0/libexec/src/testing/testing.go:1737 +0x334
panic({0x1048aca00?, 0x14000198b10?})
	/opt/homebrew/Cellar/go/1.24.0/libexec/src/runtime/panic.go:787 +0x124
github.com/testcontainers/testcontainers-go/internal/core.MustExtractDockerHost.func1()
	/Users/frederikmoschner/go/pkg/mod/github.com/testcontainers/testcontainers-go@v0.34.0/internal/core/docker_host.go:91 +0x70
sync.(*Once).doSlow(0x14000060000?, 0x2540be400?)
	/opt/homebrew/Cellar/go/1.24.0/libexec/src/sync/once.go:78 +0xf0
sync.(*Once).Do(...)
	/opt/homebrew/Cellar/go/1.24.0/libexec/src/sync/once.go:69
github.com/testcontainers/testcontainers-go/internal/core.MustExtractDockerHost({0x10498e408?, 0x104e5b120?})
	/Users/frederikmoschner/go/pkg/mod/github.com/testcontainers/testcontainers-go@v0.34.0/internal/core/docker_host.go:88 +0x54
github.com/testcontainers/testcontainers-go/internal/core.NewClient({0x10498e408, 0x104e5b120}, {0x0, 0x0, 0x7?})
	/Users/frederikmoschner/go/pkg/mod/github.com/testcontainers/testcontainers-go@v0.34.0/internal/core/client.go:17 +0x9c
github.com/testcontainers/testcontainers-go.NewDockerClientWithOpts({0x10498e408, 0x104e5b120}, {0x0, 0x0, 0x0})
	/Users/frederikmoschner/go/pkg/mod/github.com/testcontainers/testcontainers-go@v0.34.0/docker_client.go:117 +0x4c
github.com/testcontainers/testcontainers-go.NewDockerProvider({0x1400049a710, 0x1, 0x10470d1e2?})
	/Users/frederikmoschner/go/pkg/mod/github.com/testcontainers/testcontainers-go@v0.34.0/provider.go:143 +0xf0
github.com/testcontainers/testcontainers-go.ProviderType.GetProvider(0x0, {0x0, 0x0, 0x140003223c0?})
	/Users/frederikmoschner/go/pkg/mod/github.com/testcontainers/testcontainers-go@v0.34.0/provider.go:114 +0x380
github.com/testcontainers/testcontainers-go.GenericNetwork({0x10498e408, 0x104e5b120}, {{{0x10470a4bc, 0x6}, 0x0, 0x0, 0x0, {0x140003223c0, 0x24}, 0x1400048d7d0, ...}, ...})
	/Users/frederikmoschner/go/pkg/mod/github.com/testcontainers/testcontainers-go@v0.34.0/generic.go:37 +0x38
github.com/testcontainers/testcontainers-go/network.New({0x10498e408, 0x104e5b120}, {0x0, 0x0, 0x104b12645?})
	/Users/frederikmoschner/go/pkg/mod/github.com/testcontainers/testcontainers-go@v0.34.0/network/network.go:44 +0x1ec
github.com/influxdata/telegraf/plugins/inputs/redis_sentinel.TestRedisSentinelConnectIntegration(0x14000186c40)
	/Users/frederikmoschner/Documents/plugin_erweiterung/telegraf/plugins/inputs/redis_sentinel/redis_sentinel_test.go:30 +0xbc
testing.tRunner(0x14000186c40, 0x1049814a0)
	/opt/homebrew/Cellar/go/1.24.0/libexec/src/testing/testing.go:1792 +0xe4
created by testing.(*T).Run in goroutine 1
	/opt/homebrew/Cellar/go/1.24.0/libexec/src/testing/testing.go:1851 +0x374
FAIL	github.com/influxdata/telegraf/plugins/inputs/redis_sentinel	2.047s
=== RUN   TestAddEngineStats
--- PASS: TestAddEngineStats (0.00s)
=== RUN   TestAddEngineStatsPartial
--- PASS: TestAddEngineStatsPartial (0.00s)
=== RUN   TestAddStorageStats
--- PASS: TestAddStorageStats (0.00s)
PASS
ok  	github.com/influxdata/telegraf/plugins/inputs/rethinkdb	2.105s
=== RUN   TestRiak
2025/02/19 21:37:28 http: superfluous response.WriteHeader call from github.com/influxdata/telegraf/plugins/inputs/riak.TestRiak.func1 (riak_test.go:23)
--- PASS: TestRiak (0.00s)
PASS
ok  	github.com/influxdata/telegraf/plugins/inputs/riak	1.678s
=== RUN   TestSocketListener_tcp
2025-02-19T20:37:28Z I! Entering
2025-02-19T20:37:28Z I! [] Listening on tcp://127.0.0.1:5555
--- PASS: TestSocketListener_tcp (0.00s)
PASS
ok  	github.com/influxdata/telegraf/plugins/inputs/riemann_listener	0.832s
=== RUN   TestSampleConfig
--- PASS: TestSampleConfig (0.00s)
=== RUN   TestInitFail
=== RUN   TestInitFail/empty_settings
=== RUN   TestInitFail/missing_rack
=== RUN   TestInitFail/missing_slot
=== RUN   TestInitFail/missing_configs
=== RUN   TestInitFail/single_empty_metric
=== RUN   TestInitFail/single_empty_metric_field
=== RUN   TestInitFail/no_address
=== RUN   TestInitFail/invalid_address_pattern
=== RUN   TestInitFail/invalid_address_area
=== RUN   TestInitFail/invalid_address_area_index
=== RUN   TestInitFail/invalid_address_type
=== RUN   TestInitFail/invalid_address_start
=== RUN   TestInitFail/missing_extra_parameter_bit
=== RUN   TestInitFail/missing_extra_parameter_string
=== RUN   TestInitFail/invalid_address_extra_parameter
--- PASS: TestInitFail (0.00s)
    --- PASS: TestInitFail/empty_settings (0.00s)
    --- PASS: TestInitFail/missing_rack (0.00s)
    --- PASS: TestInitFail/missing_slot (0.00s)
    --- PASS: TestInitFail/missing_configs (0.00s)
    --- PASS: TestInitFail/single_empty_metric (0.00s)
    --- PASS: TestInitFail/single_empty_metric_field (0.00s)
    --- PASS: TestInitFail/no_address (0.00s)
    --- PASS: TestInitFail/invalid_address_pattern (0.00s)
    --- PASS: TestInitFail/invalid_address_area (0.00s)
    --- PASS: TestInitFail/invalid_address_area_index (0.00s)
    --- PASS: TestInitFail/invalid_address_type (0.00s)
    --- PASS: TestInitFail/invalid_address_start (0.00s)
    --- PASS: TestInitFail/missing_extra_parameter_bit (0.00s)
    --- PASS: TestInitFail/missing_extra_parameter_string (0.00s)
    --- PASS: TestInitFail/invalid_address_extra_parameter (0.00s)
=== RUN   TestInit
--- PASS: TestInit (0.00s)
=== RUN   TestFieldMappings
=== RUN   TestFieldMappings/single_field_bit
=== RUN   TestFieldMappings/single_field_byte
=== RUN   TestFieldMappings/single_field_char
=== RUN   TestFieldMappings/single_field_string
=== RUN   TestFieldMappings/single_field_word
=== RUN   TestFieldMappings/single_field_integer
=== RUN   TestFieldMappings/single_field_double_word
=== RUN   TestFieldMappings/single_field_double_integer
=== RUN   TestFieldMappings/single_field_float
--- PASS: TestFieldMappings (0.00s)
    --- PASS: TestFieldMappings/single_field_bit (0.00s)
    --- PASS: TestFieldMappings/single_field_byte (0.00s)
    --- PASS: TestFieldMappings/single_field_char (0.00s)
    --- PASS: TestFieldMappings/single_field_string (0.00s)
    --- PASS: TestFieldMappings/single_field_word (0.00s)
    --- PASS: TestFieldMappings/single_field_integer (0.00s)
    --- PASS: TestFieldMappings/single_field_double_word (0.00s)
    --- PASS: TestFieldMappings/single_field_double_integer (0.00s)
    --- PASS: TestFieldMappings/single_field_float (0.00s)
=== RUN   TestMetricCollisions
=== RUN   TestMetricCollisions/duplicate_fields_same_config
=== RUN   TestMetricCollisions/duplicate_fields_different_config
=== RUN   TestMetricCollisions/same_fields_different_name
=== RUN   TestMetricCollisions/same_fields_different_tags
--- PASS: TestMetricCollisions (0.00s)
    --- PASS: TestMetricCollisions/duplicate_fields_same_config (0.00s)
    --- PASS: TestMetricCollisions/duplicate_fields_different_config (0.00s)
    --- PASS: TestMetricCollisions/same_fields_different_name (0.00s)
    --- PASS: TestMetricCollisions/same_fields_different_tags (0.00s)
=== RUN   TestConnectionLoss
2025-02-19T20:37:28Z I! *net.OpError read tcp 127.0.0.1:52009->127.0.0.1:52008: read: connection reset by peer
2025-02-19T20:37:28Z E! [] reading batch 1 failed: read tcp 127.0.0.1:52009->127.0.0.1:52008: read: connection reset by peer; reconnecting...
2025-02-19T20:37:28Z I! *errors.errorString EOF
2025-02-19T20:37:28Z E! [] reading batch 1 failed: EOF; reconnecting...
--- PASS: TestConnectionLoss (0.00s)
=== RUN   TestStartupErrorBehaviorError
2025-02-19T20:37:28Z I! *net.OpError read tcp 127.0.0.1:52013->127.0.0.1:52012: i/o timeout
--- PASS: TestStartupErrorBehaviorError (0.10s)
=== RUN   TestStartupErrorBehaviorIgnore
2025-02-19T20:37:28Z I! *net.OpError read tcp 127.0.0.1:52015->127.0.0.1:52014: i/o timeout
--- PASS: TestStartupErrorBehaviorIgnore (0.10s)
=== RUN   TestStartupErrorBehaviorRetry
2025-02-19T20:37:28Z I! *net.OpError read tcp 127.0.0.1:52017->127.0.0.1:52016: i/o timeout
2025-02-19T20:37:28Z I! [inputs.s7comm::retry-test] Startup failed: connecting to "127.0.0.1:52016" failed: ISO : Invalid PDU received; retrying...
2025-02-19T20:37:28Z I! *net.OpError read tcp 127.0.0.1:52017->127.0.0.1:52016: i/o timeout
2025-02-19T20:37:28Z I! *errors.errorString EOF
2025-02-19T20:37:28Z E! [inputs.s7comm::retry-test] reading batch 1 failed: EOF; reconnecting...
--- PASS: TestStartupErrorBehaviorRetry (0.21s)
PASS
ok  	github.com/influxdata/telegraf/plugins/inputs/s7comm	1.234s
=== RUN   Test_Gather
--- PASS: Test_Gather (0.01s)
PASS
ok  	github.com/influxdata/telegraf/plugins/inputs/salesforce	1.056s
?   	github.com/influxdata/telegraf/plugins/inputs/sensors	[no test files]
=== RUN   TestIPv4SW
--- PASS: TestIPv4SW (0.01s)
=== RUN   TestExpandFlow
--- PASS: TestExpandFlow (0.00s)
=== RUN   TestIPv4SWRT
--- PASS: TestIPv4SWRT (0.00s)
=== RUN   TestIPv6SW
--- PASS: TestIPv6SW (0.00s)
=== RUN   TestExpandFlowCounter
--- PASS: TestExpandFlowCounter (0.00s)
=== RUN   TestFlowExpandCounter
--- PASS: TestFlowExpandCounter (0.00s)
=== RUN   TestUDPHeader
--- PASS: TestUDPHeader (0.00s)
=== RUN   TestIPv4Header
--- PASS: TestIPv4Header (0.00s)
=== RUN   TestIPv4HeaderSwitch
--- PASS: TestIPv4HeaderSwitch (0.00s)
=== RUN   TestUnknownProtocol
--- PASS: TestUnknownProtocol (0.00s)
=== RUN   TestSFlow
2025-02-19T20:37:29Z I! [] Listening on udp://127.0.0.1:59184
--- PASS: TestSFlow (0.00s)
=== RUN   TestRawPacketHeaderFlowData
--- PASS: TestRawPacketHeaderFlowData (0.00s)
=== RUN   TestEthHeader
--- PASS: TestEthHeader (0.00s)
PASS
ok  	github.com/influxdata/telegraf/plugins/inputs/sflow	1.051s
=== RUN   TestMinReader
--- PASS: TestMinReader (0.00s)
PASS
ok  	github.com/influxdata/telegraf/plugins/inputs/sflow/binaryio	0.571s
?   	github.com/influxdata/telegraf/plugins/inputs/slab	[no test files]
=== RUN   TestGoodURLs
=== RUN   TestGoodURLs/http
=== RUN   TestGoodURLs/https
=== RUN   TestGoodURLs/http_no_port
=== RUN   TestGoodURLs/https_no_port
--- PASS: TestGoodURLs (0.00s)
    --- PASS: TestGoodURLs/http (0.00s)
    --- PASS: TestGoodURLs/https (0.00s)
    --- PASS: TestGoodURLs/http_no_port (0.00s)
    --- PASS: TestGoodURLs/https_no_port (0.00s)
=== RUN   TestWrongURLs
=== RUN   TestWrongURLs/wrong_http_scheme
=== RUN   TestWrongURLs/wrong_https_scheme
=== RUN   TestWrongURLs/empty_url
=== RUN   TestWrongURLs/empty_hostname
=== RUN   TestWrongURLs/only_scheme
--- PASS: TestWrongURLs (0.00s)
    --- PASS: TestWrongURLs/wrong_http_scheme (0.00s)
    --- PASS: TestWrongURLs/wrong_https_scheme (0.00s)
    --- PASS: TestWrongURLs/empty_url (0.00s)
    --- PASS: TestWrongURLs/empty_hostname (0.00s)
    --- PASS: TestWrongURLs/only_scheme (0.00s)
=== RUN   TestWrongEndpoints
=== RUN   TestWrongEndpoints/empty_endpoint
=== RUN   TestWrongEndpoints/mistyped_endpoint
--- PASS: TestWrongEndpoints (0.00s)
    --- PASS: TestWrongEndpoints/empty_endpoint (0.00s)
    --- PASS: TestWrongEndpoints/mistyped_endpoint (0.00s)
=== RUN   TestCases
=== RUN   TestCases/gather
2025-02-19T20:37:29Z I! http: superfluous response.WriteHeader call from github.com/influxdata/telegraf/plugins/inputs/slurm.TestCases.func1.1 (slurm_test.go:136)
2025-02-19T20:37:29Z I! http: superfluous response.WriteHeader call from github.com/influxdata/telegraf/plugins/inputs/slurm.TestCases.func1.1 (slurm_test.go:136)
2025-02-19T20:37:29Z I! http: superfluous response.WriteHeader call from github.com/influxdata/telegraf/plugins/inputs/slurm.TestCases.func1.1 (slurm_test.go:136)
2025-02-19T20:37:29Z I! http: superfluous response.WriteHeader call from github.com/influxdata/telegraf/plugins/inputs/slurm.TestCases.func1.1 (slurm_test.go:136)
2025-02-19T20:37:29Z I! http: superfluous response.WriteHeader call from github.com/influxdata/telegraf/plugins/inputs/slurm.TestCases.func1.1 (slurm_test.go:136)
=== RUN   TestCases/panic
2025-02-19T20:37:29Z I! http: superfluous response.WriteHeader call from github.com/influxdata/telegraf/plugins/inputs/slurm.TestCases.func1.1 (slurm_test.go:136)
2025-02-19T20:37:29Z I! http: superfluous response.WriteHeader call from github.com/influxdata/telegraf/plugins/inputs/slurm.TestCases.func1.1 (slurm_test.go:136)
2025-02-19T20:37:29Z I! http: superfluous response.WriteHeader call from github.com/influxdata/telegraf/plugins/inputs/slurm.TestCases.func1.1 (slurm_test.go:136)
2025-02-19T20:37:29Z I! http: superfluous response.WriteHeader call from github.com/influxdata/telegraf/plugins/inputs/slurm.TestCases.func1.1 (slurm_test.go:136)
2025-02-19T20:37:29Z I! http: superfluous response.WriteHeader call from github.com/influxdata/telegraf/plugins/inputs/slurm.TestCases.func1.1 (slurm_test.go:136)
--- PASS: TestCases (0.02s)
    --- PASS: TestCases/gather (0.01s)
    --- PASS: TestCases/panic (0.01s)
PASS
ok  	github.com/influxdata/telegraf/plugins/inputs/slurm	0.739s
=== RUN   TestGatherAttributes
=== RUN   TestGatherAttributes/Wrong_path_to_smartctl
=== RUN   TestGatherAttributes/Smartctl_presence
=== RUN   TestGatherAttributes/Smartctl_presence/Only_non_NVMe_device
=== RUN   TestGatherAttributes/Smartctl_presence/Only_NVMe_device
--- PASS: TestGatherAttributes (0.01s)
    --- PASS: TestGatherAttributes/Wrong_path_to_smartctl (0.00s)
    --- PASS: TestGatherAttributes/Smartctl_presence (0.01s)
        --- PASS: TestGatherAttributes/Smartctl_presence/Only_non_NVMe_device (0.00s)
        --- PASS: TestGatherAttributes/Smartctl_presence/Only_NVMe_device (0.00s)
=== RUN   TestGatherInParallelMode
=== RUN   TestGatherInParallelMode/Gather_NVMe_device_info_in_goroutine
=== RUN   TestGatherInParallelMode/Gather_NVMe_device_info_sequentially
=== RUN   TestGatherInParallelMode/Gather_NVMe_device_info_-_not_known_read_method
--- PASS: TestGatherInParallelMode (0.01s)
    --- PASS: TestGatherInParallelMode/Gather_NVMe_device_info_in_goroutine (0.00s)
    --- PASS: TestGatherInParallelMode/Gather_NVMe_device_info_sequentially (0.01s)
    --- PASS: TestGatherInParallelMode/Gather_NVMe_device_info_-_not_known_read_method (0.00s)
=== RUN   TestGatherNoAttributes
=== RUN   TestGatherNoAttributes/scan_for_devices
--- PASS: TestGatherNoAttributes (0.00s)
    --- PASS: TestGatherNoAttributes/scan_for_devices (0.00s)
=== RUN   TestExcludedDev
--- PASS: TestExcludedDev (0.00s)
=== RUN   TestGatherSATAInfo
--- PASS: TestGatherSATAInfo (0.00s)
=== RUN   TestGatherSATAInfo65
--- PASS: TestGatherSATAInfo65 (0.00s)
=== RUN   TestGatherHgstSAS
--- PASS: TestGatherHgstSAS (0.00s)
=== RUN   TestGatherHtSAS
--- PASS: TestGatherHtSAS (0.00s)
=== RUN   TestGatherLongFormEnduranceAttrib
--- PASS: TestGatherLongFormEnduranceAttrib (0.00s)
=== RUN   TestGatherSSD
--- PASS: TestGatherSSD (0.00s)
=== RUN   TestGatherSSDRaid
--- PASS: TestGatherSSDRaid (0.00s)
=== RUN   TestGatherDeviceTypeTag
--- PASS: TestGatherDeviceTypeTag (0.00s)
=== RUN   TestGatherNVMe
--- PASS: TestGatherNVMe (0.01s)
=== RUN   TestGatherNVMeWindows
--- PASS: TestGatherNVMeWindows (0.00s)
=== RUN   TestGatherIntelNVMeMetrics
--- PASS: TestGatherIntelNVMeMetrics (0.00s)
=== RUN   TestGatherIntelNVMeDeprecatedFormatMetrics
--- PASS: TestGatherIntelNVMeDeprecatedFormatMetrics (0.00s)
=== RUN   Test_findVIDFromNVMeOutput
--- PASS: Test_findVIDFromNVMeOutput (0.00s)
=== RUN   Test_checkForNVMeDevices
--- PASS: Test_checkForNVMeDevices (0.00s)
=== RUN   Test_contains
--- PASS: Test_contains (0.00s)
=== RUN   Test_difference
--- PASS: Test_difference (0.00s)
=== RUN   Test_integerOverflow
=== RUN   Test_integerOverflow/If_data_raw_value_is_out_of_int64_range,_there_should_be_no_metrics_for_that_attribute
--- PASS: Test_integerOverflow (0.00s)
    --- PASS: Test_integerOverflow/If_data_raw_value_is_out_of_int64_range,_there_should_be_no_metrics_for_that_attribute (0.00s)
PASS
ok  	github.com/influxdata/telegraf/plugins/inputs/smart	0.618s
=== RUN   TestCasesScan
=== RUN   TestCasesScan/all
2025-02-19T20:37:30Z I! Loading config: testcases_scan/all/telegraf.toml
=== RUN   TestCasesScan/exclude
2025-02-19T20:37:30Z I! Loading config: testcases_scan/exclude/telegraf.toml
=== RUN   TestCasesScan/include
2025-02-19T20:37:30Z I! Loading config: testcases_scan/include/telegraf.toml
=== RUN   TestCasesScan/megaraid
2025-02-19T20:37:30Z I! Loading config: testcases_scan/megaraid/telegraf.toml
--- PASS: TestCasesScan (0.65s)
    --- PASS: TestCasesScan/all (0.38s)
    --- PASS: TestCasesScan/exclude (0.22s)
    --- PASS: TestCasesScan/include (0.03s)
    --- PASS: TestCasesScan/megaraid (0.02s)
=== RUN   TestScanHelperProcess
--- PASS: TestScanHelperProcess (0.00s)
=== RUN   TestCasesDevices
=== RUN   TestCasesDevices/megaraid
=== RUN   TestCasesDevices/nvme
=== RUN   TestCasesDevices/scsi
=== RUN   TestCasesDevices/scsi_extended
=== RUN   TestCasesDevices/usb
--- PASS: TestCasesDevices (0.27s)
    --- PASS: TestCasesDevices/megaraid (0.12s)
    --- PASS: TestCasesDevices/nvme (0.06s)
    --- PASS: TestCasesDevices/scsi (0.03s)
    --- PASS: TestCasesDevices/scsi_extended (0.03s)
    --- PASS: TestCasesDevices/usb (0.03s)
=== RUN   TestDeviceHelperProcess
--- PASS: TestDeviceHelperProcess (0.00s)
PASS
ok  	github.com/influxdata/telegraf/plugins/inputs/smartctl	1.791s
=== RUN   TestSnmpInit
--- PASS: TestSnmpInit (0.00s)
=== RUN   TestSnmpInit_noTranslate
--- PASS: TestSnmpInit_noTranslate (0.42s)
=== RUN   TestSnmpInit_noName_noOid
--- PASS: TestSnmpInit_noName_noOid (0.00s)
=== RUN   TestGetSNMPConnection_v2
--- PASS: TestGetSNMPConnection_v2 (0.00s)
=== RUN   TestGetSNMPConnectionTCP
--- PASS: TestGetSNMPConnectionTCP (0.00s)
=== RUN   TestGetSNMPConnection_v3
--- PASS: TestGetSNMPConnection_v3 (0.00s)
=== RUN   TestGetSNMPConnection_v3_blumenthal
=== RUN   TestGetSNMPConnection_v3_blumenthal/AES192
=== RUN   TestGetSNMPConnection_v3_blumenthal/AES192C
=== RUN   TestGetSNMPConnection_v3_blumenthal/AES256
=== RUN   TestGetSNMPConnection_v3_blumenthal/AES256C
--- PASS: TestGetSNMPConnection_v3_blumenthal (0.00s)
    --- PASS: TestGetSNMPConnection_v3_blumenthal/AES192 (0.00s)
    --- PASS: TestGetSNMPConnection_v3_blumenthal/AES192C (0.00s)
    --- PASS: TestGetSNMPConnection_v3_blumenthal/AES256 (0.00s)
    --- PASS: TestGetSNMPConnection_v3_blumenthal/AES256C (0.00s)
=== RUN   TestGetSNMPConnection_caching
--- PASS: TestGetSNMPConnection_caching (0.00s)
=== RUN   TestGosnmpWrapper_walk_retry
    snmp_test.go:427: Skipping test due to random failures.
--- SKIP: TestGosnmpWrapper_walk_retry (0.00s)
=== RUN   TestGosnmpWrapper_get_retry
    snmp_test.go:481: Test failing too often, skip for now and revisit later.
--- SKIP: TestGosnmpWrapper_get_retry (0.00s)
=== RUN   TestGather
--- PASS: TestGather (0.00s)
=== RUN   TestGather_host
--- PASS: TestGather_host (0.00s)
=== RUN   TestSnmpInitGosmi
--- PASS: TestSnmpInitGosmi (0.29s)
=== RUN   TestSnmpInit_noTranslateGosmi
--- PASS: TestSnmpInit_noTranslateGosmi (0.00s)
=== RUN   TestGatherGosmi
--- PASS: TestGatherGosmi (0.00s)
=== RUN   TestGather_hostGosmi
--- PASS: TestGather_hostGosmi (0.00s)
PASS
ok  	github.com/influxdata/telegraf/plugins/inputs/snmp	1.906s
=== RUN   TestReceiveTrap
=== RUN   TestReceiveTrap/v2c_coldStart
2025-02-19T20:37:30Z I! [] Listening on udp://:12399
=== RUN   TestReceiveTrap/missing_oid
2025-02-19T20:37:30Z I! [] Listening on udp://:12399
2025-02-19T20:37:30Z E! [] Error resolving OID oid=.1.3.6.1.2.1.1.3.0, source=127.0.0.1: unexpected oid
=== RUN   TestReceiveTrap/v1_trap_enterprise
2025-02-19T20:37:30Z I! [] Listening on udp://:12399
=== RUN   TestReceiveTrap/v1_trap_generic
2025-02-19T20:37:30Z I! [] Listening on udp://:12399
=== RUN   TestReceiveTrap/v3_coldStart_noAuthNoPriv
2025-02-19T20:37:30Z I! [] Listening on udp://:12399
=== RUN   TestReceiveTrap/v3_coldStart_authShaNoPriv
2025-02-19T20:37:30Z I! [] Listening on udp://:12399
=== RUN   TestReceiveTrap/v3_coldStart_authShaNoPriv#01
2025-02-19T20:37:30Z I! [] Listening on udp://:12399
=== RUN   TestReceiveTrap/v3_coldStart_authSha256NoPriv
2025-02-19T20:37:30Z I! [] Listening on udp://:12399
=== RUN   TestReceiveTrap/v3_coldStart_authSha384NoPriv
2025-02-19T20:37:30Z I! [] Listening on udp://:12399
=== RUN   TestReceiveTrap/v3_coldStart_authShaNoPriv#02
2025-02-19T20:37:30Z I! [] Listening on udp://:12399
=== RUN   TestReceiveTrap/v3_coldStart_authShaNoPriv#03
2025-02-19T20:37:30Z I! [] Listening on udp://:12399
=== RUN   TestReceiveTrap/v3_coldStart_authMD5NoPriv
2025-02-19T20:37:30Z I! [] Listening on udp://:12399
=== RUN   TestReceiveTrap/v3_coldStart_authSHAPrivAES
2025-02-19T20:37:30Z I! [] Listening on udp://:12399
=== RUN   TestReceiveTrap/v3_coldStart_authSHAPrivDES
2025-02-19T20:37:30Z I! [] Listening on udp://:12399
=== RUN   TestReceiveTrap/v3_coldStart_authSHAPrivAES192
2025-02-19T20:37:30Z I! [] Listening on udp://:12399
=== RUN   TestReceiveTrap/v3_coldStart_authSHAPrivAES192C
2025-02-19T20:37:30Z I! [] Listening on udp://:12399
=== RUN   TestReceiveTrap/v3_coldStart_authSHAPrivAES256
2025-02-19T20:37:30Z I! [] Listening on udp://:12399
=== RUN   TestReceiveTrap/v3_coldStart_authSHAPrivAES256C
2025-02-19T20:37:30Z I! [] Listening on udp://:12399
--- PASS: TestReceiveTrap (0.08s)
    --- PASS: TestReceiveTrap/v2c_coldStart (0.00s)
    --- PASS: TestReceiveTrap/missing_oid (0.00s)
    --- PASS: TestReceiveTrap/v1_trap_enterprise (0.00s)
    --- PASS: TestReceiveTrap/v1_trap_generic (0.00s)
    --- PASS: TestReceiveTrap/v3_coldStart_noAuthNoPriv (0.00s)
    --- PASS: TestReceiveTrap/v3_coldStart_authShaNoPriv (0.00s)
    --- PASS: TestReceiveTrap/v3_coldStart_authShaNoPriv#01 (0.00s)
    --- PASS: TestReceiveTrap/v3_coldStart_authSha256NoPriv (0.00s)
    --- PASS: TestReceiveTrap/v3_coldStart_authSha384NoPriv (0.00s)
    --- PASS: TestReceiveTrap/v3_coldStart_authShaNoPriv#02 (0.00s)
    --- PASS: TestReceiveTrap/v3_coldStart_authShaNoPriv#03 (0.00s)
    --- PASS: TestReceiveTrap/v3_coldStart_authMD5NoPriv (0.01s)
    --- PASS: TestReceiveTrap/v3_coldStart_authSHAPrivAES (0.04s)
    --- PASS: TestReceiveTrap/v3_coldStart_authSHAPrivDES (0.00s)
    --- PASS: TestReceiveTrap/v3_coldStart_authSHAPrivAES192 (0.00s)
    --- PASS: TestReceiveTrap/v3_coldStart_authSHAPrivAES192C (0.00s)
    --- PASS: TestReceiveTrap/v3_coldStart_authSHAPrivAES256 (0.00s)
    --- PASS: TestReceiveTrap/v3_coldStart_authSHAPrivAES256C (0.01s)
=== RUN   TestReceiveTrapMultipleConfig
=== RUN   TestReceiveTrapMultipleConfig/v3_coldStart_authSHAPrivAES
2025-02-19T20:37:30Z I! [] Listening on udp://:12399
2025-02-19T20:37:31Z I! [] Listening on udp://:12400
=== RUN   TestReceiveTrapMultipleConfig/v3_coldStart_authSHAPrivAES256
2025-02-19T20:37:31Z I! [] Listening on udp://:12399
2025-02-19T20:37:31Z I! [] Listening on udp://:12400
=== RUN   TestReceiveTrapMultipleConfig/v3_coldStart_authSHAPrivAES256C
2025-02-19T20:37:31Z I! [] Listening on udp://:12399
2025-02-19T20:37:31Z I! [] Listening on udp://:12400
--- PASS: TestReceiveTrapMultipleConfig (0.07s)
    --- PASS: TestReceiveTrapMultipleConfig/v3_coldStart_authSHAPrivAES (0.07s)
    --- PASS: TestReceiveTrapMultipleConfig/v3_coldStart_authSHAPrivAES256 (0.00s)
    --- PASS: TestReceiveTrapMultipleConfig/v3_coldStart_authSHAPrivAES256C (0.00s)
PASS
ok  	github.com/influxdata/telegraf/plugins/inputs/snmp_trap	1.157s
=== RUN   TestSocketListener
=== RUN   TestSocketListener/TCP
2025-02-19T20:37:32Z I! [] Listening on tcp://127.0.0.1:52035
=== RUN   TestSocketListener/TCP_with_TLS
2025-02-19T20:37:32Z I! [] Listening on tcp://127.0.0.1:52038
=== RUN   TestSocketListener/TCP_with_gzip_encoding
2025-02-19T20:37:32Z I! [] Listening on tcp://127.0.0.1:52041
=== RUN   TestSocketListener/UDP
2025-02-19T20:37:32Z I! [] Listening on udp://127.0.0.1:50530
=== RUN   TestSocketListener/UDP_with_gzip_encoding
2025-02-19T20:37:32Z I! [] Listening on udp://127.0.0.1:51957
=== RUN   TestSocketListener/unix_socket
2025-02-19T20:37:33Z I! [] Listening on unix:///var/folders/83/999jb4l55z3gww5zs2b5s0c40000gn/T/sock-700922518
2025-02-19T20:37:33Z W! [] Setting read buffer on socket failed: set unix /var/folders/83/999jb4l55z3gww5zs2b5s0c40000gn/T/sock-700922518: setsockopt: invalid argument
=== RUN   TestSocketListener/unix_socket_with_TLS
2025-02-19T20:37:33Z I! [] Listening on unix:///var/folders/83/999jb4l55z3gww5zs2b5s0c40000gn/T/sock-1664680769
=== RUN   TestSocketListener/unix_socket_with_gzip_encoding
2025-02-19T20:37:33Z I! [] Listening on unix:///var/folders/83/999jb4l55z3gww5zs2b5s0c40000gn/T/sock-520557102
=== RUN   TestSocketListener/unixgram_socket
2025-02-19T20:37:33Z I! [] Listening on unixgram:///var/folders/83/999jb4l55z3gww5zs2b5s0c40000gn/T/sock-1038892198
--- PASS: TestSocketListener (0.93s)
    --- PASS: TestSocketListener/TCP (0.10s)
    --- PASS: TestSocketListener/TCP_with_TLS (0.11s)
    --- PASS: TestSocketListener/TCP_with_gzip_encoding (0.10s)
    --- PASS: TestSocketListener/UDP (0.10s)
    --- PASS: TestSocketListener/UDP_with_gzip_encoding (0.10s)
    --- PASS: TestSocketListener/unix_socket (0.10s)
    --- PASS: TestSocketListener/unix_socket_with_TLS (0.11s)
    --- PASS: TestSocketListener/unix_socket_with_gzip_encoding (0.10s)
    --- PASS: TestSocketListener/unixgram_socket (0.10s)
=== RUN   TestLargeReadBufferTCP
2025-02-19T20:37:33Z I! [] Listening on tcp://127.0.0.1:52057
--- PASS: TestLargeReadBufferTCP (0.10s)
=== RUN   TestLargeReadBufferUnixgram
    socket_listener_test.go:273: Skipping on macOS (darwin), as unixgram write buffer size cannot be changed (default 2048 bytes)
--- SKIP: TestLargeReadBufferUnixgram (0.00s)
=== RUN   TestCases
=== RUN   TestCases/invalid_line_format
2025-02-19T20:37:33Z I! Loading config: testcases/invalid_line_format/telegraf.conf
2025-02-19T20:37:33Z I! [inputs.socket_listener] Listening on tcp://127.0.0.1:52069
=== RUN   TestCases/powerdns
2025-02-19T20:37:33Z I! Loading config: testcases/powerdns/telegraf.conf
2025-02-19T20:37:33Z I! [inputs.socket_listener] Listening on tcp://127.0.0.1:52071
=== RUN   TestCases/splitting_delimiter
2025-02-19T20:37:33Z I! Loading config: testcases/splitting_delimiter/telegraf.conf
2025-02-19T20:37:33Z I! [inputs.socket_listener] Listening on tcp://127.0.0.1:52073
=== RUN   TestCases/splitting_fixed_length
2025-02-19T20:37:34Z I! Loading config: testcases/splitting_fixed_length/telegraf.conf
2025-02-19T20:37:34Z I! [inputs.socket_listener] Listening on tcp://127.0.0.1:52080
=== RUN   TestCases/splitting_newline
2025-02-19T20:37:34Z I! Loading config: testcases/splitting_newline/telegraf.conf
2025-02-19T20:37:34Z I! [inputs.socket_listener] Listening on tcp://127.0.0.1:52086
=== RUN   TestCases/splitting_null
2025-02-19T20:37:34Z I! Loading config: testcases/splitting_null/telegraf.conf
2025-02-19T20:37:34Z I! [inputs.socket_listener] Listening on tcp://127.0.0.1:52088
=== RUN   TestCases/splitting_variable_length
2025-02-19T20:37:34Z I! Loading config: testcases/splitting_variable_length/telegraf.conf
2025-02-19T20:37:34Z I! [inputs.socket_listener] Listening on tcp://127.0.0.1:52093
=== RUN   TestCases/timeout
2025-02-19T20:37:35Z I! Loading config: testcases/timeout/telegraf.conf
2025-02-19T20:37:35Z I! [inputs.socket_listener] Listening on tcp://127.0.0.1:52099
--- PASS: TestCases (2.76s)
    --- PASS: TestCases/invalid_line_format (0.20s)
    --- PASS: TestCases/powerdns (0.20s)
    --- PASS: TestCases/splitting_delimiter (0.20s)
    --- PASS: TestCases/splitting_fixed_length (0.20s)
    --- PASS: TestCases/splitting_newline (0.20s)
    --- PASS: TestCases/splitting_null (0.20s)
    --- PASS: TestCases/splitting_variable_length (0.31s)
    --- PASS: TestCases/timeout (1.22s)
PASS
ok  	github.com/influxdata/telegraf/plugins/inputs/socket_listener	4.788s
=== RUN   TestSocketstat_Gather
=== RUN   TestSocketstat_Gather/tcp_-_no_sockets_=>_no_results
=== RUN   TestSocketstat_Gather/udp_-_no_sockets_=>_no_results
=== RUN   TestSocketstat_Gather/tcp_sockets_captured
=== RUN   TestSocketstat_Gather/udp_packets_captured
--- PASS: TestSocketstat_Gather (0.00s)
    --- PASS: TestSocketstat_Gather/tcp_-_no_sockets_=>_no_results (0.00s)
    --- PASS: TestSocketstat_Gather/udp_-_no_sockets_=>_no_results (0.00s)
    --- PASS: TestSocketstat_Gather/tcp_sockets_captured (0.00s)
    --- PASS: TestSocketstat_Gather/udp_packets_captured (0.00s)
=== RUN   TestSocketstat_Gather_listerError
--- PASS: TestSocketstat_Gather_listerError (0.00s)
PASS
ok  	github.com/influxdata/telegraf/plugins/inputs/socketstat	0.569s
=== RUN   TestCases
=== RUN   TestCases/no_core_data
2025-02-19T20:37:32Z I! Loading config: testcases/no_core_data/telegraf.conf
2025-02-19T20:37:32Z E! [inputs.solr] Getting version for "http://127.0.0.1:52045" failed: solr: API endpoint "http://127.0.0.1:52045/solr/admin/info/system?wt=json" responded with "404 Not Found"
2025-02-19T20:37:32Z E! [inputs.solr] Getting version for "http://127.0.0.1:52045" failed: solr: API endpoint "http://127.0.0.1:52045/solr/admin/info/system?wt=json" responded with "404 Not Found"
=== RUN   TestCases/v3.5
2025-02-19T20:37:32Z I! Loading config: testcases/v3.5/telegraf.conf
2025-02-19T20:37:32Z E! [inputs.solr] Getting version for "http://127.0.0.1:52048" failed: solr: API endpoint "http://127.0.0.1:52048/solr/admin/info/system?wt=json" responded with "404 Not Found"
2025-02-19T20:37:32Z E! [inputs.solr] Getting version for "http://127.0.0.1:52048" failed: solr: API endpoint "http://127.0.0.1:52048/solr/admin/info/system?wt=json" responded with "404 Not Found"
=== RUN   TestCases/v4.3
2025-02-19T20:37:32Z I! Loading config: testcases/v4.3/telegraf.conf
2025-02-19T20:37:32Z E! [inputs.solr] Getting version for "http://127.0.0.1:52051" failed: solr: API endpoint "http://127.0.0.1:52051/solr/admin/info/system?wt=json" responded with "404 Not Found"
2025-02-19T20:37:32Z E! [inputs.solr] Getting version for "http://127.0.0.1:52051" failed: solr: API endpoint "http://127.0.0.1:52051/solr/admin/info/system?wt=json" responded with "404 Not Found"
=== RUN   TestCases/v7
2025-02-19T20:37:32Z I! Loading config: testcases/v7/telegraf.conf
2025-02-19T20:37:32Z E! [inputs.solr] Getting version for "http://127.0.0.1:52054" failed: solr: API endpoint "http://127.0.0.1:52054/solr/admin/info/system?wt=json" responded with "404 Not Found"
2025-02-19T20:37:32Z E! [inputs.solr] Getting version for "http://127.0.0.1:52054" failed: solr: API endpoint "http://127.0.0.1:52054/solr/admin/info/system?wt=json" responded with "404 Not Found"
--- PASS: TestCases (0.08s)
    --- PASS: TestCases/no_core_data (0.00s)
    --- PASS: TestCases/v3.5 (0.03s)
    --- PASS: TestCases/v4.3 (0.04s)
    --- PASS: TestCases/v7 (0.00s)
=== RUN   TestIntegration
=== RUN   TestIntegration/integration-v6
--- FAIL: TestIntegration (0.00s)
    --- FAIL: TestIntegration/integration-v6 (0.00s)
panic: check host "unix:///var/run/docker.sock": docker info: Cannot connect to the Docker daemon at unix:///var/run/docker.sock. Is the docker daemon running?
	check host "unix:///Users/frederikmoschner/.docker/run/docker.sock": docker info: Cannot connect to the Docker daemon at unix:///Users/frederikmoschner/.docker/run/docker.sock. Is the docker daemon running? [recovered]
	panic: check host "unix:///var/run/docker.sock": docker info: Cannot connect to the Docker daemon at unix:///var/run/docker.sock. Is the docker daemon running?
	check host "unix:///Users/frederikmoschner/.docker/run/docker.sock": docker info: Cannot connect to the Docker daemon at unix:///Users/frederikmoschner/.docker/run/docker.sock. Is the docker daemon running?

goroutine 461 [running]:
testing.tRunner.func1.2({0x1054d3d80, 0x140005e03d8})
	/opt/homebrew/Cellar/go/1.24.0/libexec/src/testing/testing.go:1734 +0x1ac
testing.tRunner.func1()
	/opt/homebrew/Cellar/go/1.24.0/libexec/src/testing/testing.go:1737 +0x334
panic({0x1054d3d80?, 0x140005e03d8?})
	/opt/homebrew/Cellar/go/1.24.0/libexec/src/runtime/panic.go:787 +0x124
github.com/testcontainers/testcontainers-go/internal/core.MustExtractDockerHost.func1()
	/Users/frederikmoschner/go/pkg/mod/github.com/testcontainers/testcontainers-go@v0.34.0/internal/core/docker_host.go:91 +0x70
sync.(*Once).doSlow(0x0?, 0x2540be400?)
	/opt/homebrew/Cellar/go/1.24.0/libexec/src/sync/once.go:78 +0xf0
sync.(*Once).Do(...)
	/opt/homebrew/Cellar/go/1.24.0/libexec/src/sync/once.go:69
github.com/testcontainers/testcontainers-go/internal/core.MustExtractDockerHost({0x1056427d8?, 0x105db5bc0?})
	/Users/frederikmoschner/go/pkg/mod/github.com/testcontainers/testcontainers-go@v0.34.0/internal/core/docker_host.go:88 +0x54
github.com/testcontainers/testcontainers-go/internal/core.NewClient({0x1056427d8, 0x105db5bc0}, {0x0, 0x0, 0x14000052318?})
	/Users/frederikmoschner/go/pkg/mod/github.com/testcontainers/testcontainers-go@v0.34.0/internal/core/client.go:17 +0x9c
github.com/testcontainers/testcontainers-go.NewDockerClientWithOpts({0x1056427d8, 0x105db5bc0}, {0x0, 0x0, 0x0})
	/Users/frederikmoschner/go/pkg/mod/github.com/testcontainers/testcontainers-go@v0.34.0/docker_client.go:117 +0x4c
github.com/testcontainers/testcontainers-go.NewDockerProvider({0x140000295c0, 0x2, 0x1051fa676?})
	/Users/frederikmoschner/go/pkg/mod/github.com/testcontainers/testcontainers-go@v0.34.0/provider.go:143 +0xf0
github.com/testcontainers/testcontainers-go.ProviderType.GetProvider(0x0, {0x14000131268, 0x1, 0x104951424?})
	/Users/frederikmoschner/go/pkg/mod/github.com/testcontainers/testcontainers-go@v0.34.0/provider.go:114 +0x380
github.com/testcontainers/testcontainers-go.GenericContainer({_, _}, {{{{0x0, 0x0}, {0x0, 0x0}, {0x0, 0x0}, {0x0, 0x0}, ...}, ...}, ...})
	/Users/frederikmoschner/go/pkg/mod/github.com/testcontainers/testcontainers-go@v0.34.0/generic.go:59 +0xf0
github.com/influxdata/telegraf/testutil.(*Container).Start(0x1400021b8c0)
	/Users/frederikmoschner/Documents/plugin_erweiterung/telegraf/testutil/container.go:76 +0x2d8
github.com/influxdata/telegraf/plugins/inputs/solr.TestIntegration.func1(0x14000503a40)
	/Users/frederikmoschner/Documents/plugin_erweiterung/telegraf/plugins/inputs/solr/solr_test.go:154 +0x468
testing.tRunner(0x14000503a40, 0x14000520c60)
	/opt/homebrew/Cellar/go/1.24.0/libexec/src/testing/testing.go:1792 +0xe4
created by testing.(*T).Run in goroutine 460
	/opt/homebrew/Cellar/go/1.24.0/libexec/src/testing/testing.go:1851 +0x374
FAIL	github.com/influxdata/telegraf/plugins/inputs/solr	1.366s
=== RUN   TestMariaDBIntegration
--- FAIL: TestMariaDBIntegration (0.00s)
panic: check host "unix:///var/run/docker.sock": docker info: Cannot connect to the Docker daemon at unix:///var/run/docker.sock. Is the docker daemon running?
	check host "unix:///Users/frederikmoschner/.docker/run/docker.sock": docker info: Cannot connect to the Docker daemon at unix:///Users/frederikmoschner/.docker/run/docker.sock. Is the docker daemon running? [recovered]
	panic: check host "unix:///var/run/docker.sock": docker info: Cannot connect to the Docker daemon at unix:///var/run/docker.sock. Is the docker daemon running?
	check host "unix:///Users/frederikmoschner/.docker/run/docker.sock": docker info: Cannot connect to the Docker daemon at unix:///Users/frederikmoschner/.docker/run/docker.sock. Is the docker daemon running?

goroutine 24 [running]:
testing.tRunner.func1.2({0x102f9c720, 0x140002035a8})
	/opt/homebrew/Cellar/go/1.24.0/libexec/src/testing/testing.go:1734 +0x1ac
testing.tRunner.func1()
	/opt/homebrew/Cellar/go/1.24.0/libexec/src/testing/testing.go:1737 +0x334
panic({0x102f9c720?, 0x140002035a8?})
	/opt/homebrew/Cellar/go/1.24.0/libexec/src/runtime/panic.go:787 +0x124
github.com/testcontainers/testcontainers-go/internal/core.MustExtractDockerHost.func1()
	/Users/frederikmoschner/go/pkg/mod/github.com/testcontainers/testcontainers-go@v0.34.0/internal/core/docker_host.go:91 +0x70
sync.(*Once).doSlow(0x22f86f8522e20000?, 0x2540be400?)
	/opt/homebrew/Cellar/go/1.24.0/libexec/src/sync/once.go:78 +0xf0
sync.(*Once).Do(...)
	/opt/homebrew/Cellar/go/1.24.0/libexec/src/sync/once.go:69
github.com/testcontainers/testcontainers-go/internal/core.MustExtractDockerHost({0x1031fa2d8?, 0x104001320?})
	/Users/frederikmoschner/go/pkg/mod/github.com/testcontainers/testcontainers-go@v0.34.0/internal/core/docker_host.go:88 +0x54
github.com/testcontainers/testcontainers-go/internal/core.NewClient({0x1031fa2d8, 0x104001320}, {0x0, 0x0, 0x2ef8a4352eeb00d4?})
	/Users/frederikmoschner/go/pkg/mod/github.com/testcontainers/testcontainers-go@v0.34.0/internal/core/client.go:17 +0x9c
github.com/testcontainers/testcontainers-go.NewDockerClientWithOpts({0x1031fa2d8, 0x104001320}, {0x0, 0x0, 0x0})
	/Users/frederikmoschner/go/pkg/mod/github.com/testcontainers/testcontainers-go@v0.34.0/docker_client.go:117 +0x4c
github.com/testcontainers/testcontainers-go.NewDockerProvider({0x14000590d40, 0x2, 0x101e2fc0a?})
	/Users/frederikmoschner/go/pkg/mod/github.com/testcontainers/testcontainers-go@v0.34.0/provider.go:143 +0xf0
github.com/testcontainers/testcontainers-go.ProviderType.GetProvider(0x0, {0x140006f2ff8, 0x1, 0x0?})
	/Users/frederikmoschner/go/pkg/mod/github.com/testcontainers/testcontainers-go@v0.34.0/provider.go:114 +0x380
github.com/testcontainers/testcontainers-go.GenericContainer({_, _}, {{{{0x0, 0x0}, {0x0, 0x0}, {0x0, 0x0}, {0x0, 0x0}, ...}, ...}, ...})
	/Users/frederikmoschner/go/pkg/mod/github.com/testcontainers/testcontainers-go@v0.34.0/generic.go:59 +0xf0
github.com/influxdata/telegraf/testutil.(*Container).Start(0x140001a7b00)
	/Users/frederikmoschner/Documents/plugin_erweiterung/telegraf/testutil/container.go:76 +0x2d8
github.com/influxdata/telegraf/plugins/inputs/sql.TestMariaDBIntegration(0x14000485340)
	/Users/frederikmoschner/Documents/plugin_erweiterung/telegraf/plugins/inputs/sql/sql_test.go:61 +0x3c4
testing.tRunner(0x14000485340, 0x1031dc308)
	/opt/homebrew/Cellar/go/1.24.0/libexec/src/testing/testing.go:1792 +0xe4
created by testing.(*T).Run in goroutine 1
	/opt/homebrew/Cellar/go/1.24.0/libexec/src/testing/testing.go:1851 +0x374
FAIL	github.com/influxdata/telegraf/plugins/inputs/sql	1.903s
=== RUN   TestAzureSQLIntegration_ArcManaged_DatabaseIO_Query
    azurearcsqlmiqueries_test.go:19: Missing environment variable AZURESQL_ARCMI_CONNECTION_STRING
--- SKIP: TestAzureSQLIntegration_ArcManaged_DatabaseIO_Query (0.00s)
=== RUN   TestAzureSQLIntegration_ArcManaged_ServerProperties_Query
    azurearcsqlmiqueries_test.go:62: Missing environment variable AZURESQL_ARCMI_CONNECTION_STRING
--- SKIP: TestAzureSQLIntegration_ArcManaged_ServerProperties_Query (0.00s)
=== RUN   TestAzureSQLIntegration_ArcManaged_OsWaitStats_Query
    azurearcsqlmiqueries_test.go:108: Missing environment variable AZURESQL_ARCMI_CONNECTION_STRING
--- SKIP: TestAzureSQLIntegration_ArcManaged_OsWaitStats_Query (0.00s)
=== RUN   TestAzureSQLIntegration_ArcManaged_MemoryClerks_Query
    azurearcsqlmiqueries_test.go:146: Missing environment variable AZURESQL_ARCMI_CONNECTION_STRING
--- SKIP: TestAzureSQLIntegration_ArcManaged_MemoryClerks_Query (0.00s)
=== RUN   TestAzureSQLIntegration_ArcManaged_PerformanceCounters_Query
    azurearcsqlmiqueries_test.go:179: Missing environment variable AZURESQL_ARCMI_CONNECTION_STRING
--- SKIP: TestAzureSQLIntegration_ArcManaged_PerformanceCounters_Query (0.00s)
=== RUN   TestAzureSQLIntegration_ArcManaged_Requests_Query
    azurearcsqlmiqueries_test.go:215: Missing environment variable AZURESQL_ARCMI_CONNECTION_STRING
--- SKIP: TestAzureSQLIntegration_ArcManaged_Requests_Query (0.00s)
=== RUN   TestAzureSQLIntegration_ArcManaged_Schedulers_Query
    azurearcsqlmiqueries_test.go:274: Missing environment variable AZURESQL_ARCMI_CONNECTION_STRING
--- SKIP: TestAzureSQLIntegration_ArcManaged_Schedulers_Query (0.00s)
=== RUN   TestAzureSQLIntegration_Database_ResourceStats_Query
    azuresqldbqueries_test.go:19: Missing environment variable AZURESQL_DB_CONNECTION_STRING
--- SKIP: TestAzureSQLIntegration_Database_ResourceStats_Query (0.00s)
=== RUN   TestAzureSQLIntegration_Database_ResourceGovernance_Query
    azuresqldbqueries_test.go:65: Missing environment variable AZURESQL_DB_CONNECTION_STRING
--- SKIP: TestAzureSQLIntegration_Database_ResourceGovernance_Query (0.00s)
=== RUN   TestAzureSQLIntegration_Database_WaitStats_Query
    azuresqldbqueries_test.go:127: Missing environment variable AZURESQL_DB_CONNECTION_STRING
--- SKIP: TestAzureSQLIntegration_Database_WaitStats_Query (0.00s)
=== RUN   TestAzureSQLIntegration_Database_DatabaseIO_Query
    azuresqldbqueries_test.go:165: Missing environment variable AZURESQL_DB_CONNECTION_STRING
--- SKIP: TestAzureSQLIntegration_Database_DatabaseIO_Query (0.00s)
=== RUN   TestAzureSQLIntegration_Database_ServerProperties_Query
    azuresqldbqueries_test.go:212: Missing environment variable AZURESQL_DB_CONNECTION_STRING
--- SKIP: TestAzureSQLIntegration_Database_ServerProperties_Query (0.00s)
=== RUN   TestAzureSQLIntegration_Database_OsWaitstats_Query
    azuresqldbqueries_test.go:254: Missing environment variable AZURESQL_DB_CONNECTION_STRING
--- SKIP: TestAzureSQLIntegration_Database_OsWaitstats_Query (0.00s)
=== RUN   TestAzureSQLIntegration_Database_MemoryClerks_Query
    azuresqldbqueries_test.go:293: Missing environment variable AZURESQL_DB_CONNECTION_STRING
--- SKIP: TestAzureSQLIntegration_Database_MemoryClerks_Query (0.00s)
=== RUN   TestAzureSQLIntegration_Database_PerformanceCounters_Query
    azuresqldbqueries_test.go:327: Missing environment variable AZURESQL_DB_CONNECTION_STRING
--- SKIP: TestAzureSQLIntegration_Database_PerformanceCounters_Query (0.00s)
=== RUN   TestAzureSQLIntegration_Database_Requests_Query
    azuresqldbqueries_test.go:364: Missing environment variable AZURESQL_DB_CONNECTION_STRING
--- SKIP: TestAzureSQLIntegration_Database_Requests_Query (0.00s)
=== RUN   TestAzureSQLIntegration_Database_Schedulers_Query
    azuresqldbqueries_test.go:423: Missing environment variable AZURESQL_DB_CONNECTION_STRING
--- SKIP: TestAzureSQLIntegration_Database_Schedulers_Query (0.00s)
=== RUN   TestAzureSQLIntegration_Managed_ResourceStats_Query
    azuresqlmanagedqueries_test.go:19: Missing environment variable AZURESQL_MI_CONNECTION_STRING
--- SKIP: TestAzureSQLIntegration_Managed_ResourceStats_Query (0.00s)
=== RUN   TestAzureSQLIntegration_Managed_ResourceGovernance_Query
    azuresqlmanagedqueries_test.go:53: Missing environment variable AZURESQL_MI_CONNECTION_STRING
--- SKIP: TestAzureSQLIntegration_Managed_ResourceGovernance_Query (0.00s)
=== RUN   TestAzureSQLIntegration_Managed_DatabaseIO_Query
    azuresqlmanagedqueries_test.go:95: Missing environment variable AZURESQL_MI_CONNECTION_STRING
--- SKIP: TestAzureSQLIntegration_Managed_DatabaseIO_Query (0.00s)
=== RUN   TestAzureSQLIntegration_Managed_ServerProperties_Query
    azuresqlmanagedqueries_test.go:138: Missing environment variable AZURESQL_MI_CONNECTION_STRING
--- SKIP: TestAzureSQLIntegration_Managed_ServerProperties_Query (0.00s)
=== RUN   TestAzureSQLIntegration_Managed_OsWaitStats_Query
    azuresqlmanagedqueries_test.go:186: Missing environment variable AZURESQL_MI_CONNECTION_STRING
--- SKIP: TestAzureSQLIntegration_Managed_OsWaitStats_Query (0.00s)
=== RUN   TestAzureSQLIntegration_Managed_MemoryClerks_Query
    azuresqlmanagedqueries_test.go:224: Missing environment variable AZURESQL_MI_CONNECTION_STRING
--- SKIP: TestAzureSQLIntegration_Managed_MemoryClerks_Query (0.00s)
=== RUN   TestAzureSQLIntegration_Managed_PerformanceCounters_Query
    azuresqlmanagedqueries_test.go:257: Missing environment variable AZURESQL_MI_CONNECTION_STRING
--- SKIP: TestAzureSQLIntegration_Managed_PerformanceCounters_Query (0.00s)
=== RUN   TestAzureSQLIntegration_Managed_Requests_Query
    azuresqlmanagedqueries_test.go:293: Missing environment variable AZURESQL_MI_CONNECTION_STRING
--- SKIP: TestAzureSQLIntegration_Managed_Requests_Query (0.00s)
=== RUN   TestAzureSQLIntegration_Managed_Schedulers_Query
    azuresqlmanagedqueries_test.go:352: Missing environment variable AZURESQL_MI_CONNECTION_STRING
--- SKIP: TestAzureSQLIntegration_Managed_Schedulers_Query (0.00s)
=== RUN   TestAzureSQLIntegration_ElasticPool_ResourceStats_Query
    azuresqlpoolqueries_test.go:19: Missing environment variable AZURESQL_POOL_CONNECTION_STRING
--- SKIP: TestAzureSQLIntegration_ElasticPool_ResourceStats_Query (0.00s)
=== RUN   TestAzureSQLIntegration_ElasticPool_ResourceGovernance_Query
    azuresqlpoolqueries_test.go:62: Missing environment variable AZURESQL_POOL_CONNECTION_STRING
--- SKIP: TestAzureSQLIntegration_ElasticPool_ResourceGovernance_Query (0.00s)
=== RUN   TestAzureSQLIntegration_ElasticPool_DatabaseIO_Query
    azuresqlpoolqueries_test.go:126: Missing environment variable AZURESQL_POOL_CONNECTION_STRING
--- SKIP: TestAzureSQLIntegration_ElasticPool_DatabaseIO_Query (0.00s)
=== RUN   TestAzureSQLIntegration_ElasticPool_OsWaitStats_Query
    azuresqlpoolqueries_test.go:171: Missing environment variable AZURESQL_POOL_CONNECTION_STRING
--- SKIP: TestAzureSQLIntegration_ElasticPool_OsWaitStats_Query (0.00s)
=== RUN   TestAzureSQLIntegration_ElasticPool_MemoryClerks_Query
    azuresqlpoolqueries_test.go:209: Missing environment variable AZURESQL_POOL_CONNECTION_STRING
--- SKIP: TestAzureSQLIntegration_ElasticPool_MemoryClerks_Query (0.00s)
=== RUN   TestAzureSQLIntegration_ElasticPool_PerformanceCounters_Query
    azuresqlpoolqueries_test.go:242: Missing environment variable AZURESQL_POOL_CONNECTION_STRING
--- SKIP: TestAzureSQLIntegration_ElasticPool_PerformanceCounters_Query (0.00s)
=== RUN   TestAzureSQLIntegration_ElasticPool_Schedulers_Query
    azuresqlpoolqueries_test.go:277: Missing environment variable AZURESQL_POOL_CONNECTION_STRING
--- SKIP: TestAzureSQLIntegration_ElasticPool_Schedulers_Query (0.00s)
=== RUN   TestSqlServer_QueriesInclusionExclusion
2025-02-19T20:37:33Z I! [] Config: database_type:  , query_version:2 , azuredb: false
2025-02-19T20:37:33Z I! [] Config: Effective Queries: []string{"PerformanceCounters", "SqlRequests"}
2025-02-19T20:37:33Z I! [] Config: database_type:  , query_version:2 , azuredb: false
2025-02-19T20:37:33Z I! [] Config: Effective Queries: []string{"PerformanceCounters"}
--- PASS: TestSqlServer_QueriesInclusionExclusion (0.00s)
=== RUN   TestSqlServer_ParseMetrics
--- PASS: TestSqlServer_ParseMetrics (0.19s)
=== RUN   TestSqlServerIntegration_MultipleInstance
    sqlserver_test.go:116: Skipping as unable to open tcp connection with host '127.0.0.1:1433
--- SKIP: TestSqlServerIntegration_MultipleInstance (0.00s)
=== RUN   TestSqlServerIntegration_MultipleInstanceWithHealthMetric
    sqlserver_test.go:155: Skipping as unable to open tcp connection with host '127.0.0.1:1433
--- SKIP: TestSqlServerIntegration_MultipleInstanceWithHealthMetric (0.00s)
=== RUN   TestSqlServer_HealthMetric
2025-02-19T20:37:33Z I! [] Config: database_type:  , query_version:0 , azuredb: false
2025-02-19T20:37:33Z I! [] Config: Effective Queries: []string{"MemoryClerk", "DatabaseSize"}
--- PASS: TestSqlServer_HealthMetric (0.00s)
=== RUN   TestSqlServer_MultipleInit
2025-02-19T20:37:33Z I! [] Config: database_type:  , query_version:0 , azuredb: false
2025-02-19T20:37:33Z I! [] Config: Effective Queries: []string{"CPUHistory", "DatabaseIO", "DatabaseSize", "DatabaseStats", "DatabaseProperties", "MemoryClerk", "PerformanceCounters", "WaitStatsCategorized", "VolumeSpace", "PerformanceMetrics"}
2025-02-19T20:37:33Z I! [] Config: database_type:  , query_version:0 , azuredb: false
2025-02-19T20:37:33Z I! [] Config: Effective Queries: []string{"PerformanceCounters", "DatabaseIO", "DatabaseStats", "DatabaseProperties", "MemoryClerk", "WaitStatsCategorized", "CPUHistory", "DatabaseSize", "VolumeSpace", "PerformanceMetrics"}
--- PASS: TestSqlServer_MultipleInit (0.00s)
=== RUN   TestSqlServer_ConnectionString
--- PASS: TestSqlServer_ConnectionString (0.00s)
=== RUN   TestSqlServerIntegration_AGQueriesApplicableForDatabaseTypeSQLServer
    sqlserver_test.go:352: Missing environment variable AZURESQL_POOL_CONNECTION_STRING
--- SKIP: TestSqlServerIntegration_AGQueriesApplicableForDatabaseTypeSQLServer (0.00s)
=== RUN   TestSqlServerIntegration_AGQueryFieldsOutputBasedOnSQLServerVersion
    sqlserver_test.go:401: Missing environment variable AZURESQL_POOL_CONNECTION_STRING_2019
--- SKIP: TestSqlServerIntegration_AGQueryFieldsOutputBasedOnSQLServerVersion (0.00s)
PASS
ok  	github.com/influxdata/telegraf/plugins/inputs/sqlserver	0.741s
=== RUN   TestInitAndRegister
--- PASS: TestInitAndRegister (0.00s)
=== RUN   TestGather
=== RUN   TestGather/no_bucket
=== RUN   TestGather/int64
=== RUN   TestGather/double
=== RUN   TestGather/int64#01
=== RUN   TestGather/bool
=== RUN   TestGather/string
=== RUN   TestGather/metric_labels
=== RUN   TestGather/linear_buckets
=== RUN   TestGather/exponential_buckets
=== RUN   TestGather/explicit_buckets
=== RUN   TestGather/implicit_buckets_are_zero
--- PASS: TestGather (0.00s)
    --- PASS: TestGather/no_bucket (0.00s)
    --- PASS: TestGather/int64 (0.00s)
    --- PASS: TestGather/double (0.00s)
    --- PASS: TestGather/int64#01 (0.00s)
    --- PASS: TestGather/bool (0.00s)
    --- PASS: TestGather/string (0.00s)
    --- PASS: TestGather/metric_labels (0.00s)
    --- PASS: TestGather/linear_buckets (0.00s)
    --- PASS: TestGather/exponential_buckets (0.00s)
    --- PASS: TestGather/explicit_buckets (0.00s)
    --- PASS: TestGather/implicit_buckets_are_zero (0.00s)
=== RUN   TestGatherAlign
=== RUN   TestGatherAlign/align
--- PASS: TestGatherAlign (0.00s)
    --- PASS: TestGatherAlign/align (0.00s)
=== RUN   TestListMetricDescriptorFilter
=== RUN   TestListMetricDescriptorFilter/simple
=== RUN   TestListMetricDescriptorFilter/single_resource_labels_string
=== RUN   TestListMetricDescriptorFilter/single_resource_labels_function
=== RUN   TestListMetricDescriptorFilter/multiple_resource_labels
=== RUN   TestListMetricDescriptorFilter/single_metric_label_string
=== RUN   TestListMetricDescriptorFilter/single_metric_label_function
=== RUN   TestListMetricDescriptorFilter/multiple_metric_labels
=== RUN   TestListMetricDescriptorFilter/all_labels_filters
--- PASS: TestListMetricDescriptorFilter (0.00s)
    --- PASS: TestListMetricDescriptorFilter/simple (0.00s)
    --- PASS: TestListMetricDescriptorFilter/single_resource_labels_string (0.00s)
    --- PASS: TestListMetricDescriptorFilter/single_resource_labels_function (0.00s)
    --- PASS: TestListMetricDescriptorFilter/multiple_resource_labels (0.00s)
    --- PASS: TestListMetricDescriptorFilter/single_metric_label_string (0.00s)
    --- PASS: TestListMetricDescriptorFilter/single_metric_label_function (0.00s)
    --- PASS: TestListMetricDescriptorFilter/multiple_metric_labels (0.00s)
    --- PASS: TestListMetricDescriptorFilter/all_labels_filters (0.00s)
=== RUN   TestNewListTimeSeriesFilter
--- PASS: TestNewListTimeSeriesFilter (0.00s)
=== RUN   TestTimeSeriesConfCacheIsValid
--- PASS: TestTimeSeriesConfCacheIsValid (0.00s)
PASS
ok  	github.com/influxdata/telegraf/plugins/inputs/stackdriver	1.087s
=== RUN   TestEventGather
2025-02-19T20:37:34Z I! [] TCP listening on "[::]:52077"
2025-02-19T20:37:34Z I! [] Started the statsd service on ""
=== RUN   TestEventGather/basic
=== RUN   TestEventGather/escape_some_stuff
=== RUN   TestEventGather/custom_time
2025-02-19T20:37:34Z I! [] Stopping the statsd service
2025-02-19T20:37:34Z I! [] Stopped listener service on ""
--- PASS: TestEventGather (0.00s)
    --- PASS: TestEventGather/basic (0.00s)
    --- PASS: TestEventGather/escape_some_stuff (0.00s)
    --- PASS: TestEventGather/custom_time (0.00s)
=== RUN   TestEvents
2025-02-19T20:37:34Z I! [] TCP listening on "[::]:52078"
2025-02-19T20:37:34Z I! [] Started the statsd service on ""
=== RUN   TestEvents/event_minimal
=== RUN   TestEvents/event_multilines_text
=== RUN   TestEvents/event_pipe_in_title
=== RUN   TestEvents/event_metadata_timestamp
=== RUN   TestEvents/event_metadata_priority
=== RUN   TestEvents/event_metadata_hostname
=== RUN   TestEvents/event_metadata_hostname_in_tag
=== RUN   TestEvents/event_metadata_empty_host_tag
=== RUN   TestEvents/event_metadata_alert_type
=== RUN   TestEvents/event_metadata_aggregation_key
=== RUN   TestEvents/event_metadata_aggregation_key#01
=== RUN   TestEvents/event_metadata_source_type
=== RUN   TestEvents/event_metadata_source_type#01
=== RUN   TestEvents/event_metadata_source_tags
=== RUN   TestEvents/event_metadata_multiple
2025-02-19T20:37:34Z I! [] Stopping the statsd service
2025-02-19T20:37:34Z I! [] Stopped listener service on ""
--- PASS: TestEvents (0.00s)
    --- PASS: TestEvents/event_minimal (0.00s)
    --- PASS: TestEvents/event_multilines_text (0.00s)
    --- PASS: TestEvents/event_pipe_in_title (0.00s)
    --- PASS: TestEvents/event_metadata_timestamp (0.00s)
    --- PASS: TestEvents/event_metadata_priority (0.00s)
    --- PASS: TestEvents/event_metadata_hostname (0.00s)
    --- PASS: TestEvents/event_metadata_hostname_in_tag (0.00s)
    --- PASS: TestEvents/event_metadata_empty_host_tag (0.00s)
    --- PASS: TestEvents/event_metadata_alert_type (0.00s)
    --- PASS: TestEvents/event_metadata_aggregation_key (0.00s)
    --- PASS: TestEvents/event_metadata_aggregation_key#01 (0.00s)
    --- PASS: TestEvents/event_metadata_source_type (0.00s)
    --- PASS: TestEvents/event_metadata_source_type#01 (0.00s)
    --- PASS: TestEvents/event_metadata_source_tags (0.00s)
    --- PASS: TestEvents/event_metadata_multiple (0.00s)
=== RUN   TestEventError
2025-02-19T20:37:34Z I! [] TCP listening on "[::]:52079"
2025-02-19T20:37:34Z I! [] Started the statsd service on ""
2025-02-19T20:37:34Z I! [] Stopping the statsd service
2025-02-19T20:37:34Z I! [] Stopped listener service on ""
--- PASS: TestEventError (0.00s)
=== RUN   TestRunningStats_Single
--- PASS: TestRunningStats_Single (0.00s)
=== RUN   TestRunningStats_Duplicate
--- PASS: TestRunningStats_Duplicate (0.00s)
=== RUN   TestRunningStats
--- PASS: TestRunningStats (0.00s)
=== RUN   TestRunningStats_PercentileLimit
--- PASS: TestRunningStats_PercentileLimit (0.00s)
=== RUN   TestRunningStats_MedianLimitIndex
--- PASS: TestRunningStats_MedianLimitIndex (0.00s)
=== RUN   TestConcurrentConns
2025-02-19T20:37:34Z I! [] TCP listening on "127.0.0.1:8125"
2025-02-19T20:37:34Z I! [] Started the statsd service on "localhost:8125"
2025-02-19T20:37:34Z I! [] Refused TCP Connection from 127.0.0.1:52084
2025-02-19T20:37:34Z W! [] Maximum TCP Connections reached, you may want to adjust max_tcp_connections
2025-02-19T20:37:34Z I! [] Refused TCP Connection from 127.0.0.1:52085
2025-02-19T20:37:34Z W! [] Maximum TCP Connections reached, you may want to adjust max_tcp_connections
2025-02-19T20:37:34Z I! [] Stopping the statsd service
2025-02-19T20:37:34Z I! [] Stopped listener service on "localhost:8125"
--- PASS: TestConcurrentConns (0.35s)
=== RUN   TestConcurrentConns1
2025-02-19T20:37:34Z I! [] TCP listening on "127.0.0.1:8125"
2025-02-19T20:37:34Z I! [] Started the statsd service on "localhost:8125"
2025-02-19T20:37:34Z I! [] Refused TCP Connection from 127.0.0.1:52091
2025-02-19T20:37:34Z W! [] Maximum TCP Connections reached, you may want to adjust max_tcp_connections
2025-02-19T20:37:34Z I! [] Refused TCP Connection from 127.0.0.1:52092
2025-02-19T20:37:34Z W! [] Maximum TCP Connections reached, you may want to adjust max_tcp_connections
2025-02-19T20:37:34Z I! [] Stopping the statsd service
2025-02-19T20:37:34Z I! [] Stopped listener service on "localhost:8125"
--- PASS: TestConcurrentConns1 (0.35s)
=== RUN   TestCloseConcurrentConns
2025-02-19T20:37:34Z I! [] TCP listening on "127.0.0.1:8125"
2025-02-19T20:37:34Z I! [] Started the statsd service on "localhost:8125"
2025-02-19T20:37:35Z I! [] Stopping the statsd service
2025-02-19T20:37:35Z I! [] Stopped listener service on "localhost:8125"
--- PASS: TestCloseConcurrentConns (0.25s)
=== RUN   TestParse_ValidLines
--- PASS: TestParse_ValidLines (0.00s)
=== RUN   TestParse_Gauges
--- PASS: TestParse_Gauges (0.00s)
=== RUN   TestParse_Sets
--- PASS: TestParse_Sets (0.00s)
=== RUN   TestParse_Sets_SetsAsFloat
unique_user_ids,metric_type=set value=2 1739997455044100000

--- PASS: TestParse_Sets_SetsAsFloat (0.00s)
=== RUN   TestParse_Counters
--- PASS: TestParse_Counters (0.00s)
=== RUN   TestParse_CountersAsFloat
big_inc,metric_type=counter value=1100101 1739997455044606000
zero_init,metric_type=counter value=0 1739997455044606000
sample_rate,metric_type=counter value=11 1739997455044606000
scientific_notation,metric_type=counter value=469600 1739997455044606000
negative_test,metric_type=counter value=95 1739997455044606000
small_inc,metric_type=counter value=2 1739997455044606000

--- PASS: TestParse_CountersAsFloat (0.00s)
=== RUN   TestParse_Timings
--- PASS: TestParse_Timings (0.00s)
=== RUN   TestParse_Timings_TimingsAsFloat
--- PASS: TestParse_Timings_TimingsAsFloat (0.00s)
=== RUN   TestParse_Distributions
--- PASS: TestParse_Distributions (0.00s)
=== RUN   TestParseScientificNotation
--- PASS: TestParseScientificNotation (0.00s)
=== RUN   TestParse_InvalidLines
2025-02-19T20:37:35Z E! [] Splitting '|', unable to parse metric: i.dont.have.a.pipe:45g
2025-02-19T20:37:35Z E! [] Splitting ':', unable to parse metric: i.dont.have.a.colon45|c
2025-02-19T20:37:35Z E! [] Metric type "e" unsupported
2025-02-19T20:37:35Z E! [] +- values are only supported for gauges & counters, unable to parse metric: invalid.plus.minus.non.gauge:+10|s
2025-02-19T20:37:35Z E! [] +- values are only supported for gauges & counters, unable to parse metric: invalid.plus.minus.non.gauge:+10|ms
2025-02-19T20:37:35Z E! [] +- values are only supported for gauges & counters, unable to parse metric: invalid.plus.minus.non.gauge:+10|h
2025-02-19T20:37:35Z E! [] Parsing value to int64, unable to parse metric: invalid.value:foobar|c
2025-02-19T20:37:35Z E! [] Parsing value to int64, unable to parse metric: invalid.value:d11|c
2025-02-19T20:37:35Z E! [] Parsing value to int64, unable to parse metric: invalid.value:1d1|c
--- PASS: TestParse_InvalidLines (0.00s)
=== RUN   TestParse_InvalidSampleRate
2025-02-19T20:37:35Z E! [] Parsing sample rate: strconv.ParseFloat: parsing "foo": invalid syntax
--- PASS: TestParse_InvalidSampleRate (0.00s)
=== RUN   TestParse_DefaultNameParsing
--- PASS: TestParse_DefaultNameParsing (0.00s)
=== RUN   TestParse_Template
--- PASS: TestParse_Template (0.00s)
=== RUN   TestParse_TemplateFilter
--- PASS: TestParse_TemplateFilter (0.00s)
=== RUN   TestParse_TemplateSpecificity
--- PASS: TestParse_TemplateSpecificity (0.00s)
=== RUN   TestParse_TemplateFields
--- PASS: TestParse_TemplateFields (0.00s)
=== RUN   TestParse_Fields
--- PASS: TestParse_Fields (0.00s)
=== RUN   TestParse_Tags
--- PASS: TestParse_Tags (0.00s)
=== RUN   TestParse_DataDogTags
=== RUN   TestParse_DataDogTags/counter
=== RUN   TestParse_DataDogTags/gauge
=== RUN   TestParse_DataDogTags/set
=== RUN   TestParse_DataDogTags/timer
=== RUN   TestParse_DataDogTags/empty_tag_set
--- PASS: TestParse_DataDogTags (0.00s)
    --- PASS: TestParse_DataDogTags/counter (0.00s)
    --- PASS: TestParse_DataDogTags/gauge (0.00s)
    --- PASS: TestParse_DataDogTags/set (0.00s)
    --- PASS: TestParse_DataDogTags/timer (0.00s)
    --- PASS: TestParse_DataDogTags/empty_tag_set (0.00s)
=== RUN   TestParse_DataDogContainerID
=== RUN   TestParse_DataDogContainerID/counter
=== RUN   TestParse_DataDogContainerID/gauge
=== RUN   TestParse_DataDogContainerID/set
=== RUN   TestParse_DataDogContainerID/timer
=== RUN   TestParse_DataDogContainerID/empty_tag_set
=== RUN   TestParse_DataDogContainerID/drop_it
--- PASS: TestParse_DataDogContainerID (0.00s)
    --- PASS: TestParse_DataDogContainerID/counter (0.00s)
    --- PASS: TestParse_DataDogContainerID/gauge (0.00s)
    --- PASS: TestParse_DataDogContainerID/set (0.00s)
    --- PASS: TestParse_DataDogContainerID/timer (0.00s)
    --- PASS: TestParse_DataDogContainerID/empty_tag_set (0.00s)
    --- PASS: TestParse_DataDogContainerID/drop_it (0.00s)
=== RUN   TestParseName
--- PASS: TestParseName (0.00s)
=== RUN   TestParse_MeasurementsWithSameName
--- PASS: TestParse_MeasurementsWithSameName (0.00s)
=== RUN   TestCachesExpireAfterMaxTTL
--- PASS: TestCachesExpireAfterMaxTTL (0.10s)
=== RUN   TestParse_MeasurementsWithMultipleValues
--- PASS: TestParse_MeasurementsWithMultipleValues (0.00s)
=== RUN   TestParse_TimingsMultipleFieldsWithTemplate
--- PASS: TestParse_TimingsMultipleFieldsWithTemplate (0.00s)
=== RUN   TestParse_TimingsMultipleFieldsWithoutTemplate
--- PASS: TestParse_TimingsMultipleFieldsWithoutTemplate (0.00s)
=== RUN   TestParse_Timings_Delete
--- PASS: TestParse_Timings_Delete (0.00s)
=== RUN   TestParse_Gauges_Delete
--- PASS: TestParse_Gauges_Delete (0.00s)
=== RUN   TestParse_Sets_Delete
--- PASS: TestParse_Sets_Delete (0.00s)
=== RUN   TestParse_Counters_Delete
--- PASS: TestParse_Counters_Delete (0.00s)
=== RUN   TestParseKeyValue
--- PASS: TestParseKeyValue (0.00s)
=== RUN   TestTCP
2025-02-19T20:37:35Z I! [] TCP listening on "127.0.0.1:52101"
2025-02-19T20:37:35Z I! [] Started the statsd service on "localhost:0"
2025-02-19T20:37:35Z I! [] Stopping the statsd service
2025-02-19T20:37:35Z I! [] Stopped listener service on "localhost:0"
--- PASS: TestTCP (0.02s)
=== RUN   TestUdp
2025-02-19T20:37:35Z I! [] UDP listening on "127.0.0.1:14223"
2025-02-19T20:37:35Z I! [] Started the statsd service on "localhost:14223"
2025-02-19T20:37:35Z I! [] Stopping the statsd service
2025-02-19T20:37:35Z I! [] Stopped listener service on "localhost:14223"
--- PASS: TestUdp (0.00s)
=== RUN   TestUdpFillQueue
2025-02-19T20:37:35Z I! [] UDP listening on "127.0.0.1:57553"
2025-02-19T20:37:35Z I! [] Started the statsd service on "localhost:0"
2025-02-19T20:37:35Z I! [] Stopping the statsd service
2025-02-19T20:37:35Z I! [] Stopped listener service on "localhost:0"
--- PASS: TestUdpFillQueue (0.10s)
=== RUN   TestParse_Ints
--- PASS: TestParse_Ints (0.00s)
=== RUN   TestParse_KeyValue
--- PASS: TestParse_KeyValue (0.00s)
=== RUN   TestParseSanitize
--- PASS: TestParseSanitize (0.00s)
=== RUN   TestParseNoSanitize
--- PASS: TestParseNoSanitize (0.00s)
=== RUN   TestParse_InvalidAndRecoverIntegration
2025-02-19T20:37:35Z I! [] TCP listening on "127.0.0.1:8125"
2025-02-19T20:37:35Z I! [] Started the statsd service on "localhost:8125"
2025-02-19T20:37:35Z E! [] Parsing value to float64, unable to parse metric: test.service.stat.missing_value:|h
2025-02-19T20:37:35Z I! [] Stopping the statsd service
2025-02-19T20:37:35Z I! [] Stopped listener service on "localhost:8125"
--- PASS: TestParse_InvalidAndRecoverIntegration (0.21s)
=== RUN   TestParse_DeltaCounter
2025-02-19T20:37:35Z I! [] TCP listening on "127.0.0.1:8125"
2025-02-19T20:37:35Z I! [] Started the statsd service on "localhost:8125"
2025-02-19T20:37:35Z I! [] Stopping the statsd service
2025-02-19T20:37:35Z I! [] Stopped listener service on "localhost:8125"
--- PASS: TestParse_DeltaCounter (0.11s)
PASS
ok  	github.com/influxdata/telegraf/plugins/inputs/statsd	2.859s
=== RUN   TestShort_SampleData
=== RUN   TestShort_SampleData/Case_1
--- PASS: TestShort_SampleData (0.00s)
    --- PASS: TestShort_SampleData/Case_1 (0.00s)
=== RUN   TestIntegration_BasicGathering
--- FAIL: TestIntegration_BasicGathering (0.00s)
panic: check host "unix:///var/run/docker.sock": docker info: Cannot connect to the Docker daemon at unix:///var/run/docker.sock. Is the docker daemon running?
	check host "unix:///Users/frederikmoschner/.docker/run/docker.sock": docker info: Cannot connect to the Docker daemon at unix:///Users/frederikmoschner/.docker/run/docker.sock. Is the docker daemon running? [recovered]
	panic: check host "unix:///var/run/docker.sock": docker info: Cannot connect to the Docker daemon at unix:///var/run/docker.sock. Is the docker daemon running?
	check host "unix:///Users/frederikmoschner/.docker/run/docker.sock": docker info: Cannot connect to the Docker daemon at unix:///Users/frederikmoschner/.docker/run/docker.sock. Is the docker daemon running?

goroutine 23 [running]:
testing.tRunner.func1.2({0x10127bdc0, 0x14000120bd0})
	/opt/homebrew/Cellar/go/1.24.0/libexec/src/testing/testing.go:1734 +0x1ac
testing.tRunner.func1()
	/opt/homebrew/Cellar/go/1.24.0/libexec/src/testing/testing.go:1737 +0x334
panic({0x10127bdc0?, 0x14000120bd0?})
	/opt/homebrew/Cellar/go/1.24.0/libexec/src/runtime/panic.go:787 +0x124
github.com/testcontainers/testcontainers-go/internal/core.MustExtractDockerHost.func1()
	/Users/frederikmoschner/go/pkg/mod/github.com/testcontainers/testcontainers-go@v0.34.0/internal/core/docker_host.go:91 +0x70
sync.(*Once).doSlow(0x0?, 0x2540be400?)
	/opt/homebrew/Cellar/go/1.24.0/libexec/src/sync/once.go:78 +0xf0
sync.(*Once).Do(...)
	/opt/homebrew/Cellar/go/1.24.0/libexec/src/sync/once.go:69
github.com/testcontainers/testcontainers-go/internal/core.MustExtractDockerHost({0x101338288?, 0x1016ba9c0?})
	/Users/frederikmoschner/go/pkg/mod/github.com/testcontainers/testcontainers-go@v0.34.0/internal/core/docker_host.go:88 +0x54
github.com/testcontainers/testcontainers-go/internal/core.NewClient({0x101338288, 0x1016ba9c0}, {0x0, 0x0, 0x0?})
	/Users/frederikmoschner/go/pkg/mod/github.com/testcontainers/testcontainers-go@v0.34.0/internal/core/client.go:17 +0x9c
github.com/testcontainers/testcontainers-go.NewDockerClientWithOpts({0x101338288, 0x1016ba9c0}, {0x0, 0x0, 0x0})
	/Users/frederikmoschner/go/pkg/mod/github.com/testcontainers/testcontainers-go@v0.34.0/docker_client.go:117 +0x4c
github.com/testcontainers/testcontainers-go.NewDockerProvider({0x140002ba620, 0x2, 0x1011395f7?})
	/Users/frederikmoschner/go/pkg/mod/github.com/testcontainers/testcontainers-go@v0.34.0/provider.go:143 +0xf0
github.com/testcontainers/testcontainers-go.ProviderType.GetProvider(0x0, {0x14000173278, 0x1, 0x0?})
	/Users/frederikmoschner/go/pkg/mod/github.com/testcontainers/testcontainers-go@v0.34.0/provider.go:114 +0x380
github.com/testcontainers/testcontainers-go.GenericContainer({_, _}, {{{{0x0, 0x0}, {0x0, 0x0}, {0x0, 0x0}, {0x0, 0x0}, ...}, ...}, ...})
	/Users/frederikmoschner/go/pkg/mod/github.com/testcontainers/testcontainers-go@v0.34.0/generic.go:59 +0xf0
github.com/influxdata/telegraf/testutil.(*Container).Start(0x14000179e60)
	/Users/frederikmoschner/Documents/plugin_erweiterung/telegraf/testutil/container.go:76 +0x2d8
github.com/influxdata/telegraf/plugins/inputs/supervisor.TestIntegration_BasicGathering(0x14000103880)
	/Users/frederikmoschner/Documents/plugin_erweiterung/telegraf/plugins/inputs/supervisor/supervisor_test.go:149 +0x310
testing.tRunner(0x14000103880, 0x10132e480)
	/opt/homebrew/Cellar/go/1.24.0/libexec/src/testing/testing.go:1792 +0xe4
created by testing.(*T).Run in goroutine 1
	/opt/homebrew/Cellar/go/1.24.0/libexec/src/testing/testing.go:1851 +0x374
FAIL	github.com/influxdata/telegraf/plugins/inputs/supervisor	0.772s
=== RUN   TestSuricataLarge
--- PASS: TestSuricataLarge (0.00s)
=== RUN   TestSuricataAlerts
--- PASS: TestSuricataAlerts (0.00s)
=== RUN   TestSuricata
--- PASS: TestSuricata (0.00s)
=== RUN   TestThreadStats
--- PASS: TestThreadStats (0.00s)
=== RUN   TestSuricataInvalid
--- PASS: TestSuricataInvalid (0.00s)
=== RUN   TestSuricataInvalidPath
--- PASS: TestSuricataInvalidPath (0.00s)
=== RUN   TestSuricataTooLongLine
--- PASS: TestSuricataTooLongLine (0.02s)
=== RUN   TestSuricataEmptyJSON
--- PASS: TestSuricataEmptyJSON (0.00s)
=== RUN   TestSuricataDisconnectSocket
--- PASS: TestSuricataDisconnectSocket (0.00s)
=== RUN   TestSuricataStartStop
--- PASS: TestSuricataStartStop (0.00s)
=== RUN   TestSuricataParse
--- PASS: TestSuricataParse (0.00s)
=== RUN   TestSuricataParseVersion2
2025/02/19 21:37:34 D! [] Flattening "drop" failed: unsupported type bool encountered
2025/02/19 21:37:34 D! [] Flattening "drop" failed: unsupported type bool encountered
2025/02/19 21:37:34 D! [] Flattening "drop" failed: unsupported type bool encountered
2025/02/19 21:37:34 D! [] Flattening "drop" failed: unsupported type bool encountered
2025/02/19 21:37:34 D! [] Flattening "drop" failed: unsupported type bool encountered
2025/02/19 21:37:34 D! [] Flattening "drop" failed: unsupported type bool encountered
2025/02/19 21:37:34 D! [] Flattening "flow" failed: unsupported type bool encountered
--- PASS: TestSuricataParseVersion2 (0.01s)
PASS
ok  	github.com/influxdata/telegraf/plugins/inputs/suricata	2.076s
=== RUN   TestSwapStats
--- PASS: TestSwapStats (0.00s)
PASS
ok  	github.com/influxdata/telegraf/plugins/inputs/swap	1.639s
?   	github.com/influxdata/telegraf/plugins/inputs/synproxy	[no test files]
=== RUN   TestAddressMissingProtocol
--- PASS: TestAddressMissingProtocol (0.00s)
=== RUN   TestAddressUnknownProtocol
--- PASS: TestAddressUnknownProtocol (0.00s)
=== RUN   TestAddressDefault
--- PASS: TestAddressDefault (0.00s)
=== RUN   TestAddressDefaultPort
--- PASS: TestAddressDefaultPort (0.00s)
=== RUN   TestReadTimeoutWarning
2025-02-19T20:37:35Z W! [] Read timeout set! Connections, inactive for the set duration, will be closed!
2025-02-19T20:37:35Z I! [] Listening on tcp://127.0.0.1:6514
--- PASS: TestReadTimeoutWarning (0.11s)
=== RUN   TestUnixgram
2025-02-19T20:37:35Z I! [] Listening on unixgram:///tmp/sock
--- PASS: TestUnixgram (0.10s)
=== RUN   TestCases
=== RUN   TestCases/non_transparent_best_effort_tcp_1st_avg_ok
2025-02-19T20:37:35Z I! Loading config: testcases/non_transparent_best_effort_tcp_1st_avg_ok/telegraf.conf
2025-02-19T20:37:35Z I! [inputs.syslog] Listening on tcp://127.0.0.1:52105
=== RUN   TestCases/non_transparent_best_effort_tcp_1st_min_ok_2nd_min_ok
2025-02-19T20:37:35Z I! Loading config: testcases/non_transparent_best_effort_tcp_1st_min_ok_2nd_min_ok/telegraf.conf
2025-02-19T20:37:35Z I! [inputs.syslog] Listening on tcp://127.0.0.1:52107
=== RUN   TestCases/non_transparent_best_effort_tcptls_1st_avg_ok
2025-02-19T20:37:35Z I! Loading config: testcases/non_transparent_best_effort_tcptls_1st_avg_ok/telegraf.conf
2025-02-19T20:37:35Z I! [inputs.syslog] Listening on tcp://127.0.0.1:52109
=== RUN   TestCases/non_transparent_best_effort_tcptls_1st_min_ok_2nd_min_ok
2025-02-19T20:37:35Z I! Loading config: testcases/non_transparent_best_effort_tcptls_1st_min_ok_2nd_min_ok/telegraf.conf
2025-02-19T20:37:35Z I! [inputs.syslog] Listening on tcp://127.0.0.1:52116
=== RUN   TestCases/non_transparent_best_effort_unix
2025-02-19T20:37:36Z I! Loading config: testcases/non_transparent_best_effort_unix/telegraf.conf
2025-02-19T20:37:36Z I! [inputs.syslog] Listening on unix:///tmp/sock
=== RUN   TestCases/non_transparent_best_effort_unixtls
2025-02-19T20:37:36Z I! Loading config: testcases/non_transparent_best_effort_unixtls/telegraf.conf
2025-02-19T20:37:36Z I! [inputs.syslog] Listening on unix:///tmp/sock
=== RUN   TestCases/non_transparent_strict_tcp_1st_avg_ok
2025-02-19T20:37:36Z I! Loading config: testcases/non_transparent_strict_tcp_1st_avg_ok/telegraf.conf
2025-02-19T20:37:36Z I! [inputs.syslog] Listening on tcp://127.0.0.1:52118
=== RUN   TestCases/non_transparent_strict_tcp_1st_min_ok_2nd_min_ok
2025-02-19T20:37:36Z I! Loading config: testcases/non_transparent_strict_tcp_1st_min_ok_2nd_min_ok/telegraf.conf
2025-02-19T20:37:36Z I! [inputs.syslog] Listening on tcp://127.0.0.1:52120
=== RUN   TestCases/non_transparent_strict_tcptls_1st_avg_ok
2025-02-19T20:37:36Z I! Loading config: testcases/non_transparent_strict_tcptls_1st_avg_ok/telegraf.conf
2025-02-19T20:37:36Z I! [inputs.syslog] Listening on tcp://127.0.0.1:52124
=== RUN   TestCases/non_transparent_strict_tcptls_1st_min_ok_2nd_min_ok
2025-02-19T20:37:36Z I! Loading config: testcases/non_transparent_strict_tcptls_1st_min_ok_2nd_min_ok/telegraf.conf
2025-02-19T20:37:36Z I! [inputs.syslog] Listening on tcp://127.0.0.1:52126
=== RUN   TestCases/non_transparent_strict_unix
2025-02-19T20:37:36Z I! Loading config: testcases/non_transparent_strict_unix/telegraf.conf
2025-02-19T20:37:36Z I! [inputs.syslog] Listening on unix:///tmp/sock
=== RUN   TestCases/non_transparent_strict_unixtls
2025-02-19T20:37:36Z I! Loading config: testcases/non_transparent_strict_unixtls/telegraf.conf
2025-02-19T20:37:36Z I! [inputs.syslog] Listening on unix:///tmp/sock
=== RUN   TestCases/octet_counting_best_effort_tcp_1st_avg_ok
2025-02-19T20:37:36Z I! Loading config: testcases/octet_counting_best_effort_tcp_1st_avg_ok/telegraf.conf
2025-02-19T20:37:36Z I! [inputs.syslog] Listening on tcp://127.0.0.1:52130
=== RUN   TestCases/octet_counting_best_effort_tcp_1st_max_ok
2025-02-19T20:37:37Z I! Loading config: testcases/octet_counting_best_effort_tcp_1st_max_ok/telegraf.conf
2025-02-19T20:37:37Z I! [inputs.syslog] Listening on tcp://127.0.0.1:52132
=== RUN   TestCases/octet_counting_best_effort_tcp_1st_min_ok
2025-02-19T20:37:37Z I! Loading config: testcases/octet_counting_best_effort_tcp_1st_min_ok/telegraf.conf
2025-02-19T20:37:37Z I! [inputs.syslog] Listening on tcp://127.0.0.1:52134
=== RUN   TestCases/octet_counting_best_effort_tcp_1st_min_ok_2nd_min_ok
2025-02-19T20:37:37Z I! Loading config: testcases/octet_counting_best_effort_tcp_1st_min_ok_2nd_min_ok/telegraf.conf
2025-02-19T20:37:37Z I! [inputs.syslog] Listening on tcp://127.0.0.1:52136
=== RUN   TestCases/octet_counting_best_effort_tcp_1st_newline_ok
2025-02-19T20:37:37Z I! Loading config: testcases/octet_counting_best_effort_tcp_1st_newline_ok/telegraf.conf
2025-02-19T20:37:37Z I! [inputs.syslog] Listening on tcp://127.0.0.1:52138
=== RUN   TestCases/octet_counting_best_effort_tcp_1st_underflow_malfunction
2025-02-19T20:37:37Z I! Loading config: testcases/octet_counting_best_effort_tcp_1st_underflow_malfunction/telegraf.conf
2025-02-19T20:37:37Z I! [inputs.syslog] Listening on tcp://127.0.0.1:52144
=== RUN   TestCases/octet_counting_best_effort_tcp_1st_underflow_nok
2025-02-19T20:37:37Z I! Loading config: testcases/octet_counting_best_effort_tcp_1st_underflow_nok/telegraf.conf
2025-02-19T20:37:37Z I! [inputs.syslog] Listening on tcp://127.0.0.1:52147
=== RUN   TestCases/octet_counting_best_effort_tcp_1st_utf8_ok
2025-02-19T20:37:37Z I! Loading config: testcases/octet_counting_best_effort_tcp_1st_utf8_ok/telegraf.conf
2025-02-19T20:37:37Z I! [inputs.syslog] Listening on tcp://127.0.0.1:52149
=== RUN   TestCases/octet_counting_best_effort_tcptls
2025-02-19T20:37:37Z I! Loading config: testcases/octet_counting_best_effort_tcptls/telegraf.conf
2025-02-19T20:37:37Z I! [inputs.syslog] Listening on tcp://127.0.0.1:52151
=== RUN   TestCases/octet_counting_best_effort_unix
2025-02-19T20:37:37Z I! Loading config: testcases/octet_counting_best_effort_unix/telegraf.conf
2025-02-19T20:37:37Z I! [inputs.syslog] Listening on unix:///tmp/sock
=== RUN   TestCases/octet_counting_best_effort_unixtls
2025-02-19T20:37:38Z I! Loading config: testcases/octet_counting_best_effort_unixtls/telegraf.conf
2025-02-19T20:37:38Z I! [inputs.syslog] Listening on unix:///tmp/sock
=== RUN   TestCases/octet_counting_strict_tcp_1st_avg_ok
2025-02-19T20:37:38Z I! Loading config: testcases/octet_counting_strict_tcp_1st_avg_ok/telegraf.conf
2025-02-19T20:37:38Z I! [inputs.syslog] Listening on tcp://127.0.0.1:52154
=== RUN   TestCases/octet_counting_strict_tcp_1st_max_ok
2025-02-19T20:37:38Z I! Loading config: testcases/octet_counting_strict_tcp_1st_max_ok/telegraf.conf
2025-02-19T20:37:38Z I! [inputs.syslog] Listening on tcp://127.0.0.1:52156
=== RUN   TestCases/octet_counting_strict_tcp_1st_min_ok
2025-02-19T20:37:38Z I! Loading config: testcases/octet_counting_strict_tcp_1st_min_ok/telegraf.conf
2025-02-19T20:37:38Z I! [inputs.syslog] Listening on tcp://127.0.0.1:52162
=== RUN   TestCases/octet_counting_strict_tcp_1st_min_ok_2nd_min_ok
2025-02-19T20:37:38Z I! Loading config: testcases/octet_counting_strict_tcp_1st_min_ok_2nd_min_ok/telegraf.conf
2025-02-19T20:37:38Z I! [inputs.syslog] Listening on tcp://127.0.0.1:52194
=== RUN   TestCases/octet_counting_strict_tcp_1st_newline_ok
2025-02-19T20:37:38Z I! Loading config: testcases/octet_counting_strict_tcp_1st_newline_ok/telegraf.conf
2025-02-19T20:37:38Z I! [inputs.syslog] Listening on tcp://127.0.0.1:52196
=== RUN   TestCases/octet_counting_strict_tcp_1st_underflow_malfunction
2025-02-19T20:37:38Z I! Loading config: testcases/octet_counting_strict_tcp_1st_underflow_malfunction/telegraf.conf
2025-02-19T20:37:38Z I! [inputs.syslog] Listening on tcp://127.0.0.1:52205
=== RUN   TestCases/octet_counting_strict_tcp_1st_underflow_nok
2025-02-19T20:37:38Z I! Loading config: testcases/octet_counting_strict_tcp_1st_underflow_nok/telegraf.conf
2025-02-19T20:37:38Z I! [inputs.syslog] Listening on tcp://127.0.0.1:52207
=== RUN   TestCases/octet_counting_strict_tcp_1st_utf8_ok
2025-02-19T20:37:38Z I! Loading config: testcases/octet_counting_strict_tcp_1st_utf8_ok/telegraf.conf
2025-02-19T20:37:38Z I! [inputs.syslog] Listening on tcp://127.0.0.1:52209
=== RUN   TestCases/octet_counting_strict_tcptls
2025-02-19T20:37:39Z I! Loading config: testcases/octet_counting_strict_tcptls/telegraf.conf
2025-02-19T20:37:39Z I! [inputs.syslog] Listening on tcp://127.0.0.1:52211
=== RUN   TestCases/octet_counting_strict_unix
2025-02-19T20:37:39Z I! Loading config: testcases/octet_counting_strict_unix/telegraf.conf
2025-02-19T20:37:39Z I! [inputs.syslog] Listening on unix:///tmp/sock
=== RUN   TestCases/octet_counting_strict_unixtls
2025-02-19T20:37:39Z I! Loading config: testcases/octet_counting_strict_unixtls/telegraf.conf
2025-02-19T20:37:39Z I! [inputs.syslog] Listening on unix:///tmp/sock
=== RUN   TestCases/rfc3164_best_effort_udp
2025-02-19T20:37:39Z I! Loading config: testcases/rfc3164_best_effort_udp/telegraf.conf
2025-02-19T20:37:39Z I! [inputs.syslog] Listening on udp://127.0.0.1:62285
=== RUN   TestCases/rfc3164_strict_udp
2025-02-19T20:37:39Z I! Loading config: testcases/rfc3164_strict_udp/telegraf.conf
2025-02-19T20:37:39Z I! [inputs.syslog] Listening on udp://127.0.0.1:57545
=== RUN   TestCases/rfc5424_best_effort_toolong_appname
2025-02-19T20:37:39Z I! Loading config: testcases/rfc5424_best_effort_toolong_appname/telegraf.conf
2025-02-19T20:37:39Z I! [inputs.syslog] Listening on udp://127.0.0.1:55185
=== RUN   TestCases/rfc5424_best_effort_udp
2025-02-19T20:37:39Z I! Loading config: testcases/rfc5424_best_effort_udp/telegraf.conf
2025-02-19T20:37:39Z I! [inputs.syslog] Listening on udp://127.0.0.1:59200
=== RUN   TestCases/rfc5424_best_effort_udp_average
2025-02-19T20:37:39Z I! Loading config: testcases/rfc5424_best_effort_udp_average/telegraf.conf
2025-02-19T20:37:39Z I! [inputs.syslog] Listening on udp://127.0.0.1:53837
=== RUN   TestCases/rfc5424_best_effort_udp_max
2025-02-19T20:37:39Z I! Loading config: testcases/rfc5424_best_effort_udp_max/telegraf.conf
2025-02-19T20:37:39Z I! [inputs.syslog] Listening on udp://127.0.0.1:60178
=== RUN   TestCases/rfc5424_best_effort_udp_min_incomplete
2025-02-19T20:37:39Z I! Loading config: testcases/rfc5424_best_effort_udp_min_incomplete/telegraf.conf
2025-02-19T20:37:39Z I! [inputs.syslog] Listening on udp://127.0.0.1:57183
=== RUN   TestCases/rfc5424_best_effort_udp_one_per_packet
2025-02-19T20:37:40Z I! Loading config: testcases/rfc5424_best_effort_udp_one_per_packet/telegraf.conf
2025-02-19T20:37:40Z I! [inputs.syslog] Listening on udp://127.0.0.1:64572
=== RUN   TestCases/rfc5424_best_effort_udp_trim_message
2025-02-19T20:37:40Z I! Loading config: testcases/rfc5424_best_effort_udp_trim_message/telegraf.conf
2025-02-19T20:37:40Z I! [inputs.syslog] Listening on udp://127.0.0.1:51262
=== RUN   TestCases/rfc5424_long_appname
2025-02-19T20:37:40Z I! Loading config: testcases/rfc5424_long_appname/telegraf.conf
2025-02-19T20:37:40Z I! [inputs.syslog] Listening on udp://127.0.0.1:65048
=== RUN   TestCases/rfc5424_strict_toolong_appname
2025-02-19T20:37:40Z I! Loading config: testcases/rfc5424_strict_toolong_appname/telegraf.conf
2025-02-19T20:37:40Z I! [inputs.syslog] Listening on udp://127.0.0.1:64806
=== RUN   TestCases/rfc5424_strict_udp
2025-02-19T20:37:40Z I! Loading config: testcases/rfc5424_strict_udp/telegraf.conf
2025-02-19T20:37:40Z I! [inputs.syslog] Listening on udp://127.0.0.1:52295
=== RUN   TestCases/rfc5424_strict_udp_average
2025-02-19T20:37:40Z I! Loading config: testcases/rfc5424_strict_udp_average/telegraf.conf
2025-02-19T20:37:40Z I! [inputs.syslog] Listening on udp://127.0.0.1:54471
=== RUN   TestCases/rfc5424_strict_udp_max
2025-02-19T20:37:40Z I! Loading config: testcases/rfc5424_strict_udp_max/telegraf.conf
2025-02-19T20:37:40Z I! [inputs.syslog] Listening on udp://127.0.0.1:57975
=== RUN   TestCases/rfc5424_strict_udp_min_incomplete
2025-02-19T20:37:40Z I! Loading config: testcases/rfc5424_strict_udp_min_incomplete/telegraf.conf
2025-02-19T20:37:40Z I! [inputs.syslog] Listening on udp://127.0.0.1:57397
=== RUN   TestCases/rfc5424_strict_udp_one_per_packet
2025-02-19T20:37:40Z I! Loading config: testcases/rfc5424_strict_udp_one_per_packet/telegraf.conf
2025-02-19T20:37:40Z I! [inputs.syslog] Listening on udp://127.0.0.1:64761
=== RUN   TestCases/rfc5424_strict_udp_trim_message
2025-02-19T20:37:41Z I! Loading config: testcases/rfc5424_strict_udp_trim_message/telegraf.conf
2025-02-19T20:37:41Z I! [inputs.syslog] Listening on udp://127.0.0.1:63536
--- PASS: TestCases (5.51s)
    --- PASS: TestCases/non_transparent_best_effort_tcp_1st_avg_ok (0.12s)
    --- PASS: TestCases/non_transparent_best_effort_tcp_1st_min_ok_2nd_min_ok (0.10s)
    --- PASS: TestCases/non_transparent_best_effort_tcptls_1st_avg_ok (0.11s)
    --- PASS: TestCases/non_transparent_best_effort_tcptls_1st_min_ok_2nd_min_ok (0.11s)
    --- PASS: TestCases/non_transparent_best_effort_unix (0.11s)
    --- PASS: TestCases/non_transparent_best_effort_unixtls (0.11s)
    --- PASS: TestCases/non_transparent_strict_tcp_1st_avg_ok (0.10s)
    --- PASS: TestCases/non_transparent_strict_tcp_1st_min_ok_2nd_min_ok (0.11s)
    --- PASS: TestCases/non_transparent_strict_tcptls_1st_avg_ok (0.14s)
    --- PASS: TestCases/non_transparent_strict_tcptls_1st_min_ok_2nd_min_ok (0.12s)
    --- PASS: TestCases/non_transparent_strict_unix (0.13s)
    --- PASS: TestCases/non_transparent_strict_unixtls (0.12s)
    --- PASS: TestCases/octet_counting_best_effort_tcp_1st_avg_ok (0.11s)
    --- PASS: TestCases/octet_counting_best_effort_tcp_1st_max_ok (0.11s)
    --- PASS: TestCases/octet_counting_best_effort_tcp_1st_min_ok (0.11s)
    --- PASS: TestCases/octet_counting_best_effort_tcp_1st_min_ok_2nd_min_ok (0.11s)
    --- PASS: TestCases/octet_counting_best_effort_tcp_1st_newline_ok (0.10s)
    --- PASS: TestCases/octet_counting_best_effort_tcp_1st_underflow_malfunction (0.11s)
    --- PASS: TestCases/octet_counting_best_effort_tcp_1st_underflow_nok (0.11s)
    --- PASS: TestCases/octet_counting_best_effort_tcp_1st_utf8_ok (0.11s)
    --- PASS: TestCases/octet_counting_best_effort_tcptls (0.11s)
    --- PASS: TestCases/octet_counting_best_effort_unix (0.10s)
    --- PASS: TestCases/octet_counting_best_effort_unixtls (0.11s)
    --- PASS: TestCases/octet_counting_strict_tcp_1st_avg_ok (0.11s)
    --- PASS: TestCases/octet_counting_strict_tcp_1st_max_ok (0.10s)
    --- PASS: TestCases/octet_counting_strict_tcp_1st_min_ok (0.10s)
    --- PASS: TestCases/octet_counting_strict_tcp_1st_min_ok_2nd_min_ok (0.10s)
    --- PASS: TestCases/octet_counting_strict_tcp_1st_newline_ok (0.11s)
    --- PASS: TestCases/octet_counting_strict_tcp_1st_underflow_malfunction (0.11s)
    --- PASS: TestCases/octet_counting_strict_tcp_1st_underflow_nok (0.11s)
    --- PASS: TestCases/octet_counting_strict_tcp_1st_utf8_ok (0.11s)
    --- PASS: TestCases/octet_counting_strict_tcptls (0.11s)
    --- PASS: TestCases/octet_counting_strict_unix (0.12s)
    --- PASS: TestCases/octet_counting_strict_unixtls (0.11s)
    --- PASS: TestCases/rfc3164_best_effort_udp (0.10s)
    --- PASS: TestCases/rfc3164_strict_udp (0.10s)
    --- PASS: TestCases/rfc5424_best_effort_toolong_appname (0.10s)
    --- PASS: TestCases/rfc5424_best_effort_udp (0.10s)
    --- PASS: TestCases/rfc5424_best_effort_udp_average (0.10s)
    --- PASS: TestCases/rfc5424_best_effort_udp_max (0.10s)
    --- PASS: TestCases/rfc5424_best_effort_udp_min_incomplete (0.10s)
    --- PASS: TestCases/rfc5424_best_effort_udp_one_per_packet (0.10s)
    --- PASS: TestCases/rfc5424_best_effort_udp_trim_message (0.10s)
    --- PASS: TestCases/rfc5424_long_appname (0.10s)
    --- PASS: TestCases/rfc5424_strict_toolong_appname (0.10s)
    --- PASS: TestCases/rfc5424_strict_udp (0.10s)
    --- PASS: TestCases/rfc5424_strict_udp_average (0.10s)
    --- PASS: TestCases/rfc5424_strict_udp_max (0.10s)
    --- PASS: TestCases/rfc5424_strict_udp_min_incomplete (0.10s)
    --- PASS: TestCases/rfc5424_strict_udp_one_per_packet (0.10s)
    --- PASS: TestCases/rfc5424_strict_udp_trim_message (0.10s)
=== RUN   TestSocketClosed
2025-02-19T20:37:41Z W! [] Read timeout set! Connections, inactive for the set duration, will be closed!
2025-02-19T20:37:41Z I! [] Listening on tcp://127.0.0.1:52220
--- PASS: TestSocketClosed (0.10s)
=== RUN   TestIssue10121
2025-02-19T20:37:41Z W! [] Read timeout set! Connections, inactive for the set duration, will be closed!
2025-02-19T20:37:41Z I! [] Listening on tcp://127.0.0.1:52222
--- PASS: TestIssue10121 (0.50s)
PASS
ok  	github.com/influxdata/telegraf/plugins/inputs/syslog	7.419s
?   	github.com/influxdata/telegraf/plugins/inputs/sysstat	[no test files]
=== RUN   TestUniqueUsers
=== RUN   TestUniqueUsers/single_entry
=== RUN   TestUniqueUsers/empty_entry
=== RUN   TestUniqueUsers/all_duplicates
=== RUN   TestUniqueUsers/all_unique
=== RUN   TestUniqueUsers/mix_of_dups
--- PASS: TestUniqueUsers (0.00s)
    --- PASS: TestUniqueUsers/single_entry (0.00s)
    --- PASS: TestUniqueUsers/empty_entry (0.00s)
    --- PASS: TestUniqueUsers/all_duplicates (0.00s)
    --- PASS: TestUniqueUsers/all_unique (0.00s)
    --- PASS: TestUniqueUsers/mix_of_dups (0.00s)
PASS
ok  	github.com/influxdata/telegraf/plugins/inputs/system	1.166s
?   	github.com/influxdata/telegraf/plugins/inputs/systemd_units	[no test files]
=== RUN   TestTacacsInit
=== RUN   TestTacacsInit/empty_creds
=== RUN   TestTacacsInit/wrong_reqaddress
=== RUN   TestTacacsInit/no_reqaddress_no_servers
--- PASS: TestTacacsInit (0.00s)
    --- PASS: TestTacacsInit/empty_creds (0.00s)
    --- PASS: TestTacacsInit/wrong_reqaddress (0.00s)
    --- PASS: TestTacacsInit/no_reqaddress_no_servers (0.00s)
=== RUN   TestTacacsLocal
=== RUN   TestTacacsLocal/success_timeout_0s
=== RUN   TestTacacsLocal/wrongpw
=== RUN   TestTacacsLocal/wrongsecret
2025-02-19T20:37:35Z I! bad secret or packet
--- PASS: TestTacacsLocal (0.00s)
    --- PASS: TestTacacsLocal/success_timeout_0s (0.00s)
    --- PASS: TestTacacsLocal/wrongpw (0.00s)
    --- PASS: TestTacacsLocal/wrongsecret (0.00s)
=== RUN   TestTacacsLocalTimeout
--- PASS: TestTacacsLocalTimeout (0.00s)
=== RUN   TestTacacsIntegration
--- FAIL: TestTacacsIntegration (0.00s)
panic: check host "unix:///var/run/docker.sock": docker info: Cannot connect to the Docker daemon at unix:///var/run/docker.sock. Is the docker daemon running?
	check host "unix:///Users/frederikmoschner/.docker/run/docker.sock": docker info: Cannot connect to the Docker daemon at unix:///Users/frederikmoschner/.docker/run/docker.sock. Is the docker daemon running? [recovered]
	panic: check host "unix:///var/run/docker.sock": docker info: Cannot connect to the Docker daemon at unix:///var/run/docker.sock. Is the docker daemon running?
	check host "unix:///Users/frederikmoschner/.docker/run/docker.sock": docker info: Cannot connect to the Docker daemon at unix:///Users/frederikmoschner/.docker/run/docker.sock. Is the docker daemon running?

goroutine 30 [running]:
testing.tRunner.func1.2({0x1032ee760, 0x14000580708})
	/opt/homebrew/Cellar/go/1.24.0/libexec/src/testing/testing.go:1734 +0x1ac
testing.tRunner.func1()
	/opt/homebrew/Cellar/go/1.24.0/libexec/src/testing/testing.go:1737 +0x334
panic({0x1032ee760?, 0x14000580708?})
	/opt/homebrew/Cellar/go/1.24.0/libexec/src/runtime/panic.go:787 +0x124
github.com/testcontainers/testcontainers-go/internal/core.MustExtractDockerHost.func1()
	/Users/frederikmoschner/go/pkg/mod/github.com/testcontainers/testcontainers-go@v0.34.0/internal/core/docker_host.go:91 +0x70
sync.(*Once).doSlow(0x0?, 0x2540be400?)
	/opt/homebrew/Cellar/go/1.24.0/libexec/src/sync/once.go:78 +0xf0
sync.(*Once).Do(...)
	/opt/homebrew/Cellar/go/1.24.0/libexec/src/sync/once.go:69
github.com/testcontainers/testcontainers-go/internal/core.MustExtractDockerHost({0x10341e6e8?, 0x103a32ca0?})
	/Users/frederikmoschner/go/pkg/mod/github.com/testcontainers/testcontainers-go@v0.34.0/internal/core/docker_host.go:88 +0x54
github.com/testcontainers/testcontainers-go/internal/core.NewClient({0x10341e6e8, 0x103a32ca0}, {0x0, 0x0, 0x0?})
	/Users/frederikmoschner/go/pkg/mod/github.com/testcontainers/testcontainers-go@v0.34.0/internal/core/client.go:17 +0x9c
github.com/testcontainers/testcontainers-go.NewDockerClientWithOpts({0x10341e6e8, 0x103a32ca0}, {0x0, 0x0, 0x0})
	/Users/frederikmoschner/go/pkg/mod/github.com/testcontainers/testcontainers-go@v0.34.0/docker_client.go:117 +0x4c
github.com/testcontainers/testcontainers-go.NewDockerProvider({0x140001282e0, 0x2, 0x10307048d?})
	/Users/frederikmoschner/go/pkg/mod/github.com/testcontainers/testcontainers-go@v0.34.0/provider.go:143 +0xf0
github.com/testcontainers/testcontainers-go.ProviderType.GetProvider(0x0, {0x14000185278, 0x1, 0x140000c0420?})
	/Users/frederikmoschner/go/pkg/mod/github.com/testcontainers/testcontainers-go@v0.34.0/provider.go:114 +0x380
github.com/testcontainers/testcontainers-go.GenericContainer({_, _}, {{{{0x0, 0x0}, {0x0, 0x0}, {0x0, 0x0}, {0x0, 0x0}, ...}, ...}, ...})
	/Users/frederikmoschner/go/pkg/mod/github.com/testcontainers/testcontainers-go@v0.34.0/generic.go:59 +0xf0
github.com/influxdata/telegraf/testutil.(*Container).Start(0x1400014c5a0)
	/Users/frederikmoschner/Documents/plugin_erweiterung/telegraf/testutil/container.go:76 +0x2d8
github.com/influxdata/telegraf/plugins/inputs/tacacs.TestTacacsIntegration(0x14000602700)
	/Users/frederikmoschner/Documents/plugin_erweiterung/telegraf/plugins/inputs/tacacs/tacacs_test.go:320 +0x214
testing.tRunner(0x14000602700, 0x10340e168)
	/opt/homebrew/Cellar/go/1.24.0/libexec/src/testing/testing.go:1792 +0xe4
created by testing.(*T).Run in goroutine 1
	/opt/homebrew/Cellar/go/1.24.0/libexec/src/testing/testing.go:1851 +0x374
FAIL	github.com/influxdata/telegraf/plugins/inputs/tacacs	0.871s
=== RUN   TestMultilineConfigOK
--- PASS: TestMultilineConfigOK (0.00s)
=== RUN   TestMultilineConfigError
--- PASS: TestMultilineConfigError (0.00s)
=== RUN   TestMultilineConfigTimeoutSpecified
--- PASS: TestMultilineConfigTimeoutSpecified (0.00s)
=== RUN   TestMultilineConfigDefaultTimeout
--- PASS: TestMultilineConfigDefaultTimeout (0.00s)
=== RUN   TestMultilineIsEnabled
--- PASS: TestMultilineIsEnabled (0.00s)
=== RUN   TestMultilineIsDisabled
--- PASS: TestMultilineIsDisabled (0.00s)
=== RUN   TestMultilineFlushEmpty
--- PASS: TestMultilineFlushEmpty (0.00s)
=== RUN   TestMultilineFlush
--- PASS: TestMultilineFlush (0.00s)
=== RUN   TestMultiLineProcessLinePrevious
--- PASS: TestMultiLineProcessLinePrevious (0.00s)
=== RUN   TestMultiLineProcessLineNext
--- PASS: TestMultiLineProcessLineNext (0.00s)
=== RUN   TestMultiLineMatchStringWithInvertMatchFalse
--- PASS: TestMultiLineMatchStringWithInvertMatchFalse (0.00s)
=== RUN   TestMultiLineMatchStringWithInvertTrue
--- PASS: TestMultiLineMatchStringWithInvertTrue (0.00s)
=== RUN   TestMultilineWhat
--- PASS: TestMultilineWhat (0.00s)
=== RUN   TestMultilineQuoted
=== RUN   TestMultilineQuoted/single-quotes
=== RUN   TestMultilineQuoted/double-quotes
=== RUN   TestMultilineQuoted/backticks
--- PASS: TestMultilineQuoted (0.00s)
    --- PASS: TestMultilineQuoted/single-quotes (0.00s)
    --- PASS: TestMultilineQuoted/double-quotes (0.00s)
    --- PASS: TestMultilineQuoted/backticks (0.00s)
=== RUN   TestMultilineQuotedError
=== RUN   TestMultilineQuotedError/messed_up_quoting
=== RUN   TestMultilineQuotedError/missing_closing_quote
--- PASS: TestMultilineQuotedError (0.00s)
    --- PASS: TestMultilineQuotedError/messed_up_quoting (0.00s)
    --- PASS: TestMultilineQuotedError/missing_closing_quote (0.00s)
=== RUN   TestMultilineNewline
=== RUN   TestMultilineNewline/do_not_preserve_newline
=== RUN   TestMultilineNewline/preserve_newline
--- PASS: TestMultilineNewline (0.00s)
    --- PASS: TestMultilineNewline/do_not_preserve_newline (0.00s)
    --- PASS: TestMultilineNewline/preserve_newline (0.00s)
=== RUN   TestMultiLineQuotedAndPattern
--- PASS: TestMultiLineQuotedAndPattern (0.00s)
=== RUN   TestTailBadLine
2025-02-19T20:37:36Z E! [] Malformed log line in "/var/folders/83/999jb4l55z3gww5zs2b5s0c40000gn/T/TestTailBadLine3304944849/001/input.csv": ["cpu mytag= foo usage_idle= 100"]: metric parse error: expected field at 1:11: "cpu mytag= foo usage_idle= 100"
--- PASS: TestTailBadLine (0.00s)
=== RUN   TestColoredLine
--- PASS: TestColoredLine (0.01s)
=== RUN   TestTailDosLineEndings
--- PASS: TestTailDosLineEndings (0.00s)
=== RUN   TestGrokParseLogFilesWithMultiline
--- PASS: TestGrokParseLogFilesWithMultiline (0.01s)
=== RUN   TestGrokParseLogFilesWithMultilineTimeout
--- PASS: TestGrokParseLogFilesWithMultilineTimeout (0.13s)
=== RUN   TestGrokParseLogFilesWithMultilineTailerCloseFlushesMultilineBuffer
--- PASS: TestGrokParseLogFilesWithMultilineTailerCloseFlushesMultilineBuffer (0.01s)
=== RUN   TestCSVHeadersParsedOnce
--- PASS: TestCSVHeadersParsedOnce (0.10s)
=== RUN   TestCSVMultiHeaderWithSkipRowANDColumn
--- PASS: TestCSVMultiHeaderWithSkipRowANDColumn (0.10s)
=== RUN   TestMultipleMetricsOnFirstLine
--- PASS: TestMultipleMetricsOnFirstLine (0.11s)
=== RUN   TestCharacterEncoding
=== RUN   TestCharacterEncoding/utf-8
=== RUN   TestCharacterEncoding/utf-8_seek
=== RUN   TestCharacterEncoding/utf-16le
=== RUN   TestCharacterEncoding/utf-16le_seek
=== RUN   TestCharacterEncoding/utf-16be
--- PASS: TestCharacterEncoding (0.51s)
    --- PASS: TestCharacterEncoding/utf-8 (0.10s)
    --- PASS: TestCharacterEncoding/utf-8_seek (0.10s)
    --- PASS: TestCharacterEncoding/utf-16le (0.10s)
    --- PASS: TestCharacterEncoding/utf-16le_seek (0.10s)
    --- PASS: TestCharacterEncoding/utf-16be (0.10s)
=== RUN   TestTailEOF
--- PASS: TestTailEOF (0.05s)
=== RUN   TestCSVBehavior
--- PASS: TestCSVBehavior (0.15s)
=== RUN   TestStatePersistence
--- PASS: TestStatePersistence (0.10s)
=== RUN   TestGetSeekInfo
=== RUN   TestGetSeekInfo/Read_from_beginning_when_initial_read_offset_set_to_beginning
=== RUN   TestGetSeekInfo/Read_from_end_when_initial_read_offset_set_to_end
=== RUN   TestGetSeekInfo/Read_from_end_when_offset_not_exists_and_initial_read_offset_set_to_save-or-end
=== RUN   TestGetSeekInfo/Read_from_offset_when_offset_exists_and_initial_read_offset_set_to_save-or-end
=== RUN   TestGetSeekInfo/Read_from_start_when_offset_not_exists_and_initial_read_offset_set_to_save-offset-or-start
=== RUN   TestGetSeekInfo/Read_from_offset_when_offset_exists_and_initial_read_offset_set_to_save-or-end#01
=== RUN   TestGetSeekInfo/Return_error_when_initial_read_offset_is_invalid
--- PASS: TestGetSeekInfo (0.00s)
    --- PASS: TestGetSeekInfo/Read_from_beginning_when_initial_read_offset_set_to_beginning (0.00s)
    --- PASS: TestGetSeekInfo/Read_from_end_when_initial_read_offset_set_to_end (0.00s)
    --- PASS: TestGetSeekInfo/Read_from_end_when_offset_not_exists_and_initial_read_offset_set_to_save-or-end (0.00s)
    --- PASS: TestGetSeekInfo/Read_from_offset_when_offset_exists_and_initial_read_offset_set_to_save-or-end (0.00s)
    --- PASS: TestGetSeekInfo/Read_from_start_when_offset_not_exists_and_initial_read_offset_set_to_save-offset-or-start (0.00s)
    --- PASS: TestGetSeekInfo/Read_from_offset_when_offset_exists_and_initial_read_offset_set_to_save-or-end#01 (0.00s)
    --- PASS: TestGetSeekInfo/Return_error_when_initial_read_offset_is_invalid (0.00s)
=== RUN   TestSetInitialValueForInitialReadOffset
=== RUN   TestSetInitialValueForInitialReadOffset/Set_InitialReadOffset_to_beginning_when_from_beginning_set_to_true_and_initial_read_offset_not_set
=== RUN   TestSetInitialValueForInitialReadOffset/Set_InitialReadOffset_to_save-or-end_when_from_beginning_set_to_false_and_initial_read_offset_not_set
=== RUN   TestSetInitialValueForInitialReadOffset/Ignore_from_beginning_when_initial_read_offset_is_set
--- PASS: TestSetInitialValueForInitialReadOffset (0.00s)
    --- PASS: TestSetInitialValueForInitialReadOffset/Set_InitialReadOffset_to_beginning_when_from_beginning_set_to_true_and_initial_read_offset_not_set (0.00s)
    --- PASS: TestSetInitialValueForInitialReadOffset/Set_InitialReadOffset_to_save-or-end_when_from_beginning_set_to_false_and_initial_read_offset_not_set (0.00s)
    --- PASS: TestSetInitialValueForInitialReadOffset/Ignore_from_beginning_when_initial_read_offset_is_set (0.00s)
=== RUN   TestInitInitialReadOffset
=== RUN   TestInitInitialReadOffset/Set_InitialReadOffset_to_beginning_when_from_beginning_set_to_true_and_initial_read_offset_not_set
=== RUN   TestInitInitialReadOffset/Ignore_from_beginning_when_initial_read_offset_is_set
--- PASS: TestInitInitialReadOffset (0.00s)
    --- PASS: TestInitInitialReadOffset/Set_InitialReadOffset_to_beginning_when_from_beginning_set_to_true_and_initial_read_offset_not_set (0.00s)
    --- PASS: TestInitInitialReadOffset/Ignore_from_beginning_when_initial_read_offset_is_set (0.00s)
PASS
ok  	github.com/influxdata/telegraf/plugins/inputs/tail	1.963s
=== RUN   TestGather
--- PASS: TestGather (0.00s)
PASS
ok  	github.com/influxdata/telegraf/plugins/inputs/teamspeak	0.805s
?   	github.com/influxdata/telegraf/plugins/inputs/temp	[no test files]
=== RUN   TestTengineTags
--- PASS: TestTengineTags (0.00s)
=== RUN   TestTengineGeneratesMetrics
--- PASS: TestTengineGeneratesMetrics (0.00s)
PASS
ok  	github.com/influxdata/telegraf/plugins/inputs/tengine	0.593s
=== RUN   TestHTTPTomcat8
2025-02-19T20:37:37Z I! http: superfluous response.WriteHeader call from github.com/influxdata/telegraf/plugins/inputs/tomcat.TestHTTPTomcat8.func1 (tomcat_test.go:48)
tomcat_jvm_memory
source: http://127.0.0.1:52140
tomcat_jvm_memorypool
source: http://127.0.0.1:52140
name: PS Eden Space
type: Heap memory
tomcat_jvm_memorypool
name: PS Old Gen
type: Heap memory
source: http://127.0.0.1:52140
tomcat_jvm_memorypool
name: PS Survivor Space
type: Heap memory
source: http://127.0.0.1:52140
tomcat_jvm_memorypool
name: Code Cache
type: Non-heap memory
source: http://127.0.0.1:52140
tomcat_jvm_memorypool
source: http://127.0.0.1:52140
name: PS Perm Gen
type: Non-heap memory
tomcat_connector
name: ajp-apr-8009
source: http://127.0.0.1:52140
tomcat_connector
name: http-apr-8080
source: http://127.0.0.1:52140
--- PASS: TestHTTPTomcat8 (0.01s)
=== RUN   TestHTTPTomcat6
2025-02-19T20:37:37Z I! http: superfluous response.WriteHeader call from github.com/influxdata/telegraf/plugins/inputs/tomcat.TestHTTPTomcat6.func1 (tomcat_test.go:136)
--- PASS: TestHTTPTomcat6 (0.00s)
PASS
ok  	github.com/influxdata/telegraf/plugins/inputs/tomcat	0.995s
=== RUN   TestTrig
--- PASS: TestTrig (0.00s)
PASS
ok  	github.com/influxdata/telegraf/plugins/inputs/trig	0.696s
=== RUN   TestGather
--- PASS: TestGather (0.00s)
PASS
ok  	github.com/influxdata/telegraf/plugins/inputs/twemproxy	1.044s
=== RUN   TestParseFullOutput
--- PASS: TestParseFullOutput (0.00s)
=== RUN   TestParseFullOutputThreadAsTag
--- PASS: TestParseFullOutputThreadAsTag (0.00s)
PASS
ok  	github.com/influxdata/telegraf/plugins/inputs/unbound	0.566s
=== RUN   TestBadServer
--- PASS: TestBadServer (0.00s)
=== RUN   TestCases
=== RUN   TestCases/CyberPowerSystems_CP900EPFCLCD
2025-02-19T20:37:38Z I! Loading config: testcases/CyberPowerSystems_CP900EPFCLCD/telegraf.conf
=== RUN   TestCases/CyberPowerSystems_CP900EPFCLCD_additional
2025-02-19T20:37:38Z I! Loading config: testcases/CyberPowerSystems_CP900EPFCLCD_additional/telegraf.conf
=== RUN   TestCases/CyberPowerSystems_CP900EPFCLCD_full
2025-02-19T20:37:38Z I! Loading config: testcases/CyberPowerSystems_CP900EPFCLCD_full/telegraf.conf
=== RUN   TestCases/fake
2025-02-19T20:37:38Z I! Loading config: testcases/fake/telegraf.conf
=== RUN   TestCases/fake_force_float
2025-02-19T20:37:38Z I! Loading config: testcases/fake_force_float/telegraf.conf
=== RUN   TestCases/fake_force_float_with_string
2025-02-19T20:37:38Z I! Loading config: testcases/fake_force_float_with_string/telegraf.conf
--- PASS: TestCases (0.08s)
    --- PASS: TestCases/CyberPowerSystems_CP900EPFCLCD (0.02s)
    --- PASS: TestCases/CyberPowerSystems_CP900EPFCLCD_additional (0.02s)
    --- PASS: TestCases/CyberPowerSystems_CP900EPFCLCD_full (0.02s)
    --- PASS: TestCases/fake (0.01s)
    --- PASS: TestCases/fake_force_float (0.01s)
    --- PASS: TestCases/fake_force_float_with_string (0.01s)
PASS
ok  	github.com/influxdata/telegraf/plugins/inputs/upsd	0.725s
=== RUN   TestBasic
--- PASS: TestBasic (0.00s)
=== RUN   TestInvalidJSON
--- PASS: TestInvalidJSON (0.00s)
=== RUN   TestHttpError
--- PASS: TestHttpError (0.01s)
=== RUN   TestTcpError
--- PASS: TestTcpError (0.00s)
=== RUN   TestUnixSocketError
--- PASS: TestUnixSocketError (0.00s)
PASS
ok  	github.com/influxdata/telegraf/plugins/inputs/uwsgi	0.604s
=== RUN   TestGather
--- PASS: TestGather (0.00s)
=== RUN   TestParseFullOutput
--- PASS: TestParseFullOutput (0.00s)
=== RUN   TestFilterSomeStats
--- PASS: TestFilterSomeStats (0.00s)
=== RUN   TestFieldConfig
--- PASS: TestFieldConfig (0.01s)
=== RUN   TestV2ParseVarnishNames
--- PASS: TestV2ParseVarnishNames (0.00s)
=== RUN   TestVersions
--- PASS: TestVersions (0.03s)
=== RUN   TestJsonTypes
--- PASS: TestJsonTypes (0.00s)
=== RUN   TestVarnishAdmJson
--- PASS: TestVarnishAdmJson (0.00s)
PASS
ok  	github.com/influxdata/telegraf/plugins/inputs/varnish	0.721s
=== RUN   TestVaultStats
=== RUN   TestVaultStats/Metrics
2025-02-19T20:37:39Z I! http: superfluous response.WriteHeader call from github.com/influxdata/telegraf/plugins/inputs/vault.TestVaultStats.func1.1 (vault_test.go:91)
--- PASS: TestVaultStats (0.00s)
    --- PASS: TestVaultStats/Metrics (0.00s)
=== RUN   TestRedirect
2025-02-19T20:37:39Z I! http: superfluous response.WriteHeader call from github.com/influxdata/telegraf/plugins/inputs/vault.TestRedirect.func1 (vault_test.go:173)
--- PASS: TestRedirect (0.00s)
=== RUN   TestIntegration
--- FAIL: TestIntegration (0.00s)
panic: check host "unix:///var/run/docker.sock": docker info: Cannot connect to the Docker daemon at unix:///var/run/docker.sock. Is the docker daemon running?
	check host "unix:///Users/frederikmoschner/.docker/run/docker.sock": docker info: Cannot connect to the Docker daemon at unix:///Users/frederikmoschner/.docker/run/docker.sock. Is the docker daemon running? [recovered]
	panic: check host "unix:///var/run/docker.sock": docker info: Cannot connect to the Docker daemon at unix:///var/run/docker.sock. Is the docker daemon running?
	check host "unix:///Users/frederikmoschner/.docker/run/docker.sock": docker info: Cannot connect to the Docker daemon at unix:///Users/frederikmoschner/.docker/run/docker.sock. Is the docker daemon running?

goroutine 105 [running]:
testing.tRunner.func1.2({0x1015a4dc0, 0x140001df3f8})
	/opt/homebrew/Cellar/go/1.24.0/libexec/src/testing/testing.go:1734 +0x1ac
testing.tRunner.func1()
	/opt/homebrew/Cellar/go/1.24.0/libexec/src/testing/testing.go:1737 +0x334
panic({0x1015a4dc0?, 0x140001df3f8?})
	/opt/homebrew/Cellar/go/1.24.0/libexec/src/runtime/panic.go:787 +0x124
github.com/testcontainers/testcontainers-go/internal/core.MustExtractDockerHost.func1()
	/Users/frederikmoschner/go/pkg/mod/github.com/testcontainers/testcontainers-go@v0.34.0/internal/core/docker_host.go:91 +0x70
sync.(*Once).doSlow(0x0?, 0x2540be400?)
	/opt/homebrew/Cellar/go/1.24.0/libexec/src/sync/once.go:78 +0xf0
sync.(*Once).Do(...)
	/opt/homebrew/Cellar/go/1.24.0/libexec/src/sync/once.go:69
github.com/testcontainers/testcontainers-go/internal/core.MustExtractDockerHost({0x1016dead8?, 0x101d1cd00?})
	/Users/frederikmoschner/go/pkg/mod/github.com/testcontainers/testcontainers-go@v0.34.0/internal/core/docker_host.go:88 +0x54
github.com/testcontainers/testcontainers-go/internal/core.NewClient({0x1016dead8, 0x101d1cd00}, {0x0, 0x0, 0x0?})
	/Users/frederikmoschner/go/pkg/mod/github.com/testcontainers/testcontainers-go@v0.34.0/internal/core/client.go:17 +0x9c
github.com/testcontainers/testcontainers-go.NewDockerClientWithOpts({0x1016dead8, 0x101d1cd00}, {0x0, 0x0, 0x0})
	/Users/frederikmoschner/go/pkg/mod/github.com/testcontainers/testcontainers-go@v0.34.0/docker_client.go:117 +0x4c
github.com/testcontainers/testcontainers-go.NewDockerProvider({0x14000319240, 0x2, 0x10131652a?})
	/Users/frederikmoschner/go/pkg/mod/github.com/testcontainers/testcontainers-go@v0.34.0/provider.go:143 +0xf0
github.com/testcontainers/testcontainers-go.ProviderType.GetProvider(0x0, {0x14000285348, 0x1, 0x100ed0854?})
	/Users/frederikmoschner/go/pkg/mod/github.com/testcontainers/testcontainers-go@v0.34.0/provider.go:114 +0x380
github.com/testcontainers/testcontainers-go.GenericContainer({_, _}, {{{{0x0, 0x0}, {0x0, 0x0}, {0x0, 0x0}, {0x0, 0x0}, ...}, ...}, ...})
	/Users/frederikmoschner/go/pkg/mod/github.com/testcontainers/testcontainers-go@v0.34.0/generic.go:59 +0xf0
github.com/influxdata/telegraf/testutil.(*Container).Start(0x14000307c20)
	/Users/frederikmoschner/Documents/plugin_erweiterung/telegraf/testutil/container.go:76 +0x2d8
github.com/influxdata/telegraf/plugins/inputs/vault.TestIntegration(0x14000403a40)
	/Users/frederikmoschner/Documents/plugin_erweiterung/telegraf/plugins/inputs/vault/vault_test.go:211 +0x2c4
testing.tRunner(0x14000403a40, 0x1016cdba0)
	/opt/homebrew/Cellar/go/1.24.0/libexec/src/testing/testing.go:1792 +0xe4
created by testing.(*T).Run in goroutine 1
	/opt/homebrew/Cellar/go/1.24.0/libexec/src/testing/testing.go:1851 +0x374
FAIL	github.com/influxdata/telegraf/plugins/inputs/vault	0.629s
=== RUN   TestAlignMetrics
--- PASS: TestAlignMetrics (0.00s)
=== RUN   TestConfigDurationParsing
--- PASS: TestConfigDurationParsing (0.00s)
=== RUN   TestMaxQuery
2025-02-19T20:37:42Z W! [] Configured max_query_metrics is 256, but server limits it to 42. Reducing.
--- PASS: TestMaxQuery (0.77s)
=== RUN   TestFinder
--- PASS: TestFinder (1.00s)
=== RUN   TestFolders
--- PASS: TestFolders (0.80s)
=== RUN   TestVsanCmmds
2025-02-19T20:37:45Z I! managed object not found: HostVsanInternalSystem:ha-vsan-internal-system
2025-02-19T20:37:45Z I! managed object not found: HostVsanInternalSystem:ha-vsan-internal-system
2025-02-19T20:37:45Z I! managed object not found: HostVsanInternalSystem:ha-vsan-internal-system
--- PASS: TestVsanCmmds (0.75s)
=== RUN   TestVsanTags
--- PASS: TestVsanTags (0.00s)
=== RUN   TestCollectionNoClusterMetrics
2025-02-19T20:37:46Z I! [] Starting plugin
2025-02-19T20:37:46Z E! [] [vSAN] Fail to get supported entities: POST "/vsanHealth": 404 Not Found. Skipping vsan performance data.
    vsphere_test.go:521: 
        	Error Trace:	/Users/frederikmoschner/Documents/plugin_erweiterung/telegraf/plugins/inputs/vsphere/vsphere_test.go:521
        	            				/Users/frederikmoschner/Documents/plugin_erweiterung/telegraf/plugins/inputs/vsphere/vsphere_test.go:467
        	Error:      	Should NOT be empty, but was []
        	Test:       	TestCollectionNoClusterMetrics
        	Messages:   	No metrics were collected
2025-02-19T20:37:46Z I! [] Stopping plugin
2025-02-19T20:37:46Z I! http: TLS handshake error from 127.0.0.1:52281: read tcp 127.0.0.1:52274->127.0.0.1:52281: use of closed network connection
--- FAIL: TestCollectionNoClusterMetrics (0.98s)
=== RUN   TestDisconnectedServerBehavior
2025-02-19T20:37:48Z W! [] Error connecting to vCenter on init: Post "https://definitely.not.a.valid.host": dial tcp: lookup definitely.not.a.valid.host: no such host
--- PASS: TestDisconnectedServerBehavior (2.06s)
=== RUN   TestVersionLowerThan
--- PASS: TestVersionLowerThan (0.00s)
FAIL
FAIL	github.com/influxdata/telegraf/plugins/inputs/vsphere	7.506s
=== RUN   TestAvailableWebhooks
--- PASS: TestAvailableWebhooks (0.00s)
PASS
ok  	github.com/influxdata/telegraf/plugins/inputs/webhooks	0.523s
=== RUN   TestUnsupportedEvent
2025/02/19 21:37:42 D! [] New not_supported domain not_supported event received
--- PASS: TestUnsupportedEvent (0.00s)
=== RUN   TestArtifactDeployedEvent
2025/02/19 21:37:42 D! [] New artifact domain deployed event received
--- PASS: TestArtifactDeployedEvent (0.00s)
=== RUN   TestArtifactDeleted
2025/02/19 21:37:42 D! [] New artifact domain deleted event received
--- PASS: TestArtifactDeleted (0.00s)
=== RUN   TestArtifactMovedEvent
2025/02/19 21:37:42 D! [] New artifact domain moved event received
--- PASS: TestArtifactMovedEvent (0.00s)
=== RUN   TestArtifactCopiedEvent
2025/02/19 21:37:42 D! [] New artifact domain copied event received
--- PASS: TestArtifactCopiedEvent (0.00s)
=== RUN   TestArtifactPropertiesAddedEvent
2025/02/19 21:37:42 D! [] New artifact_property domain added event received
--- PASS: TestArtifactPropertiesAddedEvent (0.00s)
=== RUN   TestArtifactPropertiesDeletedEvent
2025/02/19 21:37:42 D! [] New artifact_property domain deleted event received
--- PASS: TestArtifactPropertiesDeletedEvent (0.00s)
=== RUN   TestDockerPushedEvent
2025/02/19 21:37:42 D! [] New docker domain pushed event received
--- PASS: TestDockerPushedEvent (0.00s)
=== RUN   TestDockerDeletedEvent
2025/02/19 21:37:42 D! [] New docker domain deleted event received
--- PASS: TestDockerDeletedEvent (0.00s)
=== RUN   TestDockerPromotedEvent
2025/02/19 21:37:42 D! [] New docker domain promoted event received
--- PASS: TestDockerPromotedEvent (0.00s)
=== RUN   TestBuildUploadedEvent
2025/02/19 21:37:42 D! [] New build domain uploaded event received
--- PASS: TestBuildUploadedEvent (0.00s)
=== RUN   TestBuildDeletedEvent
2025/02/19 21:37:42 D! [] New build domain deleted event received
--- PASS: TestBuildDeletedEvent (0.00s)
=== RUN   TestBuildPromotedEvent
2025/02/19 21:37:42 D! [] New build domain promoted event received
--- PASS: TestBuildPromotedEvent (0.00s)
=== RUN   TestReleaseBundleCreatedEvent
2025/02/19 21:37:42 D! [] New release_bundle domain created event received
--- PASS: TestReleaseBundleCreatedEvent (0.00s)
=== RUN   TestReleaseBundleSignedEvent
2025/02/19 21:37:42 D! [] New release_bundle domain signed event received
--- PASS: TestReleaseBundleSignedEvent (0.00s)
=== RUN   TestReleaseBundleDeletedEvent
2025/02/19 21:37:42 D! [] New release_bundle domain signed event received
--- PASS: TestReleaseBundleDeletedEvent (0.00s)
=== RUN   TestDistributionStartedEvent
2025/02/19 21:37:42 D! [] New distribution domain distribute_started event received
--- PASS: TestDistributionStartedEvent (0.00s)
=== RUN   TestDistributionCompletedEvent
2025/02/19 21:37:42 D! [] New distribution domain distribute_completed event received
--- PASS: TestDistributionCompletedEvent (0.00s)
=== RUN   TestDistributionAbortedEvent
2025/02/19 21:37:42 D! [] New distribution domain distribute_aborted event received
--- PASS: TestDistributionAbortedEvent (0.00s)
=== RUN   TestDistributionFailedEvent
2025/02/19 21:37:42 D! [] New distribution domain distribute_failed event received
--- PASS: TestDistributionFailedEvent (0.00s)
=== RUN   TestDestinationReceivedEvent
2025/02/19 21:37:42 D! [] New destination domain received event received
--- PASS: TestDestinationReceivedEvent (0.00s)
=== RUN   TestDestinationDeletedStartedEvent
2025/02/19 21:37:42 D! [] New destination domain delete_started event received
--- PASS: TestDestinationDeletedStartedEvent (0.00s)
=== RUN   TestDestinationDeletedCompletedEvent
2025/02/19 21:37:42 D! [] New destination domain delete_completed event received
--- PASS: TestDestinationDeletedCompletedEvent (0.00s)
=== RUN   TestDestinationDeleteFailedEvent
2025/02/19 21:37:42 D! [] New destination domain delete_failed event received
--- PASS: TestDestinationDeleteFailedEvent (0.00s)
=== RUN   TestEventWithSignatureSuccess
2025/02/19 21:37:42 D! [] New artifact domain deployed event received
--- PASS: TestEventWithSignatureSuccess (0.00s)
=== RUN   TestCheckSignatureSuccess
--- PASS: TestCheckSignatureSuccess (0.00s)
=== RUN   TestCheckSignatureFailed
--- PASS: TestCheckSignatureFailed (0.00s)
PASS
ok  	github.com/influxdata/telegraf/plugins/inputs/webhooks/artifactory	1.337s
=== RUN   TestDialogEvent
--- PASS: TestDialogEvent (0.00s)
=== RUN   TestParseError
--- PASS: TestParseError (0.00s)
=== RUN   TestUploadEvent
--- PASS: TestUploadEvent (0.00s)
=== RUN   TestVideoConversionEvent
--- PASS: TestVideoConversionEvent (0.00s)
PASS
ok  	github.com/influxdata/telegraf/plugins/inputs/webhooks/filestack	1.742s
=== RUN   TestCommitCommentEvent
2025/02/19 21:37:41 D! [] New commit_comment event received
--- PASS: TestCommitCommentEvent (0.00s)
=== RUN   TestPingEvent
2025/02/19 21:37:41 D! [] New ping event received
--- PASS: TestPingEvent (0.00s)
=== RUN   TestDeleteEvent
2025/02/19 21:37:41 D! [] New delete event received
--- PASS: TestDeleteEvent (0.00s)
=== RUN   TestDeploymentEvent
2025/02/19 21:37:41 D! [] New deployment event received
--- PASS: TestDeploymentEvent (0.00s)
=== RUN   TestDeploymentStatusEvent
2025/02/19 21:37:41 D! [] New deployment_status event received
--- PASS: TestDeploymentStatusEvent (0.00s)
=== RUN   TestForkEvent
2025/02/19 21:37:41 D! [] New fork event received
--- PASS: TestForkEvent (0.00s)
=== RUN   TestGollumEvent
2025/02/19 21:37:41 D! [] New gollum event received
--- PASS: TestGollumEvent (0.00s)
=== RUN   TestIssueCommentEvent
2025/02/19 21:37:41 D! [] New issue_comment event received
--- PASS: TestIssueCommentEvent (0.00s)
=== RUN   TestIssuesEvent
2025/02/19 21:37:41 D! [] New issues event received
--- PASS: TestIssuesEvent (0.00s)
=== RUN   TestMemberEvent
2025/02/19 21:37:41 D! [] New member event received
--- PASS: TestMemberEvent (0.00s)
=== RUN   TestMembershipEvent
2025/02/19 21:37:41 D! [] New membership event received
--- PASS: TestMembershipEvent (0.00s)
=== RUN   TestPageBuildEvent
2025/02/19 21:37:41 D! [] New page_build event received
--- PASS: TestPageBuildEvent (0.00s)
=== RUN   TestPublicEvent
2025/02/19 21:37:41 D! [] New public event received
--- PASS: TestPublicEvent (0.00s)
=== RUN   TestPullRequestReviewCommentEvent
2025/02/19 21:37:41 D! [] New pull_request_review_comment event received
--- PASS: TestPullRequestReviewCommentEvent (0.00s)
=== RUN   TestPushEvent
2025/02/19 21:37:41 D! [] New push event received
--- PASS: TestPushEvent (0.00s)
=== RUN   TestReleaseEvent
2025/02/19 21:37:41 D! [] New release event received
--- PASS: TestReleaseEvent (0.00s)
=== RUN   TestRepositoryEvent
2025/02/19 21:37:41 D! [] New repository event received
--- PASS: TestRepositoryEvent (0.00s)
=== RUN   TestStatusEvent
2025/02/19 21:37:41 D! [] New status event received
--- PASS: TestStatusEvent (0.00s)
=== RUN   TestTeamAddEvent
2025/02/19 21:37:41 D! [] New team_add event received
--- PASS: TestTeamAddEvent (0.00s)
=== RUN   TestWatchEvent
2025/02/19 21:37:41 D! [] New watch event received
--- PASS: TestWatchEvent (0.00s)
=== RUN   TestEventWithSignatureFail
2025/02/19 21:37:41 E! [] Fail to check the github webhook signature
--- PASS: TestEventWithSignatureFail (0.00s)
=== RUN   TestEventWithSignatureSuccess
2025/02/19 21:37:41 D! [] New watch event received
--- PASS: TestEventWithSignatureSuccess (0.00s)
=== RUN   TestWorkflowJob
2025/02/19 21:37:41 D! [] New workflow_job event received
--- PASS: TestWorkflowJob (0.00s)
=== RUN   TestWorkflowRun
2025/02/19 21:37:41 D! [] New workflow_run event received
--- PASS: TestWorkflowRun (0.00s)
=== RUN   TestCheckSignatureSuccess
--- PASS: TestCheckSignatureSuccess (0.00s)
=== RUN   TestCheckSignatureFailed
--- PASS: TestCheckSignatureFailed (0.00s)
PASS
ok  	github.com/influxdata/telegraf/plugins/inputs/webhooks/github	0.724s
=== RUN   TestHead
--- PASS: TestHead (0.00s)
=== RUN   TestSendEvent
--- PASS: TestSendEvent (0.00s)
=== RUN   TestMultipleEvents
--- PASS: TestMultipleEvents (0.00s)
PASS
ok  	github.com/influxdata/telegraf/plugins/inputs/webhooks/mandrill	1.543s
=== RUN   TestWrongContentType
--- PASS: TestWrongContentType (0.00s)
=== RUN   TestMissingPayload
--- PASS: TestMissingPayload (0.00s)
=== RUN   TestPayloadNotJSON
--- PASS: TestPayloadNotJSON (0.00s)
=== RUN   TestPayloadInvalidJSON
--- PASS: TestPayloadInvalidJSON (0.00s)
=== RUN   TestEventPayload
--- PASS: TestEventPayload (0.00s)
=== RUN   TestCountPayload
--- PASS: TestCountPayload (0.00s)
PASS
ok  	github.com/influxdata/telegraf/plugins/inputs/webhooks/papertrail	1.964s
=== RUN   TestNewItem
=== PAUSE TestNewItem
=== RUN   TestUnknowItem
=== PAUSE TestUnknowItem
=== RUN   TestDefaultMeasurementName
=== PAUSE TestDefaultMeasurementName
=== CONT  TestNewItem
--- PASS: TestNewItem (0.00s)
=== CONT  TestDefaultMeasurementName
--- PASS: TestDefaultMeasurementName (0.00s)
=== CONT  TestUnknowItem
--- PASS: TestUnknowItem (0.00s)
PASS
ok  	github.com/influxdata/telegraf/plugins/inputs/webhooks/particle	1.185s
=== RUN   TestNewItem
--- PASS: TestNewItem (0.00s)
=== RUN   TestOccurrence
--- PASS: TestOccurrence (0.00s)
=== RUN   TestDeploy
--- PASS: TestDeploy (0.00s)
=== RUN   TestUnknowItem
--- PASS: TestUnknowItem (0.00s)
PASS
ok  	github.com/influxdata/telegraf/plugins/inputs/webhooks/rollbar	1.181s
?   	github.com/influxdata/telegraf/plugins/inputs/win_eventlog	[no test files]
?   	github.com/influxdata/telegraf/plugins/inputs/win_perf_counters	[no test files]
?   	github.com/influxdata/telegraf/plugins/inputs/win_services	[no test files]
?   	github.com/influxdata/telegraf/plugins/inputs/win_wmi	[no test files]
=== RUN   TestWireguard_gatherDeviceMetrics
--- PASS: TestWireguard_gatherDeviceMetrics (0.00s)
=== RUN   TestWireguard_gatherDevicePeerMetrics
--- PASS: TestWireguard_gatherDevicePeerMetrics (0.00s)
=== RUN   TestWireguard_allowedPeerCIDR
=== RUN   TestWireguard_allowedPeerCIDR/single_address
=== RUN   TestWireguard_allowedPeerCIDR/multiple_addresses
--- PASS: TestWireguard_allowedPeerCIDR (0.00s)
    --- PASS: TestWireguard_allowedPeerCIDR/single_address (0.00s)
    --- PASS: TestWireguard_allowedPeerCIDR/multiple_addresses (0.00s)
PASS
ok  	github.com/influxdata/telegraf/plugins/inputs/wireguard	0.985s
?   	github.com/influxdata/telegraf/plugins/inputs/wireless	[no test files]
=== RUN   TestGatherRemoteIntegration
    x509_cert_test.go:40: Skipping network-dependent test due to race condition when test-all
--- SKIP: TestGatherRemoteIntegration (0.00s)
=== RUN   TestGatherLocal
=== RUN   TestGatherLocal/permission_denied
=== RUN   TestGatherLocal/not_a_certificate
=== RUN   TestGatherLocal/wrong_certificate
=== RUN   TestGatherLocal/correct_certificate
=== RUN   TestGatherLocal/correct_client_certificate
=== RUN   TestGatherLocal/correct_certificate_and_extra_trailing_space
=== RUN   TestGatherLocal/correct_certificate_and_extra_leading_space
=== RUN   TestGatherLocal/correct_multiple_certificates
=== RUN   TestGatherLocal/correct_multiple_certificates_and_key
=== RUN   TestGatherLocal/correct_certificate_and_wrong_certificate
=== RUN   TestGatherLocal/correct_certificate_and_not_a_certificate
=== RUN   TestGatherLocal/correct_multiple_certificates_and_extra_trailing_space
=== RUN   TestGatherLocal/correct_multiple_certificates_and_extra_leading_space
=== RUN   TestGatherLocal/correct_multiple_certificates_and_extra_middle_space
--- PASS: TestGatherLocal (0.05s)
    --- PASS: TestGatherLocal/permission_denied (0.00s)
    --- PASS: TestGatherLocal/not_a_certificate (0.00s)
    --- PASS: TestGatherLocal/wrong_certificate (0.00s)
    --- PASS: TestGatherLocal/correct_certificate (0.01s)
    --- PASS: TestGatherLocal/correct_client_certificate (0.02s)
    --- PASS: TestGatherLocal/correct_certificate_and_extra_trailing_space (0.00s)
    --- PASS: TestGatherLocal/correct_certificate_and_extra_leading_space (0.00s)
    --- PASS: TestGatherLocal/correct_multiple_certificates (0.00s)
    --- PASS: TestGatherLocal/correct_multiple_certificates_and_key (0.00s)
    --- PASS: TestGatherLocal/correct_certificate_and_wrong_certificate (0.00s)
    --- PASS: TestGatherLocal/correct_certificate_and_not_a_certificate (0.00s)
    --- PASS: TestGatherLocal/correct_multiple_certificates_and_extra_trailing_space (0.00s)
    --- PASS: TestGatherLocal/correct_multiple_certificates_and_extra_leading_space (0.00s)
    --- PASS: TestGatherLocal/correct_multiple_certificates_and_extra_middle_space (0.00s)
=== RUN   TestTags
--- PASS: TestTags (0.00s)
=== RUN   TestGatherExcludeRootCerts
--- PASS: TestGatherExcludeRootCerts (0.00s)
=== RUN   TestGatherChain
=== RUN   TestGatherChain/chain_certificate
--- PASS: TestGatherChain (0.00s)
    --- PASS: TestGatherChain/chain_certificate (0.00s)
=== RUN   TestGatherUDPCertIntegration
--- PASS: TestGatherUDPCertIntegration (0.00s)
=== RUN   TestGatherTCPCert
--- PASS: TestGatherTCPCert (0.00s)
=== RUN   TestGatherCertIntegration
--- PASS: TestGatherCertIntegration (0.59s)
=== RUN   TestGatherCertMustNotTimeoutIntegration
--- PASS: TestGatherCertMustNotTimeoutIntegration (0.58s)
=== RUN   TestSourcesToURLs
--- PASS: TestSourcesToURLs (0.00s)
=== RUN   TestServerName
=== RUN   TestServerName/in_cfg
=== RUN   TestServerName/in_tls
=== RUN   TestServerName/from_URL
=== RUN   TestServerName/errors
--- PASS: TestServerName (0.00s)
    --- PASS: TestServerName/in_cfg (0.00s)
    --- PASS: TestServerName/in_tls (0.00s)
    --- PASS: TestServerName/from_URL (0.00s)
    --- PASS: TestServerName/errors (0.00s)
=== RUN   TestCertificateSerialNumberRetainsLeadingZeroes
--- PASS: TestCertificateSerialNumberRetainsLeadingZeroes (0.00s)
=== RUN   TestClassification
--- PASS: TestClassification (5.00s)
PASS
ok  	github.com/influxdata/telegraf/plugins/inputs/x509_cert	7.035s
=== RUN   TestInitDefault
--- PASS: TestInitDefault (0.00s)
=== RUN   TestInitFail
=== RUN   TestInitFail/all_empty
=== RUN   TestInitFail/no_username
=== RUN   TestInitFail/no_password
=== RUN   TestInitFail/no_url
--- PASS: TestInitFail (0.00s)
    --- PASS: TestInitFail/all_empty (0.00s)
    --- PASS: TestInitFail/no_username (0.00s)
    --- PASS: TestInitFail/no_password (0.00s)
    --- PASS: TestInitFail/no_url (0.00s)
=== RUN   TestFixedValue
=== RUN   TestFixedValue/gather_bbus_only
2025/02/19 21:37:43 http: superfluous response.WriteHeader call from github.com/influxdata/telegraf/plugins/inputs/xtremio.TestFixedValue.func1 (xtremio_test.go:89)
2025/02/19 21:37:43 http: superfluous response.WriteHeader call from github.com/influxdata/telegraf/plugins/inputs/xtremio.TestFixedValue.func1 (xtremio_test.go:103)
2025/02/19 21:37:43 http: superfluous response.WriteHeader call from github.com/influxdata/telegraf/plugins/inputs/xtremio.TestFixedValue.func1 (xtremio_test.go:117)
--- PASS: TestFixedValue (0.00s)
    --- PASS: TestFixedValue/gather_bbus_only (0.00s)
=== RUN   TestAuthenticationFailed
=== RUN   TestAuthenticationFailed/authentication_failed
2025/02/19 21:37:43 http: superfluous response.WriteHeader call from github.com/influxdata/telegraf/plugins/inputs/xtremio.TestAuthenticationFailed.func1 (xtremio_test.go:182)
--- PASS: TestAuthenticationFailed (0.00s)
    --- PASS: TestAuthenticationFailed/authentication_failed (0.00s)
PASS
ok  	github.com/influxdata/telegraf/plugins/inputs/xtremio	0.514s
?   	github.com/influxdata/telegraf/plugins/inputs/zfs	[no test files]
=== RUN   TestLineProtocolConverter_Record
=== RUN   TestLineProtocolConverter_Record/threespan
=== RUN   TestLineProtocolConverter_Record/distributed_trace_sample
--- PASS: TestLineProtocolConverter_Record (0.00s)
    --- PASS: TestLineProtocolConverter_Record/threespan (0.00s)
    --- PASS: TestLineProtocolConverter_Record/distributed_trace_sample (0.00s)
=== RUN   TestSpanHandler
--- PASS: TestSpanHandler (0.00s)
=== RUN   TestZipkinPlugin
2025-02-19T20:37:44Z I! [] Started the zipkin listener on 0.0.0.0:52263
=== RUN   TestZipkinPlugin/threespan
=== RUN   TestZipkinPlugin/distributed_trace_sample
=== RUN   TestZipkinPlugin/JSON_rather_than_thrift
--- PASS: TestZipkinPlugin (0.00s)
    --- PASS: TestZipkinPlugin/threespan (0.00s)
    --- PASS: TestZipkinPlugin/distributed_trace_sample (0.00s)
    --- PASS: TestZipkinPlugin/JSON_rather_than_thrift (0.00s)
PASS
ok  	github.com/influxdata/telegraf/plugins/inputs/zipkin	0.696s
?   	github.com/influxdata/telegraf/plugins/inputs/zipkin/cmd/stress_test_write	[no test files]
?   	github.com/influxdata/telegraf/plugins/inputs/zipkin/cmd/thrift_serialize	[no test files]
=== RUN   Test_MicroToTime
=== RUN   Test_MicroToTime/given_zero_micro_seconds_expected_unix_time_zero
=== RUN   Test_MicroToTime/given_a_million_micro_seconds_expected_unix_time_one
=== RUN   Test_MicroToTime/given_a_million_micro_seconds_expected_unix_time_one#01
--- PASS: Test_MicroToTime (0.00s)
    --- PASS: Test_MicroToTime/given_zero_micro_seconds_expected_unix_time_zero (0.00s)
    --- PASS: Test_MicroToTime/given_a_million_micro_seconds_expected_unix_time_one (0.00s)
    --- PASS: Test_MicroToTime/given_a_million_micro_seconds_expected_unix_time_one#01 (0.00s)
=== RUN   Test_minMax
=== RUN   Test_minMax/Single_annotation
=== RUN   Test_minMax/Three_annotations
=== RUN   Test_minMax/Annotations_are_in_the_future
=== RUN   Test_minMax/No_Annotations
--- PASS: Test_minMax (0.00s)
    --- PASS: Test_minMax/Single_annotation (0.00s)
    --- PASS: Test_minMax/Three_annotations (0.00s)
    --- PASS: Test_minMax/Annotations_are_in_the_future (0.00s)
    --- PASS: Test_minMax/No_Annotations (0.00s)
=== RUN   Test_guessTimestamp
=== RUN   Test_guessTimestamp/simple_timestamp
=== RUN   Test_guessTimestamp/zero_timestamp
=== RUN   Test_guessTimestamp/zero_timestamp_with_single_annotation
=== RUN   Test_guessTimestamp/zero_timestamp_with_two_annotations
--- PASS: Test_guessTimestamp (0.00s)
    --- PASS: Test_guessTimestamp/simple_timestamp (0.00s)
    --- PASS: Test_guessTimestamp/zero_timestamp (0.00s)
    --- PASS: Test_guessTimestamp/zero_timestamp_with_single_annotation (0.00s)
    --- PASS: Test_guessTimestamp/zero_timestamp_with_two_annotations (0.00s)
=== RUN   Test_convertDuration
=== RUN   Test_convertDuration/simple_duration
=== RUN   Test_convertDuration/no_timestamp,_but,_2_seconds_between_annotations
--- PASS: Test_convertDuration (0.00s)
    --- PASS: Test_convertDuration/simple_duration (0.00s)
    --- PASS: Test_convertDuration/no_timestamp,_but,_2_seconds_between_annotations (0.00s)
=== RUN   Test_parentID
=== RUN   Test_parentID/has_parent_id
=== RUN   Test_parentID/no_parent,_so_use_id
=== RUN   Test_parentID/bad_parent_value
--- PASS: Test_parentID (0.00s)
    --- PASS: Test_parentID/has_parent_id (0.00s)
    --- PASS: Test_parentID/no_parent,_so_use_id (0.00s)
    --- PASS: Test_parentID/bad_parent_value (0.00s)
=== RUN   Test_serviceEndpoint
=== RUN   Test_serviceEndpoint/Annotation_with_server_receive
=== RUN   Test_serviceEndpoint/Annotation_with_no_standard_values
=== RUN   Test_serviceEndpoint/Annotation_with_no_endpoints
=== RUN   Test_serviceEndpoint/Binary_annotation_with_local_component
--- PASS: Test_serviceEndpoint (0.00s)
    --- PASS: Test_serviceEndpoint/Annotation_with_server_receive (0.00s)
    --- PASS: Test_serviceEndpoint/Annotation_with_no_standard_values (0.00s)
    --- PASS: Test_serviceEndpoint/Annotation_with_no_endpoints (0.00s)
    --- PASS: Test_serviceEndpoint/Binary_annotation_with_local_component (0.00s)
=== RUN   TestNewBinaryAnnotations
=== RUN   TestNewBinaryAnnotations/Should_override_annotation_with_endpoint
--- PASS: TestNewBinaryAnnotations (0.00s)
    --- PASS: TestNewBinaryAnnotations/Should_override_annotation_with_endpoint (0.00s)
=== RUN   TestNewAnnotations
=== RUN   TestNewAnnotations/Should_override_annotation_with_endpoint
--- PASS: TestNewAnnotations (0.00s)
    --- PASS: TestNewAnnotations/Should_override_annotation_with_endpoint (0.00s)
=== RUN   TestNewTrace
=== RUN   TestNewTrace/empty_span
=== RUN   TestNewTrace/span_has_no_id
=== RUN   TestNewTrace/complete_span
--- PASS: TestNewTrace (0.00s)
    --- PASS: TestNewTrace/empty_span (0.00s)
    --- PASS: TestNewTrace/span_has_no_id (0.00s)
    --- PASS: TestNewTrace/complete_span (0.00s)
PASS
ok  	github.com/influxdata/telegraf/plugins/inputs/zipkin/codec	0.868s
=== RUN   TestJSON_Decode
=== RUN   TestJSON_Decode/bad_json_is_error
=== RUN   TestJSON_Decode/Decodes_simple_trace
=== RUN   TestJSON_Decode/Decodes_two_spans
=== RUN   TestJSON_Decode/Decodes_trace_with_timestamp
=== RUN   TestJSON_Decode/Decodes_simple_trace_with_high_and_low_trace_id
=== RUN   TestJSON_Decode/Error_when_trace_id_is_null
=== RUN   TestJSON_Decode/ignore_null_parentId
=== RUN   TestJSON_Decode/ignore_null_timestamp
=== RUN   TestJSON_Decode/ignore_null_duration
=== RUN   TestJSON_Decode/ignore_null_annotation_endpoint
=== RUN   TestJSON_Decode/ignore_null_binary_annotation_endpoint
=== RUN   TestJSON_Decode/Error_when_binary_annotation_has_no_key
=== RUN   TestJSON_Decode/Error_when_binary_annotation_has_no_value
=== RUN   TestJSON_Decode/binary_annotation_with_endpoint
=== RUN   TestJSON_Decode/binary_annotation_with_double_value
=== RUN   TestJSON_Decode/binary_annotation_with_integer_value
=== RUN   TestJSON_Decode/binary_annotation_with_bool_value
=== RUN   TestJSON_Decode/binary_annotation_with_bytes_value
--- PASS: TestJSON_Decode (0.00s)
    --- PASS: TestJSON_Decode/bad_json_is_error (0.00s)
    --- PASS: TestJSON_Decode/Decodes_simple_trace (0.00s)
    --- PASS: TestJSON_Decode/Decodes_two_spans (0.00s)
    --- PASS: TestJSON_Decode/Decodes_trace_with_timestamp (0.00s)
    --- PASS: TestJSON_Decode/Decodes_simple_trace_with_high_and_low_trace_id (0.00s)
    --- PASS: TestJSON_Decode/Error_when_trace_id_is_null (0.00s)
    --- PASS: TestJSON_Decode/ignore_null_parentId (0.00s)
    --- PASS: TestJSON_Decode/ignore_null_timestamp (0.00s)
    --- PASS: TestJSON_Decode/ignore_null_duration (0.00s)
    --- PASS: TestJSON_Decode/ignore_null_annotation_endpoint (0.00s)
    --- PASS: TestJSON_Decode/ignore_null_binary_annotation_endpoint (0.00s)
    --- PASS: TestJSON_Decode/Error_when_binary_annotation_has_no_key (0.00s)
    --- PASS: TestJSON_Decode/Error_when_binary_annotation_has_no_value (0.00s)
    --- PASS: TestJSON_Decode/binary_annotation_with_endpoint (0.00s)
    --- PASS: TestJSON_Decode/binary_annotation_with_double_value (0.00s)
    --- PASS: TestJSON_Decode/binary_annotation_with_integer_value (0.00s)
    --- PASS: TestJSON_Decode/binary_annotation_with_bool_value (0.00s)
    --- PASS: TestJSON_Decode/binary_annotation_with_bytes_value (0.00s)
=== RUN   Test_span_Trace
=== RUN   Test_span_Trace/Trace_IDs_cannot_be_null
=== RUN   Test_span_Trace/converts_hex_string_correctly
=== RUN   Test_span_Trace/converts_high_and_low_trace_id_correctly
=== RUN   Test_span_Trace/errors_when_string_isn't_hex
=== RUN   Test_span_Trace/errors_when_id_is_too_long
--- PASS: Test_span_Trace (0.00s)
    --- PASS: Test_span_Trace/Trace_IDs_cannot_be_null (0.00s)
    --- PASS: Test_span_Trace/converts_hex_string_correctly (0.00s)
    --- PASS: Test_span_Trace/converts_high_and_low_trace_id_correctly (0.00s)
    --- PASS: Test_span_Trace/errors_when_string_isn't_hex (0.00s)
    --- PASS: Test_span_Trace/errors_when_id_is_too_long (0.00s)
=== RUN   Test_span_SpanID
=== RUN   Test_span_SpanID/Span_IDs_cannot_be_null
=== RUN   Test_span_SpanID/validates_known_id_correctly
=== RUN   Test_span_SpanID/validates_hex_string_correctly
=== RUN   Test_span_SpanID/errors_when_string_isn't_hex
=== RUN   Test_span_SpanID/errors_when_id_is_too_long
--- PASS: Test_span_SpanID (0.00s)
    --- PASS: Test_span_SpanID/Span_IDs_cannot_be_null (0.00s)
    --- PASS: Test_span_SpanID/validates_known_id_correctly (0.00s)
    --- PASS: Test_span_SpanID/validates_hex_string_correctly (0.00s)
    --- PASS: Test_span_SpanID/errors_when_string_isn't_hex (0.00s)
    --- PASS: Test_span_SpanID/errors_when_id_is_too_long (0.00s)
=== RUN   Test_span_Parent
=== RUN   Test_span_Parent/when_there_is_no_parent_return_empty_string
=== RUN   Test_span_Parent/validates_hex_string_correctly
=== RUN   Test_span_Parent/errors_when_string_isn't_hex
=== RUN   Test_span_Parent/errors_when_parent_id_is_too_long
--- PASS: Test_span_Parent (0.00s)
    --- PASS: Test_span_Parent/when_there_is_no_parent_return_empty_string (0.00s)
    --- PASS: Test_span_Parent/validates_hex_string_correctly (0.00s)
    --- PASS: Test_span_Parent/errors_when_string_isn't_hex (0.00s)
    --- PASS: Test_span_Parent/errors_when_parent_id_is_too_long (0.00s)
=== RUN   Test_span_Timestamp
=== RUN   Test_span_Timestamp/converts_to_microseconds
=== RUN   Test_span_Timestamp/nil_time_should_be_zero_time
--- PASS: Test_span_Timestamp (0.00s)
    --- PASS: Test_span_Timestamp/converts_to_microseconds (0.00s)
    --- PASS: Test_span_Timestamp/nil_time_should_be_zero_time (0.00s)
=== RUN   Test_span_Duration
=== RUN   Test_span_Duration/converts_from_3_microseconds
=== RUN   Test_span_Duration/nil_time_should_be_zero_duration
--- PASS: Test_span_Duration (0.00s)
    --- PASS: Test_span_Duration/converts_from_3_microseconds (0.00s)
    --- PASS: Test_span_Duration/nil_time_should_be_zero_duration (0.00s)
=== RUN   Test_annotation
=== RUN   Test_annotation/returns_all_fields
--- PASS: Test_annotation (0.00s)
    --- PASS: Test_annotation/returns_all_fields (0.00s)
=== RUN   Test_binaryAnnotation
=== RUN   Test_binaryAnnotation/returns_all_fields
--- PASS: Test_binaryAnnotation (0.00s)
    --- PASS: Test_binaryAnnotation/returns_all_fields (0.00s)
=== RUN   Test_endpoint_Host
=== RUN   Test_endpoint_Host/with_port
=== RUN   Test_endpoint_Host/no_port
--- PASS: Test_endpoint_Host (0.00s)
    --- PASS: Test_endpoint_Host/with_port (0.00s)
    --- PASS: Test_endpoint_Host/no_port (0.00s)
=== RUN   Test_endpoint_Name
=== RUN   Test_endpoint_Name/has_service_name
--- PASS: Test_endpoint_Name (0.00s)
    --- PASS: Test_endpoint_Name/has_service_name (0.00s)
=== RUN   TestTraceIDFromString
=== RUN   TestTraceIDFromString/Convert_hex_string_id
=== RUN   TestTraceIDFromString/error_:_id_too_long
=== RUN   TestTraceIDFromString/error_:_not_parsable
=== RUN   TestTraceIDFromString/Convert_hex_string_with_high/low
=== RUN   TestTraceIDFromString/errors_in_high
=== RUN   TestTraceIDFromString/errors_in_low
--- PASS: TestTraceIDFromString (0.00s)
    --- PASS: TestTraceIDFromString/Convert_hex_string_id (0.00s)
    --- PASS: TestTraceIDFromString/error_:_id_too_long (0.00s)
    --- PASS: TestTraceIDFromString/error_:_not_parsable (0.00s)
    --- PASS: TestTraceIDFromString/Convert_hex_string_with_high/low (0.00s)
    --- PASS: TestTraceIDFromString/errors_in_high (0.00s)
    --- PASS: TestTraceIDFromString/errors_in_low (0.00s)
=== RUN   TestIDFromString
=== RUN   TestIDFromString/validates_hex_string_id
=== RUN   TestIDFromString/error_:_id_too_long
=== RUN   TestIDFromString/error_:_not_parsable
--- PASS: TestIDFromString (0.00s)
    --- PASS: TestIDFromString/validates_hex_string_id (0.00s)
    --- PASS: TestIDFromString/error_:_id_too_long (0.00s)
    --- PASS: TestIDFromString/error_:_not_parsable (0.00s)
PASS
ok  	github.com/influxdata/telegraf/plugins/inputs/zipkin/codec/jsonV1	1.014s
=== RUN   Test_endpointHost
=== RUN   Test_endpointHost/Host_Found
=== RUN   Test_endpointHost/No_Host
=== RUN   Test_endpointHost/int_overflow_zipkin_uses_an_int16_type_as_an_unsigned_int_16.
--- PASS: Test_endpointHost (0.00s)
    --- PASS: Test_endpointHost/Host_Found (0.00s)
    --- PASS: Test_endpointHost/No_Host (0.00s)
    --- PASS: Test_endpointHost/int_overflow_zipkin_uses_an_int16_type_as_an_unsigned_int_16. (0.00s)
=== RUN   Test_endpointName
=== RUN   Test_endpointName/Found_ServiceName
=== RUN   Test_endpointName/No_ServiceName
--- PASS: Test_endpointName (0.00s)
    --- PASS: Test_endpointName/Found_ServiceName (0.00s)
    --- PASS: Test_endpointName/No_ServiceName (0.00s)
=== RUN   TestUnmarshalThrift
=== RUN   TestUnmarshalThrift/threespans
--- PASS: TestUnmarshalThrift (0.00s)
    --- PASS: TestUnmarshalThrift/threespans (0.00s)
PASS
ok  	github.com/influxdata/telegraf/plugins/inputs/zipkin/codec/thrift	1.083s
?   	github.com/influxdata/telegraf/plugins/inputs/zipkin/codec/thrift/gen-go/zipkincore	[no test files]
?   	github.com/influxdata/telegraf/plugins/inputs/zipkin/trace	[no test files]
=== RUN   TestZookeeperGeneratesMetricsIntegration
--- FAIL: TestZookeeperGeneratesMetricsIntegration (0.00s)
panic: check host "unix:///var/run/docker.sock": docker info: Cannot connect to the Docker daemon at unix:///var/run/docker.sock. Is the docker daemon running?
	check host "unix:///Users/frederikmoschner/.docker/run/docker.sock": docker info: Cannot connect to the Docker daemon at unix:///Users/frederikmoschner/.docker/run/docker.sock. Is the docker daemon running? [recovered]
	panic: check host "unix:///var/run/docker.sock": docker info: Cannot connect to the Docker daemon at unix:///var/run/docker.sock. Is the docker daemon running?
	check host "unix:///Users/frederikmoschner/.docker/run/docker.sock": docker info: Cannot connect to the Docker daemon at unix:///Users/frederikmoschner/.docker/run/docker.sock. Is the docker daemon running?

goroutine 14 [running]:
testing.tRunner.func1.2({0x101029080, 0x140001d21e0})
	/opt/homebrew/Cellar/go/1.24.0/libexec/src/testing/testing.go:1734 +0x1ac
testing.tRunner.func1()
	/opt/homebrew/Cellar/go/1.24.0/libexec/src/testing/testing.go:1737 +0x334
panic({0x101029080?, 0x140001d21e0?})
	/opt/homebrew/Cellar/go/1.24.0/libexec/src/runtime/panic.go:787 +0x124
github.com/testcontainers/testcontainers-go/internal/core.MustExtractDockerHost.func1()
	/Users/frederikmoschner/go/pkg/mod/github.com/testcontainers/testcontainers-go@v0.34.0/internal/core/docker_host.go:91 +0x70
sync.(*Once).doSlow(0x74704f646f680000?, 0x2540be400?)
	/opt/homebrew/Cellar/go/1.24.0/libexec/src/sync/once.go:78 +0xf0
sync.(*Once).Do(...)
	/opt/homebrew/Cellar/go/1.24.0/libexec/src/sync/once.go:69
github.com/testcontainers/testcontainers-go/internal/core.MustExtractDockerHost({0x10112ac08?, 0x1015a9660?})
	/Users/frederikmoschner/go/pkg/mod/github.com/testcontainers/testcontainers-go@v0.34.0/internal/core/docker_host.go:88 +0x54
github.com/testcontainers/testcontainers-go/internal/core.NewClient({0x10112ac08, 0x1015a9660}, {0x0, 0x0, 0x928012027187869?})
	/Users/frederikmoschner/go/pkg/mod/github.com/testcontainers/testcontainers-go@v0.34.0/internal/core/client.go:17 +0x9c
github.com/testcontainers/testcontainers-go.NewDockerClientWithOpts({0x10112ac08, 0x1015a9660}, {0x0, 0x0, 0x0})
	/Users/frederikmoschner/go/pkg/mod/github.com/testcontainers/testcontainers-go@v0.34.0/docker_client.go:117 +0x4c
github.com/testcontainers/testcontainers-go.NewDockerProvider({0x14000310080, 0x2, 0x100e20121?})
	/Users/frederikmoschner/go/pkg/mod/github.com/testcontainers/testcontainers-go@v0.34.0/provider.go:143 +0xf0
github.com/testcontainers/testcontainers-go.ProviderType.GetProvider(0x0, {0x140001850a8, 0x1, 0x0?})
	/Users/frederikmoschner/go/pkg/mod/github.com/testcontainers/testcontainers-go@v0.34.0/provider.go:114 +0x380
github.com/testcontainers/testcontainers-go.GenericContainer({_, _}, {{{{0x0, 0x0}, {0x0, 0x0}, {0x0, 0x0}, {0x0, 0x0}, ...}, ...}, ...})
	/Users/frederikmoschner/go/pkg/mod/github.com/testcontainers/testcontainers-go@v0.34.0/generic.go:59 +0xf0
github.com/influxdata/telegraf/testutil.(*Container).Start(0x140002fed80)
	/Users/frederikmoschner/Documents/plugin_erweiterung/telegraf/testutil/container.go:76 +0x2d8
github.com/influxdata/telegraf/plugins/inputs/zookeeper.TestZookeeperGeneratesMetricsIntegration(0x1400049d340)
	/Users/frederikmoschner/Documents/plugin_erweiterung/telegraf/plugins/inputs/zookeeper/zookeeper_test.go:31 +0x2bc
testing.tRunner(0x1400049d340, 0x10111e2c0)
	/opt/homebrew/Cellar/go/1.24.0/libexec/src/testing/testing.go:1792 +0xe4
created by testing.(*T).Run in goroutine 1
	/opt/homebrew/Cellar/go/1.24.0/libexec/src/testing/testing.go:1851 +0x374
FAIL	github.com/influxdata/telegraf/plugins/inputs/zookeeper	0.753s
?   	github.com/influxdata/telegraf/plugins/outputs	[no test files]
?   	github.com/influxdata/telegraf/plugins/outputs/all	[no test files]
=== RUN   TestBuildPoint
--- PASS: TestBuildPoint (0.00s)
PASS
ok  	github.com/influxdata/telegraf/plugins/outputs/amon	0.544s
=== RUN   TestConnect
=== RUN   TestConnect/defaults
=== RUN   TestConnect/headers_overrides_deprecated_dbrp
=== RUN   TestConnect/exchange_args
=== RUN   TestConnect/username_password
=== RUN   TestConnect/url_support
--- PASS: TestConnect (0.00s)
    --- PASS: TestConnect/defaults (0.00s)
    --- PASS: TestConnect/headers_overrides_deprecated_dbrp (0.00s)
    --- PASS: TestConnect/exchange_args (0.00s)
    --- PASS: TestConnect/username_password (0.00s)
    --- PASS: TestConnect/url_support (0.00s)
PASS
ok  	github.com/influxdata/telegraf/plugins/outputs/amqp	0.735s
=== RUN   TestConnectFailsIfNoIkey
--- PASS: TestConnectFailsIfNoIkey (0.00s)
=== RUN   TestOutputCloseTimesOut
2025-02-19T20:37:46Z W! [] Close operation timed out after 50ms
--- PASS: TestOutputCloseTimesOut (0.07s)
=== RUN   TestCloseRemovesDiagMsgListener
2025-02-19T20:37:46Z I! [] Closed
--- PASS: TestCloseRemovesDiagMsgListener (0.00s)
=== RUN   TestAggregateMetricCreated
=== RUN   TestAggregateMetricCreated/value_and_count
=== RUN   TestAggregateMetricCreated/value_and_samples
=== RUN   TestAggregateMetricCreated/sum_and_count
=== RUN   TestAggregateMetricCreated/sum_and_samples
=== RUN   TestAggregateMetricCreated/value_and_count,_sum_is_wrong_type
=== RUN   TestAggregateMetricCreated/with_aggregates
=== RUN   TestAggregateMetricCreated/some_aggregates_with_invalid_values
=== RUN   TestAggregateMetricCreated/aggregate_with_additional_fields
--- PASS: TestAggregateMetricCreated (0.00s)
    --- PASS: TestAggregateMetricCreated/value_and_count (0.00s)
    --- PASS: TestAggregateMetricCreated/value_and_samples (0.00s)
    --- PASS: TestAggregateMetricCreated/sum_and_count (0.00s)
    --- PASS: TestAggregateMetricCreated/sum_and_samples (0.00s)
    --- PASS: TestAggregateMetricCreated/value_and_count,_sum_is_wrong_type (0.00s)
    --- PASS: TestAggregateMetricCreated/with_aggregates (0.00s)
    --- PASS: TestAggregateMetricCreated/some_aggregates_with_invalid_values (0.00s)
    --- PASS: TestAggregateMetricCreated/aggregate_with_additional_fields (0.00s)
=== RUN   TestSimpleMetricCreated
=== RUN   TestSimpleMetricCreated/just_a_single_value_field
=== RUN   TestSimpleMetricCreated/single_field_not_named_value
=== RUN   TestSimpleMetricCreated/value_but_no_count
=== RUN   TestSimpleMetricCreated/count_but_no_value
=== RUN   TestSimpleMetricCreated/neither_value_nor_count
=== RUN   TestSimpleMetricCreated/value_is_of_wrong_type
=== RUN   TestSimpleMetricCreated/count_is_of_wrong_type
=== RUN   TestSimpleMetricCreated/count_is_out_of_range
=== RUN   TestSimpleMetricCreated/several_additional_fields
--- PASS: TestSimpleMetricCreated (0.00s)
    --- PASS: TestSimpleMetricCreated/just_a_single_value_field (0.00s)
    --- PASS: TestSimpleMetricCreated/single_field_not_named_value (0.00s)
    --- PASS: TestSimpleMetricCreated/value_but_no_count (0.00s)
    --- PASS: TestSimpleMetricCreated/count_but_no_value (0.00s)
    --- PASS: TestSimpleMetricCreated/neither_value_nor_count (0.00s)
    --- PASS: TestSimpleMetricCreated/value_is_of_wrong_type (0.00s)
    --- PASS: TestSimpleMetricCreated/count_is_of_wrong_type (0.00s)
    --- PASS: TestSimpleMetricCreated/count_is_out_of_range (0.00s)
    --- PASS: TestSimpleMetricCreated/several_additional_fields (0.00s)
=== RUN   TestTagsAppliedToTelemetry
=== RUN   TestTagsAppliedToTelemetry/value_but_no_count
--- PASS: TestTagsAppliedToTelemetry (0.00s)
    --- PASS: TestTagsAppliedToTelemetry/value_but_no_count (0.00s)
=== RUN   TestContextTagsSetOnSimpleTelemetry
--- PASS: TestContextTagsSetOnSimpleTelemetry (0.00s)
=== RUN   TestContextTagsSetOnAggregateTelemetry
--- PASS: TestContextTagsSetOnAggregateTelemetry (0.00s)
PASS
ok  	github.com/influxdata/telegraf/plugins/outputs/application_insights	0.929s
?   	github.com/influxdata/telegraf/plugins/outputs/application_insights/mocks	[no test files]
=== RUN   TestWrite
=== RUN   TestWrite/Valid_metric
=== RUN   TestWrite/Don't_create_tables'
=== RUN   TestWrite/SingleTable_metric_grouping_type
=== RUN   TestWrite/Valid_metric_managed_ingestion
--- PASS: TestWrite (0.00s)
    --- PASS: TestWrite/Valid_metric (0.00s)
    --- PASS: TestWrite/Don't_create_tables' (0.00s)
    --- PASS: TestWrite/SingleTable_metric_grouping_type (0.00s)
    --- PASS: TestWrite/Valid_metric_managed_ingestion (0.00s)
=== RUN   TestCreateAzureDataExplorerTable
--- PASS: TestCreateAzureDataExplorerTable (0.00s)
=== RUN   TestWriteWithType
=== RUN   TestWriteWithType/Valid_metric
D! [] Writing 86 metrics to table "test1"
=== RUN   TestWriteWithType/Don't_create_tables'
D! [] Writing 86 metrics to table "test1"
=== RUN   TestWriteWithType/SingleTable_metric_grouping_type
D! [] Writing 86 metrics to table "test1"
=== RUN   TestWriteWithType/Valid_metric_managed_ingestion
D! [] Writing 86 metrics to table "test1"
=== RUN   TestWriteWithType/Table_per_metric_type
D! [] Writing 86 metrics to table "test2"
D! [] Ingestor for table test3 created
D! [] Writing 86 metrics to table "test3"
E! [] sending ingestion request to Azure Data Explorer for table "test3" failed: context deadline exceeded
D! [] Ingestor for table test2 created
D! [] Writing 86 metrics to table "test2"
E! [] sending ingestion request to Azure Data Explorer for table "test2" failed: context deadline exceeded
D! [] Writing 86 metrics to table "test3"
--- PASS: TestWriteWithType (0.00s)
    --- PASS: TestWriteWithType/Valid_metric (0.00s)
    --- PASS: TestWriteWithType/Don't_create_tables' (0.00s)
    --- PASS: TestWriteWithType/SingleTable_metric_grouping_type (0.00s)
    --- PASS: TestWriteWithType/Valid_metric_managed_ingestion (0.00s)
    --- PASS: TestWriteWithType/Table_per_metric_type (0.00s)
=== RUN   TestInitBlankEndpointData
--- PASS: TestInitBlankEndpointData (0.00s)
=== RUN   TestQueryConstruction
--- PASS: TestQueryConstruction (0.00s)
PASS
ok  	github.com/influxdata/telegraf/plugins/outputs/azure_data_explorer	0.597s
=== RUN   TestAggregate
=== RUN   TestAggregate/add_metric_outside_window_is_dropped
=== RUN   TestAggregate/metric_not_sent_until_period_expires
=== RUN   TestAggregate/add_strings_as_dimensions
=== RUN   TestAggregate/add_metric_to_cache_and_push
=== RUN   TestAggregate/added_metric_are_aggregated
--- PASS: TestAggregate (0.00s)
    --- PASS: TestAggregate/add_metric_outside_window_is_dropped (0.00s)
    --- PASS: TestAggregate/metric_not_sent_until_period_expires (0.00s)
    --- PASS: TestAggregate/add_strings_as_dimensions (0.00s)
    --- PASS: TestAggregate/add_metric_to_cache_and_push (0.00s)
    --- PASS: TestAggregate/added_metric_are_aggregated (0.00s)
=== RUN   TestWrite
=== RUN   TestWrite/if_not_an_azure_metric_nothing_is_sent
2025-02-19T20:37:46Z E! [] Could not create azure metric for "cpu"; discarding point
=== RUN   TestWrite/single_azure_metric
=== RUN   TestWrite/multiple_azure_metric
--- PASS: TestWrite (0.01s)
    --- PASS: TestWrite/if_not_an_azure_metric_nothing_is_sent (0.00s)
    --- PASS: TestWrite/single_azure_metric (0.01s)
    --- PASS: TestWrite/multiple_azure_metric (0.00s)
=== RUN   TestWriteTimelimits
=== RUN   TestWriteTimelimits/only_good_metrics
=== RUN   TestWriteTimelimits/metrics_out_of_bounds
=== RUN   TestWriteTimelimits/default_limit
=== RUN   TestWriteTimelimits/permissive_limit
=== RUN   TestWriteTimelimits/very_strict
--- PASS: TestWriteTimelimits (0.01s)
    --- PASS: TestWriteTimelimits/only_good_metrics (0.00s)
    --- PASS: TestWriteTimelimits/metrics_out_of_bounds (0.00s)
    --- PASS: TestWriteTimelimits/default_limit (0.00s)
    --- PASS: TestWriteTimelimits/permissive_limit (0.00s)
    --- PASS: TestWriteTimelimits/very_strict (0.00s)
PASS
ok  	github.com/influxdata/telegraf/plugins/outputs/azure_monitor	0.755s
=== RUN   TestInit
=== RUN   TestInit/dataset_is_not_set
=== RUN   TestInit/valid_config
--- PASS: TestInit (0.00s)
    --- PASS: TestInit/dataset_is_not_set (0.00s)
    --- PASS: TestInit/valid_config (0.00s)
=== RUN   TestMetricToTable
=== RUN   TestMetricToTable/no_rename
=== RUN   TestMetricToTable/default_config
2025-02-19T20:37:47Z W! [] Metric "table-with-hyphens" contains hyphens please consider using the rename processor plugin, falling back to "table_with_hyphens"
=== RUN   TestMetricToTable/custom_hyphens
2025-02-19T20:37:47Z W! [] Metric "table-with-hyphens" contains hyphens please consider using the rename processor plugin, falling back to "table*with*hyphens"
--- PASS: TestMetricToTable (0.00s)
    --- PASS: TestMetricToTable/no_rename (0.00s)
    --- PASS: TestMetricToTable/default_config (0.00s)
    --- PASS: TestMetricToTable/custom_hyphens (0.00s)
=== RUN   TestConnect
=== RUN   TestConnect/normal
=== RUN   TestConnect/compact_table_existing
=== RUN   TestConnect/compact_table_not_existing
--- PASS: TestConnect (0.00s)
    --- PASS: TestConnect/normal (0.00s)
    --- PASS: TestConnect/compact_table_existing (0.00s)
    --- PASS: TestConnect/compact_table_not_existing (0.00s)
=== RUN   TestWrite
--- PASS: TestWrite (0.00s)
=== RUN   TestWriteCompact
--- PASS: TestWriteCompact (0.00s)
=== RUN   TestAutoDetect
--- PASS: TestAutoDetect (0.00s)
PASS
ok  	github.com/influxdata/telegraf/plugins/outputs/bigquery	0.900s
=== RUN   TestGenerateID
--- PASS: TestGenerateID (0.00s)
=== RUN   TestProcessMetrics
2025-02-19T20:37:47Z W! [] Skipping field "quality" of metric "opc_metric": strconv.ParseFloat: parsing "GOOD": invalid syntax
--- PASS: TestProcessMetrics (0.00s)
=== RUN   TestTimeout
--- PASS: TestTimeout (0.00s)
=== RUN   TestInit
--- PASS: TestInit (0.00s)
PASS
ok  	github.com/influxdata/telegraf/plugins/outputs/clarify	0.548s
=== RUN   TestPubSub_WriteSingle
--- PASS: TestPubSub_WriteSingle (0.00s)
=== RUN   TestPubSub_WriteWithAttribute
--- PASS: TestPubSub_WriteWithAttribute (0.00s)
=== RUN   TestPubSub_WriteMultiple
--- PASS: TestPubSub_WriteMultiple (0.00s)
=== RUN   TestPubSub_WriteOverCountThreshold
--- PASS: TestPubSub_WriteOverCountThreshold (0.00s)
=== RUN   TestPubSub_WriteOverByteThreshold
--- PASS: TestPubSub_WriteOverByteThreshold (0.00s)
=== RUN   TestPubSub_WriteBase64Single
--- PASS: TestPubSub_WriteBase64Single (0.00s)
=== RUN   TestPubSub_Error
--- PASS: TestPubSub_Error (0.00s)
=== RUN   TestPubSub_WriteGzipSingle
--- PASS: TestPubSub_WriteGzipSingle (0.00s)
=== RUN   TestPubSub_WriteGzipAndBase64Single
--- PASS: TestPubSub_WriteGzipAndBase64Single (0.00s)
PASS
ok  	github.com/influxdata/telegraf/plugins/outputs/cloud_pubsub	0.831s
=== RUN   TestBuildDimensions
--- PASS: TestBuildDimensions (0.00s)
=== RUN   TestBuildMetricDatums
--- PASS: TestBuildMetricDatums (0.00s)
=== RUN   TestMetricDatumResolution
--- PASS: TestMetricDatumResolution (0.00s)
=== RUN   TestBuildMetricDatums_SkipEmptyTags
--- PASS: TestBuildMetricDatums_SkipEmptyTags (0.00s)
=== RUN   TestPartitionDatums
--- PASS: TestPartitionDatums (0.00s)
PASS
ok  	github.com/influxdata/telegraf/plugins/outputs/cloudwatch	0.974s
=== RUN   TestInit
=== RUN   TestInit/log_group_is_not_set
=== RUN   TestInit/log_stream_is_not_set
=== RUN   TestInit/log_data_metrics_name_is_not_set
=== RUN   TestInit/log_data_source_is_not_set
=== RUN   TestInit/log_data_source_is_not_properly_formatted_(no_divider)
=== RUN   TestInit/log_data_source_is_not_properly_formatted_(inappropriate_fields)
=== RUN   TestInit/valid_config
2025/02/19 21:37:48 D! [outputs.cloudwatch_logs] Log data: key "tag", source "location"...
2025/02/19 21:37:48 D! [outputs.cloudwatch_logs] Log stream "tag:source"...
=== RUN   TestInit/valid_config_with_EndpointURL
2025/02/19 21:37:48 D! [outputs.cloudwatch_logs] Log data: key "tag", source "location"...
2025/02/19 21:37:48 D! [outputs.cloudwatch_logs] Log stream "tag:source"...
--- PASS: TestInit (0.00s)
    --- PASS: TestInit/log_group_is_not_set (0.00s)
    --- PASS: TestInit/log_stream_is_not_set (0.00s)
    --- PASS: TestInit/log_data_metrics_name_is_not_set (0.00s)
    --- PASS: TestInit/log_data_source_is_not_set (0.00s)
    --- PASS: TestInit/log_data_source_is_not_properly_formatted_(no_divider) (0.00s)
    --- PASS: TestInit/log_data_source_is_not_properly_formatted_(inappropriate_fields) (0.00s)
    --- PASS: TestInit/valid_config (0.00s)
    --- PASS: TestInit/valid_config_with_EndpointURL (0.00s)
=== RUN   TestConnect
2025/02/19 21:37:48 D! [outputs.cloudwatch_logs] Log data: key "field", source "message"...
2025/02/19 21:37:48 D! [outputs.cloudwatch_logs] Log stream "tag:source"...
2025/02/19 21:37:48 D! [outputs.cloudwatch_logs] Found log group "TestLogGroup"
2025/02/19 21:37:48 D! [outputs.cloudwatch_logs] Log stream: key "tag", source "source"...
--- PASS: TestConnect (0.00s)
=== RUN   TestWrite
2025/02/19 21:37:48 D! [outputs.cloudwatch_logs] Log data: key "field", source "message"...
2025/02/19 21:37:48 D! [outputs.cloudwatch_logs] Log stream "tag:source"...
2025/02/19 21:37:48 D! [outputs.cloudwatch_logs] Found log group "TestLogGroup"
2025/02/19 21:37:48 D! [outputs.cloudwatch_logs] Log stream: key "tag", source "source"...
=== RUN   TestWrite/Sorted_by_timestamp_log_entries
=== RUN   TestWrite/Unsorted_log_entries
=== RUN   TestWrite/Too_old_log_entry_&_log_entry_in_the_future
2025/02/19 21:37:48 D! [outputs.cloudwatch_logs] Processing metric 'docker_log map[container_image:influxdata/telegraf container_name:telegraf container_version:1.11.0 source:deadbeef stream:tty] map[container_id:deadbeef message:message #1] 1738784268543243000': Metric is filtered based on TS!
2025/02/19 21:37:48 D! [outputs.cloudwatch_logs] Processing metric 'docker_log map[container_image:influxdata/telegraf container_name:telegraf container_version:1.11.0 source:deadbeef stream:tty] map[container_id:deadbeef message:message #2] 1740008268543244000': Metric is filtered based on TS!
=== RUN   TestWrite/Oversized_log_entry
2025/02/19 21:37:48 E! [outputs.cloudwatch_logs] Processing metric 'docker_log map[container_image:influxdata/telegraf container_name:telegraf container_version:1.11.0 source:deadbeef stream:tty] map[container_id:deadbeef message:KtnZSlXGaZqGxtNagLxSdxjLjjWjsPbMeBBevULCnzXgdOhsyAqWauCOiOxnroLIzJBIUIouZwxsfYZoVcineZGugnipePGMOmuw...', message is too large to fit to aws max log message size: 262118 (bytes) !
=== RUN   TestWrite/Batching_log_entries
--- PASS: TestWrite (0.02s)
    --- PASS: TestWrite/Sorted_by_timestamp_log_entries (0.00s)
    --- PASS: TestWrite/Unsorted_log_entries (0.00s)
    --- PASS: TestWrite/Too_old_log_entry_&_log_entry_in_the_future (0.00s)
    --- PASS: TestWrite/Oversized_log_entry (0.00s)
    --- PASS: TestWrite/Batching_log_entries (0.00s)
PASS
ok  	github.com/influxdata/telegraf/plugins/outputs/cloudwatch_logs	1.005s
=== RUN   TestConnectAndWriteIntegration
--- FAIL: TestConnectAndWriteIntegration (0.00s)
panic: check host "unix:///var/run/docker.sock": docker info: Cannot connect to the Docker daemon at unix:///var/run/docker.sock. Is the docker daemon running?
	check host "unix:///Users/frederikmoschner/.docker/run/docker.sock": docker info: Cannot connect to the Docker daemon at unix:///Users/frederikmoschner/.docker/run/docker.sock. Is the docker daemon running? [recovered]
	panic: check host "unix:///var/run/docker.sock": docker info: Cannot connect to the Docker daemon at unix:///var/run/docker.sock. Is the docker daemon running?
	check host "unix:///Users/frederikmoschner/.docker/run/docker.sock": docker info: Cannot connect to the Docker daemon at unix:///Users/frederikmoschner/.docker/run/docker.sock. Is the docker daemon running?

goroutine 37 [running]:
testing.tRunner.func1.2({0x10352cc20, 0x140001e4438})
	/opt/homebrew/Cellar/go/1.24.0/libexec/src/testing/testing.go:1734 +0x1ac
testing.tRunner.func1()
	/opt/homebrew/Cellar/go/1.24.0/libexec/src/testing/testing.go:1737 +0x334
panic({0x10352cc20?, 0x140001e4438?})
	/opt/homebrew/Cellar/go/1.24.0/libexec/src/runtime/panic.go:787 +0x124
github.com/testcontainers/testcontainers-go/internal/core.MustExtractDockerHost.func1()
	/Users/frederikmoschner/go/pkg/mod/github.com/testcontainers/testcontainers-go@v0.34.0/internal/core/docker_host.go:91 +0x70
sync.(*Once).doSlow(0x1418687361680000?, 0x2540be400?)
	/opt/homebrew/Cellar/go/1.24.0/libexec/src/sync/once.go:78 +0xf0
sync.(*Once).Do(...)
	/opt/homebrew/Cellar/go/1.24.0/libexec/src/sync/once.go:69
github.com/testcontainers/testcontainers-go/internal/core.MustExtractDockerHost({0x103651528?, 0x103b8f200?})
	/Users/frederikmoschner/go/pkg/mod/github.com/testcontainers/testcontainers-go@v0.34.0/internal/core/docker_host.go:88 +0x54
github.com/testcontainers/testcontainers-go/internal/core.NewClient({0x103651528, 0x103b8f200}, {0x0, 0x0, 0x74704f64657400d4?})
	/Users/frederikmoschner/go/pkg/mod/github.com/testcontainers/testcontainers-go@v0.34.0/internal/core/client.go:17 +0x9c
github.com/testcontainers/testcontainers-go.NewDockerClientWithOpts({0x103651528, 0x103b8f200}, {0x0, 0x0, 0x0})
	/Users/frederikmoschner/go/pkg/mod/github.com/testcontainers/testcontainers-go@v0.34.0/docker_client.go:117 +0x4c
github.com/testcontainers/testcontainers-go.NewDockerProvider({0x14000318840, 0x2, 0x1032f25a3?})
	/Users/frederikmoschner/go/pkg/mod/github.com/testcontainers/testcontainers-go@v0.34.0/provider.go:143 +0xf0
github.com/testcontainers/testcontainers-go.ProviderType.GetProvider(0x0, {0x140001851d8, 0x1, 0x0?})
	/Users/frederikmoschner/go/pkg/mod/github.com/testcontainers/testcontainers-go@v0.34.0/provider.go:114 +0x380
github.com/testcontainers/testcontainers-go.GenericContainer({_, _}, {{{{0x0, 0x0}, {0x0, 0x0}, {0x0, 0x0}, {0x0, 0x0}, ...}, ...}, ...})
	/Users/frederikmoschner/go/pkg/mod/github.com/testcontainers/testcontainers-go@v0.34.0/generic.go:59 +0xf0
github.com/influxdata/telegraf/testutil.(*Container).Start(0x14000306120)
	/Users/frederikmoschner/Documents/plugin_erweiterung/telegraf/testutil/container.go:76 +0x2d8
github.com/influxdata/telegraf/plugins/outputs/cratedb.createTestContainer(0x14000102a80)
	/Users/frederikmoschner/Documents/plugin_erweiterung/telegraf/plugins/outputs/cratedb/cratedb_test.go:36 +0x248
github.com/influxdata/telegraf/plugins/outputs/cratedb.TestConnectAndWriteIntegration(0x14000102a80)
	/Users/frederikmoschner/Documents/plugin_erweiterung/telegraf/plugins/outputs/cratedb/cratedb_test.go:47 +0x90
testing.tRunner(0x14000102a80, 0x1036422a8)
	/opt/homebrew/Cellar/go/1.24.0/libexec/src/testing/testing.go:1792 +0xe4
created by testing.(*T).Run in goroutine 1
	/opt/homebrew/Cellar/go/1.24.0/libexec/src/testing/testing.go:1851 +0x374
FAIL	github.com/influxdata/telegraf/plugins/outputs/cratedb	0.846s
=== RUN   TestUriOverride
--- PASS: TestUriOverride (0.01s)
=== RUN   TestCompressionOverride
--- PASS: TestCompressionOverride (0.01s)
=== RUN   TestBadStatusCode
--- PASS: TestBadStatusCode (0.01s)
=== RUN   TestAuthenticatedUrl
--- PASS: TestAuthenticatedUrl (0.00s)
=== RUN   TestBuildTags
--- PASS: TestBuildTags (0.00s)
=== RUN   TestBuildPoint
--- PASS: TestBuildPoint (0.00s)
=== RUN   TestVerifyValue
--- PASS: TestVerifyValue (0.00s)
=== RUN   TestNaNIsSkipped
--- PASS: TestNaNIsSkipped (0.00s)
=== RUN   TestInfIsSkipped
--- PASS: TestInfIsSkipped (0.00s)
=== RUN   TestNonZeroRateIntervalConvertsRatesToCount
=== RUN   TestNonZeroRateIntervalConvertsRatesToCount/convert_counter_metrics_to_rate
=== RUN   TestNonZeroRateIntervalConvertsRatesToCount/convert_count_value_in_timing_metrics_to_rate
=== RUN   TestNonZeroRateIntervalConvertsRatesToCount/convert_count_value_in_histogram_metrics_to_rate
--- PASS: TestNonZeroRateIntervalConvertsRatesToCount (0.00s)
    --- PASS: TestNonZeroRateIntervalConvertsRatesToCount/convert_counter_metrics_to_rate (0.00s)
    --- PASS: TestNonZeroRateIntervalConvertsRatesToCount/convert_count_value_in_timing_metrics_to_rate (0.00s)
    --- PASS: TestNonZeroRateIntervalConvertsRatesToCount/convert_count_value_in_histogram_metrics_to_rate (0.00s)
=== RUN   TestZeroRateIntervalConvertsRatesToCount
=== RUN   TestZeroRateIntervalConvertsRatesToCount/does_not_convert_counter_metrics_to_rate
=== RUN   TestZeroRateIntervalConvertsRatesToCount/does_not_convert_count_value_in_timing_metrics_to_rate
=== RUN   TestZeroRateIntervalConvertsRatesToCount/does_not_convert_count_value_in_histogram_metrics_to_rate
--- PASS: TestZeroRateIntervalConvertsRatesToCount (0.00s)
    --- PASS: TestZeroRateIntervalConvertsRatesToCount/does_not_convert_counter_metrics_to_rate (0.00s)
    --- PASS: TestZeroRateIntervalConvertsRatesToCount/does_not_convert_count_value_in_timing_metrics_to_rate (0.00s)
    --- PASS: TestZeroRateIntervalConvertsRatesToCount/does_not_convert_count_value_in_histogram_metrics_to_rate (0.00s)
PASS
ok  	github.com/influxdata/telegraf/plugins/outputs/datadog	0.879s
?   	github.com/influxdata/telegraf/plugins/outputs/discard	[no test files]
=== RUN   TestNilMetrics
--- PASS: TestNilMetrics (0.01s)
=== RUN   TestEmptyMetricsSlice
--- PASS: TestEmptyMetricsSlice (0.00s)
=== RUN   TestMockURL
--- PASS: TestMockURL (0.00s)
=== RUN   TestMissingURL
2025-02-19T20:37:49Z I! [] Dynatrace URL is empty, defaulting to OneAgent metrics interface
--- PASS: TestMissingURL (0.00s)
=== RUN   TestMissingAPITokenMissingURL
2025-02-19T20:37:49Z I! [] Dynatrace URL is empty, defaulting to OneAgent metrics interface
--- PASS: TestMissingAPITokenMissingURL (0.00s)
=== RUN   TestMissingAPIToken
2025-02-19T20:37:49Z E! [] Dynatrace api_token is a required field for Dynatrace output
--- PASS: TestMissingAPIToken (0.00s)
=== RUN   TestSendMetrics
--- PASS: TestSendMetrics (0.00s)
=== RUN   TestSendMetricsWithPatterns
--- PASS: TestSendMetricsWithPatterns (0.00s)
=== RUN   TestSendSingleMetricWithUnorderedTags
--- PASS: TestSendSingleMetricWithUnorderedTags (0.00s)
=== RUN   TestSendMetricWithoutTags
--- PASS: TestSendMetricWithoutTags (0.00s)
=== RUN   TestSendMetricWithUpperCaseTagKeys
--- PASS: TestSendMetricWithUpperCaseTagKeys (0.00s)
=== RUN   TestSendBooleanMetricWithoutTags
--- PASS: TestSendBooleanMetricWithoutTags (0.00s)
=== RUN   TestSendMetricWithDefaultDimensions
--- PASS: TestSendMetricWithDefaultDimensions (0.00s)
=== RUN   TestMetricDimensionsOverrideDefault
--- PASS: TestMetricDimensionsOverrideDefault (0.00s)
=== RUN   TestStaticDimensionsOverrideMetric
--- PASS: TestStaticDimensionsOverrideMetric (0.00s)
=== RUN   TestSendUnsupportedMetric
--- PASS: TestSendUnsupportedMetric (0.00s)
PASS
ok  	github.com/influxdata/telegraf/plugins/outputs/dynatrace	0.572s
=== RUN   TestConnectAndWriteIntegration
--- FAIL: TestConnectAndWriteIntegration (0.00s)
panic: check host "unix:///var/run/docker.sock": docker info: Cannot connect to the Docker daemon at unix:///var/run/docker.sock. Is the docker daemon running?
	check host "unix:///Users/frederikmoschner/.docker/run/docker.sock": docker info: Cannot connect to the Docker daemon at unix:///Users/frederikmoschner/.docker/run/docker.sock. Is the docker daemon running? [recovered]
	panic: check host "unix:///var/run/docker.sock": docker info: Cannot connect to the Docker daemon at unix:///var/run/docker.sock. Is the docker daemon running?
	check host "unix:///Users/frederikmoschner/.docker/run/docker.sock": docker info: Cannot connect to the Docker daemon at unix:///Users/frederikmoschner/.docker/run/docker.sock. Is the docker daemon running?

goroutine 5 [running]:
testing.tRunner.func1.2({0x102e59d60, 0x140001262e8})
	/opt/homebrew/Cellar/go/1.24.0/libexec/src/testing/testing.go:1734 +0x1ac
testing.tRunner.func1()
	/opt/homebrew/Cellar/go/1.24.0/libexec/src/testing/testing.go:1737 +0x334
panic({0x102e59d60?, 0x140001262e8?})
	/opt/homebrew/Cellar/go/1.24.0/libexec/src/runtime/panic.go:787 +0x124
github.com/testcontainers/testcontainers-go/internal/core.MustExtractDockerHost.func1()
	/Users/frederikmoschner/go/pkg/mod/github.com/testcontainers/testcontainers-go@v0.34.0/internal/core/docker_host.go:91 +0x70
sync.(*Once).doSlow(0x14000040000?, 0x2540be400?)
	/opt/homebrew/Cellar/go/1.24.0/libexec/src/sync/once.go:78 +0xf0
sync.(*Once).Do(...)
	/opt/homebrew/Cellar/go/1.24.0/libexec/src/sync/once.go:69
github.com/testcontainers/testcontainers-go/internal/core.MustExtractDockerHost({0x102fd4338?, 0x1037095a0?})
	/Users/frederikmoschner/go/pkg/mod/github.com/testcontainers/testcontainers-go@v0.34.0/internal/core/docker_host.go:88 +0x54
github.com/testcontainers/testcontainers-go/internal/core.NewClient({0x102fd4338, 0x1037095a0}, {0x0, 0x0, 0x140000483c8?})
	/Users/frederikmoschner/go/pkg/mod/github.com/testcontainers/testcontainers-go@v0.34.0/internal/core/client.go:17 +0x9c
github.com/testcontainers/testcontainers-go.NewDockerClientWithOpts({0x102fd4338, 0x1037095a0}, {0x0, 0x0, 0x0})
	/Users/frederikmoschner/go/pkg/mod/github.com/testcontainers/testcontainers-go@v0.34.0/docker_client.go:117 +0x4c
github.com/testcontainers/testcontainers-go.NewDockerProvider({0x140003903a0, 0x2, 0x102b7b569?})
	/Users/frederikmoschner/go/pkg/mod/github.com/testcontainers/testcontainers-go@v0.34.0/provider.go:143 +0xf0
github.com/testcontainers/testcontainers-go.ProviderType.GetProvider(0x0, {0x140000cb298, 0x1, 0x0?})
	/Users/frederikmoschner/go/pkg/mod/github.com/testcontainers/testcontainers-go@v0.34.0/provider.go:114 +0x380
github.com/testcontainers/testcontainers-go.GenericContainer({_, _}, {{{{0x0, 0x0}, {0x0, 0x0}, {0x0, 0x0}, {0x0, 0x0}, ...}, ...}, ...})
	/Users/frederikmoschner/go/pkg/mod/github.com/testcontainers/testcontainers-go@v0.34.0/generic.go:59 +0xf0
github.com/influxdata/telegraf/testutil.(*Container).Start(0x14000000120)
	/Users/frederikmoschner/Documents/plugin_erweiterung/telegraf/testutil/container.go:76 +0x2d8
github.com/influxdata/telegraf/plugins/outputs/elasticsearch.launchTestContainer(0x14000103340)
	/Users/frederikmoschner/Documents/plugin_erweiterung/telegraf/plugins/outputs/elasticsearch/elasticsearch_test.go:37 +0x25c
github.com/influxdata/telegraf/plugins/outputs/elasticsearch.TestConnectAndWriteIntegration(0x14000103340)
	/Users/frederikmoschner/Documents/plugin_erweiterung/telegraf/plugins/outputs/elasticsearch/elasticsearch_test.go:48 +0x8c
testing.tRunner(0x14000103340, 0x102fc3640)
	/opt/homebrew/Cellar/go/1.24.0/libexec/src/testing/testing.go:1792 +0xe4
created by testing.(*T).Run in goroutine 1
	/opt/homebrew/Cellar/go/1.24.0/libexec/src/testing/testing.go:1851 +0x374
FAIL	github.com/influxdata/telegraf/plugins/outputs/elasticsearch	0.842s
=== RUN   TestInitAndWrite
--- PASS: TestInitAndWrite (0.00s)
=== RUN   TestInitAndWriteIntegration
    event_hubs_test.go:79: Missing environment variable EVENTHUB_CONNECTION_STRING
--- SKIP: TestInitAndWriteIntegration (0.00s)
PASS
ok  	github.com/influxdata/telegraf/plugins/outputs/event_hubs	0.533s
=== RUN   TestExternalOutputBatch
--- PASS: TestExternalOutputBatch (0.00s)
=== RUN   TestExternalOutputNoBatch
--- PASS: TestExternalOutputNoBatch (0.00s)
=== RUN   TestExec
    exec_test.go:101: Skipping test due to OS/executable dependencies and race condition when ran as part of a test-all
--- SKIP: TestExec (0.00s)
=== RUN   TestTruncate
=== RUN   TestTruncate/long_out
=== RUN   TestTruncate/multiline_out
--- PASS: TestTruncate (0.00s)
    --- PASS: TestTruncate/long_out (0.00s)
    --- PASS: TestTruncate/multiline_out (0.00s)
=== RUN   TestExecDocs
--- PASS: TestExecDocs (0.00s)
PASS
ok  	github.com/influxdata/telegraf/plugins/outputs/exec	1.102s
=== RUN   TestExternalOutputWorks
2025-02-19T20:37:51Z I! [] Starting process: /var/folders/83/999jb4l55z3gww5zs2b5s0c40000gn/T/go-build3684050339/b4085/execd.test [-testoutput]
2025-02-19T20:37:51Z I! [] Process /var/folders/83/999jb4l55z3gww5zs2b5s0c40000gn/T/go-build3684050339/b4085/execd.test shut down
--- PASS: TestExternalOutputWorks (0.26s)
=== RUN   TestBatchOutputWorks
2025-02-19T20:37:51Z I! [] Starting process: /var/folders/83/999jb4l55z3gww5zs2b5s0c40000gn/T/go-build3684050339/b4085/execd.test [-testoutput]
2025-02-19T20:37:51Z I! [] Process /var/folders/83/999jb4l55z3gww5zs2b5s0c40000gn/T/go-build3684050339/b4085/execd.test shut down
--- PASS: TestBatchOutputWorks (0.04s)
=== RUN   TestPartiallyUnserializableThrowError
2025-02-19T20:37:51Z I! [] Starting process: /var/folders/83/999jb4l55z3gww5zs2b5s0c40000gn/T/go-build3684050339/b4085/execd.test [-testoutput]
2025-02-19T20:37:51Z E! [] stderr: could not parse METRIC_NUM
2025-02-19T20:37:51Z I! [] Process /var/folders/83/999jb4l55z3gww5zs2b5s0c40000gn/T/go-build3684050339/b4085/execd.test shut down
--- PASS: TestPartiallyUnserializableThrowError (0.03s)
=== RUN   TestPartiallyUnserializableCanBeSkipped
2025-02-19T20:37:51Z I! [] Starting process: /var/folders/83/999jb4l55z3gww5zs2b5s0c40000gn/T/go-build3684050339/b4085/execd.test [-testoutput]
2025-02-19T20:37:51Z E! [] Skipping metric due to a serialization error: "cpu,name=cpu2": no serializable fields
2025-02-19T20:37:51Z E! [] stderr: could not parse METRIC_NUM
2025-02-19T20:37:51Z I! [] Process /var/folders/83/999jb4l55z3gww5zs2b5s0c40000gn/T/go-build3684050339/b4085/execd.test shut down
--- PASS: TestPartiallyUnserializableCanBeSkipped (0.03s)
PASS
ok  	github.com/influxdata/telegraf/plugins/outputs/execd	1.729s
=== RUN   TestFileExistingFile
--- PASS: TestFileExistingFile (0.00s)
=== RUN   TestFileNewFile
--- PASS: TestFileNewFile (0.00s)
=== RUN   TestFileExistingFiles
--- PASS: TestFileExistingFiles (0.00s)
=== RUN   TestNewGzipCompressedFiles
--- PASS: TestNewGzipCompressedFiles (0.00s)
=== RUN   TestNewZlibCompressedFiles
--- PASS: TestNewZlibCompressedFiles (0.01s)
=== RUN   TestNewZstdCompressedFiles
--- PASS: TestNewZstdCompressedFiles (0.01s)
=== RUN   TestFileNewFiles
--- PASS: TestFileNewFiles (0.00s)
=== RUN   TestFileBoth
--- PASS: TestFileBoth (0.00s)
=== RUN   TestFileStdout
--- PASS: TestFileStdout (0.00s)
PASS
ok  	github.com/influxdata/telegraf/plugins/outputs/file	1.607s
=== RUN   TestGraphiteError
--- PASS: TestGraphiteError (0.00s)
=== RUN   TestGraphiteReconnect
    graphite_test.go:67: Writing metric, without any server up, expected to fail
    graphite_test.go:73: Starting server
    graphite_test.go:77: Writing metric after server came up, we expect automatic reconnect on write without calling Connect() again
--- PASS: TestGraphiteReconnect (0.03s)
=== RUN   TestGraphiteOK
    graphite_test.go:90: Starting server
    graphite_test.go:127: Send first data
    graphite_test.go:133: Finished Waiting for first data
2025-02-19T20:37:51Z E! [] Writing to "localhost:12003" failed: write tcp 127.0.0.1:52378->127.0.0.1:12003: use of closed network connection
    graphite_test.go:140: Finished writing second data, it should have reconnected automatically
    graphite_test.go:143: Finished writing third data
--- PASS: TestGraphiteOK (0.03s)
=== RUN   TestGraphiteStrictRegex
    graphite_test.go:152: Starting server
--- PASS: TestGraphiteStrictRegex (0.02s)
=== RUN   TestGraphiteOkWithSeparatorDot
    graphite_test.go:185: Starting server
    graphite_test.go:223: Send first data
    graphite_test.go:229: Finished Waiting for first data
2025-02-19T20:37:51Z E! [] Writing to "localhost:12003" failed: write tcp 127.0.0.1:52384->127.0.0.1:12003: use of closed network connection
    graphite_test.go:236: Finished writing second data, it should have reconnected automatically
    graphite_test.go:239: Finished writing third data
--- PASS: TestGraphiteOkWithSeparatorDot (0.03s)
=== RUN   TestGraphiteOkWithSeparatorUnderscore
    graphite_test.go:249: Starting server
    graphite_test.go:287: Send first data
    graphite_test.go:293: Finished Waiting for first data
2025-02-19T20:37:51Z E! [] Writing to "localhost:12003" failed: write tcp 127.0.0.1:52388->127.0.0.1:12003: use of closed network connection
    graphite_test.go:300: Finished writing second data, it should have reconnected automatically
    graphite_test.go:303: Finished writing third data
--- PASS: TestGraphiteOkWithSeparatorUnderscore (0.03s)
=== RUN   TestGraphiteOKWithMultipleTemplates
    graphite_test.go:313: Starting server
    graphite_test.go:355: Send first data
    graphite_test.go:361: Finished Waiting for first data
2025-02-19T20:37:51Z E! [] Writing to "localhost:12003" failed: write tcp 127.0.0.1:52392->127.0.0.1:12003: use of closed network connection
    graphite_test.go:368: Finished writing second data, it should have reconnected automatically
    graphite_test.go:371: Finished writing third data
--- PASS: TestGraphiteOKWithMultipleTemplates (0.03s)
=== RUN   TestGraphiteOkWithTags
    graphite_test.go:381: Starting server
    graphite_test.go:419: Send first data
    graphite_test.go:425: Finished Waiting for first data
2025-02-19T20:37:51Z E! [] Writing to "localhost:12003" failed: write tcp 127.0.0.1:52396->127.0.0.1:12003: use of closed network connection
    graphite_test.go:432: Finished writing second data, it should have reconnected automatically
    graphite_test.go:435: Finished writing third data
--- PASS: TestGraphiteOkWithTags (0.03s)
=== RUN   TestGraphiteOkWithTagsAndSeparatorDot
    graphite_test.go:445: Starting server
    graphite_test.go:484: Send first data
    graphite_test.go:490: Finished Waiting for first data
2025-02-19T20:37:51Z E! [] Writing to "localhost:12003" failed: write tcp 127.0.0.1:52400->127.0.0.1:12003: use of closed network connection
    graphite_test.go:497: Finished writing second data, it should have reconnected automatically
    graphite_test.go:500: Finished writing third data
--- PASS: TestGraphiteOkWithTagsAndSeparatorDot (0.03s)
=== RUN   TestGraphiteOkWithTagsAndSeparatorUnderscore
    graphite_test.go:510: Starting server
    graphite_test.go:549: Send first data
    graphite_test.go:555: Finished Waiting for first data
2025-02-19T20:37:51Z E! [] Writing to "localhost:12003" failed: write tcp 127.0.0.1:52404->127.0.0.1:12003: use of closed network connection
    graphite_test.go:562: Finished writing second data, it should have reconnected automatically
    graphite_test.go:565: Finished writing third data
--- PASS: TestGraphiteOkWithTagsAndSeparatorUnderscore (0.04s)
=== RUN   TestGraphiteLocalAddress
    graphite_test.go:572: Starting server
--- PASS: TestGraphiteLocalAddress (0.01s)
=== RUN   TestIntegration
--- FAIL: TestIntegration (0.00s)
panic: check host "unix:///var/run/docker.sock": docker info: Cannot connect to the Docker daemon at unix:///var/run/docker.sock. Is the docker daemon running?
	check host "unix:///Users/frederikmoschner/.docker/run/docker.sock": docker info: Cannot connect to the Docker daemon at unix:///Users/frederikmoschner/.docker/run/docker.sock. Is the docker daemon running? [recovered]
	panic: check host "unix:///var/run/docker.sock": docker info: Cannot connect to the Docker daemon at unix:///var/run/docker.sock. Is the docker daemon running?
	check host "unix:///Users/frederikmoschner/.docker/run/docker.sock": docker info: Cannot connect to the Docker daemon at unix:///Users/frederikmoschner/.docker/run/docker.sock. Is the docker daemon running?

goroutine 111 [running]:
testing.tRunner.func1.2({0x10519d4e0, 0x14000514510})
	/opt/homebrew/Cellar/go/1.24.0/libexec/src/testing/testing.go:1734 +0x1ac
testing.tRunner.func1()
	/opt/homebrew/Cellar/go/1.24.0/libexec/src/testing/testing.go:1737 +0x334
panic({0x10519d4e0?, 0x14000514510?})
	/opt/homebrew/Cellar/go/1.24.0/libexec/src/runtime/panic.go:787 +0x124
github.com/testcontainers/testcontainers-go/internal/core.MustExtractDockerHost.func1()
	/Users/frederikmoschner/go/pkg/mod/github.com/testcontainers/testcontainers-go@v0.34.0/internal/core/docker_host.go:91 +0x70
sync.(*Once).doSlow(0x0?, 0x2540be400?)
	/opt/homebrew/Cellar/go/1.24.0/libexec/src/sync/once.go:78 +0xf0
sync.(*Once).Do(...)
	/opt/homebrew/Cellar/go/1.24.0/libexec/src/sync/once.go:69
github.com/testcontainers/testcontainers-go/internal/core.MustExtractDockerHost({0x1052a1dd8?, 0x1057359e0?})
	/Users/frederikmoschner/go/pkg/mod/github.com/testcontainers/testcontainers-go@v0.34.0/internal/core/docker_host.go:88 +0x54
github.com/testcontainers/testcontainers-go/internal/core.NewClient({0x1052a1dd8, 0x1057359e0}, {0x0, 0x0, 0x92801200118656d?})
	/Users/frederikmoschner/go/pkg/mod/github.com/testcontainers/testcontainers-go@v0.34.0/internal/core/client.go:17 +0x9c
github.com/testcontainers/testcontainers-go.NewDockerClientWithOpts({0x1052a1dd8, 0x1057359e0}, {0x0, 0x0, 0x0})
	/Users/frederikmoschner/go/pkg/mod/github.com/testcontainers/testcontainers-go@v0.34.0/docker_client.go:117 +0x4c
github.com/testcontainers/testcontainers-go.NewDockerProvider({0x14000126f60, 0x2, 0x104f90b91?})
	/Users/frederikmoschner/go/pkg/mod/github.com/testcontainers/testcontainers-go@v0.34.0/provider.go:143 +0xf0
github.com/testcontainers/testcontainers-go.ProviderType.GetProvider(0x0, {0x140000c4b98, 0x1, 0x0?})
	/Users/frederikmoschner/go/pkg/mod/github.com/testcontainers/testcontainers-go@v0.34.0/provider.go:114 +0x380
github.com/testcontainers/testcontainers-go.GenericContainer({_, _}, {{{{0x0, 0x0}, {0x0, 0x0}, {0x0, 0x0}, {0x0, 0x0}, ...}, ...}, ...})
	/Users/frederikmoschner/go/pkg/mod/github.com/testcontainers/testcontainers-go@v0.34.0/generic.go:59 +0xf0
github.com/influxdata/telegraf/testutil.(*Container).Start(0x14000307c20)
	/Users/frederikmoschner/Documents/plugin_erweiterung/telegraf/testutil/container.go:76 +0x2d8
github.com/influxdata/telegraf/plugins/outputs/graphite.TestIntegration(0x14000582fc0)
	/Users/frederikmoschner/Documents/plugin_erweiterung/telegraf/plugins/outputs/graphite/graphite_test.go:602 +0x318
testing.tRunner(0x14000582fc0, 0x1052952f8)
	/opt/homebrew/Cellar/go/1.24.0/libexec/src/testing/testing.go:1792 +0xe4
created by testing.(*T).Run in goroutine 1
	/opt/homebrew/Cellar/go/1.24.0/libexec/src/testing/testing.go:1851 +0x374
FAIL	github.com/influxdata/telegraf/plugins/outputs/graphite	1.975s
=== RUN   TestSerializer
--- PASS: TestSerializer (0.00s)
PASS
ok  	github.com/influxdata/telegraf/plugins/outputs/graylog	1.884s
=== RUN   TestWriteWithDebug
--- PASS: TestWriteWithDebug (0.00s)
=== RUN   TestWriteWithDefaults
--- PASS: TestWriteWithDefaults (0.00s)
=== RUN   TestWriteWithFields
--- PASS: TestWriteWithFields (0.00s)
=== RUN   TestWriteWithTags
--- PASS: TestWriteWithTags (0.00s)
PASS
ok  	github.com/influxdata/telegraf/plugins/outputs/groundwork	1.017s
=== RUN   TestFieldNotFoundIsSuccess
--- PASS: TestFieldNotFoundIsSuccess (0.00s)
=== RUN   TestStringFieldIsFailure
--- PASS: TestStringFieldIsFailure (0.00s)
=== RUN   TestFloatConvert
=== RUN   TestFloatConvert/int64_field
=== RUN   TestFloatConvert/uint64_field
=== RUN   TestFloatConvert/float64_field
=== RUN   TestFloatConvert/bool_field_true
=== RUN   TestFloatConvert/bool_field_false
=== RUN   TestFloatConvert/string_field
--- PASS: TestFloatConvert (0.00s)
    --- PASS: TestFloatConvert/int64_field (0.00s)
    --- PASS: TestFloatConvert/uint64_field (0.00s)
    --- PASS: TestFloatConvert/float64_field (0.00s)
    --- PASS: TestFloatConvert/bool_field_true (0.00s)
    --- PASS: TestFloatConvert/bool_field_false (0.00s)
    --- PASS: TestFloatConvert/string_field (0.00s)
=== RUN   TestOperators
=== RUN   TestOperators/gt
=== RUN   TestOperators/not_gt
=== RUN   TestOperators/ge
=== RUN   TestOperators/not_ge
=== RUN   TestOperators/lt
=== RUN   TestOperators/not_lt
=== RUN   TestOperators/le
=== RUN   TestOperators/not_le
=== RUN   TestOperators/eq
=== RUN   TestOperators/not_eq
=== RUN   TestOperators/ne
=== RUN   TestOperators/not_ne
--- PASS: TestOperators (0.00s)
    --- PASS: TestOperators/gt (0.00s)
    --- PASS: TestOperators/not_gt (0.00s)
    --- PASS: TestOperators/ge (0.00s)
    --- PASS: TestOperators/not_ge (0.00s)
    --- PASS: TestOperators/lt (0.00s)
    --- PASS: TestOperators/not_lt (0.00s)
    --- PASS: TestOperators/le (0.00s)
    --- PASS: TestOperators/not_le (0.00s)
    --- PASS: TestOperators/eq (0.00s)
    --- PASS: TestOperators/not_eq (0.00s)
    --- PASS: TestOperators/ne (0.00s)
    --- PASS: TestOperators/not_ne (0.00s)
=== RUN   TestFieldFound
--- PASS: TestFieldFound (0.00s)
=== RUN   TestFieldNotFound
--- PASS: TestFieldNotFound (0.00s)
=== RUN   TestOneMetricWithFieldIsSuccess
--- PASS: TestOneMetricWithFieldIsSuccess (0.00s)
=== RUN   TestHealth
=== RUN   TestHealth/healthy_on_startup
2025-02-19T20:37:52Z I! [] Listening on http://127.0.0.1:52417
=== RUN   TestHealth/check_passes
2025-02-19T20:37:52Z I! [] Listening on http://127.0.0.1:52419
=== RUN   TestHealth/check_fails
2025-02-19T20:37:52Z I! [] Listening on http://127.0.0.1:52421
=== RUN   TestHealth/mixed_check_fails
2025-02-19T20:37:52Z I! [] Listening on http://127.0.0.1:52423
--- PASS: TestHealth (0.01s)
    --- PASS: TestHealth/healthy_on_startup (0.00s)
    --- PASS: TestHealth/check_passes (0.00s)
    --- PASS: TestHealth/check_fails (0.00s)
    --- PASS: TestHealth/mixed_check_fails (0.00s)
=== RUN   TestInitServiceAddress
=== RUN   TestInitServiceAddress/port_without_scheme_is_not_allowed
=== RUN   TestInitServiceAddress/path_without_scheme_is_not_allowed
=== RUN   TestInitServiceAddress/tcp_with_port_maps_to_http
=== RUN   TestInitServiceAddress/tcp_with_tlsconf_maps_to_https
=== RUN   TestInitServiceAddress/tcp4_is_allowed
=== RUN   TestInitServiceAddress/tcp6_is_allowed
=== RUN   TestInitServiceAddress/http_scheme
=== RUN   TestInitServiceAddress/https_scheme
--- PASS: TestInitServiceAddress (0.00s)
    --- PASS: TestInitServiceAddress/port_without_scheme_is_not_allowed (0.00s)
    --- PASS: TestInitServiceAddress/path_without_scheme_is_not_allowed (0.00s)
    --- PASS: TestInitServiceAddress/tcp_with_port_maps_to_http (0.00s)
    --- PASS: TestInitServiceAddress/tcp_with_tlsconf_maps_to_https (0.00s)
    --- PASS: TestInitServiceAddress/tcp4_is_allowed (0.00s)
    --- PASS: TestInitServiceAddress/tcp6_is_allowed (0.00s)
    --- PASS: TestInitServiceAddress/http_scheme (0.00s)
    --- PASS: TestInitServiceAddress/https_scheme (0.00s)
PASS
ok  	github.com/influxdata/telegraf/plugins/outputs/health	1.019s
=== RUN   TestInvalidMethod
--- PASS: TestInvalidMethod (0.00s)
=== RUN   TestMethod
=== RUN   TestMethod/default_method_is_POST
=== RUN   TestMethod/put_is_okay
=== RUN   TestMethod/get_is_invalid
=== RUN   TestMethod/method_is_case_insensitive
--- PASS: TestMethod (0.00s)
    --- PASS: TestMethod/default_method_is_POST (0.00s)
    --- PASS: TestMethod/put_is_okay (0.00s)
    --- PASS: TestMethod/get_is_invalid (0.00s)
    --- PASS: TestMethod/method_is_case_insensitive (0.00s)
=== RUN   TestHTTPClientConfig
=== RUN   TestHTTPClientConfig/With_default_client_Config
=== RUN   TestHTTPClientConfig/With_MaxIdleConns_client_Config
--- PASS: TestHTTPClientConfig (0.00s)
    --- PASS: TestHTTPClientConfig/With_default_client_Config (0.00s)
    --- PASS: TestHTTPClientConfig/With_MaxIdleConns_client_Config (0.00s)
=== RUN   TestStatusCode
=== RUN   TestStatusCode/success
=== RUN   TestStatusCode/1xx_status_is_an_error
=== RUN   TestStatusCode/3xx_status_is_an_error
=== RUN   TestStatusCode/4xx_status_is_an_error
=== RUN   TestStatusCode/Do_not_retry_on_configured_non-retryable_statuscode
2025-02-19T20:37:52Z E! [] Received non-retryable status 409. Metrics are lost.
--- PASS: TestStatusCode (0.00s)
    --- PASS: TestStatusCode/success (0.00s)
    --- PASS: TestStatusCode/1xx_status_is_an_error (0.00s)
    --- PASS: TestStatusCode/3xx_status_is_an_error (0.00s)
    --- PASS: TestStatusCode/4xx_status_is_an_error (0.00s)
    --- PASS: TestStatusCode/Do_not_retry_on_configured_non-retryable_statuscode (0.00s)
=== RUN   TestContentType
=== RUN   TestContentType/default_is_text_plain
=== RUN   TestContentType/overwrite_content_type
--- PASS: TestContentType (0.00s)
    --- PASS: TestContentType/default_is_text_plain (0.00s)
    --- PASS: TestContentType/overwrite_content_type (0.00s)
=== RUN   TestContentEncodingGzip
=== RUN   TestContentEncodingGzip/default_is_no_content_encoding
=== RUN   TestContentEncodingGzip/overwrite_content_encoding
--- PASS: TestContentEncodingGzip (0.00s)
    --- PASS: TestContentEncodingGzip/default_is_no_content_encoding (0.00s)
    --- PASS: TestContentEncodingGzip/overwrite_content_encoding (0.00s)
=== RUN   TestBasicAuth
=== RUN   TestBasicAuth/default
=== RUN   TestBasicAuth/username_only
=== RUN   TestBasicAuth/password_only
=== RUN   TestBasicAuth/username_and_password
--- PASS: TestBasicAuth (0.00s)
    --- PASS: TestBasicAuth/default (0.00s)
    --- PASS: TestBasicAuth/username_only (0.00s)
    --- PASS: TestBasicAuth/password_only (0.00s)
    --- PASS: TestBasicAuth/username_and_password (0.00s)
=== RUN   TestOAuthClientCredentialsGrant
=== RUN   TestOAuthClientCredentialsGrant/no_credentials
=== RUN   TestOAuthClientCredentialsGrant/success
=== RUN   TestOAuthClientCredentialsGrant/audience
--- PASS: TestOAuthClientCredentialsGrant (0.01s)
    --- PASS: TestOAuthClientCredentialsGrant/no_credentials (0.00s)
    --- PASS: TestOAuthClientCredentialsGrant/success (0.00s)
    --- PASS: TestOAuthClientCredentialsGrant/audience (0.00s)
=== RUN   TestOAuthAuthorizationCodeGrant
=== RUN   TestOAuthAuthorizationCodeGrant/no_credentials_file
=== RUN   TestOAuthAuthorizationCodeGrant/success
--- PASS: TestOAuthAuthorizationCodeGrant (0.01s)
    --- PASS: TestOAuthAuthorizationCodeGrant/no_credentials_file (0.00s)
    --- PASS: TestOAuthAuthorizationCodeGrant/success (0.01s)
=== RUN   TestDefaultUserAgent
=== RUN   TestDefaultUserAgent/default-user-agent
--- PASS: TestDefaultUserAgent (0.00s)
    --- PASS: TestDefaultUserAgent/default-user-agent (0.00s)
=== RUN   TestBatchedUnbatched
=== RUN   TestBatchedUnbatched/json
=== RUN   TestBatchedUnbatched/influx
--- PASS: TestBatchedUnbatched (0.02s)
    --- PASS: TestBatchedUnbatched/json (0.01s)
    --- PASS: TestBatchedUnbatched/influx (0.01s)
=== RUN   TestAwsCredentials
=== RUN   TestAwsCredentials/simple_credentials
--- PASS: TestAwsCredentials (0.00s)
    --- PASS: TestAwsCredentials/simple_credentials (0.00s)
PASS
ok  	github.com/influxdata/telegraf/plugins/outputs/http	0.978s
=== RUN   TestHTTP_EmptyConfig
--- PASS: TestHTTP_EmptyConfig (0.00s)
=== RUN   TestHTTP_MinimalConfig
--- PASS: TestHTTP_MinimalConfig (0.00s)
=== RUN   TestHTTP_UnsupportedScheme
--- PASS: TestHTTP_UnsupportedScheme (0.00s)
=== RUN   TestHTTP_CreateDatabase
=== RUN   TestHTTP_CreateDatabase/success
=== RUN   TestHTTP_CreateDatabase/send_basic_auth
=== RUN   TestHTTP_CreateDatabase/send_user_agent
=== RUN   TestHTTP_CreateDatabase/send_headers
=== RUN   TestHTTP_CreateDatabase/database_default
=== RUN   TestHTTP_CreateDatabase/database_name_is_escaped
=== RUN   TestHTTP_CreateDatabase/invalid_database_name_creates_api_error
=== RUN   TestHTTP_CreateDatabase/error_with_no_response_body
=== RUN   TestHTTP_CreateDatabase/ok_with_no_response_body
=== RUN   TestHTTP_CreateDatabase/invalid_json_response_is_handled
--- PASS: TestHTTP_CreateDatabase (0.01s)
    --- PASS: TestHTTP_CreateDatabase/success (0.00s)
    --- PASS: TestHTTP_CreateDatabase/send_basic_auth (0.00s)
    --- PASS: TestHTTP_CreateDatabase/send_user_agent (0.00s)
    --- PASS: TestHTTP_CreateDatabase/send_headers (0.00s)
    --- PASS: TestHTTP_CreateDatabase/database_default (0.00s)
    --- PASS: TestHTTP_CreateDatabase/database_name_is_escaped (0.00s)
    --- PASS: TestHTTP_CreateDatabase/invalid_database_name_creates_api_error (0.00s)
    --- PASS: TestHTTP_CreateDatabase/error_with_no_response_body (0.00s)
    --- PASS: TestHTTP_CreateDatabase/ok_with_no_response_body (0.00s)
    --- PASS: TestHTTP_CreateDatabase/invalid_json_response_is_handled (0.00s)
=== RUN   TestHTTP_Write
=== RUN   TestHTTP_Write/success
=== RUN   TestHTTP_Write/send_basic_auth
=== RUN   TestHTTP_Write/send_user_agent
=== RUN   TestHTTP_Write/default_user_agent
=== RUN   TestHTTP_Write/default_database
=== RUN   TestHTTP_Write/send_headers
=== RUN   TestHTTP_Write/send_retention_policy
=== RUN   TestHTTP_Write/send_consistency
=== RUN   TestHTTP_Write/hinted_handoff_not_empty_no_error
2025-02-19T20:37:52Z E! [] E! [outputs.influxdb] Failed to write metric (will be dropped: 400 Bad Request): write failed: hinted handoff queue not empty
=== RUN   TestHTTP_Write/partial_write_errors_are_logged_no_error
=== RUN   TestHTTP_Write/parse_errors_are_logged_no_error
=== RUN   TestHTTP_Write/http_error
=== RUN   TestHTTP_Write/http_error_with_desc
--- PASS: TestHTTP_Write (0.01s)
    --- PASS: TestHTTP_Write/success (0.00s)
    --- PASS: TestHTTP_Write/send_basic_auth (0.00s)
    --- PASS: TestHTTP_Write/send_user_agent (0.00s)
    --- PASS: TestHTTP_Write/default_user_agent (0.00s)
    --- PASS: TestHTTP_Write/default_database (0.00s)
    --- PASS: TestHTTP_Write/send_headers (0.00s)
    --- PASS: TestHTTP_Write/send_retention_policy (0.00s)
    --- PASS: TestHTTP_Write/send_consistency (0.00s)
    --- PASS: TestHTTP_Write/hinted_handoff_not_empty_no_error (0.00s)
    --- PASS: TestHTTP_Write/partial_write_errors_are_logged_no_error (0.00s)
    --- PASS: TestHTTP_Write/parse_errors_are_logged_no_error (0.00s)
    --- PASS: TestHTTP_Write/http_error (0.00s)
    --- PASS: TestHTTP_Write/http_error_with_desc (0.00s)
=== RUN   TestHTTP_WritePathPrefix
--- PASS: TestHTTP_WritePathPrefix (0.00s)
=== RUN   TestHTTP_WriteContentEncodingGzip
--- PASS: TestHTTP_WriteContentEncodingGzip (0.00s)
=== RUN   TestHTTP_UnixSocket
=== RUN   TestHTTP_UnixSocket/success
--- PASS: TestHTTP_UnixSocket (0.00s)
    --- PASS: TestHTTP_UnixSocket/success (0.00s)
=== RUN   TestHTTP_WriteDatabaseTagWorksOnRetry
--- PASS: TestHTTP_WriteDatabaseTagWorksOnRetry (0.01s)
=== RUN   TestDBRPTags
=== RUN   TestDBRPTags/defaults
=== RUN   TestDBRPTags/static_retention_policy
=== RUN   TestDBRPTags/retention_policy_tag
=== RUN   TestDBRPTags/retention_policy_tag_fallback_to_static_rp
=== RUN   TestDBRPTags/retention_policy_tag_fallback_to_unset_rp
=== RUN   TestDBRPTags/exclude_retention_policy_tag
=== RUN   TestDBRPTags/exclude_database_tag_keeps_retention_policy_tag
--- PASS: TestDBRPTags (0.02s)
    --- PASS: TestDBRPTags/defaults (0.00s)
    --- PASS: TestDBRPTags/static_retention_policy (0.00s)
    --- PASS: TestDBRPTags/retention_policy_tag (0.00s)
    --- PASS: TestDBRPTags/retention_policy_tag_fallback_to_static_rp (0.00s)
    --- PASS: TestDBRPTags/retention_policy_tag_fallback_to_unset_rp (0.01s)
    --- PASS: TestDBRPTags/exclude_retention_policy_tag (0.00s)
    --- PASS: TestDBRPTags/exclude_database_tag_keeps_retention_policy_tag (0.00s)
=== RUN   TestDBRPTagsCreateDatabaseNotCalledOnRetryAfterForbidden
--- PASS: TestDBRPTagsCreateDatabaseNotCalledOnRetryAfterForbidden (0.00s)
=== RUN   TestDBRPTagsCreateDatabaseCalledOnDatabaseNotFound
--- PASS: TestDBRPTagsCreateDatabaseCalledOnDatabaseNotFound (0.00s)
=== RUN   TestDBNotFoundShouldDropMetricWhenSkipDatabaseCreateIsTrue
--- PASS: TestDBNotFoundShouldDropMetricWhenSkipDatabaseCreateIsTrue (0.00s)
=== RUN   TestDeprecatedURLSupport
--- PASS: TestDeprecatedURLSupport (0.00s)
=== RUN   TestDefaultURL
--- PASS: TestDefaultURL (0.00s)
=== RUN   TestConnectUDPConfig
--- PASS: TestConnectUDPConfig (0.00s)
=== RUN   TestConnectHTTPConfig
--- PASS: TestConnectHTTPConfig (0.00s)
=== RUN   TestWriteRecreateDatabaseIfDatabaseNotFound
--- PASS: TestWriteRecreateDatabaseIfDatabaseNotFound (0.00s)
=== RUN   TestInfluxDBLocalAddress
--- PASS: TestInfluxDBLocalAddress (0.00s)
=== RUN   TestUDP_NewUDPClientNoURL
--- PASS: TestUDP_NewUDPClientNoURL (0.00s)
=== RUN   TestUDP_URL
--- PASS: TestUDP_URL (0.00s)
=== RUN   TestUDP_Simple
--- PASS: TestUDP_Simple (0.00s)
=== RUN   TestUDP_DialError
--- PASS: TestUDP_DialError (0.00s)
=== RUN   TestUDP_WriteError
--- PASS: TestUDP_WriteError (0.00s)
=== RUN   TestUDP_ErrorLogging
=== RUN   TestUDP_ErrorLogging/logs_need_more_space
=== RUN   TestUDP_ErrorLogging/logs_series_name
--- PASS: TestUDP_ErrorLogging (0.00s)
    --- PASS: TestUDP_ErrorLogging/logs_need_more_space (0.00s)
    --- PASS: TestUDP_ErrorLogging/logs_series_name (0.00s)
=== RUN   TestUDP_WriteWithRealConn
--- PASS: TestUDP_WriteWithRealConn (0.00s)
PASS
ok  	github.com/influxdata/telegraf/plugins/outputs/influxdb	0.662s
=== RUN   TestHTTPClientInit
=== RUN   TestHTTPClientInit/unix_socket
=== RUN   TestHTTPClientInit/unix_socket_with_timeouts
--- PASS: TestHTTPClientInit (0.00s)
    --- PASS: TestHTTPClientInit/unix_socket (0.00s)
    --- PASS: TestHTTPClientInit/unix_socket_with_timeouts (0.00s)
=== RUN   TestHTTPClientInitFail
=== RUN   TestHTTPClientInitFail/udp_unsupported
--- PASS: TestHTTPClientInitFail (0.00s)
    --- PASS: TestHTTPClientInitFail/udp_unsupported (0.00s)
=== RUN   TestMakeWriteURL
=== RUN   TestMakeWriteURL/http_default
=== RUN   TestMakeWriteURL/http_with_param
=== RUN   TestMakeWriteURL/unix_socket_default
--- PASS: TestMakeWriteURL (0.00s)
    --- PASS: TestMakeWriteURL/http_default (0.00s)
    --- PASS: TestMakeWriteURL/http_with_param (0.00s)
    --- PASS: TestMakeWriteURL/unix_socket_default (0.00s)
=== RUN   TestMakeWriteURLFail
=== RUN   TestMakeWriteURLFail/default_values
--- PASS: TestMakeWriteURLFail (0.00s)
    --- PASS: TestMakeWriteURLFail/default_values (0.00s)
=== RUN   TestExponentialBackoffCalculation
=== RUN   TestExponentialBackoffCalculation/0_retries
=== RUN   TestExponentialBackoffCalculation/1_retries
=== RUN   TestExponentialBackoffCalculation/5_retries
=== RUN   TestExponentialBackoffCalculation/10_retries
=== RUN   TestExponentialBackoffCalculation/30_retries
=== RUN   TestExponentialBackoffCalculation/40_retries
=== RUN   TestExponentialBackoffCalculation/50_retries
=== RUN   TestExponentialBackoffCalculation/100_retries
=== RUN   TestExponentialBackoffCalculation/1000_retries
--- PASS: TestExponentialBackoffCalculation (0.00s)
    --- PASS: TestExponentialBackoffCalculation/0_retries (0.00s)
    --- PASS: TestExponentialBackoffCalculation/1_retries (0.00s)
    --- PASS: TestExponentialBackoffCalculation/5_retries (0.00s)
    --- PASS: TestExponentialBackoffCalculation/10_retries (0.00s)
    --- PASS: TestExponentialBackoffCalculation/30_retries (0.00s)
    --- PASS: TestExponentialBackoffCalculation/40_retries (0.00s)
    --- PASS: TestExponentialBackoffCalculation/50_retries (0.00s)
    --- PASS: TestExponentialBackoffCalculation/100_retries (0.00s)
    --- PASS: TestExponentialBackoffCalculation/1000_retries (0.00s)
=== RUN   TestExponentialBackoffCalculationWithRetryAfter
=== RUN   TestExponentialBackoffCalculationWithRetryAfter/0_retries
=== RUN   TestExponentialBackoffCalculationWithRetryAfter/0_retries#01
=== RUN   TestExponentialBackoffCalculationWithRetryAfter/0_retries#02
=== RUN   TestExponentialBackoffCalculationWithRetryAfter/0_retries#03
=== RUN   TestExponentialBackoffCalculationWithRetryAfter/0_retries#04
=== RUN   TestExponentialBackoffCalculationWithRetryAfter/40_retries
=== RUN   TestExponentialBackoffCalculationWithRetryAfter/40_retries#01
=== RUN   TestExponentialBackoffCalculationWithRetryAfter/100_retries
--- PASS: TestExponentialBackoffCalculationWithRetryAfter (0.00s)
    --- PASS: TestExponentialBackoffCalculationWithRetryAfter/0_retries (0.00s)
    --- PASS: TestExponentialBackoffCalculationWithRetryAfter/0_retries#01 (0.00s)
    --- PASS: TestExponentialBackoffCalculationWithRetryAfter/0_retries#02 (0.00s)
    --- PASS: TestExponentialBackoffCalculationWithRetryAfter/0_retries#03 (0.00s)
    --- PASS: TestExponentialBackoffCalculationWithRetryAfter/0_retries#04 (0.00s)
    --- PASS: TestExponentialBackoffCalculationWithRetryAfter/40_retries (0.00s)
    --- PASS: TestExponentialBackoffCalculationWithRetryAfter/40_retries#01 (0.00s)
    --- PASS: TestExponentialBackoffCalculationWithRetryAfter/100_retries (0.00s)
=== RUN   TestHeadersDoNotOverrideConfig
--- PASS: TestHeadersDoNotOverrideConfig (0.00s)
=== RUN   TestSampleConfig
--- PASS: TestSampleConfig (0.00s)
=== RUN   TestPluginRegistered
--- PASS: TestPluginRegistered (0.00s)
=== RUN   TestCloseWithoutConnect
--- PASS: TestCloseWithoutConnect (0.00s)
=== RUN   TestDefaultURL
--- PASS: TestDefaultURL (0.00s)
=== RUN   TestInit
=== RUN   TestInit/https://localhost:8080
--- PASS: TestInit (0.00s)
    --- PASS: TestInit/https://localhost:8080 (0.00s)
=== RUN   TestConnectFail
=== RUN   TestConnectFail/!@#$qwert
=== RUN   TestConnectFail/http://localhost:1234
=== RUN   TestConnectFail/!@#$%^&*()_+
=== RUN   TestConnectFail/:::@#$qwert
--- PASS: TestConnectFail (0.00s)
    --- PASS: TestConnectFail/!@#$qwert (0.00s)
    --- PASS: TestConnectFail/http://localhost:1234 (0.00s)
    --- PASS: TestConnectFail/!@#$%^&*()_+ (0.00s)
    --- PASS: TestConnectFail/:::@#$qwert (0.00s)
=== RUN   TestConnect
=== RUN   TestConnect/http://localhost:1234
--- PASS: TestConnect (0.00s)
    --- PASS: TestConnect/http://localhost:1234 (0.00s)
=== RUN   TestInfluxDBLocalAddress
    influxdb_v2_test.go:133: Starting server
--- PASS: TestInfluxDBLocalAddress (0.00s)
=== RUN   TestWrite
--- PASS: TestWrite (0.00s)
=== RUN   TestWriteBucketTagWorksOnRetry
--- PASS: TestWriteBucketTagWorksOnRetry (0.00s)
=== RUN   TestTooLargeWriteRetry
2025-02-19T20:37:53Z E! [] Failed to write metric to foobar, request was too large (413)
2025-02-19T20:37:53Z W! [] Retrying write after splitting metric payload in half to reduce batch size
2025-02-19T20:37:53Z E! [] Failed to write metric to telegraf, request was too large (413)
2025-02-19T20:37:53Z E! [] When writing to [http://127.0.0.1:52517/api/v2/write]: 413 Request Entity Too Large:
--- PASS: TestTooLargeWriteRetry (0.00s)
=== RUN   TestRateLimit
2025-02-19T20:37:53Z E! [] When writing to [http://127.0.0.1:52519/api/v2/write]: size limit reached
2025-02-19T20:37:53Z E! [] When writing to [http://127.0.0.1:52519/api/v2/write]: size limit reached
2025-02-19T20:37:54Z E! [] When writing to [http://127.0.0.1:52519/api/v2/write]: size limit reached
--- PASS: TestRateLimit (2.20s)
=== RUN   TestStatusCodeNonRetryable4xx
=== RUN   TestStatusCodeNonRetryable4xx/code_400
2025-02-19T20:37:55Z E! [] When writing to [http://127.0.0.1:52556/api/v2/write]: failed to write metric to my_bucket (will be dropped: 400 Bad Request)
=== RUN   TestStatusCodeNonRetryable4xx/code_422
2025-02-19T20:37:55Z E! [] When writing to [http://127.0.0.1:52558/api/v2/write]: failed to write metric to my_bucket (will be dropped: 422 Unprocessable Entity)
=== RUN   TestStatusCodeNonRetryable4xx/code_406
2025-02-19T20:37:55Z E! [] When writing to [http://127.0.0.1:52560/api/v2/write]: failed to write metric to my_bucket (will be dropped: 406 Not Acceptable)
=== RUN   TestStatusCodeNonRetryable4xx/code_404
2025-02-19T20:37:55Z E! [] When writing to [http://127.0.0.1:52562/api/v2/write]: failed to write metric to my_bucket (will be dropped: 404 Not Found)
=== RUN   TestStatusCodeNonRetryable4xx/code_417
2025-02-19T20:37:55Z E! [] When writing to [http://127.0.0.1:52564/api/v2/write]: failed to write metric to my_bucket (will be dropped: 417 Expectation Failed)
--- PASS: TestStatusCodeNonRetryable4xx (0.01s)
    --- PASS: TestStatusCodeNonRetryable4xx/code_400 (0.00s)
    --- PASS: TestStatusCodeNonRetryable4xx/code_422 (0.00s)
    --- PASS: TestStatusCodeNonRetryable4xx/code_406 (0.00s)
    --- PASS: TestStatusCodeNonRetryable4xx/code_404 (0.00s)
    --- PASS: TestStatusCodeNonRetryable4xx/code_417 (0.00s)
=== RUN   TestStatusCodeInvalidAuthentication
=== RUN   TestStatusCodeInvalidAuthentication/code_401
2025-02-19T20:37:55Z E! [] When writing to [http://127.0.0.1:52566/api/v2/write]: failed to write metric to my_bucket (401 Unauthorized)
=== RUN   TestStatusCodeInvalidAuthentication/code_403
2025-02-19T20:37:55Z E! [] When writing to [http://127.0.0.1:52568/api/v2/write]: failed to write metric to my_bucket (403 Forbidden)
--- PASS: TestStatusCodeInvalidAuthentication (0.00s)
    --- PASS: TestStatusCodeInvalidAuthentication/code_401 (0.00s)
    --- PASS: TestStatusCodeInvalidAuthentication/code_403 (0.00s)
=== RUN   TestStatusCodeServiceUnavailable
=== RUN   TestStatusCodeServiceUnavailable/code_429
2025-02-19T20:37:55Z W! [] Failed to write to my_bucket; will retry in 25ms. (429 Too Many Requests)
2025-02-19T20:37:55Z E! [] When writing to [http://127.0.0.1:52570/api/v2/write]: waiting 25ms for server (my_bucket) before sending metric again
=== RUN   TestStatusCodeServiceUnavailable/code_503
2025-02-19T20:37:55Z W! [] Failed to write to my_bucket; will retry in 25ms. (503 Service Unavailable)
2025-02-19T20:37:55Z E! [] When writing to [http://127.0.0.1:52572/api/v2/write]: waiting 25ms for server (my_bucket) before sending metric again
=== RUN   TestStatusCodeServiceUnavailable/code_502
2025-02-19T20:37:55Z W! [] Failed to write to my_bucket; will retry in 25ms. (502 Bad Gateway)
2025-02-19T20:37:55Z E! [] When writing to [http://127.0.0.1:52574/api/v2/write]: waiting 25ms for server (my_bucket) before sending metric again
=== RUN   TestStatusCodeServiceUnavailable/code_504
2025-02-19T20:37:55Z W! [] Failed to write to my_bucket; will retry in 25ms. (504 Gateway Timeout)
2025-02-19T20:37:55Z E! [] When writing to [http://127.0.0.1:52576/api/v2/write]: waiting 25ms for server (my_bucket) before sending metric again
--- PASS: TestStatusCodeServiceUnavailable (0.00s)
    --- PASS: TestStatusCodeServiceUnavailable/code_429 (0.00s)
    --- PASS: TestStatusCodeServiceUnavailable/code_503 (0.00s)
    --- PASS: TestStatusCodeServiceUnavailable/code_502 (0.00s)
    --- PASS: TestStatusCodeServiceUnavailable/code_504 (0.00s)
=== RUN   TestStatusCodeUnexpected
=== RUN   TestStatusCodeUnexpected/code_500
2025-02-19T20:37:55Z E! [] When writing to [http://127.0.0.1:52578/api/v2/write]: failed to write metric to bucket "my_bucket": 500 Internal Server Error
--- PASS: TestStatusCodeUnexpected (0.00s)
    --- PASS: TestStatusCodeUnexpected/code_500 (0.00s)
PASS
ok  	github.com/influxdata/telegraf/plugins/outputs/influxdb_v2	3.369s
=== RUN   TestWrite
--- PASS: TestWrite (0.00s)
PASS
ok  	github.com/influxdata/telegraf/plugins/outputs/instrumental	1.329s
=== RUN   TestInitInvalid
=== RUN   TestInitInvalid/empty_tag-conversion
=== RUN   TestInitInvalid/empty_uint-conversion
=== RUN   TestInitInvalid/empty_timestamp_precision
=== RUN   TestInitInvalid/invalid_tag-conversion
=== RUN   TestInitInvalid/invalid_uint-conversion
=== RUN   TestInitInvalid/invalid_timestamp_precision
=== RUN   TestInitInvalid/negative_timeout
--- PASS: TestInitInvalid (0.00s)
    --- PASS: TestInitInvalid/empty_tag-conversion (0.00s)
    --- PASS: TestInitInvalid/empty_uint-conversion (0.00s)
    --- PASS: TestInitInvalid/empty_timestamp_precision (0.00s)
    --- PASS: TestInitInvalid/invalid_tag-conversion (0.00s)
    --- PASS: TestInitInvalid/invalid_uint-conversion (0.00s)
    --- PASS: TestInitInvalid/invalid_timestamp_precision (0.00s)
    --- PASS: TestInitInvalid/negative_timeout (0.00s)
=== RUN   TestMetricConversionToRecordsWithTags
=== RUN   TestMetricConversionToRecordsWithTags/default_config
2025-02-19T20:37:53Z I! [] Initialization completed.
=== RUN   TestMetricConversionToRecordsWithTags/unsigned_int_to_text
2025-02-19T20:37:53Z I! [] Initialization completed.
=== RUN   TestMetricConversionToRecordsWithTags/unsigned_int_to_int_with_overflow
2025-02-19T20:37:53Z I! [] Initialization completed.
=== RUN   TestMetricConversionToRecordsWithTags/second_timestamp_precision
2025-02-19T20:37:53Z I! [] Initialization completed.
--- PASS: TestMetricConversionToRecordsWithTags (0.00s)
    --- PASS: TestMetricConversionToRecordsWithTags/default_config (0.00s)
    --- PASS: TestMetricConversionToRecordsWithTags/unsigned_int_to_text (0.00s)
    --- PASS: TestMetricConversionToRecordsWithTags/unsigned_int_to_int_with_overflow (0.00s)
    --- PASS: TestMetricConversionToRecordsWithTags/second_timestamp_precision (0.00s)
=== RUN   TestTagSanitization
=== RUN   TestTagSanitization/Don't_Sanitize_Tags
2025-02-19T20:37:53Z I! [] Initialization completed.
=== RUN   TestTagSanitization/Sanitize_Tags
2025-02-19T20:37:53Z I! [] Initialization completed.
=== RUN   TestTagSanitization/Errors
2025-02-19T20:37:53Z I! [] Initialization completed.
=== RUN   TestTagSanitization/Don't_Sanitize_Tags#01
2025-02-19T20:37:53Z I! [] Initialization completed.
=== RUN   TestTagSanitization/Sanitize_Tags#01
2025-02-19T20:37:53Z I! [] Initialization completed.
=== RUN   TestTagSanitization/Errors#01
2025-02-19T20:37:53Z I! [] Initialization completed.
--- PASS: TestTagSanitization (0.00s)
    --- PASS: TestTagSanitization/Don't_Sanitize_Tags (0.00s)
    --- PASS: TestTagSanitization/Sanitize_Tags (0.00s)
    --- PASS: TestTagSanitization/Errors (0.00s)
    --- PASS: TestTagSanitization/Don't_Sanitize_Tags#01 (0.00s)
    --- PASS: TestTagSanitization/Sanitize_Tags#01 (0.00s)
    --- PASS: TestTagSanitization/Errors#01 (0.00s)
=== RUN   TestTagsHandling
=== RUN   TestTagsHandling/treat_tags_as_fields
2025-02-19T20:37:53Z I! [] Initialization completed.
=== RUN   TestTagsHandling/treat_tags_as_device_IDs
2025-02-19T20:37:53Z I! [] Initialization completed.
--- PASS: TestTagsHandling (0.00s)
    --- PASS: TestTagsHandling/treat_tags_as_fields (0.00s)
    --- PASS: TestTagsHandling/treat_tags_as_device_IDs (0.00s)
=== RUN   TestEntireMetricConversion
=== RUN   TestEntireMetricConversion/default_config
2025-02-19T20:37:53Z I! [] Initialization completed.
=== RUN   TestEntireMetricConversion/wrong_order_of_tags
2025-02-19T20:37:53Z I! [] Initialization completed.
=== RUN   TestEntireMetricConversion/wrong_order_of_tags#01
2025-02-19T20:37:53Z I! [] Initialization completed.
--- PASS: TestEntireMetricConversion (0.00s)
    --- PASS: TestEntireMetricConversion/default_config (0.00s)
    --- PASS: TestEntireMetricConversion/wrong_order_of_tags (0.00s)
    --- PASS: TestEntireMetricConversion/wrong_order_of_tags#01 (0.00s)
=== RUN   TestIntegrationInserts
--- FAIL: TestIntegrationInserts (0.00s)
panic: check host "unix:///var/run/docker.sock": docker info: Cannot connect to the Docker daemon at unix:///var/run/docker.sock. Is the docker daemon running?
	check host "unix:///Users/frederikmoschner/.docker/run/docker.sock": docker info: Cannot connect to the Docker daemon at unix:///Users/frederikmoschner/.docker/run/docker.sock. Is the docker daemon running? [recovered]
	panic: check host "unix:///var/run/docker.sock": docker info: Cannot connect to the Docker daemon at unix:///var/run/docker.sock. Is the docker daemon running?
	check host "unix:///Users/frederikmoschner/.docker/run/docker.sock": docker info: Cannot connect to the Docker daemon at unix:///Users/frederikmoschner/.docker/run/docker.sock. Is the docker daemon running?

goroutine 72 [running]:
testing.tRunner.func1.2({0x1027ea320, 0x1400000f380})
	/opt/homebrew/Cellar/go/1.24.0/libexec/src/testing/testing.go:1734 +0x1ac
testing.tRunner.func1()
	/opt/homebrew/Cellar/go/1.24.0/libexec/src/testing/testing.go:1737 +0x334
panic({0x1027ea320?, 0x1400000f380?})
	/opt/homebrew/Cellar/go/1.24.0/libexec/src/runtime/panic.go:787 +0x124
github.com/testcontainers/testcontainers-go/internal/core.MustExtractDockerHost.func1()
	/Users/frederikmoschner/go/pkg/mod/github.com/testcontainers/testcontainers-go@v0.34.0/internal/core/docker_host.go:91 +0x70
sync.(*Once).doSlow(0x3b127265626d0000?, 0x2540be400?)
	/opt/homebrew/Cellar/go/1.24.0/libexec/src/sync/once.go:78 +0xf0
sync.(*Once).Do(...)
	/opt/homebrew/Cellar/go/1.24.0/libexec/src/sync/once.go:69
github.com/testcontainers/testcontainers-go/internal/core.MustExtractDockerHost({0x1028f4888?, 0x102d9ef80?})
	/Users/frederikmoschner/go/pkg/mod/github.com/testcontainers/testcontainers-go@v0.34.0/internal/core/docker_host.go:88 +0x54
github.com/testcontainers/testcontainers-go/internal/core.NewClient({0x1028f4888, 0x102d9ef80}, {0x0, 0x0, 0x14000048008?})
	/Users/frederikmoschner/go/pkg/mod/github.com/testcontainers/testcontainers-go@v0.34.0/internal/core/client.go:17 +0x9c
github.com/testcontainers/testcontainers-go.NewDockerClientWithOpts({0x1028f4888, 0x102d9ef80}, {0x0, 0x0, 0x0})
	/Users/frederikmoschner/go/pkg/mod/github.com/testcontainers/testcontainers-go@v0.34.0/docker_client.go:117 +0x4c
github.com/testcontainers/testcontainers-go.NewDockerProvider({0x14000319bc0, 0x2, 0x1025d4dc5?})
	/Users/frederikmoschner/go/pkg/mod/github.com/testcontainers/testcontainers-go@v0.34.0/provider.go:143 +0xf0
github.com/testcontainers/testcontainers-go.ProviderType.GetProvider(0x0, {0x140004b8f28, 0x1, 0x0?})
	/Users/frederikmoschner/go/pkg/mod/github.com/testcontainers/testcontainers-go@v0.34.0/provider.go:114 +0x380
github.com/testcontainers/testcontainers-go.GenericContainer({_, _}, {{{{0x0, 0x0}, {0x0, 0x0}, {0x0, 0x0}, {0x0, 0x0}, ...}, ...}, ...})
	/Users/frederikmoschner/go/pkg/mod/github.com/testcontainers/testcontainers-go@v0.34.0/generic.go:59 +0xf0
github.com/influxdata/telegraf/testutil.(*Container).Start(0x14000001b00)
	/Users/frederikmoschner/Documents/plugin_erweiterung/telegraf/testutil/container.go:76 +0x2d8
github.com/influxdata/telegraf/plugins/outputs/iotdb.TestIntegrationInserts(0x1400049dc00)
	/Users/frederikmoschner/Documents/plugin_erweiterung/telegraf/plugins/outputs/iotdb/iotdb_test.go:571 +0x264
testing.tRunner(0x1400049dc00, 0x1028e7bb0)
	/opt/homebrew/Cellar/go/1.24.0/libexec/src/testing/testing.go:1792 +0xe4
created by testing.(*T).Run in goroutine 1
	/opt/homebrew/Cellar/go/1.24.0/libexec/src/testing/testing.go:1851 +0x374
FAIL	github.com/influxdata/telegraf/plugins/outputs/iotdb	1.111s
=== RUN   TestConnectAndWriteIntegration
--- FAIL: TestConnectAndWriteIntegration (0.00s)
panic: check host "unix:///var/run/docker.sock": docker info: Cannot connect to the Docker daemon at unix:///var/run/docker.sock. Is the docker daemon running?
	check host "unix:///Users/frederikmoschner/.docker/run/docker.sock": docker info: Cannot connect to the Docker daemon at unix:///Users/frederikmoschner/.docker/run/docker.sock. Is the docker daemon running? [recovered]
	panic: check host "unix:///var/run/docker.sock": docker info: Cannot connect to the Docker daemon at unix:///var/run/docker.sock. Is the docker daemon running?
	check host "unix:///Users/frederikmoschner/.docker/run/docker.sock": docker info: Cannot connect to the Docker daemon at unix:///Users/frederikmoschner/.docker/run/docker.sock. Is the docker daemon running?

goroutine 50 [running]:
testing.tRunner.func1.2({0x102fe6140, 0x1400020c4b0})
	/opt/homebrew/Cellar/go/1.24.0/libexec/src/testing/testing.go:1734 +0x1ac
testing.tRunner.func1()
	/opt/homebrew/Cellar/go/1.24.0/libexec/src/testing/testing.go:1737 +0x334
panic({0x102fe6140?, 0x1400020c4b0?})
	/opt/homebrew/Cellar/go/1.24.0/libexec/src/runtime/panic.go:787 +0x124
github.com/testcontainers/testcontainers-go/internal/core.MustExtractDockerHost.func1()
	/Users/frederikmoschner/go/pkg/mod/github.com/testcontainers/testcontainers-go@v0.34.0/internal/core/docker_host.go:91 +0x70
sync.(*Once).doSlow(0x706f0752736e0000?, 0x2540be400?)
	/opt/homebrew/Cellar/go/1.24.0/libexec/src/sync/once.go:78 +0xf0
sync.(*Once).Do(...)
	/opt/homebrew/Cellar/go/1.24.0/libexec/src/sync/once.go:69
github.com/testcontainers/testcontainers-go/internal/core.MustExtractDockerHost({0x10311c138?, 0x103681ce0?})
	/Users/frederikmoschner/go/pkg/mod/github.com/testcontainers/testcontainers-go@v0.34.0/internal/core/docker_host.go:88 +0x54
github.com/testcontainers/testcontainers-go/internal/core.NewClient({0x10311c138, 0x103681ce0}, {0x0, 0x0, 0x616365727065640a?})
	/Users/frederikmoschner/go/pkg/mod/github.com/testcontainers/testcontainers-go@v0.34.0/internal/core/client.go:17 +0x9c
github.com/testcontainers/testcontainers-go.NewDockerClientWithOpts({0x10311c138, 0x103681ce0}, {0x0, 0x0, 0x0})
	/Users/frederikmoschner/go/pkg/mod/github.com/testcontainers/testcontainers-go@v0.34.0/docker_client.go:117 +0x4c
github.com/testcontainers/testcontainers-go.NewDockerProvider({0x140003381c0, 0x2, 0x102d92078?})
	/Users/frederikmoschner/go/pkg/mod/github.com/testcontainers/testcontainers-go@v0.34.0/provider.go:143 +0xf0
github.com/testcontainers/testcontainers-go.ProviderType.GetProvider(0x0, {0x140002a5008, 0x1, 0x0?})
	/Users/frederikmoschner/go/pkg/mod/github.com/testcontainers/testcontainers-go@v0.34.0/provider.go:114 +0x380
github.com/testcontainers/testcontainers-go.GenericContainer({_, _}, {{{{0x0, 0x0}, {0x0, 0x0}, {0x0, 0x0}, {0x0, 0x0}, ...}, ...}, ...})
	/Users/frederikmoschner/go/pkg/mod/github.com/testcontainers/testcontainers-go@v0.34.0/generic.go:59 +0xf0
github.com/testcontainers/testcontainers-go/modules/kafka.Run({0x10311c138, 0x103681ce0}, {0x102da7540, 0x22}, {0x0, 0x0, 0x0?})
	/Users/frederikmoschner/go/pkg/mod/github.com/testcontainers/testcontainers-go/modules/kafka@v0.34.0/kafka.go:109 +0x6f0
github.com/influxdata/telegraf/plugins/outputs/kafka.TestConnectAndWriteIntegration(0x140003848c0)
	/Users/frederikmoschner/Documents/plugin_erweiterung/telegraf/plugins/outputs/kafka/kafka_test.go:29 +0xb4
testing.tRunner(0x140003848c0, 0x10310da20)
	/opt/homebrew/Cellar/go/1.24.0/libexec/src/testing/testing.go:1792 +0xe4
created by testing.(*T).Run in goroutine 1
	/opt/homebrew/Cellar/go/1.24.0/libexec/src/testing/testing.go:1851 +0x374
FAIL	github.com/influxdata/telegraf/plugins/outputs/kafka	0.874s
=== RUN   TestPartitionKey
2025/02/19 21:37:54 E! [] You have configured a Partition method of "not supported" which is not supported
--- PASS: TestPartitionKey (0.00s)
=== RUN   TestWriteKinesis_WhenSuccess
--- PASS: TestWriteKinesis_WhenSuccess (0.00s)
=== RUN   TestWriteKinesis_WhenRecordErrors
2025/02/19 21:37:54 E! [] Unable to write 1 of 1 record(s) to Kinesis
--- PASS: TestWriteKinesis_WhenRecordErrors (0.00s)
=== RUN   TestWriteKinesis_WhenServiceError
2025/02/19 21:37:54 E! [] Unable to write to Kinesis : InvalidArgumentException: Invalid record
--- PASS: TestWriteKinesis_WhenServiceError (0.00s)
=== RUN   TestWrite_NoMetrics
--- PASS: TestWrite_NoMetrics (0.00s)
=== RUN   TestWrite_SingleMetric
2025/02/19 21:37:54 D! [] Wrote a 1 point batch to Kinesis in 83ns.
--- PASS: TestWrite_SingleMetric (0.00s)
=== RUN   TestWrite_MultipleMetrics_SinglePartialRequest
2025/02/19 21:37:54 D! [] Wrote a 3 point batch to Kinesis in 125ns.
--- PASS: TestWrite_MultipleMetrics_SinglePartialRequest (0.00s)
=== RUN   TestWrite_MultipleMetrics_SingleFullRequest
2025/02/19 21:37:54 D! [] Wrote a 500 point batch to Kinesis in 125ns.
--- PASS: TestWrite_MultipleMetrics_SingleFullRequest (0.00s)
=== RUN   TestWrite_MultipleMetrics_MultipleRequests
2025/02/19 21:37:54 D! [] Wrote a 500 point batch to Kinesis in 833ns.
2025/02/19 21:37:54 D! [] Wrote a 1 point batch to Kinesis in 250ns.
--- PASS: TestWrite_MultipleMetrics_MultipleRequests (0.00s)
=== RUN   TestWrite_MultipleMetrics_MultipleFullRequests
2025/02/19 21:37:54 D! [] Wrote a 500 point batch to Kinesis in 291ns.
2025/02/19 21:37:54 D! [] Wrote a 500 point batch to Kinesis in 83ns.
--- PASS: TestWrite_MultipleMetrics_MultipleFullRequests (0.00s)
=== RUN   TestWrite_SerializerError
2025/02/19 21:37:54 D! [] Could not serialize metric: invalid name
2025/02/19 21:37:54 D! [] Wrote a 3 point batch to Kinesis in 167ns.
--- PASS: TestWrite_SerializerError (0.00s)
PASS
ok  	github.com/influxdata/telegraf/plugins/outputs/kinesis	1.097s
=== RUN   TestUriOverride
--- PASS: TestUriOverride (0.01s)
=== RUN   TestBadStatusCode
--- PASS: TestBadStatusCode (0.00s)
=== RUN   TestBuildGauge
--- PASS: TestBuildGauge (0.00s)
=== RUN   TestBuildGaugeWithSource
--- PASS: TestBuildGaugeWithSource (0.00s)
PASS
ok  	github.com/influxdata/telegraf/plugins/outputs/librato	1.350s
=== RUN   TestConnectWithoutToken
--- PASS: TestConnectWithoutToken (0.00s)
=== RUN   TestConnectWithDefaultToken
--- PASS: TestConnectWithDefaultToken (0.00s)
=== RUN   TestParseMetric
--- PASS: TestParseMetric (0.00s)
=== RUN   TestBadStatusCode
--- PASS: TestBadStatusCode (0.00s)
=== RUN   TestWrite
--- PASS: TestWrite (0.00s)
PASS
ok  	github.com/influxdata/telegraf/plugins/outputs/logzio	1.459s
=== RUN   TestStatusCode
=== RUN   TestStatusCode/success
=== RUN   TestStatusCode/1xx_status_is_an_error
=== RUN   TestStatusCode/3xx_status_is_an_error
=== RUN   TestStatusCode/4xx_status_is_an_error
--- PASS: TestStatusCode (0.01s)
    --- PASS: TestStatusCode/success (0.01s)
    --- PASS: TestStatusCode/1xx_status_is_an_error (0.00s)
    --- PASS: TestStatusCode/3xx_status_is_an_error (0.00s)
    --- PASS: TestStatusCode/4xx_status_is_an_error (0.00s)
=== RUN   TestContentType
=== RUN   TestContentType/default_is_application/json
=== RUN   TestContentType/overwrite_content_type
--- PASS: TestContentType (0.00s)
    --- PASS: TestContentType/default_is_application/json (0.00s)
    --- PASS: TestContentType/overwrite_content_type (0.00s)
=== RUN   TestContentEncodingGzip
=== RUN   TestContentEncodingGzip/default_is_no_content_encoding
=== RUN   TestContentEncodingGzip/overwrite_content_encoding
--- PASS: TestContentEncodingGzip (0.00s)
    --- PASS: TestContentEncodingGzip/default_is_no_content_encoding (0.00s)
    --- PASS: TestContentEncodingGzip/overwrite_content_encoding (0.00s)
=== RUN   TestMetricNameLabel
=== RUN   TestMetricNameLabel/no_label
=== RUN   TestMetricNameLabel/custom_label
--- PASS: TestMetricNameLabel (0.01s)
    --- PASS: TestMetricNameLabel/no_label (0.00s)
    --- PASS: TestMetricNameLabel/custom_label (0.00s)
=== RUN   TestBasicAuth
=== RUN   TestBasicAuth/default
=== RUN   TestBasicAuth/username_and_password
--- PASS: TestBasicAuth (0.00s)
    --- PASS: TestBasicAuth/default (0.00s)
    --- PASS: TestBasicAuth/username_and_password (0.00s)
=== RUN   TestOAuthClientCredentialsGrant
=== RUN   TestOAuthClientCredentialsGrant/no_credentials
=== RUN   TestOAuthClientCredentialsGrant/success
--- PASS: TestOAuthClientCredentialsGrant (0.00s)
    --- PASS: TestOAuthClientCredentialsGrant/no_credentials (0.00s)
    --- PASS: TestOAuthClientCredentialsGrant/success (0.00s)
=== RUN   TestDefaultUserAgent
=== RUN   TestDefaultUserAgent/default-user-agent
--- PASS: TestDefaultUserAgent (0.00s)
    --- PASS: TestDefaultUserAgent/default-user-agent (0.00s)
=== RUN   TestMetricSorting
=== RUN   TestMetricSorting/out_of_order_metrics
--- PASS: TestMetricSorting (0.00s)
    --- PASS: TestMetricSorting/out_of_order_metrics (0.00s)
=== RUN   TestSanitizeLabelName
=== RUN   TestSanitizeLabelName/no_change
=== RUN   TestSanitizeLabelName/replace_invalid_first_character
=== RUN   TestSanitizeLabelName/replace_invalid_later_character
=== RUN   TestSanitizeLabelName/numbers_allowed_later
--- PASS: TestSanitizeLabelName (0.00s)
    --- PASS: TestSanitizeLabelName/no_change (0.00s)
    --- PASS: TestSanitizeLabelName/replace_invalid_first_character (0.00s)
    --- PASS: TestSanitizeLabelName/replace_invalid_later_character (0.00s)
    --- PASS: TestSanitizeLabelName/numbers_allowed_later (0.00s)
=== RUN   TestGenerateLabelsAndTag
--- PASS: TestGenerateLabelsAndTag (0.00s)
=== RUN   TestStream_insertLog
--- PASS: TestStream_insertLog (0.00s)
=== RUN   TestUniqKeyFromTagList
--- PASS: TestUniqKeyFromTagList (0.00s)
=== RUN   Test_newStream
--- PASS: Test_newStream (0.00s)
=== RUN   Test_newStream_noTag
--- PASS: Test_newStream_noTag (0.00s)
PASS
ok  	github.com/influxdata/telegraf/plugins/outputs/loki	1.435s
=== RUN   TestConnectAndWriteIntegrationNoAuth
--- FAIL: TestConnectAndWriteIntegrationNoAuth (0.00s)
panic: check host "unix:///var/run/docker.sock": docker info: Cannot connect to the Docker daemon at unix:///var/run/docker.sock. Is the docker daemon running?
	check host "unix:///Users/frederikmoschner/.docker/run/docker.sock": docker info: Cannot connect to the Docker daemon at unix:///Users/frederikmoschner/.docker/run/docker.sock. Is the docker daemon running? [recovered]
	panic: check host "unix:///var/run/docker.sock": docker info: Cannot connect to the Docker daemon at unix:///var/run/docker.sock. Is the docker daemon running?
	check host "unix:///Users/frederikmoschner/.docker/run/docker.sock": docker info: Cannot connect to the Docker daemon at unix:///Users/frederikmoschner/.docker/run/docker.sock. Is the docker daemon running?

goroutine 50 [running]:
testing.tRunner.func1.2({0x1032c38a0, 0x14000580288})
	/opt/homebrew/Cellar/go/1.24.0/libexec/src/testing/testing.go:1734 +0x1ac
testing.tRunner.func1()
	/opt/homebrew/Cellar/go/1.24.0/libexec/src/testing/testing.go:1737 +0x334
panic({0x1032c38a0?, 0x14000580288?})
	/opt/homebrew/Cellar/go/1.24.0/libexec/src/runtime/panic.go:787 +0x124
github.com/testcontainers/testcontainers-go/internal/core.MustExtractDockerHost.func1()
	/Users/frederikmoschner/go/pkg/mod/github.com/testcontainers/testcontainers-go@v0.34.0/internal/core/docker_host.go:91 +0x70
sync.(*Once).doSlow(0x6d5f6176616a0000?, 0x2540be400?)
	/opt/homebrew/Cellar/go/1.24.0/libexec/src/sync/once.go:78 +0xf0
sync.(*Once).Do(...)
	/opt/homebrew/Cellar/go/1.24.0/libexec/src/sync/once.go:69
github.com/testcontainers/testcontainers-go/internal/core.MustExtractDockerHost({0x1033f1d08?, 0x1039483a0?})
	/Users/frederikmoschner/go/pkg/mod/github.com/testcontainers/testcontainers-go@v0.34.0/internal/core/docker_host.go:88 +0x54
github.com/testcontainers/testcontainers-go/internal/core.NewClient({0x1033f1d08, 0x1039483a0}, {0x0, 0x0, 0x0?})
	/Users/frederikmoschner/go/pkg/mod/github.com/testcontainers/testcontainers-go@v0.34.0/internal/core/client.go:17 +0x9c
github.com/testcontainers/testcontainers-go.NewDockerClientWithOpts({0x1033f1d08, 0x1039483a0}, {0x0, 0x0, 0x0})
	/Users/frederikmoschner/go/pkg/mod/github.com/testcontainers/testcontainers-go@v0.34.0/docker_client.go:117 +0x4c
github.com/testcontainers/testcontainers-go.NewDockerProvider({0x14000334200, 0x2, 0x10306fb86?})
	/Users/frederikmoschner/go/pkg/mod/github.com/testcontainers/testcontainers-go@v0.34.0/provider.go:143 +0xf0
github.com/testcontainers/testcontainers-go.ProviderType.GetProvider(0x0, {0x1400058f188, 0x1, 0x0?})
	/Users/frederikmoschner/go/pkg/mod/github.com/testcontainers/testcontainers-go@v0.34.0/provider.go:114 +0x380
github.com/testcontainers/testcontainers-go.GenericContainer({_, _}, {{{{0x0, 0x0}, {0x0, 0x0}, {0x0, 0x0}, {0x0, 0x0}, ...}, ...}, ...})
	/Users/frederikmoschner/go/pkg/mod/github.com/testcontainers/testcontainers-go@v0.34.0/generic.go:59 +0xf0
github.com/influxdata/telegraf/testutil.(*Container).Start(0x14000326360)
	/Users/frederikmoschner/Documents/plugin_erweiterung/telegraf/testutil/container.go:76 +0x2d8
github.com/influxdata/telegraf/plugins/outputs/mongodb.TestConnectAndWriteIntegrationNoAuth(0x14000102c40)
	/Users/frederikmoschner/Documents/plugin_erweiterung/telegraf/plugins/outputs/mongodb/mongodb_test.go:32 +0x314
testing.tRunner(0x14000102c40, 0x1033e3828)
	/opt/homebrew/Cellar/go/1.24.0/libexec/src/testing/testing.go:1792 +0xe4
created by testing.(*T).Run in goroutine 1
	/opt/homebrew/Cellar/go/1.24.0/libexec/src/testing/testing.go:1851 +0x374
FAIL	github.com/influxdata/telegraf/plugins/outputs/mongodb	1.173s
=== RUN   TestConnectAndWriteIntegration
--- FAIL: TestConnectAndWriteIntegration (0.00s)
panic: check host "unix:///var/run/docker.sock": docker info: Cannot connect to the Docker daemon at unix:///var/run/docker.sock. Is the docker daemon running?
	check host "unix:///Users/frederikmoschner/.docker/run/docker.sock": docker info: Cannot connect to the Docker daemon at unix:///Users/frederikmoschner/.docker/run/docker.sock. Is the docker daemon running? [recovered]
	panic: check host "unix:///var/run/docker.sock": docker info: Cannot connect to the Docker daemon at unix:///var/run/docker.sock. Is the docker daemon running?
	check host "unix:///Users/frederikmoschner/.docker/run/docker.sock": docker info: Cannot connect to the Docker daemon at unix:///Users/frederikmoschner/.docker/run/docker.sock. Is the docker daemon running?

goroutine 39 [running]:
testing.tRunner.func1.2({0x103012f00, 0x1400000e2a0})
	/opt/homebrew/Cellar/go/1.24.0/libexec/src/testing/testing.go:1734 +0x1ac
testing.tRunner.func1()
	/opt/homebrew/Cellar/go/1.24.0/libexec/src/testing/testing.go:1737 +0x334
panic({0x103012f00?, 0x1400000e2a0?})
	/opt/homebrew/Cellar/go/1.24.0/libexec/src/runtime/panic.go:787 +0x124
github.com/testcontainers/testcontainers-go/internal/core.MustExtractDockerHost.func1()
	/Users/frederikmoschner/go/pkg/mod/github.com/testcontainers/testcontainers-go@v0.34.0/internal/core/docker_host.go:91 +0x70
sync.(*Once).doSlow(0x65646f4d657a0000?, 0x2540be400?)
	/opt/homebrew/Cellar/go/1.24.0/libexec/src/sync/once.go:78 +0xf0
sync.(*Once).Do(...)
	/opt/homebrew/Cellar/go/1.24.0/libexec/src/sync/once.go:69
github.com/testcontainers/testcontainers-go/internal/core.MustExtractDockerHost({0x10315fe28?, 0x1037fea00?})
	/Users/frederikmoschner/go/pkg/mod/github.com/testcontainers/testcontainers-go@v0.34.0/internal/core/docker_host.go:88 +0x54
github.com/testcontainers/testcontainers-go/internal/core.NewClient({0x10315fe28, 0x1037fea00}, {0x0, 0x0, 0x5f6567617373656d?})
	/Users/frederikmoschner/go/pkg/mod/github.com/testcontainers/testcontainers-go@v0.34.0/internal/core/client.go:17 +0x9c
github.com/testcontainers/testcontainers-go.NewDockerClientWithOpts({0x10315fe28, 0x1037fea00}, {0x0, 0x0, 0x0})
	/Users/frederikmoschner/go/pkg/mod/github.com/testcontainers/testcontainers-go@v0.34.0/docker_client.go:117 +0x4c
github.com/testcontainers/testcontainers-go.NewDockerProvider({0x140001a0500, 0x2, 0x102d5dc8c?})
	/Users/frederikmoschner/go/pkg/mod/github.com/testcontainers/testcontainers-go@v0.34.0/provider.go:143 +0xf0
github.com/testcontainers/testcontainers-go.ProviderType.GetProvider(0x0, {0x14000405278, 0x1, 0x0?})
	/Users/frederikmoschner/go/pkg/mod/github.com/testcontainers/testcontainers-go@v0.34.0/provider.go:114 +0x380
github.com/testcontainers/testcontainers-go.GenericContainer({_, _}, {{{{0x0, 0x0}, {0x0, 0x0}, {0x0, 0x0}, {0x0, 0x0}, ...}, ...}, ...})
	/Users/frederikmoschner/go/pkg/mod/github.com/testcontainers/testcontainers-go@v0.34.0/generic.go:59 +0xf0
github.com/influxdata/telegraf/testutil.(*Container).Start(0x14000000120)
	/Users/frederikmoschner/Documents/plugin_erweiterung/telegraf/testutil/container.go:76 +0x2d8
github.com/influxdata/telegraf/plugins/outputs/mqtt.launchTestContainer(0x14000003a40)
	/Users/frederikmoschner/Documents/plugin_erweiterung/telegraf/plugins/outputs/mqtt/mqtt_test.go:37 +0x208
github.com/influxdata/telegraf/plugins/outputs/mqtt.TestConnectAndWriteIntegration(0x14000003a40)
	/Users/frederikmoschner/Documents/plugin_erweiterung/telegraf/plugins/outputs/mqtt/mqtt_test.go:48 +0x8c
testing.tRunner(0x14000003a40, 0x10314d5a0)
	/opt/homebrew/Cellar/go/1.24.0/libexec/src/testing/testing.go:1792 +0xe4
created by testing.(*T).Run in goroutine 1
	/opt/homebrew/Cellar/go/1.24.0/libexec/src/testing/testing.go:1851 +0x374
FAIL	github.com/influxdata/telegraf/plugins/outputs/mqtt	0.938s
=== RUN   TestConnectAndWriteIntegration
=== RUN   TestConnectAndWriteIntegration/valid_without_jetstream
--- FAIL: TestConnectAndWriteIntegration (0.00s)
    --- FAIL: TestConnectAndWriteIntegration/valid_without_jetstream (0.00s)
panic: check host "unix:///var/run/docker.sock": docker info: Cannot connect to the Docker daemon at unix:///var/run/docker.sock. Is the docker daemon running?
	check host "unix:///Users/frederikmoschner/.docker/run/docker.sock": docker info: Cannot connect to the Docker daemon at unix:///Users/frederikmoschner/.docker/run/docker.sock. Is the docker daemon running? [recovered]
	panic: check host "unix:///var/run/docker.sock": docker info: Cannot connect to the Docker daemon at unix:///var/run/docker.sock. Is the docker daemon running?
	check host "unix:///Users/frederikmoschner/.docker/run/docker.sock": docker info: Cannot connect to the Docker daemon at unix:///Users/frederikmoschner/.docker/run/docker.sock. Is the docker daemon running?

goroutine 50 [running]:
testing.tRunner.func1.2({0x104caede0, 0x140001d6258})
	/opt/homebrew/Cellar/go/1.24.0/libexec/src/testing/testing.go:1734 +0x1ac
testing.tRunner.func1()
	/opt/homebrew/Cellar/go/1.24.0/libexec/src/testing/testing.go:1737 +0x334
panic({0x104caede0?, 0x140001d6258?})
	/opt/homebrew/Cellar/go/1.24.0/libexec/src/runtime/panic.go:787 +0x124
github.com/testcontainers/testcontainers-go/internal/core.MustExtractDockerHost.func1()
	/Users/frederikmoschner/go/pkg/mod/github.com/testcontainers/testcontainers-go@v0.34.0/internal/core/docker_host.go:91 +0x70
sync.(*Once).doSlow(0x14000040000?, 0x2540be400?)
	/opt/homebrew/Cellar/go/1.24.0/libexec/src/sync/once.go:78 +0xf0
sync.(*Once).Do(...)
	/opt/homebrew/Cellar/go/1.24.0/libexec/src/sync/once.go:69
github.com/testcontainers/testcontainers-go/internal/core.MustExtractDockerHost({0x104dfc9b8?, 0x1053c83c0?})
	/Users/frederikmoschner/go/pkg/mod/github.com/testcontainers/testcontainers-go@v0.34.0/internal/core/docker_host.go:88 +0x54
github.com/testcontainers/testcontainers-go/internal/core.NewClient({0x104dfc9b8, 0x1053c83c0}, {0x0, 0x0, 0x0?})
	/Users/frederikmoschner/go/pkg/mod/github.com/testcontainers/testcontainers-go@v0.34.0/internal/core/client.go:17 +0x9c
github.com/testcontainers/testcontainers-go.NewDockerClientWithOpts({0x104dfc9b8, 0x1053c83c0}, {0x0, 0x0, 0x0})
	/Users/frederikmoschner/go/pkg/mod/github.com/testcontainers/testcontainers-go@v0.34.0/docker_client.go:117 +0x4c
github.com/testcontainers/testcontainers-go.NewDockerProvider({0x14000090160, 0x2, 0x104a41c85?})
	/Users/frederikmoschner/go/pkg/mod/github.com/testcontainers/testcontainers-go@v0.34.0/provider.go:143 +0xf0
github.com/testcontainers/testcontainers-go.ProviderType.GetProvider(0x0, {0x14000123428, 0x1, 0x0?})
	/Users/frederikmoschner/go/pkg/mod/github.com/testcontainers/testcontainers-go@v0.34.0/provider.go:114 +0x380
github.com/testcontainers/testcontainers-go.GenericContainer({_, _}, {{{{0x0, 0x0}, {0x0, 0x0}, {0x0, 0x0}, {0x0, 0x0}, ...}, ...}, ...})
	/Users/frederikmoschner/go/pkg/mod/github.com/testcontainers/testcontainers-go@v0.34.0/generic.go:59 +0xf0
github.com/influxdata/telegraf/testutil.(*Container).Start(0x140002d23d0)
	/Users/frederikmoschner/Documents/plugin_erweiterung/telegraf/testutil/container.go:76 +0x2d8
github.com/influxdata/telegraf/plugins/outputs/nats.TestConnectAndWriteIntegration.func3(0x14000502e00)
	/Users/frederikmoschner/Documents/plugin_erweiterung/telegraf/plugins/outputs/nats/nats_test.go:119 +0x50
testing.tRunner(0x14000502e00, 0x14000090000)
	/opt/homebrew/Cellar/go/1.24.0/libexec/src/testing/testing.go:1792 +0xe4
created by testing.(*T).Run in goroutine 10
	/opt/homebrew/Cellar/go/1.24.0/libexec/src/testing/testing.go:1851 +0x374
FAIL	github.com/influxdata/telegraf/plugins/outputs/nats	0.988s
=== RUN   TestWrite
=== RUN   TestWrite/metric_is_converted_to_json_value
2025-02-19T20:37:56Z I! http: superfluous response.WriteHeader call from github.com/influxdata/telegraf/plugins/outputs/nebius_cloud_monitoring.TestWrite.func1 (nebius_cloud_monitoring_test.go:46)
2025-02-19T20:37:56Z I! [] Writing to Nebius.Cloud Monitoring URL: http://127.0.0.1:52582/metrics
2025-02-19T20:37:56Z I! [] FolderID: folder1
2025-02-19T20:37:56Z I! http: superfluous response.WriteHeader call from github.com/influxdata/telegraf/plugins/outputs/nebius_cloud_monitoring.TestWrite.func1 (nebius_cloud_monitoring_test.go:46)
=== RUN   TestWrite/int64_metric_is_converted_to_json_value
2025-02-19T20:37:56Z I! http: superfluous response.WriteHeader call from github.com/influxdata/telegraf/plugins/outputs/nebius_cloud_monitoring.TestWrite.func1 (nebius_cloud_monitoring_test.go:46)
2025-02-19T20:37:56Z I! [] Writing to Nebius.Cloud Monitoring URL: http://127.0.0.1:52582/metrics
2025-02-19T20:37:56Z I! [] FolderID: folder1
2025-02-19T20:37:56Z I! http: superfluous response.WriteHeader call from github.com/influxdata/telegraf/plugins/outputs/nebius_cloud_monitoring.TestWrite.func1 (nebius_cloud_monitoring_test.go:46)
=== RUN   TestWrite/int_metric_is_converted_to_json_value
2025-02-19T20:37:56Z I! http: superfluous response.WriteHeader call from github.com/influxdata/telegraf/plugins/outputs/nebius_cloud_monitoring.TestWrite.func1 (nebius_cloud_monitoring_test.go:46)
2025-02-19T20:37:56Z I! [] Writing to Nebius.Cloud Monitoring URL: http://127.0.0.1:52582/metrics
2025-02-19T20:37:56Z I! [] FolderID: folder1
2025-02-19T20:37:56Z I! http: superfluous response.WriteHeader call from github.com/influxdata/telegraf/plugins/outputs/nebius_cloud_monitoring.TestWrite.func1 (nebius_cloud_monitoring_test.go:46)
=== RUN   TestWrite/label_with_name_'name'_is_replaced_with_'_name'
2025-02-19T20:37:56Z I! http: superfluous response.WriteHeader call from github.com/influxdata/telegraf/plugins/outputs/nebius_cloud_monitoring.TestWrite.func1 (nebius_cloud_monitoring_test.go:46)
2025-02-19T20:37:56Z I! [] Writing to Nebius.Cloud Monitoring URL: http://127.0.0.1:52582/metrics
2025-02-19T20:37:56Z I! [] FolderID: folder1
2025-02-19T20:37:56Z I! http: superfluous response.WriteHeader call from github.com/influxdata/telegraf/plugins/outputs/nebius_cloud_monitoring.TestWrite.func1 (nebius_cloud_monitoring_test.go:46)
--- PASS: TestWrite (0.01s)
    --- PASS: TestWrite/metric_is_converted_to_json_value (0.00s)
    --- PASS: TestWrite/int64_metric_is_converted_to_json_value (0.00s)
    --- PASS: TestWrite/int_metric_is_converted_to_json_value (0.00s)
    --- PASS: TestWrite/label_with_name_'name'_is_replaced_with_'_name' (0.00s)
=== RUN   TestReplaceReservedTagNames
=== RUN   TestReplaceReservedTagNames/tagReplacement
--- PASS: TestReplaceReservedTagNames (0.00s)
    --- PASS: TestReplaceReservedTagNames/tagReplacement (0.00s)
PASS
ok  	github.com/influxdata/telegraf/plugins/outputs/nebius_cloud_monitoring	1.173s
=== RUN   TestBasic
--- PASS: TestBasic (0.33s)
=== RUN   TestNewRelic_Write
=== RUN   TestNewRelic_Write/Test:_Basic_mock_metric_write
=== RUN   TestNewRelic_Write/Test:_Test_string_
=== RUN   TestNewRelic_Write/Test:_Test_int64_
=== RUN   TestNewRelic_Write/Test:_Test__uint64_
=== RUN   TestNewRelic_Write/Test:_Test_bool_true_
=== RUN   TestNewRelic_Write/Test:_Test_bool_false_
=== RUN   TestNewRelic_Write/Test:_Test_max_float64_
=== RUN   TestNewRelic_Write/Test:_Test_NAN_
--- PASS: TestNewRelic_Write (0.00s)
    --- PASS: TestNewRelic_Write/Test:_Basic_mock_metric_write (0.00s)
    --- PASS: TestNewRelic_Write/Test:_Test_string_ (0.00s)
    --- PASS: TestNewRelic_Write/Test:_Test_int64_ (0.00s)
    --- PASS: TestNewRelic_Write/Test:_Test__uint64_ (0.00s)
    --- PASS: TestNewRelic_Write/Test:_Test_bool_true_ (0.00s)
    --- PASS: TestNewRelic_Write/Test:_Test_bool_false_ (0.00s)
    --- PASS: TestNewRelic_Write/Test:_Test_max_float64_ (0.00s)
    --- PASS: TestNewRelic_Write/Test:_Test_NAN_ (0.00s)
=== RUN   TestNewRelic_Connect
=== RUN   TestNewRelic_Connect/Test:_No_Insights_key
=== RUN   TestNewRelic_Connect/Test:_Insights_key
=== RUN   TestNewRelic_Connect/Test:_Only_Insights_key
=== RUN   TestNewRelic_Connect/Test:_Insights_key_and_Timeout
=== RUN   TestNewRelic_Connect/Test:_HTTP_Proxy
=== RUN   TestNewRelic_Connect/Test:_Metric_URL_
--- PASS: TestNewRelic_Connect (0.00s)
    --- PASS: TestNewRelic_Connect/Test:_No_Insights_key (0.00s)
    --- PASS: TestNewRelic_Connect/Test:_Insights_key (0.00s)
    --- PASS: TestNewRelic_Connect/Test:_Only_Insights_key (0.00s)
    --- PASS: TestNewRelic_Connect/Test:_Insights_key_and_Timeout (0.00s)
    --- PASS: TestNewRelic_Connect/Test:_HTTP_Proxy (0.00s)
    --- PASS: TestNewRelic_Connect/Test:_Metric_URL_ (0.00s)
PASS
ok  	github.com/influxdata/telegraf/plugins/outputs/newrelic	1.402s
=== RUN   TestConnectAndWriteIntegration
--- FAIL: TestConnectAndWriteIntegration (0.00s)
panic: check host "unix:///var/run/docker.sock": docker info: Cannot connect to the Docker daemon at unix:///var/run/docker.sock. Is the docker daemon running?
	check host "unix:///Users/frederikmoschner/.docker/run/docker.sock": docker info: Cannot connect to the Docker daemon at unix:///Users/frederikmoschner/.docker/run/docker.sock. Is the docker daemon running? [recovered]
	panic: check host "unix:///var/run/docker.sock": docker info: Cannot connect to the Docker daemon at unix:///var/run/docker.sock. Is the docker daemon running?
	check host "unix:///Users/frederikmoschner/.docker/run/docker.sock": docker info: Cannot connect to the Docker daemon at unix:///Users/frederikmoschner/.docker/run/docker.sock. Is the docker daemon running?

goroutine 36 [running]:
testing.tRunner.func1.2({0x10055e7a0, 0x14000196b10})
	/opt/homebrew/Cellar/go/1.24.0/libexec/src/testing/testing.go:1734 +0x1ac
testing.tRunner.func1()
	/opt/homebrew/Cellar/go/1.24.0/libexec/src/testing/testing.go:1737 +0x334
panic({0x10055e7a0?, 0x14000196b10?})
	/opt/homebrew/Cellar/go/1.24.0/libexec/src/runtime/panic.go:787 +0x124
github.com/testcontainers/testcontainers-go/internal/core.MustExtractDockerHost.func1()
	/Users/frederikmoschner/go/pkg/mod/github.com/testcontainers/testcontainers-go@v0.34.0/internal/core/docker_host.go:91 +0x70
sync.(*Once).doSlow(0x0?, 0x2540be400?)
	/opt/homebrew/Cellar/go/1.24.0/libexec/src/sync/once.go:78 +0xf0
sync.(*Once).Do(...)
	/opt/homebrew/Cellar/go/1.24.0/libexec/src/sync/once.go:69
github.com/testcontainers/testcontainers-go/internal/core.MustExtractDockerHost({0x10060fb28?, 0x1009570e0?})
	/Users/frederikmoschner/go/pkg/mod/github.com/testcontainers/testcontainers-go@v0.34.0/internal/core/docker_host.go:88 +0x54
github.com/testcontainers/testcontainers-go/internal/core.NewClient({0x10060fb28, 0x1009570e0}, {0x0, 0x0, 0x0?})
	/Users/frederikmoschner/go/pkg/mod/github.com/testcontainers/testcontainers-go@v0.34.0/internal/core/client.go:17 +0x9c
github.com/testcontainers/testcontainers-go.NewDockerClientWithOpts({0x10060fb28, 0x1009570e0}, {0x0, 0x0, 0x0})
	/Users/frederikmoschner/go/pkg/mod/github.com/testcontainers/testcontainers-go@v0.34.0/docker_client.go:117 +0x4c
github.com/testcontainers/testcontainers-go.NewDockerProvider({0x14000336340, 0x2, 0x10042ccf5?})
	/Users/frederikmoschner/go/pkg/mod/github.com/testcontainers/testcontainers-go@v0.34.0/provider.go:143 +0xf0
github.com/testcontainers/testcontainers-go.ProviderType.GetProvider(0x0, {0x140001ed2e8, 0x1, 0x0?})
	/Users/frederikmoschner/go/pkg/mod/github.com/testcontainers/testcontainers-go@v0.34.0/provider.go:114 +0x380
github.com/testcontainers/testcontainers-go.GenericContainer({_, _}, {{{{0x0, 0x0}, {0x0, 0x0}, {0x0, 0x0}, {0x0, 0x0}, ...}, ...}, ...})
	/Users/frederikmoschner/go/pkg/mod/github.com/testcontainers/testcontainers-go@v0.34.0/generic.go:59 +0xf0
github.com/influxdata/telegraf/testutil.(*Container).Start(0x140001f2d80)
	/Users/frederikmoschner/Documents/plugin_erweiterung/telegraf/testutil/container.go:76 +0x2d8
github.com/influxdata/telegraf/plugins/outputs/nsq.TestConnectAndWriteIntegration(0x14000184c40)
	/Users/frederikmoschner/Documents/plugin_erweiterung/telegraf/plugins/outputs/nsq/nsq_test.go:27 +0x1b8
testing.tRunner(0x14000184c40, 0x1006062a0)
	/opt/homebrew/Cellar/go/1.24.0/libexec/src/testing/testing.go:1792 +0xe4
created by testing.(*T).Run in goroutine 1
	/opt/homebrew/Cellar/go/1.24.0/libexec/src/testing/testing.go:1851 +0x374
FAIL	github.com/influxdata/telegraf/plugins/outputs/nsq	1.280s
=== RUN   TestGetIndexName
--- PASS: TestGetIndexName (0.00s)
=== RUN   TestGetPipelineName
--- PASS: TestGetPipelineName (0.00s)
=== RUN   TestRequestHeaderWhenGzipIsEnabled
--- PASS: TestRequestHeaderWhenGzipIsEnabled (0.00s)
=== RUN   TestRequestHeaderWhenGzipIsDisabled
--- PASS: TestRequestHeaderWhenGzipIsDisabled (0.00s)
=== RUN   TestAuthorizationHeaderWhenBearerTokenIsPresent
--- PASS: TestAuthorizationHeaderWhenBearerTokenIsPresent (0.00s)
=== RUN   TestDisconnectedServerOnConnect
--- PASS: TestDisconnectedServerOnConnect (0.00s)
=== RUN   TestDisconnectedServerOnWrite
--- PASS: TestDisconnectedServerOnWrite (0.00s)
=== RUN   TestConnectAndWriteIntegration
--- FAIL: TestConnectAndWriteIntegration (0.00s)
panic: check host "unix:///var/run/docker.sock": docker info: Cannot connect to the Docker daemon at unix:///var/run/docker.sock. Is the docker daemon running?
	check host "unix:///Users/frederikmoschner/.docker/run/docker.sock": docker info: Cannot connect to the Docker daemon at unix:///Users/frederikmoschner/.docker/run/docker.sock. Is the docker daemon running? [recovered]
	panic: check host "unix:///var/run/docker.sock": docker info: Cannot connect to the Docker daemon at unix:///var/run/docker.sock. Is the docker daemon running?
	check host "unix:///Users/frederikmoschner/.docker/run/docker.sock": docker info: Cannot connect to the Docker daemon at unix:///Users/frederikmoschner/.docker/run/docker.sock. Is the docker daemon running?

goroutine 136 [running]:
testing.tRunner.func1.2({0x1031504c0, 0x14000116378})
	/opt/homebrew/Cellar/go/1.24.0/libexec/src/testing/testing.go:1734 +0x1ac
testing.tRunner.func1()
	/opt/homebrew/Cellar/go/1.24.0/libexec/src/testing/testing.go:1737 +0x334
panic({0x1031504c0?, 0x14000116378?})
	/opt/homebrew/Cellar/go/1.24.0/libexec/src/runtime/panic.go:787 +0x124
github.com/testcontainers/testcontainers-go/internal/core.MustExtractDockerHost.func1()
	/Users/frederikmoschner/go/pkg/mod/github.com/testcontainers/testcontainers-go@v0.34.0/internal/core/docker_host.go:91 +0x70
sync.(*Once).doSlow(0x0?, 0x2540be400?)
	/opt/homebrew/Cellar/go/1.24.0/libexec/src/sync/once.go:78 +0xf0
sync.(*Once).Do(...)
	/opt/homebrew/Cellar/go/1.24.0/libexec/src/sync/once.go:69
github.com/testcontainers/testcontainers-go/internal/core.MustExtractDockerHost({0x1032b5eb8?, 0x103ac15a0?})
	/Users/frederikmoschner/go/pkg/mod/github.com/testcontainers/testcontainers-go@v0.34.0/internal/core/docker_host.go:88 +0x54
github.com/testcontainers/testcontainers-go/internal/core.NewClient({0x1032b5eb8, 0x103ac15a0}, {0x0, 0x0, 0x0?})
	/Users/frederikmoschner/go/pkg/mod/github.com/testcontainers/testcontainers-go@v0.34.0/internal/core/client.go:17 +0x9c
github.com/testcontainers/testcontainers-go.NewDockerClientWithOpts({0x1032b5eb8, 0x103ac15a0}, {0x0, 0x0, 0x0})
	/Users/frederikmoschner/go/pkg/mod/github.com/testcontainers/testcontainers-go@v0.34.0/docker_client.go:117 +0x4c
github.com/testcontainers/testcontainers-go.NewDockerProvider({0x14000090620, 0x2, 0x102e6e854?})
	/Users/frederikmoschner/go/pkg/mod/github.com/testcontainers/testcontainers-go@v0.34.0/provider.go:143 +0xf0
github.com/testcontainers/testcontainers-go.ProviderType.GetProvider(0x0, {0x1400001b048, 0x1, 0x10258431c?})
	/Users/frederikmoschner/go/pkg/mod/github.com/testcontainers/testcontainers-go@v0.34.0/provider.go:114 +0x380
github.com/testcontainers/testcontainers-go.GenericContainer({_, _}, {{{{0x0, 0x0}, {0x0, 0x0}, {0x0, 0x0}, {0x0, 0x0}, ...}, ...}, ...})
	/Users/frederikmoschner/go/pkg/mod/github.com/testcontainers/testcontainers-go@v0.34.0/generic.go:59 +0xf0
github.com/influxdata/telegraf/testutil.(*Container).Start(0x140002ff440)
	/Users/frederikmoschner/Documents/plugin_erweiterung/telegraf/testutil/container.go:76 +0x2d8
github.com/influxdata/telegraf/plugins/outputs/opensearch.launchTestContainer(0x140005828c0, {0x102e67b9d, 0x5})
	/Users/frederikmoschner/Documents/plugin_erweiterung/telegraf/plugins/outputs/opensearch/opensearch_test.go:36 +0x34c
github.com/influxdata/telegraf/plugins/outputs/opensearch.TestConnectAndWriteIntegration(0x140005828c0)
	/Users/frederikmoschner/Documents/plugin_erweiterung/telegraf/plugins/outputs/opensearch/opensearch_v1_test.go:22 +0x98
testing.tRunner(0x140005828c0, 0x1032a3588)
	/opt/homebrew/Cellar/go/1.24.0/libexec/src/testing/testing.go:1792 +0xe4
created by testing.(*T).Run in goroutine 1
	/opt/homebrew/Cellar/go/1.24.0/libexec/src/testing/testing.go:1851 +0x374
FAIL	github.com/influxdata/telegraf/plugins/outputs/opensearch	0.636s
=== RUN   TestOpenTelemetry
--- PASS: TestOpenTelemetry (0.00s)
PASS
ok  	github.com/influxdata/telegraf/plugins/outputs/opentelemetry	0.747s
=== RUN   TestCleanTags
--- PASS: TestCleanTags (0.00s)
=== RUN   TestBuildTagsTelnet
--- PASS: TestBuildTagsTelnet (0.00s)
=== RUN   TestSanitize
=== RUN   TestSanitize/Ascii_letters_and_numbers_allowed
=== RUN   TestSanitize/Allowed_punct
=== RUN   TestSanitize/Special_conversions_to_hyphen
=== RUN   TestSanitize/Unicode_Letters_allowed
=== RUN   TestSanitize/Other_Unicode_not_allowed
--- PASS: TestSanitize (0.00s)
    --- PASS: TestSanitize/Ascii_letters_and_numbers_allowed (0.00s)
    --- PASS: TestSanitize/Allowed_punct (0.00s)
    --- PASS: TestSanitize/Special_conversions_to_hyphen (0.00s)
    --- PASS: TestSanitize/Unicode_Letters_allowed (0.00s)
    --- PASS: TestSanitize/Other_Unicode_not_allowed (0.00s)
=== RUN   TestWriteIntegration
    opentsdb_test.go:174: Skip as OpenTSDB not running
--- SKIP: TestWriteIntegration (0.00s)
PASS
ok  	github.com/influxdata/telegraf/plugins/outputs/opentsdb	0.979s
=== RUN   TestCases
=== RUN   TestCases/basic_single_metric
=== RUN   TestCases/mix_of_tags_and_fields
=== RUN   TestCases/null_values
=== RUN   TestCases/data_types
--- PASS: TestCases (0.00s)
    --- PASS: TestCases/basic_single_metric (0.00s)
    --- PASS: TestCases/mix_of_tags_and_fields (0.00s)
    --- PASS: TestCases/null_values (0.00s)
    --- PASS: TestCases/data_types (0.00s)
=== RUN   TestRotation
--- PASS: TestRotation (2.00s)
=== RUN   TestOmitTimestamp
--- PASS: TestOmitTimestamp (0.00s)
=== RUN   TestTimestampDifferentName
--- PASS: TestTimestampDifferentName (0.00s)
PASS
ok  	github.com/influxdata/telegraf/plugins/outputs/parquet	2.762s
=== RUN   TestPostgresqlConnectIntegration
--- FAIL: TestPostgresqlConnectIntegration (0.00s)
panic: check host "unix:///var/run/docker.sock": docker info: Cannot connect to the Docker daemon at unix:///var/run/docker.sock. Is the docker daemon running?
	check host "unix:///Users/frederikmoschner/.docker/run/docker.sock": docker info: Cannot connect to the Docker daemon at unix:///Users/frederikmoschner/.docker/run/docker.sock. Is the docker daemon running?
	panic: runtime error: invalid memory address or nil pointer dereference [recovered]
	panic: runtime error: invalid memory address or nil pointer dereference
[signal SIGSEGV: segmentation violation code=0x2 addr=0xe8 pc=0x1053a9c44]

goroutine 25 [running]:
testing.tRunner.func1.2({0x1056e3320, 0x105e6d130})
	/opt/homebrew/Cellar/go/1.24.0/libexec/src/testing/testing.go:1734 +0x1ac
testing.tRunner.func1()
	/opt/homebrew/Cellar/go/1.24.0/libexec/src/testing/testing.go:1737 +0x334
panic({0x1056e3320?, 0x105e6d130?})
	/opt/homebrew/Cellar/go/1.24.0/libexec/src/runtime/panic.go:787 +0x124
github.com/influxdata/telegraf/testutil.(*Container).Terminate(0x14000000120)
	/Users/frederikmoschner/Documents/plugin_erweiterung/telegraf/testutil/container.go:150 +0x24
testing.(*common).Cleanup.func1()
	/opt/homebrew/Cellar/go/1.24.0/libexec/src/testing/testing.go:1211 +0xf4
testing.(*common).runCleanup(0x14000582540, 0x14000582700?)
	/opt/homebrew/Cellar/go/1.24.0/libexec/src/testing/testing.go:1445 +0xe4
testing.tRunner.func2()
	/opt/homebrew/Cellar/go/1.24.0/libexec/src/testing/testing.go:1786 +0x2c
panic({0x1056ebb40?, 0x140005902a0?})
	/opt/homebrew/Cellar/go/1.24.0/libexec/src/runtime/panic.go:787 +0x124
github.com/testcontainers/testcontainers-go/internal/core.MustExtractDockerHost.func1()
	/Users/frederikmoschner/go/pkg/mod/github.com/testcontainers/testcontainers-go@v0.34.0/internal/core/docker_host.go:91 +0x70
sync.(*Once).doSlow(0x1418687361680000?, 0x2540be400?)
	/opt/homebrew/Cellar/go/1.24.0/libexec/src/sync/once.go:78 +0xf0
sync.(*Once).Do(...)
	/opt/homebrew/Cellar/go/1.24.0/libexec/src/sync/once.go:69
github.com/testcontainers/testcontainers-go/internal/core.MustExtractDockerHost({0x1058415f8?, 0x105f41480?})
	/Users/frederikmoschner/go/pkg/mod/github.com/testcontainers/testcontainers-go@v0.34.0/internal/core/docker_host.go:88 +0x54
github.com/testcontainers/testcontainers-go/internal/core.NewClient({0x1058415f8, 0x105f41480}, {0x0, 0x0, 0x74704f64657400d4?})
	/Users/frederikmoschner/go/pkg/mod/github.com/testcontainers/testcontainers-go@v0.34.0/internal/core/client.go:17 +0x9c
github.com/testcontainers/testcontainers-go.NewDockerClientWithOpts({0x1058415f8, 0x105f41480}, {0x0, 0x0, 0x0})
	/Users/frederikmoschner/go/pkg/mod/github.com/testcontainers/testcontainers-go@v0.34.0/docker_client.go:117 +0x4c
github.com/testcontainers/testcontainers-go.NewDockerProvider({0x14000324200, 0x2, 0x105429b22?})
	/Users/frederikmoschner/go/pkg/mod/github.com/testcontainers/testcontainers-go@v0.34.0/provider.go:143 +0xf0
github.com/testcontainers/testcontainers-go.ProviderType.GetProvider(0x0, {0x140001871d8, 0x1, 0x0?})
	/Users/frederikmoschner/go/pkg/mod/github.com/testcontainers/testcontainers-go@v0.34.0/provider.go:114 +0x380
github.com/testcontainers/testcontainers-go.GenericContainer({_, _}, {{{{0x0, 0x0}, {0x0, 0x0}, {0x0, 0x0}, {0x0, 0x0}, ...}, ...}, ...})
	/Users/frederikmoschner/go/pkg/mod/github.com/testcontainers/testcontainers-go@v0.34.0/generic.go:59 +0xf0
github.com/influxdata/telegraf/testutil.(*Container).Start(0x14000000120)
	/Users/frederikmoschner/Documents/plugin_erweiterung/telegraf/testutil/container.go:76 +0x2d8
github.com/influxdata/telegraf/plugins/outputs/postgresql.newPostgresqlTest({0x10584c180, 0x14000582540})
	/Users/frederikmoschner/Documents/plugin_erweiterung/telegraf/plugins/outputs/postgresql/postgresql_test.go:260 +0x3b4
github.com/influxdata/telegraf/plugins/outputs/postgresql.TestPostgresqlConnectIntegration(0x14000582540)
	/Users/frederikmoschner/Documents/plugin_erweiterung/telegraf/plugins/outputs/postgresql/postgresql_test.go:293 +0x88
testing.tRunner(0x14000582540, 0x10582e488)
	/opt/homebrew/Cellar/go/1.24.0/libexec/src/testing/testing.go:1792 +0xe4
created by testing.(*T).Run in goroutine 1
	/opt/homebrew/Cellar/go/1.24.0/libexec/src/testing/testing.go:1851 +0x374
FAIL	github.com/influxdata/telegraf/plugins/outputs/postgresql	1.056s
?   	github.com/influxdata/telegraf/plugins/outputs/postgresql/sqltemplate	[no test files]
?   	github.com/influxdata/telegraf/plugins/outputs/postgresql/utils	[no test files]
=== RUN   TestMetricVersion1
=== RUN   TestMetricVersion1/simple
2025-02-19T20:38:01Z I! [outputs.prometheus_client] Listening on http://[::]:52619/metrics
=== RUN   TestMetricVersion1/prometheus_untyped
2025-02-19T20:38:01Z I! [outputs.prometheus_client] Listening on http://[::]:52621/metrics
=== RUN   TestMetricVersion1/prometheus_counter
2025-02-19T20:38:01Z I! [outputs.prometheus_client] Listening on http://[::]:52623/metrics
=== RUN   TestMetricVersion1/when_export_timestamp_is_true_timestamp_is_present_in_the_metric
2025-02-19T20:38:01Z I! [outputs.prometheus_client] Listening on http://[::]:52625/metrics
=== RUN   TestMetricVersion1/replace_characters_when_using_string_as_label
2025-02-19T20:38:01Z I! [outputs.prometheus_client] Listening on http://[::]:52627/metrics
=== RUN   TestMetricVersion1/prometheus_gauge
2025-02-19T20:38:01Z I! [outputs.prometheus_client] Listening on http://[::]:52629/metrics
=== RUN   TestMetricVersion1/prometheus_histogram
2025-02-19T20:38:01Z I! [outputs.prometheus_client] Listening on http://[::]:52631/metrics
=== RUN   TestMetricVersion1/prometheus_summary
2025-02-19T20:38:01Z I! [outputs.prometheus_client] Listening on http://[::]:52633/metrics
=== RUN   TestMetricVersion1/prometheus_untyped_forced_to_counter
2025-02-19T20:38:01Z I! [outputs.prometheus_client] Listening on http://[::]:52635/metrics
=== RUN   TestMetricVersion1/prometheus_untyped_forced_to_gauge
2025-02-19T20:38:01Z I! [outputs.prometheus_client] Listening on http://[::]:52637/metrics
--- PASS: TestMetricVersion1 (0.02s)
    --- PASS: TestMetricVersion1/simple (0.00s)
    --- PASS: TestMetricVersion1/prometheus_untyped (0.00s)
    --- PASS: TestMetricVersion1/prometheus_counter (0.00s)
    --- PASS: TestMetricVersion1/when_export_timestamp_is_true_timestamp_is_present_in_the_metric (0.00s)
    --- PASS: TestMetricVersion1/replace_characters_when_using_string_as_label (0.00s)
    --- PASS: TestMetricVersion1/prometheus_gauge (0.00s)
    --- PASS: TestMetricVersion1/prometheus_histogram (0.00s)
    --- PASS: TestMetricVersion1/prometheus_summary (0.00s)
    --- PASS: TestMetricVersion1/prometheus_untyped_forced_to_counter (0.00s)
    --- PASS: TestMetricVersion1/prometheus_untyped_forced_to_gauge (0.00s)
=== RUN   TestRoundTripMetricVersion1
=== RUN   TestRoundTripMetricVersion1/untyped
2025-02-19T20:38:01Z I! [outputs.prometheus_client] Listening on http://127.0.0.1:52641/metrics
=== RUN   TestRoundTripMetricVersion1/counter
2025-02-19T20:38:01Z I! [outputs.prometheus_client] Listening on http://127.0.0.1:52644/metrics
=== RUN   TestRoundTripMetricVersion1/gauge
2025-02-19T20:38:01Z I! [outputs.prometheus_client] Listening on http://127.0.0.1:52647/metrics
=== RUN   TestRoundTripMetricVersion1/multi
2025-02-19T20:38:01Z I! [outputs.prometheus_client] Listening on http://127.0.0.1:52650/metrics
=== RUN   TestRoundTripMetricVersion1/histogram
2025-02-19T20:38:01Z I! [outputs.prometheus_client] Listening on http://127.0.0.1:52653/metrics
=== RUN   TestRoundTripMetricVersion1/summary
2025-02-19T20:38:01Z I! [outputs.prometheus_client] Listening on http://127.0.0.1:52656/metrics
--- PASS: TestRoundTripMetricVersion1 (0.01s)
    --- PASS: TestRoundTripMetricVersion1/untyped (0.00s)
    --- PASS: TestRoundTripMetricVersion1/counter (0.00s)
    --- PASS: TestRoundTripMetricVersion1/gauge (0.00s)
    --- PASS: TestRoundTripMetricVersion1/multi (0.00s)
    --- PASS: TestRoundTripMetricVersion1/histogram (0.00s)
    --- PASS: TestRoundTripMetricVersion1/summary (0.00s)
=== RUN   TestLandingPage
2025-02-19T20:38:01Z I! [outputs.prometheus_client] Listening on http://[::]:52658/metrics
--- PASS: TestLandingPage (0.00s)
=== RUN   TestMetricVersion2
=== RUN   TestMetricVersion2/untyped_telegraf_metric
2025-02-19T20:38:01Z I! [outputs.prometheus_client] Listening on http://[::]:52660/metrics
=== RUN   TestMetricVersion2/summary_no_quantiles
2025-02-19T20:38:01Z I! [outputs.prometheus_client] Listening on http://[::]:52662/metrics
=== RUN   TestMetricVersion2/when_export_timestamp_is_true_timestamp_is_present_in_the_metric
2025-02-19T20:38:01Z I! [outputs.prometheus_client] Listening on http://[::]:52664/metrics
=== RUN   TestMetricVersion2/strings_as_labels
2025-02-19T20:38:01Z I! [outputs.prometheus_client] Listening on http://[::]:52666/metrics
=== RUN   TestMetricVersion2/when_strings_as_labels_is_false_string_fields_are_discarded
2025-02-19T20:38:01Z I! [outputs.prometheus_client] Listening on http://[::]:52668/metrics
=== RUN   TestMetricVersion2/untype_prometheus_metric
2025-02-19T20:38:01Z I! [outputs.prometheus_client] Listening on http://[::]:52670/metrics
=== RUN   TestMetricVersion2/telegraf_histogram
2025-02-19T20:38:01Z I! [outputs.prometheus_client] Listening on http://[::]:52672/metrics
=== RUN   TestMetricVersion2/histogram_no_buckets
2025-02-19T20:38:01Z I! [outputs.prometheus_client] Listening on http://[::]:52674/metrics
=== RUN   TestMetricVersion2/untyped_forced_to_counter
2025-02-19T20:38:01Z I! [outputs.prometheus_client] Listening on http://[::]:52676/metrics
=== RUN   TestMetricVersion2/untyped_forced_to_gauge
2025-02-19T20:38:01Z I! [outputs.prometheus_client] Listening on http://[::]:52678/metrics
--- PASS: TestMetricVersion2 (0.01s)
    --- PASS: TestMetricVersion2/untyped_telegraf_metric (0.00s)
    --- PASS: TestMetricVersion2/summary_no_quantiles (0.00s)
    --- PASS: TestMetricVersion2/when_export_timestamp_is_true_timestamp_is_present_in_the_metric (0.00s)
    --- PASS: TestMetricVersion2/strings_as_labels (0.00s)
    --- PASS: TestMetricVersion2/when_strings_as_labels_is_false_string_fields_are_discarded (0.00s)
    --- PASS: TestMetricVersion2/untype_prometheus_metric (0.00s)
    --- PASS: TestMetricVersion2/telegraf_histogram (0.00s)
    --- PASS: TestMetricVersion2/histogram_no_buckets (0.00s)
    --- PASS: TestMetricVersion2/untyped_forced_to_counter (0.00s)
    --- PASS: TestMetricVersion2/untyped_forced_to_gauge (0.00s)
=== RUN   TestRoundTripMetricVersion2
=== RUN   TestRoundTripMetricVersion2/untyped
2025-02-19T20:38:01Z I! [outputs.prometheus_client] Listening on http://127.0.0.1:52682/metrics
=== RUN   TestRoundTripMetricVersion2/counter
2025-02-19T20:38:01Z I! [outputs.prometheus_client] Listening on http://127.0.0.1:52685/metrics
=== RUN   TestRoundTripMetricVersion2/gauge
2025-02-19T20:38:01Z I! [outputs.prometheus_client] Listening on http://127.0.0.1:52688/metrics
=== RUN   TestRoundTripMetricVersion2/multi
2025-02-19T20:38:01Z I! [outputs.prometheus_client] Listening on http://127.0.0.1:52691/metrics
=== RUN   TestRoundTripMetricVersion2/histogram
2025-02-19T20:38:01Z I! [outputs.prometheus_client] Listening on http://127.0.0.1:52694/metrics
=== RUN   TestRoundTripMetricVersion2/summary
2025-02-19T20:38:01Z I! [outputs.prometheus_client] Listening on http://127.0.0.1:52697/metrics
--- PASS: TestRoundTripMetricVersion2 (0.01s)
    --- PASS: TestRoundTripMetricVersion2/untyped (0.00s)
    --- PASS: TestRoundTripMetricVersion2/counter (0.00s)
    --- PASS: TestRoundTripMetricVersion2/gauge (0.00s)
    --- PASS: TestRoundTripMetricVersion2/multi (0.00s)
    --- PASS: TestRoundTripMetricVersion2/histogram (0.00s)
    --- PASS: TestRoundTripMetricVersion2/summary (0.00s)
PASS
ok  	github.com/influxdata/telegraf/plugins/outputs/prometheus_client	1.363s
?   	github.com/influxdata/telegraf/plugins/outputs/prometheus_client/v1	[no test files]
?   	github.com/influxdata/telegraf/plugins/outputs/prometheus_client/v2	[no test files]
=== RUN   TestMissingTopic
--- PASS: TestMissingTopic (0.00s)
=== RUN   TestMissingWorkspace
--- PASS: TestMissingWorkspace (0.00s)
=== RUN   TestMissingToken
--- PASS: TestMissingToken (0.00s)
=== RUN   TestDefaultURL
--- PASS: TestDefaultURL (0.00s)
=== RUN   TestFetchingConfig
--- PASS: TestFetchingConfig (0.00s)
=== RUN   TestConnectAndWriteIntegration
--- FAIL: TestConnectAndWriteIntegration (0.00s)
panic: check host "unix:///var/run/docker.sock": docker info: Cannot connect to the Docker daemon at unix:///var/run/docker.sock. Is the docker daemon running?
	check host "unix:///Users/frederikmoschner/.docker/run/docker.sock": docker info: Cannot connect to the Docker daemon at unix:///Users/frederikmoschner/.docker/run/docker.sock. Is the docker daemon running? [recovered]
	panic: check host "unix:///var/run/docker.sock": docker info: Cannot connect to the Docker daemon at unix:///var/run/docker.sock. Is the docker daemon running?
	check host "unix:///Users/frederikmoschner/.docker/run/docker.sock": docker info: Cannot connect to the Docker daemon at unix:///Users/frederikmoschner/.docker/run/docker.sock. Is the docker daemon running?

goroutine 37 [running]:
testing.tRunner.func1.2({0x10134ffe0, 0x14000122258})
	/opt/homebrew/Cellar/go/1.24.0/libexec/src/testing/testing.go:1734 +0x1ac
testing.tRunner.func1()
	/opt/homebrew/Cellar/go/1.24.0/libexec/src/testing/testing.go:1737 +0x334
panic({0x10134ffe0?, 0x14000122258?})
	/opt/homebrew/Cellar/go/1.24.0/libexec/src/runtime/panic.go:787 +0x124
github.com/testcontainers/testcontainers-go/internal/core.MustExtractDockerHost.func1()
	/Users/frederikmoschner/go/pkg/mod/github.com/testcontainers/testcontainers-go@v0.34.0/internal/core/docker_host.go:91 +0x70
sync.(*Once).doSlow(0x7473055205280000?, 0x2540be400?)
	/opt/homebrew/Cellar/go/1.24.0/libexec/src/sync/once.go:78 +0xf0
sync.(*Once).Do(...)
	/opt/homebrew/Cellar/go/1.24.0/libexec/src/sync/once.go:69
github.com/testcontainers/testcontainers-go/internal/core.MustExtractDockerHost({0x101497be8?, 0x101a45440?})
	/Users/frederikmoschner/go/pkg/mod/github.com/testcontainers/testcontainers-go@v0.34.0/internal/core/docker_host.go:88 +0x54
github.com/testcontainers/testcontainers-go/internal/core.NewClient({0x101497be8, 0x101a45440}, {0x0, 0x0, 0x12386674556b6365?})
	/Users/frederikmoschner/go/pkg/mod/github.com/testcontainers/testcontainers-go@v0.34.0/internal/core/client.go:17 +0x9c
github.com/testcontainers/testcontainers-go.NewDockerClientWithOpts({0x101497be8, 0x101a45440}, {0x0, 0x0, 0x0})
	/Users/frederikmoschner/go/pkg/mod/github.com/testcontainers/testcontainers-go@v0.34.0/docker_client.go:117 +0x4c
github.com/testcontainers/testcontainers-go.NewDockerProvider({0x140001380c0, 0x2, 0x1010e21e1?})
	/Users/frederikmoschner/go/pkg/mod/github.com/testcontainers/testcontainers-go@v0.34.0/provider.go:143 +0xf0
github.com/testcontainers/testcontainers-go.ProviderType.GetProvider(0x0, {0x140004e6ec8, 0x1, 0x0?})
	/Users/frederikmoschner/go/pkg/mod/github.com/testcontainers/testcontainers-go@v0.34.0/provider.go:114 +0x380
github.com/testcontainers/testcontainers-go.GenericContainer({_, _}, {{{{0x0, 0x0}, {0x0, 0x0}, {0x0, 0x0}, {0x0, 0x0}, ...}, ...}, ...})
	/Users/frederikmoschner/go/pkg/mod/github.com/testcontainers/testcontainers-go@v0.34.0/generic.go:59 +0xf0
github.com/testcontainers/testcontainers-go/modules/kafka.Run({0x101497be8, 0x101a45440}, {0x1010f84a2, 0x22}, {0x0, 0x0, 0x0?})
	/Users/frederikmoschner/go/pkg/mod/github.com/testcontainers/testcontainers-go/modules/kafka@v0.34.0/kafka.go:109 +0x6f0
github.com/influxdata/telegraf/plugins/outputs/quix.TestConnectAndWriteIntegration(0x14000504540)
	/Users/frederikmoschner/Documents/plugin_erweiterung/telegraf/plugins/outputs/quix/quix_test.go:115 +0xb8
testing.tRunner(0x14000504540, 0x101488060)
	/opt/homebrew/Cellar/go/1.24.0/libexec/src/testing/testing.go:1792 +0xe4
created by testing.(*T).Run in goroutine 1
	/opt/homebrew/Cellar/go/1.24.0/libexec/src/testing/testing.go:1851 +0x374
FAIL	github.com/influxdata/telegraf/plugins/outputs/quix	1.833s
=== RUN   TestConnectAndWriteIntegration
--- FAIL: TestConnectAndWriteIntegration (0.00s)
panic: check host "unix:///var/run/docker.sock": docker info: Cannot connect to the Docker daemon at unix:///var/run/docker.sock. Is the docker daemon running?
	check host "unix:///Users/frederikmoschner/.docker/run/docker.sock": docker info: Cannot connect to the Docker daemon at unix:///Users/frederikmoschner/.docker/run/docker.sock. Is the docker daemon running? [recovered]
	panic: check host "unix:///var/run/docker.sock": docker info: Cannot connect to the Docker daemon at unix:///var/run/docker.sock. Is the docker daemon running?
	check host "unix:///Users/frederikmoschner/.docker/run/docker.sock": docker info: Cannot connect to the Docker daemon at unix:///Users/frederikmoschner/.docker/run/docker.sock. Is the docker daemon running?

goroutine 22 [running]:
testing.tRunner.func1.2({0x100ff9580, 0x1400000e360})
	/opt/homebrew/Cellar/go/1.24.0/libexec/src/testing/testing.go:1734 +0x1ac
testing.tRunner.func1()
	/opt/homebrew/Cellar/go/1.24.0/libexec/src/testing/testing.go:1737 +0x334
panic({0x100ff9580?, 0x1400000e360?})
	/opt/homebrew/Cellar/go/1.24.0/libexec/src/runtime/panic.go:787 +0x124
github.com/testcontainers/testcontainers-go/internal/core.MustExtractDockerHost.func1()
	/Users/frederikmoschner/go/pkg/mod/github.com/testcontainers/testcontainers-go@v0.34.0/internal/core/docker_host.go:91 +0x70
sync.(*Once).doSlow(0x1418687361680000?, 0x2540be400?)
	/opt/homebrew/Cellar/go/1.24.0/libexec/src/sync/once.go:78 +0xf0
sync.(*Once).Do(...)
	/opt/homebrew/Cellar/go/1.24.0/libexec/src/sync/once.go:69
github.com/testcontainers/testcontainers-go/internal/core.MustExtractDockerHost({0x10115c658?, 0x10171eb60?})
	/Users/frederikmoschner/go/pkg/mod/github.com/testcontainers/testcontainers-go@v0.34.0/internal/core/docker_host.go:88 +0x54
github.com/testcontainers/testcontainers-go/internal/core.NewClient({0x10115c658, 0x10171eb60}, {0x0, 0x0, 0x74704f64657400d4?})
	/Users/frederikmoschner/go/pkg/mod/github.com/testcontainers/testcontainers-go@v0.34.0/internal/core/client.go:17 +0x9c
github.com/testcontainers/testcontainers-go.NewDockerClientWithOpts({0x10115c658, 0x10171eb60}, {0x0, 0x0, 0x0})
	/Users/frederikmoschner/go/pkg/mod/github.com/testcontainers/testcontainers-go@v0.34.0/docker_client.go:117 +0x4c
github.com/testcontainers/testcontainers-go.NewDockerProvider({0x14000090340, 0x2, 0x100d8cb63?})
	/Users/frederikmoschner/go/pkg/mod/github.com/testcontainers/testcontainers-go@v0.34.0/provider.go:143 +0xf0
github.com/testcontainers/testcontainers-go.ProviderType.GetProvider(0x0, {0x1400024b1d8, 0x1, 0x105b9000105b3?})
	/Users/frederikmoschner/go/pkg/mod/github.com/testcontainers/testcontainers-go@v0.34.0/provider.go:114 +0x380
github.com/testcontainers/testcontainers-go.GenericContainer({_, _}, {{{{0x0, 0x0}, {0x0, 0x0}, {0x0, 0x0}, {0x0, 0x0}, ...}, ...}, ...})
	/Users/frederikmoschner/go/pkg/mod/github.com/testcontainers/testcontainers-go@v0.34.0/generic.go:59 +0xf0
github.com/influxdata/telegraf/testutil.(*Container).Start(0x14000000120)
	/Users/frederikmoschner/Documents/plugin_erweiterung/telegraf/testutil/container.go:76 +0x2d8
github.com/influxdata/telegraf/plugins/outputs/redistimeseries.TestConnectAndWriteIntegration(0x140001a88c0)
	/Users/frederikmoschner/Documents/plugin_erweiterung/telegraf/plugins/outputs/redistimeseries/redistimeseries_test.go:34 +0x188
testing.tRunner(0x140001a88c0, 0x10114dca8)
	/opt/homebrew/Cellar/go/1.24.0/libexec/src/testing/testing.go:1792 +0xe4
created by testing.(*T).Run in goroutine 1
	/opt/homebrew/Cellar/go/1.24.0/libexec/src/testing/testing.go:1851 +0x374
FAIL	github.com/influxdata/telegraf/plugins/outputs/redistimeseries	2.205s
=== RUN   TestStaticFileCreation
--- PASS: TestStaticFileCreation (0.17s)
=== RUN   TestStaticFileAppend
--- PASS: TestStaticFileAppend (0.16s)
=== RUN   TestDynamicFiles
--- PASS: TestDynamicFiles (0.38s)
=== RUN   TestCustomTemplateFunctions
--- PASS: TestCustomTemplateFunctions (0.18s)
=== RUN   TestCSVSerialization
--- PASS: TestCSVSerialization (0.16s)
=== RUN   TestForgettingFiles
--- PASS: TestForgettingFiles (0.27s)
=== RUN   TestTrackingMetrics
--- PASS: TestTrackingMetrics (0.31s)
PASS
ok  	github.com/influxdata/telegraf/plugins/outputs/remotefile	2.348s
=== RUN   TestAttributes
--- PASS: TestAttributes (0.00s)
=== RUN   TestService
--- PASS: TestService (0.00s)
=== RUN   TestTags
--- PASS: TestTags (0.00s)
=== RUN   TestMetricEvents
--- PASS: TestMetricEvents (0.00s)
=== RUN   TestStateEvents
--- PASS: TestStateEvents (0.00s)
PASS
ok  	github.com/influxdata/telegraf/plugins/outputs/riemann	1.526s
=== RUN   TestResolveEventEndpointUrl
=== RUN   TestResolveEventEndpointUrl/agent_event_endpoint
=== RUN   TestResolveEventEndpointUrl/backend_event_endpoint_with_default_namespace
=== RUN   TestResolveEventEndpointUrl/backend_event_endpoint_with_namespace_declared
=== RUN   TestResolveEventEndpointUrl/agent_event_endpoint_due_to_empty_AgentAPIURL
--- PASS: TestResolveEventEndpointUrl (0.00s)
    --- PASS: TestResolveEventEndpointUrl/agent_event_endpoint (0.00s)
    --- PASS: TestResolveEventEndpointUrl/backend_event_endpoint_with_default_namespace (0.00s)
    --- PASS: TestResolveEventEndpointUrl/backend_event_endpoint_with_namespace_declared (0.00s)
    --- PASS: TestResolveEventEndpointUrl/agent_event_endpoint_due_to_empty_AgentAPIURL (0.00s)
=== RUN   TestConnectAndWrite
=== RUN   TestConnectAndWrite/connect
=== RUN   TestConnectAndWrite/write
--- PASS: TestConnectAndWrite (0.00s)
    --- PASS: TestConnectAndWrite/connect (0.00s)
    --- PASS: TestConnectAndWrite/write (0.00s)
=== RUN   TestGetFloat
=== RUN   TestGetFloat/getfloat_with_float64
=== RUN   TestGetFloat/getfloat_with_float32
=== RUN   TestGetFloat/getfloat_with_int64
=== RUN   TestGetFloat/getfloat_with_int32
=== RUN   TestGetFloat/getfloat_with_int
=== RUN   TestGetFloat/getfloat_with_uint64
=== RUN   TestGetFloat/getfloat_with_uint32
=== RUN   TestGetFloat/getfloat_with_uint
=== RUN   TestGetFloat/getfloat_NaN_special_case
--- PASS: TestGetFloat (0.00s)
    --- PASS: TestGetFloat/getfloat_with_float64 (0.00s)
    --- PASS: TestGetFloat/getfloat_with_float32 (0.00s)
    --- PASS: TestGetFloat/getfloat_with_int64 (0.00s)
    --- PASS: TestGetFloat/getfloat_with_int32 (0.00s)
    --- PASS: TestGetFloat/getfloat_with_int (0.00s)
    --- PASS: TestGetFloat/getfloat_with_uint64 (0.00s)
    --- PASS: TestGetFloat/getfloat_with_uint32 (0.00s)
    --- PASS: TestGetFloat/getfloat_with_uint (0.00s)
    --- PASS: TestGetFloat/getfloat_NaN_special_case (0.00s)
PASS
ok  	github.com/influxdata/telegraf/plugins/outputs/sensu	0.663s
=== RUN   TestSignalFx_SignalFx
=== RUN   TestSignalFx_SignalFx/add_datapoints_of_all_types
=== RUN   TestSignalFx_SignalFx/add_events_of_all_types
=== RUN   TestSignalFx_SignalFx/exclude_events_by_default
=== RUN   TestSignalFx_SignalFx/add_datapoint_with_field_named_value
=== RUN   TestSignalFx_SignalFx/add_event
=== RUN   TestSignalFx_SignalFx/exclude_events_that_are_not_explicitly_included
=== RUN   TestSignalFx_SignalFx/malformed_metadata_event
--- PASS: TestSignalFx_SignalFx (0.16s)
    --- PASS: TestSignalFx_SignalFx/add_datapoints_of_all_types (0.02s)
    --- PASS: TestSignalFx_SignalFx/add_events_of_all_types (0.02s)
    --- PASS: TestSignalFx_SignalFx/exclude_events_by_default (0.02s)
    --- PASS: TestSignalFx_SignalFx/add_datapoint_with_field_named_value (0.02s)
    --- PASS: TestSignalFx_SignalFx/add_event (0.02s)
    --- PASS: TestSignalFx_SignalFx/exclude_events_that_are_not_explicitly_included (0.02s)
    --- PASS: TestSignalFx_SignalFx/malformed_metadata_event (0.02s)
=== RUN   TestSignalFx_Errors
=== RUN   TestSignalFx_Errors/add_datapoints_of_all_types
=== RUN   TestSignalFx_Errors/add_events_of_all_types
--- PASS: TestSignalFx_Errors (0.00s)
    --- PASS: TestSignalFx_Errors/add_datapoints_of_all_types (0.00s)
    --- PASS: TestSignalFx_Errors/add_events_of_all_types (0.00s)
=== RUN   TestGetMetricName
=== RUN   TestGetMetricName/fields_that_equal_value_should_not_be_append_to_metricname
=== RUN   TestGetMetricName/fields_other_than_'value'_with_out_sf_metric_dim_should_return_measurement.fieldname_as_metric_name
--- PASS: TestGetMetricName (0.00s)
    --- PASS: TestGetMetricName/fields_that_equal_value_should_not_be_append_to_metricname (0.00s)
    --- PASS: TestGetMetricName/fields_other_than_'value'_with_out_sf_metric_dim_should_return_measurement.fieldname_as_metric_name (0.00s)
PASS
ok  	github.com/influxdata/telegraf/plugins/outputs/signalfx	1.319s
=== RUN   TestSocketWriter_tcp
--- PASS: TestSocketWriter_tcp (0.00s)
=== RUN   TestSocketWriter_udp
--- PASS: TestSocketWriter_udp (0.00s)
=== RUN   TestSocketWriter_unix
--- PASS: TestSocketWriter_unix (0.00s)
=== RUN   TestSocketWriter_unixgram
--- PASS: TestSocketWriter_unixgram (0.00s)
=== RUN   TestSocketWriter_Write_err
--- PASS: TestSocketWriter_Write_err (0.00s)
=== RUN   TestSocketWriter_Write_reconnect
--- PASS: TestSocketWriter_Write_reconnect (0.00s)
=== RUN   TestSocketWriter_udp_gzip
--- PASS: TestSocketWriter_udp_gzip (0.00s)
PASS
ok  	github.com/influxdata/telegraf/plugins/outputs/socket_writer	0.923s
=== RUN   TestSqlQuoteIntegration
--- PASS: TestSqlQuoteIntegration (0.00s)
=== RUN   TestSqlCreateStatementIntegration
--- PASS: TestSqlCreateStatementIntegration (0.00s)
=== RUN   TestSqlInsertStatementIntegration
--- PASS: TestSqlInsertStatementIntegration (0.00s)
=== RUN   TestMysqlIntegration
--- FAIL: TestMysqlIntegration (0.00s)
panic: check host "unix:///var/run/docker.sock": docker info: Cannot connect to the Docker daemon at unix:///var/run/docker.sock. Is the docker daemon running?
	check host "unix:///Users/frederikmoschner/.docker/run/docker.sock": docker info: Cannot connect to the Docker daemon at unix:///Users/frederikmoschner/.docker/run/docker.sock. Is the docker daemon running? [recovered]
	panic: check host "unix:///var/run/docker.sock": docker info: Cannot connect to the Docker daemon at unix:///var/run/docker.sock. Is the docker daemon running?
	check host "unix:///Users/frederikmoschner/.docker/run/docker.sock": docker info: Cannot connect to the Docker daemon at unix:///Users/frederikmoschner/.docker/run/docker.sock. Is the docker daemon running?

goroutine 13 [running]:
testing.tRunner.func1.2({0x1058fc8e0, 0x1400071cbd0})
	/opt/homebrew/Cellar/go/1.24.0/libexec/src/testing/testing.go:1734 +0x1ac
testing.tRunner.func1()
	/opt/homebrew/Cellar/go/1.24.0/libexec/src/testing/testing.go:1737 +0x334
panic({0x1058fc8e0?, 0x1400071cbd0?})
	/opt/homebrew/Cellar/go/1.24.0/libexec/src/runtime/panic.go:787 +0x124
github.com/testcontainers/testcontainers-go/internal/core.MustExtractDockerHost.func1()
	/Users/frederikmoschner/go/pkg/mod/github.com/testcontainers/testcontainers-go@v0.34.0/internal/core/docker_host.go:91 +0x70
sync.(*Once).doSlow(0x0?, 0x2540be400?)
	/opt/homebrew/Cellar/go/1.24.0/libexec/src/sync/once.go:78 +0xf0
sync.(*Once).Do(...)
	/opt/homebrew/Cellar/go/1.24.0/libexec/src/sync/once.go:69
github.com/testcontainers/testcontainers-go/internal/core.MustExtractDockerHost({0x105b3c7a8?, 0x1068e7880?})
	/Users/frederikmoschner/go/pkg/mod/github.com/testcontainers/testcontainers-go@v0.34.0/internal/core/docker_host.go:88 +0x54
github.com/testcontainers/testcontainers-go/internal/core.NewClient({0x105b3c7a8, 0x1068e7880}, {0x0, 0x0, 0x0?})
	/Users/frederikmoschner/go/pkg/mod/github.com/testcontainers/testcontainers-go@v0.34.0/internal/core/client.go:17 +0x9c
github.com/testcontainers/testcontainers-go.NewDockerClientWithOpts({0x105b3c7a8, 0x1068e7880}, {0x0, 0x0, 0x0})
	/Users/frederikmoschner/go/pkg/mod/github.com/testcontainers/testcontainers-go@v0.34.0/docker_client.go:117 +0x4c
github.com/testcontainers/testcontainers-go.NewDockerProvider({0x14000685260, 0x2, 0x1053bfab1?})
	/Users/frederikmoschner/go/pkg/mod/github.com/testcontainers/testcontainers-go@v0.34.0/provider.go:143 +0xf0
github.com/testcontainers/testcontainers-go.ProviderType.GetProvider(0x0, {0x14000749128, 0x1, 0x0?})
	/Users/frederikmoschner/go/pkg/mod/github.com/testcontainers/testcontainers-go@v0.34.0/provider.go:114 +0x380
github.com/testcontainers/testcontainers-go.GenericContainer({_, _}, {{{{0x0, 0x0}, {0x0, 0x0}, {0x0, 0x0}, {0x0, 0x0}, ...}, ...}, ...})
	/Users/frederikmoschner/go/pkg/mod/github.com/testcontainers/testcontainers-go@v0.34.0/generic.go:59 +0xf0
github.com/influxdata/telegraf/testutil.(*Container).Start(0x140001b1680)
	/Users/frederikmoschner/Documents/plugin_erweiterung/telegraf/testutil/container.go:76 +0x2d8
github.com/influxdata/telegraf/plugins/outputs/sql.TestMysqlIntegration(0x1400078a540)
	/Users/frederikmoschner/Documents/plugin_erweiterung/telegraf/plugins/outputs/sql/sql_test.go:191 +0x3c8
testing.tRunner(0x1400078a540, 0x105b19040)
	/opt/homebrew/Cellar/go/1.24.0/libexec/src/testing/testing.go:1792 +0xe4
created by testing.(*T).Run in goroutine 1
	/opt/homebrew/Cellar/go/1.24.0/libexec/src/testing/testing.go:1851 +0x374
FAIL	github.com/influxdata/telegraf/plugins/outputs/sql	0.828s
=== RUN   TestCreateCounterCacheEntry
--- PASS: TestCreateCounterCacheEntry (0.00s)
=== RUN   TestUpdateCounterCacheEntry
--- PASS: TestUpdateCounterCacheEntry (0.00s)
=== RUN   TestCounterCounterCacheEntryReset
--- PASS: TestCounterCounterCacheEntryReset (0.00s)
=== RUN   TestCounterCacheDayRollover
--- PASS: TestCounterCacheDayRollover (0.00s)
=== RUN   TestWrite
--- PASS: TestWrite (0.00s)
=== RUN   TestWriteResourceTypeAndLabels
--- PASS: TestWriteResourceTypeAndLabels (0.00s)
=== RUN   TestWriteTagsAsResourceLabels
--- PASS: TestWriteTagsAsResourceLabels (0.00s)
=== RUN   TestWriteMetricTypesOfficial
--- PASS: TestWriteMetricTypesOfficial (0.00s)
=== RUN   TestWriteMetricTypesPath
--- PASS: TestWriteMetricTypesPath (0.00s)
=== RUN   TestWriteAscendingTime
--- PASS: TestWriteAscendingTime (0.00s)
=== RUN   TestWriteBatchable
--- PASS: TestWriteBatchable (0.00s)
=== RUN   TestWriteIgnoredErrors
=== RUN   TestWriteIgnoredErrors/other_errors_reported
2025-02-19T20:38:04Z E! [] Unable to write to Stackdriver: rpc error: code = Unknown desc = unknown
=== RUN   TestWriteIgnoredErrors/invalid_argument
2025-02-19T20:38:04Z W! [] Unable to write to Stackdriver - dropping metrics: rpc error: code = InvalidArgument desc = invalid argument
--- PASS: TestWriteIgnoredErrors (0.00s)
    --- PASS: TestWriteIgnoredErrors/other_errors_reported (0.00s)
    --- PASS: TestWriteIgnoredErrors/invalid_argument (0.00s)
=== RUN   TestGetStackdriverLabels
2025-02-19T20:38:04Z W! [] Removing tag "xpfqacltlmpguimhtjlou2qlmf9uqqwk3teajwlwqkoxtsppbnjksaxvzc1aa973pho9m96gfnl5op8ku7sv93rexyx42qe3zty12ityv" key exceeds string length for label key [100]
2025-02-19T20:38:04Z W! [] Removing tag "valuequota" value exceeds string length for label value [1024]
--- PASS: TestGetStackdriverLabels (0.00s)
=== RUN   TestGetStackdriverIntervalEndpoints
--- PASS: TestGetStackdriverIntervalEndpoints (0.00s)
=== RUN   TestStackdriverTypedValuesSource
=== RUN   TestStackdriverTypedValuesSource/float
=== RUN   TestStackdriverTypedValuesSource/int64
=== RUN   TestStackdriverTypedValuesSource/uint
--- PASS: TestStackdriverTypedValuesSource (0.00s)
    --- PASS: TestStackdriverTypedValuesSource/float (0.00s)
    --- PASS: TestStackdriverTypedValuesSource/int64 (0.00s)
    --- PASS: TestStackdriverTypedValuesSource/uint (0.00s)
=== RUN   TestStackdriverTypedValuesInt64
=== RUN   TestStackdriverTypedValuesInt64/int
=== RUN   TestStackdriverTypedValuesInt64/float
=== RUN   TestStackdriverTypedValuesInt64/int64
=== RUN   TestStackdriverTypedValuesInt64/uint
=== RUN   TestStackdriverTypedValuesInt64/numeric_string
--- PASS: TestStackdriverTypedValuesInt64 (0.00s)
    --- PASS: TestStackdriverTypedValuesInt64/int (0.00s)
    --- PASS: TestStackdriverTypedValuesInt64/float (0.00s)
    --- PASS: TestStackdriverTypedValuesInt64/int64 (0.00s)
    --- PASS: TestStackdriverTypedValuesInt64/uint (0.00s)
    --- PASS: TestStackdriverTypedValuesInt64/numeric_string (0.00s)
=== RUN   TestStackdriverMetricNamePath
--- PASS: TestStackdriverMetricNamePath (0.00s)
=== RUN   TestStackdriverMetricNameOfficial
=== RUN   TestStackdriverMetricNameOfficial/gauge
=== RUN   TestStackdriverMetricNameOfficial/untyped
=== RUN   TestStackdriverMetricNameOfficial/histogram
=== RUN   TestStackdriverMetricNameOfficial/counter
=== RUN   TestStackdriverMetricNameOfficial/summary
--- PASS: TestStackdriverMetricNameOfficial (0.00s)
    --- PASS: TestStackdriverMetricNameOfficial/gauge (0.00s)
    --- PASS: TestStackdriverMetricNameOfficial/untyped (0.00s)
    --- PASS: TestStackdriverMetricNameOfficial/histogram (0.00s)
    --- PASS: TestStackdriverMetricNameOfficial/counter (0.00s)
    --- PASS: TestStackdriverMetricNameOfficial/summary (0.00s)
=== RUN   TestGenerateHistogramName
=== RUN   TestGenerateHistogramName/path
=== RUN   TestGenerateHistogramName/path_with_namespace
=== RUN   TestGenerateHistogramName/path_with_namespace+prefix
=== RUN   TestGenerateHistogramName/official
=== RUN   TestGenerateHistogramName/official_with_namespace
=== RUN   TestGenerateHistogramName/official_with_prefix+namespace
--- PASS: TestGenerateHistogramName (0.00s)
    --- PASS: TestGenerateHistogramName/path (0.00s)
    --- PASS: TestGenerateHistogramName/path_with_namespace (0.00s)
    --- PASS: TestGenerateHistogramName/path_with_namespace+prefix (0.00s)
    --- PASS: TestGenerateHistogramName/official (0.00s)
    --- PASS: TestGenerateHistogramName/official_with_namespace (0.00s)
    --- PASS: TestGenerateHistogramName/official_with_prefix+namespace (0.00s)
=== RUN   TestBuildHistogram
--- PASS: TestBuildHistogram (0.00s)
=== RUN   TestStackdriverValueInvalid
--- PASS: TestStackdriverValueInvalid (0.00s)
=== RUN   TestStackdriverMetricNameInvalid
--- PASS: TestStackdriverMetricNameInvalid (0.00s)
PASS
ok  	github.com/influxdata/telegraf/plugins/outputs/stackdriver	1.084s
=== RUN   TestConnectAndWrite
--- FAIL: TestConnectAndWrite (0.00s)
panic: check host "unix:///var/run/docker.sock": docker info: Cannot connect to the Docker daemon at unix:///var/run/docker.sock. Is the docker daemon running?
	check host "unix:///Users/frederikmoschner/.docker/run/docker.sock": docker info: Cannot connect to the Docker daemon at unix:///Users/frederikmoschner/.docker/run/docker.sock. Is the docker daemon running? [recovered]
	panic: check host "unix:///var/run/docker.sock": docker info: Cannot connect to the Docker daemon at unix:///var/run/docker.sock. Is the docker daemon running?
	check host "unix:///Users/frederikmoschner/.docker/run/docker.sock": docker info: Cannot connect to the Docker daemon at unix:///Users/frederikmoschner/.docker/run/docker.sock. Is the docker daemon running?

goroutine 6 [running]:
testing.tRunner.func1.2({0x1056aab60, 0x140001da270})
	/opt/homebrew/Cellar/go/1.24.0/libexec/src/testing/testing.go:1734 +0x1ac
testing.tRunner.func1()
	/opt/homebrew/Cellar/go/1.24.0/libexec/src/testing/testing.go:1737 +0x334
panic({0x1056aab60?, 0x140001da270?})
	/opt/homebrew/Cellar/go/1.24.0/libexec/src/runtime/panic.go:787 +0x124
github.com/testcontainers/testcontainers-go/internal/core.MustExtractDockerHost.func1()
	/Users/frederikmoschner/go/pkg/mod/github.com/testcontainers/testcontainers-go@v0.34.0/internal/core/docker_host.go:91 +0x70
sync.(*Once).doSlow(0x0?, 0x2540be400?)
	/opt/homebrew/Cellar/go/1.24.0/libexec/src/sync/once.go:78 +0xf0
sync.(*Once).Do(...)
	/opt/homebrew/Cellar/go/1.24.0/libexec/src/sync/once.go:69
github.com/testcontainers/testcontainers-go/internal/core.MustExtractDockerHost({0x1057b7f58?, 0x105c7b6c0?})
	/Users/frederikmoschner/go/pkg/mod/github.com/testcontainers/testcontainers-go@v0.34.0/internal/core/docker_host.go:88 +0x54
github.com/testcontainers/testcontainers-go/internal/core.NewClient({0x1057b7f58, 0x105c7b6c0}, {0x0, 0x0, 0x656c676f6f672e1b?})
	/Users/frederikmoschner/go/pkg/mod/github.com/testcontainers/testcontainers-go@v0.34.0/internal/core/client.go:17 +0x9c
github.com/testcontainers/testcontainers-go.NewDockerClientWithOpts({0x1057b7f58, 0x105c7b6c0}, {0x0, 0x0, 0x0})
	/Users/frederikmoschner/go/pkg/mod/github.com/testcontainers/testcontainers-go@v0.34.0/docker_client.go:117 +0x4c
github.com/testcontainers/testcontainers-go.NewDockerProvider({0x14000322240, 0x2, 0x10548ed26?})
	/Users/frederikmoschner/go/pkg/mod/github.com/testcontainers/testcontainers-go@v0.34.0/provider.go:143 +0xf0
github.com/testcontainers/testcontainers-go.ProviderType.GetProvider(0x0, {0x140000ad178, 0x1, 0x0?})
	/Users/frederikmoschner/go/pkg/mod/github.com/testcontainers/testcontainers-go@v0.34.0/provider.go:114 +0x380
github.com/testcontainers/testcontainers-go.GenericContainer({_, _}, {{{{0x0, 0x0}, {0x0, 0x0}, {0x0, 0x0}, {0x0, 0x0}, ...}, ...}, ...})
	/Users/frederikmoschner/go/pkg/mod/github.com/testcontainers/testcontainers-go@v0.34.0/generic.go:59 +0xf0
github.com/influxdata/telegraf/testutil.(*Container).Start(0x14000000120)
	/Users/frederikmoschner/Documents/plugin_erweiterung/telegraf/testutil/container.go:76 +0x2d8
github.com/influxdata/telegraf/plugins/outputs/stomp.TestConnectAndWrite(0x14000482a80)
	/Users/frederikmoschner/Documents/plugin_erweiterung/telegraf/plugins/outputs/stomp/stomp_test.go:28 +0x188
testing.tRunner(0x14000482a80, 0x1057aa8c0)
	/opt/homebrew/Cellar/go/1.24.0/libexec/src/testing/testing.go:1792 +0xe4
created by testing.(*T).Run in goroutine 1
	/opt/homebrew/Cellar/go/1.24.0/libexec/src/testing/testing.go:1851 +0x374
FAIL	github.com/influxdata/telegraf/plugins/outputs/stomp	1.362s
=== RUN   TestMethod
=== RUN   TestMethod/default_method_is_POST
--- PASS: TestMethod (0.00s)
    --- PASS: TestMethod/default_method_is_POST (0.00s)
=== RUN   TestStatusCode
=== RUN   TestStatusCode/success
=== RUN   TestStatusCode/1xx_status_is_an_error
=== RUN   TestStatusCode/3xx_status_is_an_error
=== RUN   TestStatusCode/4xx_status_is_an_error
--- PASS: TestStatusCode (0.00s)
    --- PASS: TestStatusCode/success (0.00s)
    --- PASS: TestStatusCode/1xx_status_is_an_error (0.00s)
    --- PASS: TestStatusCode/3xx_status_is_an_error (0.00s)
    --- PASS: TestStatusCode/4xx_status_is_an_error (0.00s)
=== RUN   TestContentType
=== RUN   TestContentType/carbon2_(data_format_=_field_separate)_is_supported
=== RUN   TestContentType/carbon2_(data_format_=_metric_includes_field)_is_supported
=== RUN   TestContentType/graphite_is_supported
=== RUN   TestContentType/prometheus_is_supported
--- PASS: TestContentType (0.02s)
    --- PASS: TestContentType/carbon2_(data_format_=_field_separate)_is_supported (0.00s)
    --- PASS: TestContentType/carbon2_(data_format_=_metric_includes_field)_is_supported (0.00s)
    --- PASS: TestContentType/graphite_is_supported (0.01s)
    --- PASS: TestContentType/prometheus_is_supported (0.00s)
=== RUN   TestContentEncodingGzip
=== RUN   TestContentEncodingGzip/default_content_encoding=gzip_works
--- PASS: TestContentEncodingGzip (0.00s)
    --- PASS: TestContentEncodingGzip/default_content_encoding=gzip_works (0.00s)
=== RUN   TestDefaultUserAgent
=== RUN   TestDefaultUserAgent/default-user-agent
--- PASS: TestDefaultUserAgent (0.00s)
    --- PASS: TestDefaultUserAgent/default-user-agent (0.00s)
=== RUN   TestTOMLConfig
=== RUN   TestTOMLConfig/carbon2_content_type_is_supported
=== RUN   TestTOMLConfig/graphite_content_type_is_supported
=== RUN   TestTOMLConfig/prometheus_content_type_is_supported
=== RUN   TestTOMLConfig/setting_extra_headers_is_not_possible
=== RUN   TestTOMLConfig/full_example_from_sample_config_is_correct
=== RUN   TestTOMLConfig/unknown_key_-_sumo_metadata_-_in_config_fails
--- PASS: TestTOMLConfig (0.00s)
    --- PASS: TestTOMLConfig/carbon2_content_type_is_supported (0.00s)
    --- PASS: TestTOMLConfig/graphite_content_type_is_supported (0.00s)
    --- PASS: TestTOMLConfig/prometheus_content_type_is_supported (0.00s)
    --- PASS: TestTOMLConfig/setting_extra_headers_is_not_possible (0.00s)
    --- PASS: TestTOMLConfig/full_example_from_sample_config_is_correct (0.00s)
    --- PASS: TestTOMLConfig/unknown_key_-_sumo_metadata_-_in_config_fails (0.00s)
=== RUN   TestMaxRequestBodySize
=== RUN   TestMaxRequestBodySize/default_max_request_body_size_is_1MB_and_doesn't_split_small_enough_metric_slices
=== RUN   TestMaxRequestBodySize/default_max_request_body_size_is_1MB_and_doesn't_split_small_even_medium_sized_metrics
=== RUN   TestMaxRequestBodySize/when_short_by_at_least_1B_the_request_is_split
=== RUN   TestMaxRequestBodySize/max_request_body_size_properly_splits_requests_-_max_10_000
=== RUN   TestMaxRequestBodySize/max_request_body_size_properly_splits_requests_-_max_5_000
=== RUN   TestMaxRequestBodySize/max_request_body_size_properly_splits_requests_-_max_2_500
=== RUN   TestMaxRequestBodySize/max_request_body_size_properly_splits_requests_-_max_1_000
=== RUN   TestMaxRequestBodySize/max_request_body_size_properly_splits_requests_-_max_500
=== RUN   TestMaxRequestBodySize/max_request_body_size_properly_splits_requests_-_max_300
2025-02-19T20:38:05Z W! [] max_request_body_size set to 300 which is too small even for a single metric (len: 433), sending without split
2025-02-19T20:38:05Z W! [] max_request_body_size set to 300 which is too small even for a single metric (len: 433), sending without split
2025-02-19T20:38:05Z W! [] max_request_body_size set to 300 which is too small even for a single metric (len: 433), sending without split
2025-02-19T20:38:05Z W! [] max_request_body_size set to 300 which is too small even for a single metric (len: 433), sending without split
2025-02-19T20:38:05Z W! [] max_request_body_size set to 300 which is too small even for a single metric (len: 433), sending without split
2025-02-19T20:38:05Z W! [] max_request_body_size set to 300 which is too small even for a single metric (len: 433), sending without split
2025-02-19T20:38:05Z W! [] max_request_body_size set to 300 which is too small even for a single metric (len: 433), sending without split
2025-02-19T20:38:05Z W! [] max_request_body_size set to 300 which is too small even for a single metric (len: 433), sending without split
2025-02-19T20:38:05Z W! [] max_request_body_size set to 300 which is too small even for a single metric (len: 433), sending without split
2025-02-19T20:38:05Z W! [] max_request_body_size set to 300 which is too small even for a single metric (len: 433), sending without split
2025-02-19T20:38:05Z W! [] max_request_body_size set to 300 which is too small even for a single metric (len: 438), sending without split
2025-02-19T20:38:05Z W! [] max_request_body_size set to 300 which is too small even for a single metric (len: 438), sending without split
2025-02-19T20:38:05Z W! [] max_request_body_size set to 300 which is too small even for a single metric (len: 438), sending without split
2025-02-19T20:38:05Z W! [] max_request_body_size set to 300 which is too small even for a single metric (len: 438), sending without split
2025-02-19T20:38:05Z W! [] max_request_body_size set to 300 which is too small even for a single metric (len: 438), sending without split
2025-02-19T20:38:05Z W! [] max_request_body_size set to 300 which is too small even for a single metric (len: 438), sending without split
2025-02-19T20:38:05Z W! [] max_request_body_size set to 300 which is too small even for a single metric (len: 438), sending without split
2025-02-19T20:38:05Z W! [] max_request_body_size set to 300 which is too small even for a single metric (len: 438), sending without split
2025-02-19T20:38:05Z W! [] max_request_body_size set to 300 which is too small even for a single metric (len: 438), sending without split
2025-02-19T20:38:05Z W! [] max_request_body_size set to 300 which is too small even for a single metric (len: 438), sending without split
2025-02-19T20:38:05Z W! [] max_request_body_size set to 300 which is too small even for a single metric (len: 438), sending without split
2025-02-19T20:38:05Z W! [] max_request_body_size set to 300 which is too small even for a single metric (len: 438), sending without split
2025-02-19T20:38:05Z W! [] max_request_body_size set to 300 which is too small even for a single metric (len: 438), sending without split
2025-02-19T20:38:05Z W! [] max_request_body_size set to 300 which is too small even for a single metric (len: 438), sending without split
2025-02-19T20:38:05Z W! [] max_request_body_size set to 300 which is too small even for a single metric (len: 438), sending without split
2025-02-19T20:38:05Z W! [] max_request_body_size set to 300 which is too small even for a single metric (len: 438), sending without split
2025-02-19T20:38:05Z W! [] max_request_body_size set to 300 which is too small even for a single metric (len: 438), sending without split
2025-02-19T20:38:05Z W! [] max_request_body_size set to 300 which is too small even for a single metric (len: 438), sending without split
2025-02-19T20:38:05Z W! [] max_request_body_size set to 300 which is too small even for a single metric (len: 438), sending without split
2025-02-19T20:38:05Z W! [] max_request_body_size set to 300 which is too small even for a single metric (len: 438), sending without split
2025-02-19T20:38:05Z W! [] max_request_body_size set to 300 which is too small even for a single metric (len: 438), sending without split
2025-02-19T20:38:05Z W! [] max_request_body_size set to 300 which is too small even for a single metric (len: 438), sending without split
2025-02-19T20:38:05Z W! [] max_request_body_size set to 300 which is too small even for a single metric (len: 438), sending without split
2025-02-19T20:38:05Z W! [] max_request_body_size set to 300 which is too small even for a single metric (len: 438), sending without split
2025-02-19T20:38:05Z W! [] max_request_body_size set to 300 which is too small even for a single metric (len: 438), sending without split
2025-02-19T20:38:05Z W! [] max_request_body_size set to 300 which is too small even for a single metric (len: 438), sending without split
2025-02-19T20:38:05Z W! [] max_request_body_size set to 300 which is too small even for a single metric (len: 438), sending without split
2025-02-19T20:38:05Z W! [] max_request_body_size set to 300 which is too small even for a single metric (len: 438), sending without split
2025-02-19T20:38:05Z W! [] max_request_body_size set to 300 which is too small even for a single metric (len: 438), sending without split
2025-02-19T20:38:05Z W! [] max_request_body_size set to 300 which is too small even for a single metric (len: 438), sending without split
2025-02-19T20:38:05Z W! [] max_request_body_size set to 300 which is too small even for a single metric (len: 438), sending without split
2025-02-19T20:38:05Z W! [] max_request_body_size set to 300 which is too small even for a single metric (len: 438), sending without split
2025-02-19T20:38:05Z W! [] max_request_body_size set to 300 which is too small even for a single metric (len: 438), sending without split
2025-02-19T20:38:05Z W! [] max_request_body_size set to 300 which is too small even for a single metric (len: 438), sending without split
2025-02-19T20:38:05Z W! [] max_request_body_size set to 300 which is too small even for a single metric (len: 438), sending without split
2025-02-19T20:38:05Z W! [] max_request_body_size set to 300 which is too small even for a single metric (len: 438), sending without split
2025-02-19T20:38:05Z W! [] max_request_body_size set to 300 which is too small even for a single metric (len: 438), sending without split
2025-02-19T20:38:05Z W! [] max_request_body_size set to 300 which is too small even for a single metric (len: 438), sending without split
2025-02-19T20:38:05Z W! [] max_request_body_size set to 300 which is too small even for a single metric (len: 438), sending without split
2025-02-19T20:38:05Z W! [] max_request_body_size set to 300 which is too small even for a single metric (len: 438), sending without split
2025-02-19T20:38:05Z W! [] max_request_body_size set to 300 which is too small even for a single metric (len: 438), sending without split
2025-02-19T20:38:05Z W! [] max_request_body_size set to 300 which is too small even for a single metric (len: 438), sending without split
2025-02-19T20:38:05Z W! [] max_request_body_size set to 300 which is too small even for a single metric (len: 438), sending without split
2025-02-19T20:38:05Z W! [] max_request_body_size set to 300 which is too small even for a single metric (len: 438), sending without split
2025-02-19T20:38:05Z W! [] max_request_body_size set to 300 which is too small even for a single metric (len: 438), sending without split
2025-02-19T20:38:05Z W! [] max_request_body_size set to 300 which is too small even for a single metric (len: 438), sending without split
2025-02-19T20:38:05Z W! [] max_request_body_size set to 300 which is too small even for a single metric (len: 438), sending without split
2025-02-19T20:38:05Z W! [] max_request_body_size set to 300 which is too small even for a single metric (len: 438), sending without split
2025-02-19T20:38:05Z W! [] max_request_body_size set to 300 which is too small even for a single metric (len: 438), sending without split
2025-02-19T20:38:05Z W! [] max_request_body_size set to 300 which is too small even for a single metric (len: 438), sending without split
2025-02-19T20:38:05Z W! [] max_request_body_size set to 300 which is too small even for a single metric (len: 438), sending without split
2025-02-19T20:38:05Z W! [] max_request_body_size set to 300 which is too small even for a single metric (len: 438), sending without split
2025-02-19T20:38:05Z W! [] max_request_body_size set to 300 which is too small even for a single metric (len: 438), sending without split
2025-02-19T20:38:05Z W! [] max_request_body_size set to 300 which is too small even for a single metric (len: 438), sending without split
2025-02-19T20:38:05Z W! [] max_request_body_size set to 300 which is too small even for a single metric (len: 438), sending without split
2025-02-19T20:38:05Z W! [] max_request_body_size set to 300 which is too small even for a single metric (len: 438), sending without split
2025-02-19T20:38:05Z W! [] max_request_body_size set to 300 which is too small even for a single metric (len: 438), sending without split
2025-02-19T20:38:05Z W! [] max_request_body_size set to 300 which is too small even for a single metric (len: 438), sending without split
2025-02-19T20:38:05Z W! [] max_request_body_size set to 300 which is too small even for a single metric (len: 438), sending without split
2025-02-19T20:38:05Z W! [] max_request_body_size set to 300 which is too small even for a single metric (len: 438), sending without split
2025-02-19T20:38:05Z W! [] max_request_body_size set to 300 which is too small even for a single metric (len: 438), sending without split
2025-02-19T20:38:05Z W! [] max_request_body_size set to 300 which is too small even for a single metric (len: 438), sending without split
2025-02-19T20:38:05Z W! [] max_request_body_size set to 300 which is too small even for a single metric (len: 438), sending without split
2025-02-19T20:38:05Z W! [] max_request_body_size set to 300 which is too small even for a single metric (len: 438), sending without split
2025-02-19T20:38:05Z W! [] max_request_body_size set to 300 which is too small even for a single metric (len: 438), sending without split
2025-02-19T20:38:05Z W! [] max_request_body_size set to 300 which is too small even for a single metric (len: 438), sending without split
2025-02-19T20:38:05Z W! [] max_request_body_size set to 300 which is too small even for a single metric (len: 438), sending without split
2025-02-19T20:38:05Z W! [] max_request_body_size set to 300 which is too small even for a single metric (len: 438), sending without split
2025-02-19T20:38:05Z W! [] max_request_body_size set to 300 which is too small even for a single metric (len: 438), sending without split
2025-02-19T20:38:05Z W! [] max_request_body_size set to 300 which is too small even for a single metric (len: 438), sending without split
2025-02-19T20:38:05Z W! [] max_request_body_size set to 300 which is too small even for a single metric (len: 438), sending without split
2025-02-19T20:38:05Z W! [] max_request_body_size set to 300 which is too small even for a single metric (len: 438), sending without split
2025-02-19T20:38:05Z W! [] max_request_body_size set to 300 which is too small even for a single metric (len: 438), sending without split
2025-02-19T20:38:05Z W! [] max_request_body_size set to 300 which is too small even for a single metric (len: 438), sending without split
2025-02-19T20:38:05Z W! [] max_request_body_size set to 300 which is too small even for a single metric (len: 438), sending without split
2025-02-19T20:38:05Z W! [] max_request_body_size set to 300 which is too small even for a single metric (len: 438), sending without split
2025-02-19T20:38:05Z W! [] max_request_body_size set to 300 which is too small even for a single metric (len: 438), sending without split
2025-02-19T20:38:05Z W! [] max_request_body_size set to 300 which is too small even for a single metric (len: 438), sending without split
2025-02-19T20:38:05Z W! [] max_request_body_size set to 300 which is too small even for a single metric (len: 438), sending without split
2025-02-19T20:38:05Z W! [] max_request_body_size set to 300 which is too small even for a single metric (len: 438), sending without split
2025-02-19T20:38:05Z W! [] max_request_body_size set to 300 which is too small even for a single metric (len: 438), sending without split
2025-02-19T20:38:05Z W! [] max_request_body_size set to 300 which is too small even for a single metric (len: 438), sending without split
2025-02-19T20:38:05Z W! [] max_request_body_size set to 300 which is too small even for a single metric (len: 438), sending without split
2025-02-19T20:38:05Z W! [] max_request_body_size set to 300 which is too small even for a single metric (len: 438), sending without split
2025-02-19T20:38:05Z W! [] max_request_body_size set to 300 which is too small even for a single metric (len: 438), sending without split
2025-02-19T20:38:05Z W! [] max_request_body_size set to 300 which is too small even for a single metric (len: 438), sending without split
2025-02-19T20:38:05Z W! [] max_request_body_size set to 300 which is too small even for a single metric (len: 438), sending without split
2025-02-19T20:38:05Z W! [] max_request_body_size set to 300 which is too small even for a single metric (len: 438), sending without split
2025-02-19T20:38:05Z W! [] max_request_body_size set to 300 which is too small even for a single metric (len: 438), sending without split
2025-02-19T20:38:05Z W! [] max_request_body_size set to 300 which is too small even for a single metric (len: 438), sending without split
--- PASS: TestMaxRequestBodySize (0.16s)
    --- PASS: TestMaxRequestBodySize/default_max_request_body_size_is_1MB_and_doesn't_split_small_enough_metric_slices (0.00s)
    --- PASS: TestMaxRequestBodySize/default_max_request_body_size_is_1MB_and_doesn't_split_small_even_medium_sized_metrics (0.00s)
    --- PASS: TestMaxRequestBodySize/when_short_by_at_least_1B_the_request_is_split (0.00s)
    --- PASS: TestMaxRequestBodySize/max_request_body_size_properly_splits_requests_-_max_10_000 (0.00s)
    --- PASS: TestMaxRequestBodySize/max_request_body_size_properly_splits_requests_-_max_5_000 (0.01s)
    --- PASS: TestMaxRequestBodySize/max_request_body_size_properly_splits_requests_-_max_2_500 (0.01s)
    --- PASS: TestMaxRequestBodySize/max_request_body_size_properly_splits_requests_-_max_1_000 (0.03s)
    --- PASS: TestMaxRequestBodySize/max_request_body_size_properly_splits_requests_-_max_500 (0.05s)
    --- PASS: TestMaxRequestBodySize/max_request_body_size_properly_splits_requests_-_max_300 (0.04s)
=== RUN   TestTryingToSendEmptyMetricsDoesntFail
--- PASS: TestTryingToSendEmptyMetricsDoesntFail (0.00s)
PASS
ok  	github.com/influxdata/telegraf/plugins/outputs/sumologic	1.799s
=== RUN   TestSyslogMapperWithDefaults
--- PASS: TestSyslogMapperWithDefaults (0.00s)
=== RUN   TestSyslogMapperWithHostname
--- PASS: TestSyslogMapperWithHostname (0.00s)
=== RUN   TestSyslogMapperWithHostnameSourceFallback
--- PASS: TestSyslogMapperWithHostnameSourceFallback (0.00s)
=== RUN   TestSyslogMapperWithHostnameHostFallback
--- PASS: TestSyslogMapperWithHostnameHostFallback (0.00s)
=== RUN   TestSyslogMapperWithDefaultSdid
--- PASS: TestSyslogMapperWithDefaultSdid (0.00s)
=== RUN   TestSyslogMapperWithDefaultSdidAndOtherSdids
--- PASS: TestSyslogMapperWithDefaultSdidAndOtherSdids (0.00s)
=== RUN   TestSyslogMapperWithNoSdids
--- PASS: TestSyslogMapperWithNoSdids (0.00s)
=== RUN   TestGetSyslogMessageWithFramingOctetCounting
--- PASS: TestGetSyslogMessageWithFramingOctetCounting (0.00s)
=== RUN   TestGetSyslogMessageWithFramingNonTransparent
--- PASS: TestGetSyslogMessageWithFramingNonTransparent (0.00s)
=== RUN   TestGetSyslogMessageWithFramingNonTransparentNul
--- PASS: TestGetSyslogMessageWithFramingNonTransparentNul (0.00s)
=== RUN   TestSyslogWriteWithTcp
--- PASS: TestSyslogWriteWithTcp (0.00s)
=== RUN   TestSyslogWriteWithUdp
--- PASS: TestSyslogWriteWithUdp (0.00s)
=== RUN   TestSyslogWriteErr
--- PASS: TestSyslogWriteErr (0.00s)
=== RUN   TestSyslogWriteReconnect
--- PASS: TestSyslogWriteReconnect (0.00s)
=== RUN   TestStartupErrorBehaviorDefault
--- PASS: TestStartupErrorBehaviorDefault (0.00s)
=== RUN   TestStartupErrorBehaviorError
--- PASS: TestStartupErrorBehaviorError (0.00s)
=== RUN   TestStartupErrorBehaviorIgnore
--- PASS: TestStartupErrorBehaviorIgnore (0.00s)
=== RUN   TestStartupErrorBehaviorRetry
2025-02-19T20:38:05Z I! [outputs.syslog] Connect failed: dial tcp 127.0.0.1:52755: connect: connection refused; retrying...
--- PASS: TestStartupErrorBehaviorRetry (0.00s)
=== RUN   TestCases
=== RUN   TestCases/issue_16012
2025-02-19T20:38:05Z I! Loading config: testcases/issue_16012/telegraf.conf
--- PASS: TestCases (0.10s)
    --- PASS: TestCases/issue_16012 (0.10s)
PASS
ok  	github.com/influxdata/telegraf/plugins/outputs/syslog	1.987s
=== RUN   TestGetTimestreamTime
--- PASS: TestGetTimestreamTime (0.00s)
=== RUN   TestPartitionRecords
--- PASS: TestPartitionRecords (0.00s)
=== RUN   TestConvertValueSupported
--- PASS: TestConvertValueSupported (0.00s)
=== RUN   TestConvertValueUnsupported
--- PASS: TestConvertValueUnsupported (0.00s)
=== RUN   TestConnectValidatesConfigParameters
2025/02/19 21:38:05 I! [] Constructing Timestream client for "multi-table" mode
2025/02/19 21:38:05 I! [] Constructing Timestream client for "single-table" mode
2025/02/19 21:38:05 I! [] Constructing Timestream client for "multi-table" mode
2025/02/19 21:38:05 I! [] Constructing Timestream client for "single-table" mode
2025/02/19 21:38:05 I! [] Constructing Timestream client for "multi-table" mode
2025/02/19 21:38:05 I! [] Constructing Timestream client for "multi-table" mode
2025/02/19 21:38:05 I! [] Describing database "testDb" in region ""
2025/02/19 21:38:05 E! [] Couldn't describe database "testDb". Check error, fix permissions, connectivity, create database.
--- PASS: TestConnectValidatesConfigParameters (0.00s)
=== RUN   TestWriteMultiMeasuresSingleTableMode
2025/02/19 21:38:05 I! [] Constructing Timestream client for "single-table" mode
2025/02/19 21:38:05 I! [] ##WriteToTimestream - Metrics size: 101 request size: 2 time(ms): 0
--- PASS: TestWriteMultiMeasuresSingleTableMode (0.00s)
=== RUN   TestWriteMultiMeasuresMultiTableMode
2025/02/19 21:38:05 I! [] Constructing Timestream client for "multi-table" mode
Input multi_measure_name map[tag1:value1] map[value_supported11:10 value_supported21:20] 1257890401000000000
config-multi-measure-name
2025/02/19 21:38:05 I! [] ##WriteToTimestream - Metrics size: 100 request size: 1 time(ms): 0
--- PASS: TestWriteMultiMeasuresMultiTableMode (0.00s)
=== RUN   TestBuildMultiMeasuresInSingleAndMultiTableMode
2025/02/19 21:38:05 I! [] Constructing Timestream client for "multi-table" mode
2025/02/19 21:38:05 I! [] Constructing Timestream client for "single-table" mode
--- PASS: TestBuildMultiMeasuresInSingleAndMultiTableMode (0.00s)
=== RUN   TestThrottlingErrorIsReturnedToTelegraf
2025/02/19 21:38:05 I! [] Constructing Timestream client for "multi-table" mode
2025/02/19 21:38:05 I! [] ##WriteToTimestream - Metrics size: 1 request size: 1 time(ms): 0
--- PASS: TestThrottlingErrorIsReturnedToTelegraf (0.00s)
=== RUN   TestRejectedRecordsErrorResultsInMetricsBeingSkipped
2025/02/19 21:38:05 I! [] Constructing Timestream client for "multi-table" mode
2025/02/19 21:38:05 E! [] Failed to write to Timestream database "testDb" table "metricName1": RejectedRecordsException: RejectedRecords Test. Skipping metric!
2025/02/19 21:38:05 I! [] ##WriteToTimestream - Metrics size: 1 request size: 1 time(ms): 0
--- PASS: TestRejectedRecordsErrorResultsInMetricsBeingSkipped (0.00s)
=== RUN   TestWriteWhenRequestsGreaterThanMaxWriteGoRoutinesCount
    timestream_test.go:609: Skipping test due to data race, will be re-visited
--- SKIP: TestWriteWhenRequestsGreaterThanMaxWriteGoRoutinesCount (0.00s)
=== RUN   TestWriteWhenRequestsLesserThanMaxWriteGoRoutinesCount
    timestream_test.go:648: Skipping test due to data race, will be re-visited
--- SKIP: TestWriteWhenRequestsLesserThanMaxWriteGoRoutinesCount (0.00s)
=== RUN   TestTransformMetricsSkipEmptyMetric
--- PASS: TestTransformMetricsSkipEmptyMetric (0.00s)
=== RUN   TestTransformMetricsRequestsAboveLimitAreSplit
--- PASS: TestTransformMetricsRequestsAboveLimitAreSplit (0.00s)
=== RUN   TestTransformMetricsRequestsAboveLimitAreSplitSingleTable
--- PASS: TestTransformMetricsRequestsAboveLimitAreSplitSingleTable (0.00s)
=== RUN   TestTransformMetricsDifferentDimensionsSameTimestampsAreWrittenSeparate
--- PASS: TestTransformMetricsDifferentDimensionsSameTimestampsAreWrittenSeparate (0.00s)
=== RUN   TestTransformMetricsSameDimensionsDifferentDimensionValuesAreWrittenSeparate
--- PASS: TestTransformMetricsSameDimensionsDifferentDimensionValuesAreWrittenSeparate (0.00s)
=== RUN   TestTransformMetricsSameDimensionsDifferentTimestampsAreWrittenSeparate
--- PASS: TestTransformMetricsSameDimensionsDifferentTimestampsAreWrittenSeparate (0.00s)
=== RUN   TestTransformMetricsSameDimensionsSameTimestampsAreWrittenTogether
--- PASS: TestTransformMetricsSameDimensionsSameTimestampsAreWrittenTogether (0.00s)
=== RUN   TestTransformMetricsDifferentMetricsAreWrittenToDifferentTablesInMultiTableMapping
--- PASS: TestTransformMetricsDifferentMetricsAreWrittenToDifferentTablesInMultiTableMapping (0.00s)
=== RUN   TestTransformMetricsUnsupportedFieldsAreSkipped
--- PASS: TestTransformMetricsUnsupportedFieldsAreSkipped (0.00s)
=== RUN   TestCustomEndpoint
2025/02/19 21:38:05 I! [] Constructing Timestream client for "multi-table" mode
--- PASS: TestCustomEndpoint (0.00s)
PASS
ok  	github.com/influxdata/telegraf/plugins/outputs/timestream	2.080s
=== RUN   TestWriteWarp10
--- PASS: TestWriteWarp10 (0.00s)
=== RUN   TestWriteWarp10ValueNaN
--- PASS: TestWriteWarp10ValueNaN (0.00s)
=== RUN   TestWriteWarp10ValueInfinity
--- PASS: TestWriteWarp10ValueInfinity (0.00s)
=== RUN   TestWriteWarp10ValueMinusInfinity
--- PASS: TestWriteWarp10ValueMinusInfinity (0.00s)
=== RUN   TestWriteWarp10EncodedTags
--- PASS: TestWriteWarp10EncodedTags (0.00s)
=== RUN   TestHandleWarp10Error
--- PASS: TestHandleWarp10Error (0.00s)
PASS
ok  	github.com/influxdata/telegraf/plugins/outputs/warp10	2.044s
=== RUN   TestBuildMetrics
--- PASS: TestBuildMetrics (0.00s)
=== RUN   TestBuildMetricsStrict
--- PASS: TestBuildMetricsStrict (0.00s)
=== RUN   TestBuildMetricsWithSimpleFields
--- PASS: TestBuildMetricsWithSimpleFields (0.00s)
=== RUN   TestBuildTags
--- PASS: TestBuildTags (0.00s)
=== RUN   TestBuildTagsWithSource
--- PASS: TestBuildTagsWithSource (0.00s)
=== RUN   TestBuildValue
--- PASS: TestBuildValue (0.00s)
=== RUN   TestBuildValueString
--- PASS: TestBuildValueString (0.00s)
=== RUN   TestTagLimits
2025-02-19T20:38:06Z W! [] Tag key length > 254. Skipping tag: xxxxxxxxxxxxxxxxxxxxxxxxxxxxxxxxxxxxxxxxxxxxxxxxxxxxxxxxxxxxxxxxxxxxxxxxxxxxxxxxxxxxxxxxxxxxxxxxxxxxxxxxxxxxxxxxxxxxxxxxxxxxxxxxxxxxxxxxxxxxxxxxxxxxxxxxxxxxxxxxxxxxxxxxxxxxxxxxxxxxxxxxxxxxxxxxxxxxxxxxxxxxxxxxxxxxxxxxxxxxxxxxxxxxxxxxxxxxxxxxxxxxxxxxxxxxxxx
--- PASS: TestTagLimits (0.00s)
=== RUN   TestParseConnectionUrlReturnsAnErrorForInvalidUrls
--- PASS: TestParseConnectionUrlReturnsAnErrorForInvalidUrls (0.00s)
=== RUN   TestParseConnectionUrlReturnsAllowsTokensInUrl
--- PASS: TestParseConnectionUrlReturnsAllowsTokensInUrl (0.00s)
=== RUN   TestParseConnectionUrlUsesHostAndPortWhenUrlIsOmitted
2025-02-19T20:38:06Z W! [] translating host/port into url: http://surf.wavefront.com:8080
--- PASS: TestParseConnectionUrlUsesHostAndPortWhenUrlIsOmitted (0.00s)
=== RUN   TestDefaults
--- PASS: TestDefaults (0.00s)
=== RUN   TestMakeAuthOptions
--- PASS: TestMakeAuthOptions (0.00s)
PASS
ok  	github.com/influxdata/telegraf/plugins/outputs/wavefront	2.053s
=== RUN   TestWebSocket_NoURL
--- PASS: TestWebSocket_NoURL (0.00s)
=== RUN   TestWebSocket_Connect_Timeout
--- PASS: TestWebSocket_Connect_Timeout (0.01s)
=== RUN   TestWebSocket_Connect_OK
--- PASS: TestWebSocket_Connect_OK (0.00s)
=== RUN   TestWebSocket_ConnectTLS_OK
--- PASS: TestWebSocket_ConnectTLS_OK (0.01s)
=== RUN   TestWebSocket_Write_OK
--- PASS: TestWebSocket_Write_OK (0.00s)
=== RUN   TestWebSocket_Write_Error
--- PASS: TestWebSocket_Write_Error (0.00s)
=== RUN   TestWebSocket_Write_Reconnect
2025-02-19T20:38:06Z E! [] error setting read deadline: set tcp 127.0.0.1:52770: use of closed network connection
2025-02-19T20:38:06Z E! [] error setting read deadline: set tcp 127.0.0.1:52772: use of closed network connection
--- PASS: TestWebSocket_Write_Reconnect (0.00s)
=== RUN   TestWebSocket_Close
--- PASS: TestWebSocket_Close (0.01s)
PASS
2025-02-19T20:38:06Z E! [] error setting read deadline: set tcp 127.0.0.1:52775: use of closed network connection
ok  	github.com/influxdata/telegraf/plugins/outputs/websocket	2.056s
=== RUN   TestWrite
=== RUN   TestWrite/metric_is_converted_to_json_value
2025-02-19T20:38:06Z I! [] Getting folder ID in http://127.0.0.1:52777/folder
2025-02-19T20:38:06Z I! http: superfluous response.WriteHeader call from github.com/influxdata/telegraf/plugins/outputs/yandex_cloud_monitoring.TestWrite.func2 (yandex_cloud_monitoring_test.go:47)
2025-02-19T20:38:06Z I! [] Writing to Yandex.Cloud Monitoring URL: http://127.0.0.1:52778/metrics
2025-02-19T20:38:06Z I! http: superfluous response.WriteHeader call from github.com/influxdata/telegraf/plugins/outputs/yandex_cloud_monitoring.TestWrite.func2 (yandex_cloud_monitoring_test.go:47)
=== RUN   TestWrite/int64_metric_is_converted_to_json_value
2025-02-19T20:38:06Z I! [] Getting folder ID in http://127.0.0.1:52777/folder
2025-02-19T20:38:06Z I! http: superfluous response.WriteHeader call from github.com/influxdata/telegraf/plugins/outputs/yandex_cloud_monitoring.TestWrite.func2 (yandex_cloud_monitoring_test.go:47)
2025-02-19T20:38:06Z I! [] Writing to Yandex.Cloud Monitoring URL: http://127.0.0.1:52778/metrics
2025-02-19T20:38:06Z I! http: superfluous response.WriteHeader call from github.com/influxdata/telegraf/plugins/outputs/yandex_cloud_monitoring.TestWrite.func2 (yandex_cloud_monitoring_test.go:47)
=== RUN   TestWrite/int_metric_is_converted_to_json_value
2025-02-19T20:38:06Z I! [] Getting folder ID in http://127.0.0.1:52777/folder
2025-02-19T20:38:06Z I! http: superfluous response.WriteHeader call from github.com/influxdata/telegraf/plugins/outputs/yandex_cloud_monitoring.TestWrite.func2 (yandex_cloud_monitoring_test.go:47)
2025-02-19T20:38:06Z I! [] Writing to Yandex.Cloud Monitoring URL: http://127.0.0.1:52778/metrics
2025-02-19T20:38:06Z I! http: superfluous response.WriteHeader call from github.com/influxdata/telegraf/plugins/outputs/yandex_cloud_monitoring.TestWrite.func2 (yandex_cloud_monitoring_test.go:47)
--- PASS: TestWrite (0.02s)
    --- PASS: TestWrite/metric_is_converted_to_json_value (0.00s)
    --- PASS: TestWrite/int64_metric_is_converted_to_json_value (0.01s)
    --- PASS: TestWrite/int_metric_is_converted_to_json_value (0.00s)
PASS
ok  	github.com/influxdata/telegraf/plugins/outputs/yandex_cloud_monitoring	1.583s
=== RUN   TestZabbixAutoregisterDisabledAdd
--- PASS: TestZabbixAutoregisterDisabledAdd (0.00s)
=== RUN   TestZabbixAutoregisterEnabledAdd
--- PASS: TestZabbixAutoregisterEnabledAdd (0.00s)
=== RUN   TestZabbixAutoregisterPush
--- PASS: TestZabbixAutoregisterPush (0.00s)
=== RUN   TestAddAndPush
=== RUN   TestAddAndPush/simple_Add,_Push_and_check_generated_LLD_metric
=== RUN   TestAddAndPush/from_two_inputs,_one_stop_sending_metrics,_an_empty_LLD_is_sent_just_for_that_stopped_input
=== RUN   TestAddAndPush/different_hosts_sending_the_same_metric_should_generate_different_LLDs
=== RUN   TestAddAndPush/same_measurement_with_different_tags_should_generate_different_LLDs
=== RUN   TestAddAndPush/same_metric_with_different_tag_values
=== RUN   TestAddAndPush/after_lld_clear_interval,_already_seen_LLDs_could_be_resend
=== RUN   TestAddAndPush/clear_interval_does_not_interfere_with_the_send_of_empty_LLDs
=== RUN   TestAddAndPush/add_two_metrics,_Push_and_check_generated_LLD_metric
=== RUN   TestAddAndPush/same_metric_several_times,_with_different_tag_ordering,_generate_only_one_LLD
=== RUN   TestAddAndPush/one_metric_changes_the_value_of_the_tag,_it_should_send_the_new_value_and_not_send_and_empty_lld
=== RUN   TestAddAndPush/if_one_input_stop_sending_metrics,_an_empty_LLD_is_sent
=== RUN   TestAddAndPush/a_set_with_a_new_combination_of_tag_values_already_seen_should_generate_a_new_lld
=== RUN   TestAddAndPush/metric_without_extra_tags_does_not_generate_LLD_metric
=== RUN   TestAddAndPush/add_two_similar_metrics,_one_with_one_more_extra_tag
=== RUN   TestAddAndPush/same_metric_several_times_generate_only_one_LLD
=== RUN   TestAddAndPush/after_sending_correctly_an_LLD,_same_tag_values_does_not_generate_the_same_LLD
=== RUN   TestAddAndPush/same_host_and_metric_with_and_without_extra_tag
--- PASS: TestAddAndPush (0.01s)
    --- PASS: TestAddAndPush/simple_Add,_Push_and_check_generated_LLD_metric (0.01s)
    --- PASS: TestAddAndPush/from_two_inputs,_one_stop_sending_metrics,_an_empty_LLD_is_sent_just_for_that_stopped_input (0.00s)
    --- PASS: TestAddAndPush/different_hosts_sending_the_same_metric_should_generate_different_LLDs (0.00s)
    --- PASS: TestAddAndPush/same_measurement_with_different_tags_should_generate_different_LLDs (0.00s)
    --- PASS: TestAddAndPush/same_metric_with_different_tag_values (0.00s)
    --- PASS: TestAddAndPush/after_lld_clear_interval,_already_seen_LLDs_could_be_resend (0.00s)
    --- PASS: TestAddAndPush/clear_interval_does_not_interfere_with_the_send_of_empty_LLDs (0.00s)
    --- PASS: TestAddAndPush/add_two_metrics,_Push_and_check_generated_LLD_metric (0.00s)
    --- PASS: TestAddAndPush/same_metric_several_times,_with_different_tag_ordering,_generate_only_one_LLD (0.00s)
    --- PASS: TestAddAndPush/one_metric_changes_the_value_of_the_tag,_it_should_send_the_new_value_and_not_send_and_empty_lld (0.00s)
    --- PASS: TestAddAndPush/if_one_input_stop_sending_metrics,_an_empty_LLD_is_sent (0.00s)
    --- PASS: TestAddAndPush/a_set_with_a_new_combination_of_tag_values_already_seen_should_generate_a_new_lld (0.00s)
    --- PASS: TestAddAndPush/metric_without_extra_tags_does_not_generate_LLD_metric (0.00s)
    --- PASS: TestAddAndPush/add_two_similar_metrics,_one_with_one_more_extra_tag (0.00s)
    --- PASS: TestAddAndPush/same_metric_several_times_generate_only_one_LLD (0.00s)
    --- PASS: TestAddAndPush/after_sending_correctly_an_LLD,_same_tag_values_does_not_generate_the_same_LLD (0.00s)
    --- PASS: TestAddAndPush/same_host_and_metric_with_and_without_extra_tag (0.00s)
=== RUN   TestPush
=== RUN   TestPush/one_host_with_three_lld_with_one_set_of_values,_not_sorted
=== RUN   TestPush/two_host_with_the_same_lld_with_one_set_of_values
=== RUN   TestPush/ignore_generating_a_new_lld_if_it_was_sent_the_last_time
=== RUN   TestPush/send_an_empty_LLD_if_one_metric_has_stopped_being_sent
=== RUN   TestPush/an_empty_ReceivedData_does_not_generate_any_metric
=== RUN   TestPush/simple_one_host_with_one_lld_with_one_set_of_values
=== RUN   TestPush/one_host_with_one_lld_with_two_set_of_values
=== RUN   TestPush/one_host_with_one_lld_with_one_multiset_of_values
--- PASS: TestPush (0.00s)
    --- PASS: TestPush/one_host_with_three_lld_with_one_set_of_values,_not_sorted (0.00s)
    --- PASS: TestPush/two_host_with_the_same_lld_with_one_set_of_values (0.00s)
    --- PASS: TestPush/ignore_generating_a_new_lld_if_it_was_sent_the_last_time (0.00s)
    --- PASS: TestPush/send_an_empty_LLD_if_one_metric_has_stopped_being_sent (0.00s)
    --- PASS: TestPush/an_empty_ReceivedData_does_not_generate_any_metric (0.00s)
    --- PASS: TestPush/simple_one_host_with_one_lld_with_one_set_of_values (0.00s)
    --- PASS: TestPush/one_host_with_one_lld_with_two_set_of_values (0.00s)
    --- PASS: TestPush/one_host_with_one_lld_with_one_multiset_of_values (0.00s)
=== RUN   TestAdd
=== RUN   TestAdd/add_one_metric_with_one_tag_and_not_host_tag,_use_the_system_hostname
=== RUN   TestAdd/add_one_metric_with_one_extra_tag
=== RUN   TestAdd/same_metric_with_different_field_values_is_only_stored_once
=== RUN   TestAdd/for_the_same_measurement_and_tags,_the_different_combinations_of_tag_values_are_stored_under_the_same_key
=== RUN   TestAdd/same_measurement_and_tags_for_different_hosts_are_stored_in_different_keys
=== RUN   TestAdd/different_number_of_tags_for_the_same_measurement_are_stored_in_different_keys
=== RUN   TestAdd/metric_without_tags_is_ignored
=== RUN   TestAdd/metric_with_only_the_host_tag_is_not_used_for_LLD
--- PASS: TestAdd (0.00s)
    --- PASS: TestAdd/add_one_metric_with_one_tag_and_not_host_tag,_use_the_system_hostname (0.00s)
    --- PASS: TestAdd/add_one_metric_with_one_extra_tag (0.00s)
    --- PASS: TestAdd/same_metric_with_different_field_values_is_only_stored_once (0.00s)
    --- PASS: TestAdd/for_the_same_measurement_and_tags,_the_different_combinations_of_tag_values_are_stored_under_the_same_key (0.00s)
    --- PASS: TestAdd/same_measurement_and_tags_for_different_hosts_are_stored_in_different_keys (0.00s)
    --- PASS: TestAdd/different_number_of_tags_for_the_same_measurement_are_stored_in_different_keys (0.00s)
    --- PASS: TestAdd/metric_without_tags_is_ignored (0.00s)
    --- PASS: TestAdd/metric_with_only_the_host_tag_is_not_used_for_LLD (0.00s)
=== RUN   TestZabbix
=== RUN   TestZabbix/send_one_metric_with_two_extra_tags,_zabbix_parameters_should_be_alphabetically_ordered
=== RUN   TestZabbix/if_skip_measurement_prefix_is_configured,_zabbix_metrics_should_have_to_skip_that_prefix_in_the_key
=== RUN   TestZabbix/if_key_prefix_is_configured,_zabbix_metrics_should_have_that_prefix_in_the_key
=== RUN   TestZabbix/send_one_metric_with_one_field_and_no_extra_tags,_generates_one_zabbix_metric
=== RUN   TestZabbix/string_values_representing_a_float_number_should_be_sent_in_the_exact_same_format
=== RUN   TestZabbix/send_one_metric_with_one_string_field_and_no_extra_tags,_generates_one_zabbix_metric
=== RUN   TestZabbix/invalid_value_data_is_ignored_and_not_sent
=== RUN   TestZabbix/send_one_metric_with_extra_tags,_zabbix_metric_should_be_generated_with_a_parameter
=== RUN   TestZabbix/send_one_metric_with_two_fields_and_no_extra_tags,_generates_two_zabbix_metrics
=== RUN   TestZabbix/if_AgentActive_is_configured,_zabbix_metrics_should_be_sent_respecting_that_protocol
=== RUN   TestZabbix/metrics_should_be_time_sorted,_oldest_to_newest,_to_avoid_zabbix_doing_extra_work_when_generating_trends
=== RUN   TestZabbix/boolean_values_are_converted_to_1_(true)_or_0_(false)
=== RUN   TestZabbix/metrics_without_host_tag_use_the_system_hostname
=== RUN   TestZabbix/send_two_metrics_with_one_field_and_no_extra_tags,_generates_two_zabbix_metrics
=== RUN   TestZabbix/send_two_metrics_with_different_hostname,_generates_two_zabbix_metrics_for_different_hosts
--- PASS: TestZabbix (1.01s)
    --- PASS: TestZabbix/send_one_metric_with_two_extra_tags,_zabbix_parameters_should_be_alphabetically_ordered (0.00s)
    --- PASS: TestZabbix/if_skip_measurement_prefix_is_configured,_zabbix_metrics_should_have_to_skip_that_prefix_in_the_key (0.00s)
    --- PASS: TestZabbix/if_key_prefix_is_configured,_zabbix_metrics_should_have_that_prefix_in_the_key (0.00s)
    --- PASS: TestZabbix/send_one_metric_with_one_field_and_no_extra_tags,_generates_one_zabbix_metric (0.00s)
    --- PASS: TestZabbix/string_values_representing_a_float_number_should_be_sent_in_the_exact_same_format (0.00s)
    --- PASS: TestZabbix/send_one_metric_with_one_string_field_and_no_extra_tags,_generates_one_zabbix_metric (0.00s)
    --- PASS: TestZabbix/invalid_value_data_is_ignored_and_not_sent (1.00s)
    --- PASS: TestZabbix/send_one_metric_with_extra_tags,_zabbix_metric_should_be_generated_with_a_parameter (0.00s)
    --- PASS: TestZabbix/send_one_metric_with_two_fields_and_no_extra_tags,_generates_two_zabbix_metrics (0.00s)
    --- PASS: TestZabbix/if_AgentActive_is_configured,_zabbix_metrics_should_be_sent_respecting_that_protocol (0.00s)
    --- PASS: TestZabbix/metrics_should_be_time_sorted,_oldest_to_newest,_to_avoid_zabbix_doing_extra_work_when_generating_trends (0.00s)
    --- PASS: TestZabbix/boolean_values_are_converted_to_1_(true)_or_0_(false) (0.00s)
    --- PASS: TestZabbix/metrics_without_host_tag_use_the_system_hostname (0.00s)
    --- PASS: TestZabbix/send_two_metrics_with_one_field_and_no_extra_tags,_generates_two_zabbix_metrics (0.00s)
    --- PASS: TestZabbix/send_two_metrics_with_different_hostname,_generates_two_zabbix_metrics_for_different_hosts (0.00s)
=== RUN   TestLLD
--- PASS: TestLLD (0.00s)
=== RUN   TestAutoRegister
--- PASS: TestAutoRegister (0.00s)
=== RUN   TestBuildZabbixMetric
--- PASS: TestBuildZabbixMetric (0.00s)
=== RUN   TestGetHostname
=== RUN   TestGetHostname/metric_with_host_tag_changed
=== RUN   TestGetHostname/metric_with_no_host_tag
=== RUN   TestGetHostname/metric_with_host_tag
--- PASS: TestGetHostname (0.00s)
    --- PASS: TestGetHostname/metric_with_host_tag_changed (0.00s)
    --- PASS: TestGetHostname/metric_with_no_host_tag (0.00s)
    --- PASS: TestGetHostname/metric_with_host_tag (0.00s)
PASS
ok  	github.com/influxdata/telegraf/plugins/outputs/zabbix	2.535s
?   	github.com/influxdata/telegraf/plugins/parsers	[no test files]
?   	github.com/influxdata/telegraf/plugins/parsers/all	[no test files]
=== RUN   TestCases
=== RUN   TestCases/bad-timestamp-format
2025-02-19T20:38:07Z I! Loading config: testcases/bad-timestamp-format/telegraf.conf
=== RUN   TestCases/benchmark
2025-02-19T20:38:07Z I! Loading config: testcases/benchmark/telegraf.conf
=== RUN   TestCases/config-both
2025-02-19T20:38:07Z I! Loading config: testcases/config-both/telegraf.conf
=== RUN   TestCases/config-neither
2025-02-19T20:38:07Z I! Loading config: testcases/config-neither/telegraf.conf
=== RUN   TestCases/enum
2025-02-19T20:38:07Z I! Loading config: testcases/enum/telegraf.conf
=== RUN   TestCases/json-array
2025-02-19T20:38:07Z I! Loading config: testcases/json-array/telegraf.conf
=== RUN   TestCases/json-format
2025-02-19T20:38:07Z I! Loading config: testcases/json-format/telegraf.conf
=== RUN   TestCases/measurement_name_from_message
2025-02-19T20:38:07Z I! Loading config: testcases/measurement_name_from_message/telegraf.conf
=== RUN   TestCases/no-timestamp-format
2025-02-19T20:38:07Z I! Loading config: testcases/no-timestamp-format/telegraf.conf
=== RUN   TestCases/supplied_timestamp
2025-02-19T20:38:07Z I! Loading config: testcases/supplied_timestamp/telegraf.conf
=== RUN   TestCases/supplied_timestamp_fields_specified
2025-02-19T20:38:07Z I! Loading config: testcases/supplied_timestamp_fields_specified/telegraf.conf
=== RUN   TestCases/supplied_timestamp_fields_unspecified
2025-02-19T20:38:07Z I! Loading config: testcases/supplied_timestamp_fields_unspecified/telegraf.conf
=== RUN   TestCases/union
2025-02-19T20:38:07Z I! Loading config: testcases/union/telegraf.conf
=== RUN   TestCases/union-any
2025-02-19T20:38:07Z I! Loading config: testcases/union-any/telegraf.conf
=== RUN   TestCases/union-array
2025-02-19T20:38:07Z I! Loading config: testcases/union-array/telegraf.conf
=== RUN   TestCases/union-nullable
2025-02-19T20:38:07Z I! Loading config: testcases/union-nullable/telegraf.conf
=== RUN   TestCases/union-nullable-tag
2025-02-19T20:38:07Z I! Loading config: testcases/union-nullable-tag/telegraf.conf
--- PASS: TestCases (0.03s)
    --- PASS: TestCases/bad-timestamp-format (0.00s)
    --- PASS: TestCases/benchmark (0.00s)
    --- PASS: TestCases/config-both (0.00s)
    --- PASS: TestCases/config-neither (0.00s)
    --- PASS: TestCases/enum (0.00s)
    --- PASS: TestCases/json-array (0.00s)
    --- PASS: TestCases/json-format (0.00s)
    --- PASS: TestCases/measurement_name_from_message (0.00s)
    --- PASS: TestCases/no-timestamp-format (0.00s)
    --- PASS: TestCases/supplied_timestamp (0.00s)
    --- PASS: TestCases/supplied_timestamp_fields_specified (0.00s)
    --- PASS: TestCases/supplied_timestamp_fields_unspecified (0.00s)
    --- PASS: TestCases/union (0.00s)
    --- PASS: TestCases/union-any (0.00s)
    --- PASS: TestCases/union-array (0.00s)
    --- PASS: TestCases/union-nullable (0.00s)
    --- PASS: TestCases/union-nullable-tag (0.00s)
=== RUN   TestBenchmarkDataBinary
--- PASS: TestBenchmarkDataBinary (0.00s)
PASS
ok  	github.com/influxdata/telegraf/plugins/parsers/avro	0.641s
=== RUN   TestEntryExtract
--- PASS: TestEntryExtract (0.00s)
=== RUN   TestEntryConvertType
--- PASS: TestEntryConvertType (0.00s)
=== RUN   TestEntryConvertTimeType
--- PASS: TestEntryConvertTimeType (0.00s)
=== RUN   TestConvertNumericType
--- PASS: TestConvertNumericType (0.00s)
=== RUN   TestInitInvalid
=== RUN   TestInitInvalid/wrong_endianness
=== RUN   TestInitInvalid/empty_configuration
=== RUN   TestInitInvalid/no_metric_name
=== RUN   TestInitInvalid/no_field
=== RUN   TestInitInvalid/invalid_entry
=== RUN   TestInitInvalid/multiple_measurements
--- PASS: TestInitInvalid (0.00s)
    --- PASS: TestInitInvalid/wrong_endianness (0.00s)
    --- PASS: TestInitInvalid/empty_configuration (0.00s)
    --- PASS: TestInitInvalid/no_metric_name (0.00s)
    --- PASS: TestInitInvalid/no_field (0.00s)
    --- PASS: TestInitInvalid/invalid_entry (0.00s)
    --- PASS: TestInitInvalid/multiple_measurements (0.00s)
=== RUN   TestFilterInvalid
=== RUN   TestFilterInvalid/both_length_and_length-min
=== RUN   TestFilterInvalid/filter_too_long_length
=== RUN   TestFilterInvalid/filter_invalid_match
--- PASS: TestFilterInvalid (0.00s)
    --- PASS: TestFilterInvalid/both_length_and_length-min (0.00s)
    --- PASS: TestFilterInvalid/filter_too_long_length (0.00s)
    --- PASS: TestFilterInvalid/filter_invalid_match (0.00s)
=== RUN   TestFilterMatchInvalid
=== RUN   TestFilterMatchInvalid/filter_length_mismatch
--- PASS: TestFilterMatchInvalid (0.00s)
    --- PASS: TestFilterMatchInvalid/filter_length_mismatch (0.00s)
=== RUN   TestFilterNoMatch
=== RUN   TestFilterNoMatch/no_match_error
=== RUN   TestFilterNoMatch/no_match_allow
--- PASS: TestFilterNoMatch (0.00s)
    --- PASS: TestFilterNoMatch/no_match_error (0.00s)
    --- PASS: TestFilterNoMatch/no_match_allow (0.00s)
=== RUN   TestFilterNone
=== RUN   TestFilterNone/no_filter_(BE)
=== RUN   TestFilterNone/no_filter_(LE)
=== RUN   TestFilterNone/no_filter_(host)
=== RUN   TestFilterNone/empty_filter_(BE)
=== RUN   TestFilterNone/empty_filter_(LE)
=== RUN   TestFilterNone/empty_filter_(host)
--- PASS: TestFilterNone (0.00s)
    --- PASS: TestFilterNone/no_filter_(BE) (0.00s)
    --- PASS: TestFilterNone/no_filter_(LE) (0.00s)
    --- PASS: TestFilterNone/no_filter_(host) (0.00s)
    --- PASS: TestFilterNone/empty_filter_(BE) (0.00s)
    --- PASS: TestFilterNone/empty_filter_(LE) (0.00s)
    --- PASS: TestFilterNone/empty_filter_(host) (0.00s)
=== RUN   TestFilterLength
=== RUN   TestFilterLength/length_match
=== RUN   TestFilterLength/length_no_match_too_short
=== RUN   TestFilterLength/length_no_match_too_long
=== RUN   TestFilterLength/length_min_match
=== RUN   TestFilterLength/length_min_no_match_too_short
--- PASS: TestFilterLength (0.00s)
    --- PASS: TestFilterLength/length_match (0.00s)
    --- PASS: TestFilterLength/length_no_match_too_short (0.00s)
    --- PASS: TestFilterLength/length_no_match_too_long (0.00s)
    --- PASS: TestFilterLength/length_min_match (0.00s)
    --- PASS: TestFilterLength/length_min_no_match_too_short (0.00s)
=== RUN   TestFilterContent
=== RUN   TestFilterContent/first_byte
=== RUN   TestFilterContent/last_byte
=== RUN   TestFilterContent/none-byte_boundary_begin
=== RUN   TestFilterContent/none-byte_boundary_end
=== RUN   TestFilterContent/none-byte_boundary_end#01
=== RUN   TestFilterContent/multiple_elements
=== RUN   TestFilterContent/multiple_elements_and_length
=== RUN   TestFilterContent/multiple_elements_and_length-min
--- PASS: TestFilterContent (0.00s)
    --- PASS: TestFilterContent/first_byte (0.00s)
    --- PASS: TestFilterContent/last_byte (0.00s)
    --- PASS: TestFilterContent/none-byte_boundary_begin (0.00s)
    --- PASS: TestFilterContent/none-byte_boundary_end (0.00s)
    --- PASS: TestFilterContent/none-byte_boundary_end#01 (0.00s)
    --- PASS: TestFilterContent/multiple_elements (0.00s)
    --- PASS: TestFilterContent/multiple_elements_and_length (0.00s)
    --- PASS: TestFilterContent/multiple_elements_and_length-min (0.00s)
=== RUN   TestParseLineInvalid
=== RUN   TestParseLineInvalid/out-of-bounds_(be)
=== RUN   TestParseLineInvalid/out-of-bounds_(le)
=== RUN   TestParseLineInvalid/out-of-bounds_(host)
=== RUN   TestParseLineInvalid/multiple_matches_(be)
=== RUN   TestParseLineInvalid/multiple_matches_(le)
=== RUN   TestParseLineInvalid/multiple_matches_(host)
--- PASS: TestParseLineInvalid (0.00s)
    --- PASS: TestParseLineInvalid/out-of-bounds_(be) (0.00s)
    --- PASS: TestParseLineInvalid/out-of-bounds_(le) (0.00s)
    --- PASS: TestParseLineInvalid/out-of-bounds_(host) (0.00s)
    --- PASS: TestParseLineInvalid/multiple_matches_(be) (0.00s)
    --- PASS: TestParseLineInvalid/multiple_matches_(le) (0.00s)
    --- PASS: TestParseLineInvalid/multiple_matches_(host) (0.00s)
=== RUN   TestParseLine
=== RUN   TestParseLine/no_match_(be)
=== RUN   TestParseLine/no_match_(le)
=== RUN   TestParseLine/no_match_(host)
=== RUN   TestParseLine/single_match_(be)
=== RUN   TestParseLine/single_match_(le)
=== RUN   TestParseLine/single_match_(host)
--- PASS: TestParseLine (0.00s)
    --- PASS: TestParseLine/no_match_(be) (0.00s)
    --- PASS: TestParseLine/no_match_(le) (0.00s)
    --- PASS: TestParseLine/no_match_(host) (0.00s)
    --- PASS: TestParseLine/single_match_(be) (0.00s)
    --- PASS: TestParseLine/single_match_(le) (0.00s)
    --- PASS: TestParseLine/single_match_(host) (0.00s)
=== RUN   TestParseInvalid
=== RUN   TestParseInvalid/message_too_short_(be)
=== RUN   TestParseInvalid/message_too_short_(le)
=== RUN   TestParseInvalid/message_too_short_(host)
=== RUN   TestParseInvalid/non-terminated_string_(be)
=== RUN   TestParseInvalid/non-terminated_string_(le)
=== RUN   TestParseInvalid/non-terminated_string_(host)
=== RUN   TestParseInvalid/invalid_time_(be)
=== RUN   TestParseInvalid/invalid_time_(le)
=== RUN   TestParseInvalid/invalid_time_(host)
--- PASS: TestParseInvalid (0.00s)
    --- PASS: TestParseInvalid/message_too_short_(be) (0.00s)
    --- PASS: TestParseInvalid/message_too_short_(le) (0.00s)
    --- PASS: TestParseInvalid/message_too_short_(host) (0.00s)
    --- PASS: TestParseInvalid/non-terminated_string_(be) (0.00s)
    --- PASS: TestParseInvalid/non-terminated_string_(le) (0.00s)
    --- PASS: TestParseInvalid/non-terminated_string_(host) (0.00s)
    --- PASS: TestParseInvalid/invalid_time_(be) (0.00s)
    --- PASS: TestParseInvalid/invalid_time_(le) (0.00s)
    --- PASS: TestParseInvalid/invalid_time_(host) (0.00s)
=== RUN   TestParse
=== RUN   TestParse/fixed_numbers_(be)
=== RUN   TestParse/fixed_numbers_(le)
=== RUN   TestParse/fixed_numbers_(host)
=== RUN   TestParse/fixed_length_string_(be)
=== RUN   TestParse/fixed_length_string_(le)
=== RUN   TestParse/fixed_length_string_(host)
=== RUN   TestParse/null-terminated_string_(be)
=== RUN   TestParse/null-terminated_string_(le)
=== RUN   TestParse/null-terminated_string_(host)
=== RUN   TestParse/char-terminated_string_(be)
=== RUN   TestParse/char-terminated_string_(le)
=== RUN   TestParse/char-terminated_string_(host)
=== RUN   TestParse/time_(unix/UTC)_(be)
=== RUN   TestParse/time_(unix/UTC)_(le)
=== RUN   TestParse/time_(unix/UTC)_(host)
=== RUN   TestParse/time_(unix/Berlin)_(be)
=== RUN   TestParse/time_(unix/Berlin)_(le)
=== RUN   TestParse/time_(unix/Berlin)_(host)
=== RUN   TestParse/time_(unix_ms/UTC)_(be)
=== RUN   TestParse/time_(unix_ms/UTC)_(le)
=== RUN   TestParse/time_(unix_ms/UTC)_(host)
=== RUN   TestParse/time_(unix_ms/Berlin)_(be)
=== RUN   TestParse/time_(unix_ms/Berlin)_(le)
=== RUN   TestParse/time_(unix_ms/Berlin)_(host)
=== RUN   TestParse/time_(RFC3339/UTC)_(be)
=== RUN   TestParse/time_(RFC3339/UTC)_(le)
=== RUN   TestParse/time_(RFC3339/UTC)_(host)
=== RUN   TestParse/time_(RFC3339/Berlin)_(be)
=== RUN   TestParse/time_(RFC3339/Berlin)_(le)
=== RUN   TestParse/time_(RFC3339/Berlin)_(host)
=== RUN   TestParse/time_(RFC3339/Berlin->UTC)_(be)
=== RUN   TestParse/time_(RFC3339/Berlin->UTC)_(le)
=== RUN   TestParse/time_(RFC3339/Berlin->UTC)_(host)
=== RUN   TestParse/omit_(be)
=== RUN   TestParse/omit_(le)
=== RUN   TestParse/omit_(host)
--- PASS: TestParse (0.00s)
    --- PASS: TestParse/fixed_numbers_(be) (0.00s)
    --- PASS: TestParse/fixed_numbers_(le) (0.00s)
    --- PASS: TestParse/fixed_numbers_(host) (0.00s)
    --- PASS: TestParse/fixed_length_string_(be) (0.00s)
    --- PASS: TestParse/fixed_length_string_(le) (0.00s)
    --- PASS: TestParse/fixed_length_string_(host) (0.00s)
    --- PASS: TestParse/null-terminated_string_(be) (0.00s)
    --- PASS: TestParse/null-terminated_string_(le) (0.00s)
    --- PASS: TestParse/null-terminated_string_(host) (0.00s)
    --- PASS: TestParse/char-terminated_string_(be) (0.00s)
    --- PASS: TestParse/char-terminated_string_(le) (0.00s)
    --- PASS: TestParse/char-terminated_string_(host) (0.00s)
    --- PASS: TestParse/time_(unix/UTC)_(be) (0.00s)
    --- PASS: TestParse/time_(unix/UTC)_(le) (0.00s)
    --- PASS: TestParse/time_(unix/UTC)_(host) (0.00s)
    --- PASS: TestParse/time_(unix/Berlin)_(be) (0.00s)
    --- PASS: TestParse/time_(unix/Berlin)_(le) (0.00s)
    --- PASS: TestParse/time_(unix/Berlin)_(host) (0.00s)
    --- PASS: TestParse/time_(unix_ms/UTC)_(be) (0.00s)
    --- PASS: TestParse/time_(unix_ms/UTC)_(le) (0.00s)
    --- PASS: TestParse/time_(unix_ms/UTC)_(host) (0.00s)
    --- PASS: TestParse/time_(unix_ms/Berlin)_(be) (0.00s)
    --- PASS: TestParse/time_(unix_ms/Berlin)_(le) (0.00s)
    --- PASS: TestParse/time_(unix_ms/Berlin)_(host) (0.00s)
    --- PASS: TestParse/time_(RFC3339/UTC)_(be) (0.00s)
    --- PASS: TestParse/time_(RFC3339/UTC)_(le) (0.00s)
    --- PASS: TestParse/time_(RFC3339/UTC)_(host) (0.00s)
    --- PASS: TestParse/time_(RFC3339/Berlin)_(be) (0.00s)
    --- PASS: TestParse/time_(RFC3339/Berlin)_(le) (0.00s)
    --- PASS: TestParse/time_(RFC3339/Berlin)_(host) (0.00s)
    --- PASS: TestParse/time_(RFC3339/Berlin->UTC)_(be) (0.00s)
    --- PASS: TestParse/time_(RFC3339/Berlin->UTC)_(le) (0.00s)
    --- PASS: TestParse/time_(RFC3339/Berlin->UTC)_(host) (0.00s)
    --- PASS: TestParse/omit_(be) (0.00s)
    --- PASS: TestParse/omit_(le) (0.00s)
    --- PASS: TestParse/omit_(host) (0.00s)
=== RUN   TestCases
=== RUN   TestCases/base64_encoding
2025-02-19T20:38:07Z I! Loading config: testcases/base64_encoding/telegraf.conf
=== RUN   TestCases/hex_encoding
2025-02-19T20:38:07Z I! Loading config: testcases/hex_encoding/telegraf.conf
=== RUN   TestCases/multiple_messages
2025-02-19T20:38:07Z I! Loading config: testcases/multiple_messages/telegraf.conf
--- PASS: TestCases (0.01s)
    --- PASS: TestCases/base64_encoding (0.00s)
    --- PASS: TestCases/hex_encoding (0.00s)
    --- PASS: TestCases/multiple_messages (0.00s)
=== RUN   TestHexEncoding
--- PASS: TestHexEncoding (0.00s)
=== RUN   TestBenchmarkData
--- PASS: TestBenchmarkData (0.00s)
PASS
ok  	github.com/influxdata/telegraf/plugins/parsers/binary	0.800s
=== RUN   TestNewCollectdParser
--- PASS: TestNewCollectdParser (0.00s)
=== RUN   TestParse
--- PASS: TestParse (0.00s)
=== RUN   TestParseMultiValueSplit
--- PASS: TestParseMultiValueSplit (0.00s)
=== RUN   TestParseMultiValueJoin
--- PASS: TestParseMultiValueJoin (0.00s)
=== RUN   TestParse_DefaultTags
--- PASS: TestParse_DefaultTags (0.00s)
=== RUN   TestParse_SignSecurityLevel
--- PASS: TestParse_SignSecurityLevel (0.00s)
=== RUN   TestParse_EncryptSecurityLevel
--- PASS: TestParse_EncryptSecurityLevel (0.00s)
=== RUN   TestParseLine
--- PASS: TestParseLine (0.00s)
=== RUN   TestBenchmarkData
--- PASS: TestBenchmarkData (0.00s)
PASS
ok  	github.com/influxdata/telegraf/plugins/parsers/collectd	1.240s
=== RUN   TestBasicCSV
--- PASS: TestBasicCSV (0.00s)
=== RUN   TestHeaderConcatenationCSV
--- PASS: TestHeaderConcatenationCSV (0.00s)
=== RUN   TestHeaderOverride
--- PASS: TestHeaderOverride (0.00s)
=== RUN   TestTimestamp
--- PASS: TestTimestamp (0.00s)
=== RUN   TestTimestampYYYYMMDDHHmm
--- PASS: TestTimestampYYYYMMDDHHmm (0.00s)
=== RUN   TestTimestampError
--- PASS: TestTimestampError (0.00s)
=== RUN   TestTimestampUnixFormat
--- PASS: TestTimestampUnixFormat (0.00s)
=== RUN   TestTimestampUnixMSFormat
--- PASS: TestTimestampUnixMSFormat (0.00s)
=== RUN   TestQuotedCharacter
--- PASS: TestQuotedCharacter (0.00s)
=== RUN   TestDelimiter
--- PASS: TestDelimiter (0.00s)
=== RUN   TestNullDelimiter
--- PASS: TestNullDelimiter (0.00s)
=== RUN   TestValueConversion
--- PASS: TestValueConversion (0.00s)
=== RUN   TestSkipComment
--- PASS: TestSkipComment (0.00s)
=== RUN   TestTrimSpace
--- PASS: TestTrimSpace (0.00s)
=== RUN   TestTrimSpaceDelimitedBySpace
--- PASS: TestTrimSpaceDelimitedBySpace (0.00s)
=== RUN   TestSkipRows
--- PASS: TestSkipRows (0.00s)
=== RUN   TestSkipColumns
--- PASS: TestSkipColumns (0.00s)
=== RUN   TestSkipColumnsWithHeader
--- PASS: TestSkipColumnsWithHeader (0.00s)
=== RUN   TestMultiHeader
--- PASS: TestMultiHeader (0.00s)
=== RUN   TestParseStream
--- PASS: TestParseStream (0.00s)
=== RUN   TestParseLineMultiMetricErrorMessage
--- PASS: TestParseLineMultiMetricErrorMessage (0.00s)
=== RUN   TestTimestampUnixFloatPrecision
--- PASS: TestTimestampUnixFloatPrecision (0.00s)
=== RUN   TestSkipMeasurementColumn
--- PASS: TestSkipMeasurementColumn (0.00s)
=== RUN   TestSkipTimestampColumn
--- PASS: TestSkipTimestampColumn (0.00s)
=== RUN   TestTimestampTimezone
--- PASS: TestTimestampTimezone (0.00s)
=== RUN   TestEmptyMeasurementName
--- PASS: TestEmptyMeasurementName (0.00s)
=== RUN   TestNumericMeasurementName
--- PASS: TestNumericMeasurementName (0.00s)
=== RUN   TestStaticMeasurementName
--- PASS: TestStaticMeasurementName (0.00s)
=== RUN   TestSkipEmptyStringValue
--- PASS: TestSkipEmptyStringValue (0.00s)
=== RUN   TestSkipSpecifiedStringValue
--- PASS: TestSkipSpecifiedStringValue (0.00s)
=== RUN   TestSkipErrorOnCorruptedCSVLine
2025/02/19 21:38:07 D! [] Parsing error: parsing time "corrupted_line" as "02/01/06 03:04:05 PM": cannot parse "corrupted_line" as "02"
--- PASS: TestSkipErrorOnCorruptedCSVLine (0.00s)
=== RUN   TestParseMetadataSeparators
--- PASS: TestParseMetadataSeparators (0.00s)
=== RUN   TestParseMetadataRow
--- PASS: TestParseMetadataRow (0.00s)
=== RUN   TestParseCSVFileWithMetadata
--- PASS: TestParseCSVFileWithMetadata (0.00s)
=== RUN   TestOverwriteDefaultTagsAndMetaDataTags
=== RUN   TestOverwriteDefaultTagsAndMetaDataTags/Don't_overwrite_tags
=== RUN   TestOverwriteDefaultTagsAndMetaDataTags/Overwrite_tags
--- PASS: TestOverwriteDefaultTagsAndMetaDataTags (0.00s)
    --- PASS: TestOverwriteDefaultTagsAndMetaDataTags/Don't_overwrite_tags (0.00s)
    --- PASS: TestOverwriteDefaultTagsAndMetaDataTags/Overwrite_tags (0.00s)
=== RUN   TestParseCSVResetModeInvalid
--- PASS: TestParseCSVResetModeInvalid (0.00s)
=== RUN   TestParseCSVResetModeNone
--- PASS: TestParseCSVResetModeNone (0.00s)
=== RUN   TestParseCSVLinewiseResetModeNone
--- PASS: TestParseCSVLinewiseResetModeNone (0.00s)
=== RUN   TestParseCSVResetModeAlways
--- PASS: TestParseCSVResetModeAlways (0.00s)
=== RUN   TestParseCSVLinewiseResetModeAlways
--- PASS: TestParseCSVLinewiseResetModeAlways (0.00s)
=== RUN   TestBenchmarkData
--- PASS: TestBenchmarkData (0.00s)
PASS
ok  	github.com/influxdata/telegraf/plugins/parsers/csv	1.021s
=== RUN   TestParseValidEmptyJSON
--- PASS: TestParseValidEmptyJSON (0.00s)
=== RUN   TestParseValidCounterJSON
--- PASS: TestParseValidCounterJSON (0.00s)
=== RUN   TestParseValidEmbeddedCounterJSON
--- PASS: TestParseValidEmbeddedCounterJSON (0.00s)
=== RUN   TestParseValidMeterJSON1
--- PASS: TestParseValidMeterJSON1 (0.00s)
=== RUN   TestParseValidMeterJSON2
--- PASS: TestParseValidMeterJSON2 (0.00s)
=== RUN   TestParseValidGaugeJSON
--- PASS: TestParseValidGaugeJSON (0.00s)
=== RUN   TestParseValidHistogramJSON
--- PASS: TestParseValidHistogramJSON (0.00s)
=== RUN   TestParseValidTimerJSON
--- PASS: TestParseValidTimerJSON (0.00s)
=== RUN   TestParseValidAllJSON
--- PASS: TestParseValidAllJSON (0.00s)
=== RUN   TestTagParsingProblems
2025-02-19T20:38:08Z W! [] Failed to parse tags from JSON path "tags1": unexpected end of JSON input
2025-02-19T20:38:08Z W! [] Failed to parse tags from JSON path "tags1": unexpected end of JSON input
--- PASS: TestTagParsingProblems (0.00s)
=== RUN   TestParseSampleTemplateJSON
--- PASS: TestParseSampleTemplateJSON (0.00s)
=== RUN   TestDropWizard
=== RUN   TestDropWizard/minimal
=== RUN   TestDropWizard/name_with_space_unescaped
=== RUN   TestDropWizard/name_with_space_single_slash_escaped_is_not_valid_JSON
=== RUN   TestDropWizard/name_with_space_double_slash_escape
--- PASS: TestDropWizard (0.00s)
    --- PASS: TestDropWizard/minimal (0.00s)
    --- PASS: TestDropWizard/name_with_space_unescaped (0.00s)
    --- PASS: TestDropWizard/name_with_space_single_slash_escaped_is_not_valid_JSON (0.00s)
    --- PASS: TestDropWizard/name_with_space_double_slash_escape (0.00s)
=== RUN   TestBenchmarkData
--- PASS: TestBenchmarkData (0.00s)
PASS
ok  	github.com/influxdata/telegraf/plugins/parsers/dropwizard	1.430s
=== RUN   TestParseValidFormData
--- PASS: TestParseValidFormData (0.00s)
=== RUN   TestParseLineValidFormData
--- PASS: TestParseLineValidFormData (0.00s)
=== RUN   TestParseValidFormDataWithTags
--- PASS: TestParseValidFormDataWithTags (0.00s)
=== RUN   TestParseValidFormDataDefaultTags
--- PASS: TestParseValidFormDataDefaultTags (0.00s)
=== RUN   TestParseValidFormDataDefaultTagsOverride
--- PASS: TestParseValidFormDataDefaultTagsOverride (0.00s)
=== RUN   TestParseEncodedFormData
--- PASS: TestParseEncodedFormData (0.00s)
=== RUN   TestParseInvalidFormDataError
--- PASS: TestParseInvalidFormDataError (0.00s)
=== RUN   TestParseInvalidFormDataEmptyKey
--- PASS: TestParseInvalidFormDataEmptyKey (0.00s)
=== RUN   TestParseInvalidFormDataEmptyString
--- PASS: TestParseInvalidFormDataEmptyString (0.00s)
=== RUN   TestBenchmarkData
--- PASS: TestBenchmarkData (0.00s)
PASS
ok  	github.com/influxdata/telegraf/plugins/parsers/form_urlencoded	1.081s
=== RUN   TestTemplateApply
--- PASS: TestTemplateApply (0.00s)
=== RUN   TestParseMissingMeasurement
--- PASS: TestParseMissingMeasurement (0.00s)
=== RUN   TestParseLine
--- PASS: TestParseLine (0.00s)
=== RUN   TestParse
--- PASS: TestParse (0.00s)
=== RUN   TestParseNaN
--- PASS: TestParseNaN (0.00s)
=== RUN   TestParseInf
--- PASS: TestParseInf (0.00s)
=== RUN   TestFilterMatchDefault
--- PASS: TestFilterMatchDefault (0.00s)
=== RUN   TestFilterMatchMultipleMeasurement
--- PASS: TestFilterMatchMultipleMeasurement (0.00s)
=== RUN   TestFilterMatchMultipleMeasurementSeparator
--- PASS: TestFilterMatchMultipleMeasurementSeparator (0.00s)
=== RUN   TestFilterMatchSingle
--- PASS: TestFilterMatchSingle (0.00s)
=== RUN   TestParseNoMatch
--- PASS: TestParseNoMatch (0.00s)
=== RUN   TestFilterMatchWildcard
--- PASS: TestFilterMatchWildcard (0.00s)
=== RUN   TestFilterMatchExactBeforeWildcard
--- PASS: TestFilterMatchExactBeforeWildcard (0.00s)
=== RUN   TestFilterMatchMostLongestFilter
--- PASS: TestFilterMatchMostLongestFilter (0.00s)
=== RUN   TestFilterMatchMultipleWildcards
--- PASS: TestFilterMatchMultipleWildcards (0.00s)
=== RUN   TestParseDefaultTags
--- PASS: TestParseDefaultTags (0.00s)
=== RUN   TestParseDefaultTemplateTags
--- PASS: TestParseDefaultTemplateTags (0.00s)
=== RUN   TestParseDefaultTemplateTagsOverridGlobal
--- PASS: TestParseDefaultTemplateTagsOverridGlobal (0.00s)
=== RUN   TestParseTemplateWhitespace
--- PASS: TestParseTemplateWhitespace (0.00s)
=== RUN   TestApplyTemplate
--- PASS: TestApplyTemplate (0.00s)
=== RUN   TestApplyTemplateNoMatch
--- PASS: TestApplyTemplateNoMatch (0.00s)
=== RUN   TestApplyTemplateSpecific
--- PASS: TestApplyTemplateSpecific (0.00s)
=== RUN   TestApplyTemplateTags
--- PASS: TestApplyTemplateTags (0.00s)
=== RUN   TestApplyTemplateField
--- PASS: TestApplyTemplateField (0.00s)
=== RUN   TestApplyTemplateMultipleFieldsTogether
--- PASS: TestApplyTemplateMultipleFieldsTogether (0.00s)
=== RUN   TestApplyTemplateMultipleFieldsApart
--- PASS: TestApplyTemplateMultipleFieldsApart (0.00s)
=== RUN   TestApplyTemplateGreedyField
--- PASS: TestApplyTemplateGreedyField (0.00s)
=== RUN   TestApplyTemplateOverSpecific
--- PASS: TestApplyTemplateOverSpecific (0.00s)
=== RUN   TestApplyTemplateMostSpecificTemplate
--- PASS: TestApplyTemplateMostSpecificTemplate (0.00s)
PASS
ok  	github.com/influxdata/telegraf/plugins/parsers/graphite	1.410s
=== RUN   TestGrokParse
--- PASS: TestGrokParse (0.01s)
=== RUN   TestParsePatternsWithLookahead
--- PASS: TestParsePatternsWithLookahead (0.00s)
=== RUN   TestMeasurementName
--- PASS: TestMeasurementName (0.01s)
=== RUN   TestCLF_IPv6
--- PASS: TestCLF_IPv6 (0.00s)
=== RUN   TestCustomInfluxdbHttpd
--- PASS: TestCustomInfluxdbHttpd (0.03s)
=== RUN   TestBuiltinCommonLogFormat
--- PASS: TestBuiltinCommonLogFormat (0.01s)
=== RUN   TestBuiltinCommonLogFormatWithNumbers
--- PASS: TestBuiltinCommonLogFormatWithNumbers (0.01s)
=== RUN   TestBuiltinCombinedLogFormat
--- PASS: TestBuiltinCombinedLogFormat (0.00s)
=== RUN   TestCompileStringAndParse
--- PASS: TestCompileStringAndParse (0.00s)
=== RUN   TestCompileErrorsOnInvalidPattern
--- PASS: TestCompileErrorsOnInvalidPattern (0.00s)
=== RUN   TestParsePatternsWithoutCustom
--- PASS: TestParsePatternsWithoutCustom (0.00s)
=== RUN   TestParseEpochMilli
--- PASS: TestParseEpochMilli (0.00s)
=== RUN   TestParseEpochNano
--- PASS: TestParseEpochNano (0.00s)
=== RUN   TestParseEpoch
--- PASS: TestParseEpoch (0.00s)
=== RUN   TestParseEpochDecimal
=== RUN   TestParseEpochDecimal/ns_precision
=== RUN   TestParseEpochDecimal/ms_precision
=== RUN   TestParseEpochDecimal/second_precision
=== RUN   TestParseEpochDecimal/sub_ns_precision
--- PASS: TestParseEpochDecimal (0.01s)
    --- PASS: TestParseEpochDecimal/ns_precision (0.00s)
    --- PASS: TestParseEpochDecimal/ms_precision (0.00s)
    --- PASS: TestParseEpochDecimal/second_precision (0.00s)
    --- PASS: TestParseEpochDecimal/sub_ns_precision (0.00s)
=== RUN   TestParseEpochErrors
2025/02/19 21:38:09 E! [] Error parsing foobar to timestamp: strconv.ParseInt: parsing "foobar": invalid syntax
2025/02/19 21:38:09 E! [] Error parsing foobar to int: strconv.ParseInt: parsing "foobar": invalid syntax
--- PASS: TestParseEpochErrors (0.00s)
=== RUN   TestParseGenericTimestamp
--- PASS: TestParseGenericTimestamp (0.00s)
=== RUN   TestParseGenericTimestampNotFound
2025/02/19 21:38:09 E! [] Error parsing timestamp [foobar], could not find any suitable time layouts.
--- PASS: TestParseGenericTimestampNotFound (0.00s)
=== RUN   TestCompileFileAndParse
--- PASS: TestCompileFileAndParse (0.00s)
=== RUN   TestCompileNoModifiersAndParse
--- PASS: TestCompileNoModifiersAndParse (0.00s)
=== RUN   TestCompileNoNamesAndParse
2025/02/19 21:38:09 D! [] Grok no match found for or no data extracted from: "1.25 200 192.168.1.1 5.432µs"
--- PASS: TestCompileNoNamesAndParse (0.00s)
=== RUN   TestParseNoMatch
2025/02/19 21:38:09 D! [] Grok no match found for or no data extracted from: "[04/Jun/2016:12:41:45 +0100] notnumber 200 192.168.1.1 5.432µs 101"
--- PASS: TestParseNoMatch (0.00s)
=== RUN   TestCompileErrors
--- PASS: TestCompileErrors (0.00s)
=== RUN   TestParseErrors_MissingPattern
--- PASS: TestParseErrors_MissingPattern (0.00s)
=== RUN   TestParseErrors_WrongIntegerType
2025/02/19 21:38:09 E! [] Error parsing notnumber to int: strconv.ParseInt: parsing "notnumber": invalid syntax
--- PASS: TestParseErrors_WrongIntegerType (0.00s)
=== RUN   TestParseErrors_WrongFloatType
2025/02/19 21:38:09 E! [] Error parsing notnumber to float: strconv.ParseFloat: parsing "notnumber": invalid syntax
--- PASS: TestParseErrors_WrongFloatType (0.00s)
=== RUN   TestParseErrors_WrongDurationType
2025/02/19 21:38:09 E! [] Error parsing notnumber to duration: time: invalid duration "notnumber"
--- PASS: TestParseErrors_WrongDurationType (0.00s)
=== RUN   TestParseErrors_WrongTimeLayout
2025/02/19 21:38:09 E! [] Error parsing notnumber to duration: time: invalid duration "notnumber"
--- PASS: TestParseErrors_WrongTimeLayout (0.00s)
=== RUN   TestParseInteger_Base16
--- PASS: TestParseInteger_Base16 (0.00s)
=== RUN   TestTsModder
--- PASS: TestTsModder (0.00s)
=== RUN   TestTsModder_Rollover
--- PASS: TestTsModder_Rollover (0.00s)
=== RUN   TestShortPatternRegression
2025/02/19 21:38:09 W! Your config is using abbreviated timezones and parsing was changed in v1.27.0!
		Please see the change log, remove any workarounds in place, and carefully
		check your data timestamps! If case you experience any problems, please
		file an issue on https://github.com/influxdata/telegraf/issues!
--- PASS: TestShortPatternRegression (0.01s)
=== RUN   TestTimezoneEmptyCompileFileAndParse
--- PASS: TestTimezoneEmptyCompileFileAndParse (0.00s)
=== RUN   TestTimezoneMalformedCompileFileAndParse
2025/02/19 21:38:09 W! [] Improper timezone supplied (Something/Weird), setting loc to UTC
--- PASS: TestTimezoneMalformedCompileFileAndParse (0.00s)
=== RUN   TestTimezoneEuropeCompileFileAndParse
--- PASS: TestTimezoneEuropeCompileFileAndParse (0.00s)
=== RUN   TestTimezoneAmericasCompileFileAndParse
--- PASS: TestTimezoneAmericasCompileFileAndParse (0.00s)
=== RUN   TestTimezoneLocalCompileFileAndParse
--- PASS: TestTimezoneLocalCompileFileAndParse (0.00s)
=== RUN   TestNewlineInPatterns
--- PASS: TestNewlineInPatterns (0.00s)
=== RUN   TestMultilinePatterns
--- PASS: TestMultilinePatterns (0.00s)
=== RUN   TestSyslogTimestamp
=== RUN   TestSyslogTimestamp/two_digit_day_of_month
=== RUN   TestSyslogTimestamp/one_digit_day_of_month_single_space
=== RUN   TestSyslogTimestamp/one_digit_day_of_month_double_space
--- PASS: TestSyslogTimestamp (0.01s)
    --- PASS: TestSyslogTimestamp/two_digit_day_of_month (0.00s)
    --- PASS: TestSyslogTimestamp/one_digit_day_of_month_single_space (0.00s)
    --- PASS: TestSyslogTimestamp/one_digit_day_of_month_double_space (0.00s)
=== RUN   TestReplaceTimestampComma
--- PASS: TestReplaceTimestampComma (0.00s)
=== RUN   TestDynamicMeasurementModifier
--- PASS: TestDynamicMeasurementModifier (0.00s)
=== RUN   TestStaticMeasurementModifier
2025/02/19 21:38:09 test_name map[] map[num:42] 1739997489341228000
--- PASS: TestStaticMeasurementModifier (0.00s)
=== RUN   TestTwoMeasurementModifier
--- PASS: TestTwoMeasurementModifier (0.00s)
=== RUN   TestMeasurementModifierNoName
--- PASS: TestMeasurementModifierNoName (0.00s)
=== RUN   TestEmptyYearInTimestamp
--- PASS: TestEmptyYearInTimestamp (0.00s)
=== RUN   TestTrimRegression
--- PASS: TestTrimRegression (0.00s)
=== RUN   TestMultilineNilMetric
2025/02/19 21:38:09 D! [] Grok no match found for or no data extracted from: "2022-12-01T12:41:45Z Error A long and\n    multiline\n    message"
--- PASS: TestMultilineNilMetric (0.01s)
=== RUN   TestBenchmarkData
--- PASS: TestBenchmarkData (0.00s)
PASS
ok  	github.com/influxdata/telegraf/plugins/parsers/grok	1.585s
=== RUN   TestParser
=== RUN   TestParser/minimal
=== RUN   TestParser/minimal_with_newline
=== RUN   TestParser/measurement_escape_space
=== RUN   TestParser/measurement_escape_comma
=== RUN   TestParser/tags
=== RUN   TestParser/tags_escape_unescapable
=== RUN   TestParser/tags_escape_equals
=== RUN   TestParser/tags_escape_comma
=== RUN   TestParser/tag_value_escape_space
=== RUN   TestParser/tag_value_double_escape_space
=== RUN   TestParser/tag_value_triple_escape_space
=== RUN   TestParser/field_key_escape_not_escapable
=== RUN   TestParser/field_key_escape_equals
=== RUN   TestParser/field_key_escape_comma
=== RUN   TestParser/field_key_escape_space
=== RUN   TestParser/field_int
=== RUN   TestParser/field_int_overflow
=== RUN   TestParser/field_int_max_value
=== RUN   TestParser/field_uint
=== RUN   TestParser/field_uint_overflow
=== RUN   TestParser/field_uint_max_value
=== RUN   TestParser/field_boolean
=== RUN   TestParser/field_string
=== RUN   TestParser/field_string_escape_quote
=== RUN   TestParser/field_string_escape_backslash
=== RUN   TestParser/field_string_newline
=== RUN   TestParser/no_timestamp
=== RUN   TestParser/no_timestamp#01
=== RUN   TestParser/multiple_lines
=== RUN   TestParser/invalid_measurement_only
=== RUN   TestParser/procstat
--- PASS: TestParser (0.01s)
    --- PASS: TestParser/minimal (0.00s)
    --- PASS: TestParser/minimal_with_newline (0.00s)
    --- PASS: TestParser/measurement_escape_space (0.00s)
    --- PASS: TestParser/measurement_escape_comma (0.00s)
    --- PASS: TestParser/tags (0.00s)
    --- PASS: TestParser/tags_escape_unescapable (0.00s)
    --- PASS: TestParser/tags_escape_equals (0.00s)
    --- PASS: TestParser/tags_escape_comma (0.00s)
    --- PASS: TestParser/tag_value_escape_space (0.00s)
    --- PASS: TestParser/tag_value_double_escape_space (0.00s)
    --- PASS: TestParser/tag_value_triple_escape_space (0.00s)
    --- PASS: TestParser/field_key_escape_not_escapable (0.00s)
    --- PASS: TestParser/field_key_escape_equals (0.00s)
    --- PASS: TestParser/field_key_escape_comma (0.00s)
    --- PASS: TestParser/field_key_escape_space (0.00s)
    --- PASS: TestParser/field_int (0.00s)
    --- PASS: TestParser/field_int_overflow (0.00s)
    --- PASS: TestParser/field_int_max_value (0.00s)
    --- PASS: TestParser/field_uint (0.00s)
    --- PASS: TestParser/field_uint_overflow (0.00s)
    --- PASS: TestParser/field_uint_max_value (0.00s)
    --- PASS: TestParser/field_boolean (0.00s)
    --- PASS: TestParser/field_string (0.00s)
    --- PASS: TestParser/field_string_escape_quote (0.00s)
    --- PASS: TestParser/field_string_escape_backslash (0.00s)
    --- PASS: TestParser/field_string_newline (0.00s)
    --- PASS: TestParser/no_timestamp (0.00s)
    --- PASS: TestParser/no_timestamp#01 (0.00s)
    --- PASS: TestParser/multiple_lines (0.00s)
    --- PASS: TestParser/invalid_measurement_only (0.00s)
    --- PASS: TestParser/procstat (0.00s)
=== RUN   TestParserTimestampPrecision
=== RUN   TestParserTimestampPrecision/default_-_nanosecond
=== RUN   TestParserTimestampPrecision/nanosecond
=== RUN   TestParserTimestampPrecision/microsecond
=== RUN   TestParserTimestampPrecision/millisecond
=== RUN   TestParserTimestampPrecision/second
--- PASS: TestParserTimestampPrecision (0.00s)
    --- PASS: TestParserTimestampPrecision/default_-_nanosecond (0.00s)
    --- PASS: TestParserTimestampPrecision/nanosecond (0.00s)
    --- PASS: TestParserTimestampPrecision/microsecond (0.00s)
    --- PASS: TestParserTimestampPrecision/millisecond (0.00s)
    --- PASS: TestParserTimestampPrecision/second (0.00s)
=== RUN   TestParserInvalidTimestampPrecision
--- PASS: TestParserInvalidTimestampPrecision (0.00s)
=== RUN   TestStreamParser
=== RUN   TestStreamParser/minimal
=== RUN   TestStreamParser/minimal_with_newline
=== RUN   TestStreamParser/measurement_escape_space
=== RUN   TestStreamParser/measurement_escape_comma
=== RUN   TestStreamParser/tags
=== RUN   TestStreamParser/tags_escape_unescapable
=== RUN   TestStreamParser/tags_escape_equals
=== RUN   TestStreamParser/tags_escape_comma
=== RUN   TestStreamParser/tag_value_escape_space
=== RUN   TestStreamParser/tag_value_double_escape_space
=== RUN   TestStreamParser/tag_value_triple_escape_space
=== RUN   TestStreamParser/field_key_escape_not_escapable
=== RUN   TestStreamParser/field_key_escape_equals
=== RUN   TestStreamParser/field_key_escape_comma
=== RUN   TestStreamParser/field_key_escape_space
=== RUN   TestStreamParser/field_int
=== RUN   TestStreamParser/field_int_overflow
=== RUN   TestStreamParser/field_int_max_value
=== RUN   TestStreamParser/field_uint
=== RUN   TestStreamParser/field_uint_overflow
=== RUN   TestStreamParser/field_uint_max_value
=== RUN   TestStreamParser/field_boolean
=== RUN   TestStreamParser/field_string
=== RUN   TestStreamParser/field_string_escape_quote
=== RUN   TestStreamParser/field_string_escape_backslash
=== RUN   TestStreamParser/field_string_newline
=== RUN   TestStreamParser/no_timestamp
=== RUN   TestStreamParser/no_timestamp#01
=== RUN   TestStreamParser/multiple_lines
=== RUN   TestStreamParser/invalid_measurement_only
=== RUN   TestStreamParser/procstat
--- PASS: TestStreamParser (0.00s)
    --- PASS: TestStreamParser/minimal (0.00s)
    --- PASS: TestStreamParser/minimal_with_newline (0.00s)
    --- PASS: TestStreamParser/measurement_escape_space (0.00s)
    --- PASS: TestStreamParser/measurement_escape_comma (0.00s)
    --- PASS: TestStreamParser/tags (0.00s)
    --- PASS: TestStreamParser/tags_escape_unescapable (0.00s)
    --- PASS: TestStreamParser/tags_escape_equals (0.00s)
    --- PASS: TestStreamParser/tags_escape_comma (0.00s)
    --- PASS: TestStreamParser/tag_value_escape_space (0.00s)
    --- PASS: TestStreamParser/tag_value_double_escape_space (0.00s)
    --- PASS: TestStreamParser/tag_value_triple_escape_space (0.00s)
    --- PASS: TestStreamParser/field_key_escape_not_escapable (0.00s)
    --- PASS: TestStreamParser/field_key_escape_equals (0.00s)
    --- PASS: TestStreamParser/field_key_escape_comma (0.00s)
    --- PASS: TestStreamParser/field_key_escape_space (0.00s)
    --- PASS: TestStreamParser/field_int (0.00s)
    --- PASS: TestStreamParser/field_int_overflow (0.00s)
    --- PASS: TestStreamParser/field_int_max_value (0.00s)
    --- PASS: TestStreamParser/field_uint (0.00s)
    --- PASS: TestStreamParser/field_uint_overflow (0.00s)
    --- PASS: TestStreamParser/field_uint_max_value (0.00s)
    --- PASS: TestStreamParser/field_boolean (0.00s)
    --- PASS: TestStreamParser/field_string (0.00s)
    --- PASS: TestStreamParser/field_string_escape_quote (0.00s)
    --- PASS: TestStreamParser/field_string_escape_backslash (0.00s)
    --- PASS: TestStreamParser/field_string_newline (0.00s)
    --- PASS: TestStreamParser/no_timestamp (0.00s)
    --- PASS: TestStreamParser/no_timestamp#01 (0.00s)
    --- PASS: TestStreamParser/multiple_lines (0.00s)
    --- PASS: TestStreamParser/invalid_measurement_only (0.00s)
    --- PASS: TestStreamParser/procstat (0.00s)
=== RUN   TestSeriesParser
=== RUN   TestSeriesParser/empty
=== RUN   TestSeriesParser/minimal
=== RUN   TestSeriesParser/tags
=== RUN   TestSeriesParser/missing_tag_value
=== RUN   TestSeriesParser/error_with_carriage_return_in_long_line
--- PASS: TestSeriesParser (0.00s)
    --- PASS: TestSeriesParser/empty (0.00s)
    --- PASS: TestSeriesParser/minimal (0.00s)
    --- PASS: TestSeriesParser/tags (0.00s)
    --- PASS: TestSeriesParser/missing_tag_value (0.00s)
    --- PASS: TestSeriesParser/error_with_carriage_return_in_long_line (0.00s)
=== RUN   TestParserErrorString
=== RUN   TestParserErrorString/multiple_line_error
=== RUN   TestParserErrorString/handler_error
=== RUN   TestParserErrorString/buffer_too_long
=== RUN   TestParserErrorString/multiple_line_error#01
--- PASS: TestParserErrorString (0.00s)
    --- PASS: TestParserErrorString/multiple_line_error (0.00s)
    --- PASS: TestParserErrorString/handler_error (0.00s)
    --- PASS: TestParserErrorString/buffer_too_long (0.00s)
    --- PASS: TestParserErrorString/multiple_line_error#01 (0.00s)
=== RUN   TestStreamParserErrorString
=== RUN   TestStreamParserErrorString/multiple_line_error
=== RUN   TestStreamParserErrorString/handler_error
=== RUN   TestStreamParserErrorString/buffer_too_long
=== RUN   TestStreamParserErrorString/multiple_errors
--- PASS: TestStreamParserErrorString (0.00s)
    --- PASS: TestStreamParserErrorString/multiple_line_error (0.00s)
    --- PASS: TestStreamParserErrorString/handler_error (0.00s)
    --- PASS: TestStreamParserErrorString/buffer_too_long (0.00s)
    --- PASS: TestStreamParserErrorString/multiple_errors (0.00s)
=== RUN   TestStreamParserReaderError
--- PASS: TestStreamParserReaderError (0.00s)
=== RUN   TestStreamParserProducesAllAvailableMetrics
--- PASS: TestStreamParserProducesAllAvailableMetrics (0.00s)
=== RUN   TestBenchmarkData
--- PASS: TestBenchmarkData (0.00s)
=== RUN   TestMachine
=== RUN   TestMachine/empty_string
=== RUN   TestMachine/minimal
=== RUN   TestMachine/newline
=== RUN   TestMachine/minimal_with_timestamp
=== RUN   TestMachine/measurement_escape_non-special
=== RUN   TestMachine/measurement_escaped_trailing_backslash
=== RUN   TestMachine/single_char_measurement
=== RUN   TestMachine/escape_backslash_in_measurement
=== RUN   TestMachine/measurement_escape_space
=== RUN   TestMachine/scientific_float
=== RUN   TestMachine/scientific_float_negative_mantissa
=== RUN   TestMachine/scientific_float_negative_exponent
=== RUN   TestMachine/scientific_float_big_e
=== RUN   TestMachine/scientific_float_missing_exponent
=== RUN   TestMachine/float_with_decimal
=== RUN   TestMachine/negative_float
=== RUN   TestMachine/float_without_integer_digits
=== RUN   TestMachine/float_without_integer_digits_negative
=== RUN   TestMachine/float_with_multiple_leading_0
=== RUN   TestMachine/invalid_float_with_only_dot
=== RUN   TestMachine/multiple_fields
=== RUN   TestMachine/integer_field
=== RUN   TestMachine/negative_integer_field
=== RUN   TestMachine/zero_integer_field
=== RUN   TestMachine/negative_zero_integer_field
=== RUN   TestMachine/integer_field_overflow_okay
=== RUN   TestMachine/invalid_field
=== RUN   TestMachine/string_field
=== RUN   TestMachine/newline_in_string_field
=== RUN   TestMachine/cr_in_string_field
=== RUN   TestMachine/bool_field
=== RUN   TestMachine/tag
=== RUN   TestMachine/tag_key_escape_space
=== RUN   TestMachine/tag_key_escape_comma
=== RUN   TestMachine/tag_key_escape_equal
=== RUN   TestMachine/multiple_tags
=== RUN   TestMachine/tag_value_escape_space
=== RUN   TestMachine/tag_value_double_escape_space
=== RUN   TestMachine/tag_value_triple_escape_space
=== RUN   TestMachine/tag_invalid_missing_separator
=== RUN   TestMachine/tag_invalid_missing_value
=== RUN   TestMachine/tag_invalid_unescaped_space
=== RUN   TestMachine/tag_invalid_unescaped_comma
=== RUN   TestMachine/tag_invalid_unescaped_equals
=== RUN   TestMachine/timestamp_negative
=== RUN   TestMachine/timestamp_zero
=== RUN   TestMachine/multiline
=== RUN   TestMachine/error_recovery
=== RUN   TestMachine/line_whitespace
=== RUN   TestMachine/leading_newline
=== RUN   TestMachine/invalid_missing_field_value
=== RUN   TestMachine/invalid_eof_field_key
=== RUN   TestMachine/invalid_measurement_only
=== RUN   TestMachine/invalid_measurement_char
=== RUN   TestMachine/invalid_missing_tag
=== RUN   TestMachine/invalid_missing_field
=== RUN   TestMachine/invalid_too_many_fields
=== RUN   TestMachine/invalid_timestamp_too_long
=== RUN   TestMachine/invalid_open_string_field
=== RUN   TestMachine/invalid_field_value
=== RUN   TestMachine/invalid_quoted_timestamp
=== RUN   TestMachine/comment_only
=== RUN   TestMachine/commented_line
=== RUN   TestMachine/middle_comment
=== RUN   TestMachine/end_with_comment
=== RUN   TestMachine/end_with_comment_and_whitespace
=== RUN   TestMachine/unicode
--- PASS: TestMachine (0.00s)
    --- PASS: TestMachine/empty_string (0.00s)
    --- PASS: TestMachine/minimal (0.00s)
    --- PASS: TestMachine/newline (0.00s)
    --- PASS: TestMachine/minimal_with_timestamp (0.00s)
    --- PASS: TestMachine/measurement_escape_non-special (0.00s)
    --- PASS: TestMachine/measurement_escaped_trailing_backslash (0.00s)
    --- PASS: TestMachine/single_char_measurement (0.00s)
    --- PASS: TestMachine/escape_backslash_in_measurement (0.00s)
    --- PASS: TestMachine/measurement_escape_space (0.00s)
    --- PASS: TestMachine/scientific_float (0.00s)
    --- PASS: TestMachine/scientific_float_negative_mantissa (0.00s)
    --- PASS: TestMachine/scientific_float_negative_exponent (0.00s)
    --- PASS: TestMachine/scientific_float_big_e (0.00s)
    --- PASS: TestMachine/scientific_float_missing_exponent (0.00s)
    --- PASS: TestMachine/float_with_decimal (0.00s)
    --- PASS: TestMachine/negative_float (0.00s)
    --- PASS: TestMachine/float_without_integer_digits (0.00s)
    --- PASS: TestMachine/float_without_integer_digits_negative (0.00s)
    --- PASS: TestMachine/float_with_multiple_leading_0 (0.00s)
    --- PASS: TestMachine/invalid_float_with_only_dot (0.00s)
    --- PASS: TestMachine/multiple_fields (0.00s)
    --- PASS: TestMachine/integer_field (0.00s)
    --- PASS: TestMachine/negative_integer_field (0.00s)
    --- PASS: TestMachine/zero_integer_field (0.00s)
    --- PASS: TestMachine/negative_zero_integer_field (0.00s)
    --- PASS: TestMachine/integer_field_overflow_okay (0.00s)
    --- PASS: TestMachine/invalid_field (0.00s)
    --- PASS: TestMachine/string_field (0.00s)
    --- PASS: TestMachine/newline_in_string_field (0.00s)
    --- PASS: TestMachine/cr_in_string_field (0.00s)
    --- PASS: TestMachine/bool_field (0.00s)
    --- PASS: TestMachine/tag (0.00s)
    --- PASS: TestMachine/tag_key_escape_space (0.00s)
    --- PASS: TestMachine/tag_key_escape_comma (0.00s)
    --- PASS: TestMachine/tag_key_escape_equal (0.00s)
    --- PASS: TestMachine/multiple_tags (0.00s)
    --- PASS: TestMachine/tag_value_escape_space (0.00s)
    --- PASS: TestMachine/tag_value_double_escape_space (0.00s)
    --- PASS: TestMachine/tag_value_triple_escape_space (0.00s)
    --- PASS: TestMachine/tag_invalid_missing_separator (0.00s)
    --- PASS: TestMachine/tag_invalid_missing_value (0.00s)
    --- PASS: TestMachine/tag_invalid_unescaped_space (0.00s)
    --- PASS: TestMachine/tag_invalid_unescaped_comma (0.00s)
    --- PASS: TestMachine/tag_invalid_unescaped_equals (0.00s)
    --- PASS: TestMachine/timestamp_negative (0.00s)
    --- PASS: TestMachine/timestamp_zero (0.00s)
    --- PASS: TestMachine/multiline (0.00s)
    --- PASS: TestMachine/error_recovery (0.00s)
    --- PASS: TestMachine/line_whitespace (0.00s)
    --- PASS: TestMachine/leading_newline (0.00s)
    --- PASS: TestMachine/invalid_missing_field_value (0.00s)
    --- PASS: TestMachine/invalid_eof_field_key (0.00s)
    --- PASS: TestMachine/invalid_measurement_only (0.00s)
    --- PASS: TestMachine/invalid_measurement_char (0.00s)
    --- PASS: TestMachine/invalid_missing_tag (0.00s)
    --- PASS: TestMachine/invalid_missing_field (0.00s)
    --- PASS: TestMachine/invalid_too_many_fields (0.00s)
    --- PASS: TestMachine/invalid_timestamp_too_long (0.00s)
    --- PASS: TestMachine/invalid_open_string_field (0.00s)
    --- PASS: TestMachine/invalid_field_value (0.00s)
    --- PASS: TestMachine/invalid_quoted_timestamp (0.00s)
    --- PASS: TestMachine/comment_only (0.00s)
    --- PASS: TestMachine/commented_line (0.00s)
    --- PASS: TestMachine/middle_comment (0.00s)
    --- PASS: TestMachine/end_with_comment (0.00s)
    --- PASS: TestMachine/end_with_comment_and_whitespace (0.00s)
    --- PASS: TestMachine/unicode (0.00s)
=== RUN   TestMachinePosition
=== RUN   TestMachinePosition/empty_string
=== RUN   TestMachinePosition/minimal
=== RUN   TestMachinePosition/one_newline
=== RUN   TestMachinePosition/several_newlines
=== RUN   TestMachinePosition/error_on_second_line
=== RUN   TestMachinePosition/error_after_comment_line
=== RUN   TestMachinePosition/dos_line_endings
=== RUN   TestMachinePosition/mac_line_endings_not_supported
--- PASS: TestMachinePosition (0.00s)
    --- PASS: TestMachinePosition/empty_string (0.00s)
    --- PASS: TestMachinePosition/minimal (0.00s)
    --- PASS: TestMachinePosition/one_newline (0.00s)
    --- PASS: TestMachinePosition/several_newlines (0.00s)
    --- PASS: TestMachinePosition/error_on_second_line (0.00s)
    --- PASS: TestMachinePosition/error_after_comment_line (0.00s)
    --- PASS: TestMachinePosition/dos_line_endings (0.00s)
    --- PASS: TestMachinePosition/mac_line_endings_not_supported (0.00s)
=== RUN   TestMachineProcstat
--- PASS: TestMachineProcstat (0.00s)
=== RUN   TestSeriesMachine
=== RUN   TestSeriesMachine/empty_string
=== RUN   TestSeriesMachine/no_tags
=== RUN   TestSeriesMachine/tags
--- PASS: TestSeriesMachine (0.00s)
    --- PASS: TestSeriesMachine/empty_string (0.00s)
    --- PASS: TestSeriesMachine/no_tags (0.00s)
    --- PASS: TestSeriesMachine/tags (0.00s)
=== RUN   TestHandlerErrorRecovery
=== RUN   TestHandlerErrorRecovery/integer
=== RUN   TestHandlerErrorRecovery/integer_with_timestamp
=== RUN   TestHandlerErrorRecovery/unsigned
--- PASS: TestHandlerErrorRecovery (0.00s)
    --- PASS: TestHandlerErrorRecovery/integer (0.00s)
    --- PASS: TestHandlerErrorRecovery/integer_with_timestamp (0.00s)
    --- PASS: TestHandlerErrorRecovery/unsigned (0.00s)
=== RUN   TestStreamMachine
=== RUN   TestStreamMachine/empty_string
=== RUN   TestStreamMachine/minimal
=== RUN   TestStreamMachine/newline
=== RUN   TestStreamMachine/minimal_with_timestamp
=== RUN   TestStreamMachine/measurement_escape_non-special
=== RUN   TestStreamMachine/measurement_escaped_trailing_backslash
=== RUN   TestStreamMachine/single_char_measurement
=== RUN   TestStreamMachine/escape_backslash_in_measurement
=== RUN   TestStreamMachine/measurement_escape_space
=== RUN   TestStreamMachine/scientific_float
=== RUN   TestStreamMachine/scientific_float_negative_mantissa
=== RUN   TestStreamMachine/scientific_float_negative_exponent
=== RUN   TestStreamMachine/scientific_float_big_e
=== RUN   TestStreamMachine/scientific_float_missing_exponent
=== RUN   TestStreamMachine/float_with_decimal
=== RUN   TestStreamMachine/negative_float
=== RUN   TestStreamMachine/float_without_integer_digits
=== RUN   TestStreamMachine/float_without_integer_digits_negative
=== RUN   TestStreamMachine/float_with_multiple_leading_0
=== RUN   TestStreamMachine/invalid_float_with_only_dot
=== RUN   TestStreamMachine/multiple_fields
=== RUN   TestStreamMachine/integer_field
=== RUN   TestStreamMachine/negative_integer_field
=== RUN   TestStreamMachine/zero_integer_field
=== RUN   TestStreamMachine/negative_zero_integer_field
=== RUN   TestStreamMachine/integer_field_overflow_okay
=== RUN   TestStreamMachine/invalid_field
=== RUN   TestStreamMachine/string_field
=== RUN   TestStreamMachine/newline_in_string_field
=== RUN   TestStreamMachine/cr_in_string_field
=== RUN   TestStreamMachine/bool_field
=== RUN   TestStreamMachine/tag
=== RUN   TestStreamMachine/tag_key_escape_space
=== RUN   TestStreamMachine/tag_key_escape_comma
=== RUN   TestStreamMachine/tag_key_escape_equal
=== RUN   TestStreamMachine/multiple_tags
=== RUN   TestStreamMachine/tag_value_escape_space
=== RUN   TestStreamMachine/tag_value_double_escape_space
=== RUN   TestStreamMachine/tag_value_triple_escape_space
=== RUN   TestStreamMachine/tag_invalid_missing_separator
=== RUN   TestStreamMachine/tag_invalid_missing_value
=== RUN   TestStreamMachine/tag_invalid_unescaped_space
=== RUN   TestStreamMachine/tag_invalid_unescaped_comma
=== RUN   TestStreamMachine/tag_invalid_unescaped_equals
=== RUN   TestStreamMachine/timestamp_negative
=== RUN   TestStreamMachine/timestamp_zero
=== RUN   TestStreamMachine/multiline
=== RUN   TestStreamMachine/error_recovery
=== RUN   TestStreamMachine/line_whitespace
=== RUN   TestStreamMachine/leading_newline
=== RUN   TestStreamMachine/invalid_missing_field_value
=== RUN   TestStreamMachine/invalid_eof_field_key
=== RUN   TestStreamMachine/invalid_measurement_only
=== RUN   TestStreamMachine/invalid_measurement_char
=== RUN   TestStreamMachine/invalid_missing_tag
=== RUN   TestStreamMachine/invalid_missing_field
=== RUN   TestStreamMachine/invalid_too_many_fields
=== RUN   TestStreamMachine/invalid_timestamp_too_long
=== RUN   TestStreamMachine/invalid_open_string_field
=== RUN   TestStreamMachine/invalid_field_value
=== RUN   TestStreamMachine/invalid_quoted_timestamp
=== RUN   TestStreamMachine/comment_only
=== RUN   TestStreamMachine/commented_line
=== RUN   TestStreamMachine/middle_comment
=== RUN   TestStreamMachine/end_with_comment
=== RUN   TestStreamMachine/end_with_comment_and_whitespace
=== RUN   TestStreamMachine/unicode
--- PASS: TestStreamMachine (0.00s)
    --- PASS: TestStreamMachine/empty_string (0.00s)
    --- PASS: TestStreamMachine/minimal (0.00s)
    --- PASS: TestStreamMachine/newline (0.00s)
    --- PASS: TestStreamMachine/minimal_with_timestamp (0.00s)
    --- PASS: TestStreamMachine/measurement_escape_non-special (0.00s)
    --- PASS: TestStreamMachine/measurement_escaped_trailing_backslash (0.00s)
    --- PASS: TestStreamMachine/single_char_measurement (0.00s)
    --- PASS: TestStreamMachine/escape_backslash_in_measurement (0.00s)
    --- PASS: TestStreamMachine/measurement_escape_space (0.00s)
    --- PASS: TestStreamMachine/scientific_float (0.00s)
    --- PASS: TestStreamMachine/scientific_float_negative_mantissa (0.00s)
    --- PASS: TestStreamMachine/scientific_float_negative_exponent (0.00s)
    --- PASS: TestStreamMachine/scientific_float_big_e (0.00s)
    --- PASS: TestStreamMachine/scientific_float_missing_exponent (0.00s)
    --- PASS: TestStreamMachine/float_with_decimal (0.00s)
    --- PASS: TestStreamMachine/negative_float (0.00s)
    --- PASS: TestStreamMachine/float_without_integer_digits (0.00s)
    --- PASS: TestStreamMachine/float_without_integer_digits_negative (0.00s)
    --- PASS: TestStreamMachine/float_with_multiple_leading_0 (0.00s)
    --- PASS: TestStreamMachine/invalid_float_with_only_dot (0.00s)
    --- PASS: TestStreamMachine/multiple_fields (0.00s)
    --- PASS: TestStreamMachine/integer_field (0.00s)
    --- PASS: TestStreamMachine/negative_integer_field (0.00s)
    --- PASS: TestStreamMachine/zero_integer_field (0.00s)
    --- PASS: TestStreamMachine/negative_zero_integer_field (0.00s)
    --- PASS: TestStreamMachine/integer_field_overflow_okay (0.00s)
    --- PASS: TestStreamMachine/invalid_field (0.00s)
    --- PASS: TestStreamMachine/string_field (0.00s)
    --- PASS: TestStreamMachine/newline_in_string_field (0.00s)
    --- PASS: TestStreamMachine/cr_in_string_field (0.00s)
    --- PASS: TestStreamMachine/bool_field (0.00s)
    --- PASS: TestStreamMachine/tag (0.00s)
    --- PASS: TestStreamMachine/tag_key_escape_space (0.00s)
    --- PASS: TestStreamMachine/tag_key_escape_comma (0.00s)
    --- PASS: TestStreamMachine/tag_key_escape_equal (0.00s)
    --- PASS: TestStreamMachine/multiple_tags (0.00s)
    --- PASS: TestStreamMachine/tag_value_escape_space (0.00s)
    --- PASS: TestStreamMachine/tag_value_double_escape_space (0.00s)
    --- PASS: TestStreamMachine/tag_value_triple_escape_space (0.00s)
    --- PASS: TestStreamMachine/tag_invalid_missing_separator (0.00s)
    --- PASS: TestStreamMachine/tag_invalid_missing_value (0.00s)
    --- PASS: TestStreamMachine/tag_invalid_unescaped_space (0.00s)
    --- PASS: TestStreamMachine/tag_invalid_unescaped_comma (0.00s)
    --- PASS: TestStreamMachine/tag_invalid_unescaped_equals (0.00s)
    --- PASS: TestStreamMachine/timestamp_negative (0.00s)
    --- PASS: TestStreamMachine/timestamp_zero (0.00s)
    --- PASS: TestStreamMachine/multiline (0.00s)
    --- PASS: TestStreamMachine/error_recovery (0.00s)
    --- PASS: TestStreamMachine/line_whitespace (0.00s)
    --- PASS: TestStreamMachine/leading_newline (0.00s)
    --- PASS: TestStreamMachine/invalid_missing_field_value (0.00s)
    --- PASS: TestStreamMachine/invalid_eof_field_key (0.00s)
    --- PASS: TestStreamMachine/invalid_measurement_only (0.00s)
    --- PASS: TestStreamMachine/invalid_measurement_char (0.00s)
    --- PASS: TestStreamMachine/invalid_missing_tag (0.00s)
    --- PASS: TestStreamMachine/invalid_missing_field (0.00s)
    --- PASS: TestStreamMachine/invalid_too_many_fields (0.00s)
    --- PASS: TestStreamMachine/invalid_timestamp_too_long (0.00s)
    --- PASS: TestStreamMachine/invalid_open_string_field (0.00s)
    --- PASS: TestStreamMachine/invalid_field_value (0.00s)
    --- PASS: TestStreamMachine/invalid_quoted_timestamp (0.00s)
    --- PASS: TestStreamMachine/comment_only (0.00s)
    --- PASS: TestStreamMachine/commented_line (0.00s)
    --- PASS: TestStreamMachine/middle_comment (0.00s)
    --- PASS: TestStreamMachine/end_with_comment (0.00s)
    --- PASS: TestStreamMachine/end_with_comment_and_whitespace (0.00s)
    --- PASS: TestStreamMachine/unicode (0.00s)
=== RUN   TestStreamMachinePosition
=== RUN   TestStreamMachinePosition/empty_string
=== RUN   TestStreamMachinePosition/minimal
=== RUN   TestStreamMachinePosition/one_newline
=== RUN   TestStreamMachinePosition/several_newlines
=== RUN   TestStreamMachinePosition/error_on_second_line
=== RUN   TestStreamMachinePosition/error_after_comment_line
=== RUN   TestStreamMachinePosition/dos_line_endings
=== RUN   TestStreamMachinePosition/mac_line_endings_not_supported
--- PASS: TestStreamMachinePosition (0.00s)
    --- PASS: TestStreamMachinePosition/empty_string (0.00s)
    --- PASS: TestStreamMachinePosition/minimal (0.00s)
    --- PASS: TestStreamMachinePosition/one_newline (0.00s)
    --- PASS: TestStreamMachinePosition/several_newlines (0.00s)
    --- PASS: TestStreamMachinePosition/error_on_second_line (0.00s)
    --- PASS: TestStreamMachinePosition/error_after_comment_line (0.00s)
    --- PASS: TestStreamMachinePosition/dos_line_endings (0.00s)
    --- PASS: TestStreamMachinePosition/mac_line_endings_not_supported (0.00s)
PASS
ok  	github.com/influxdata/telegraf/plugins/parsers/influx	0.932s
=== RUN   TestParser
=== RUN   TestParser/minimal
=== RUN   TestParser/minimal_with_newline
=== RUN   TestParser/measurement_escape_space
=== RUN   TestParser/measurement_escape_comma
=== RUN   TestParser/tags
=== RUN   TestParser/tags_escape_unescapable
=== RUN   TestParser/tags_escape_equals
=== RUN   TestParser/tags_escape_comma
=== RUN   TestParser/tag_value_escape_space
=== RUN   TestParser/tag_value_double_escape_space
=== RUN   TestParser/tag_value_triple_escape_space
=== RUN   TestParser/field_key_escape_not_escapable
=== RUN   TestParser/field_key_escape_equals
=== RUN   TestParser/field_key_escape_comma
=== RUN   TestParser/field_key_escape_space
=== RUN   TestParser/field_int
=== RUN   TestParser/field_int_overflow
=== RUN   TestParser/field_int_max_value
=== RUN   TestParser/field_uint
=== RUN   TestParser/field_uint_overflow
=== RUN   TestParser/field_uint_max_value
=== RUN   TestParser/field_boolean
=== RUN   TestParser/field_string
=== RUN   TestParser/field_string_escape_quote
=== RUN   TestParser/field_string_escape_backslash
=== RUN   TestParser/field_string_newline
=== RUN   TestParser/no_timestamp
=== RUN   TestParser/no_timestamp#01
=== RUN   TestParser/multiple_lines
=== RUN   TestParser/invalid_measurement_only
=== RUN   TestParser/procstat
--- PASS: TestParser (0.00s)
    --- PASS: TestParser/minimal (0.00s)
    --- PASS: TestParser/minimal_with_newline (0.00s)
    --- PASS: TestParser/measurement_escape_space (0.00s)
    --- PASS: TestParser/measurement_escape_comma (0.00s)
    --- PASS: TestParser/tags (0.00s)
    --- PASS: TestParser/tags_escape_unescapable (0.00s)
    --- PASS: TestParser/tags_escape_equals (0.00s)
    --- PASS: TestParser/tags_escape_comma (0.00s)
    --- PASS: TestParser/tag_value_escape_space (0.00s)
    --- PASS: TestParser/tag_value_double_escape_space (0.00s)
    --- PASS: TestParser/tag_value_triple_escape_space (0.00s)
    --- PASS: TestParser/field_key_escape_not_escapable (0.00s)
    --- PASS: TestParser/field_key_escape_equals (0.00s)
    --- PASS: TestParser/field_key_escape_comma (0.00s)
    --- PASS: TestParser/field_key_escape_space (0.00s)
    --- PASS: TestParser/field_int (0.00s)
    --- PASS: TestParser/field_int_overflow (0.00s)
    --- PASS: TestParser/field_int_max_value (0.00s)
    --- PASS: TestParser/field_uint (0.00s)
    --- PASS: TestParser/field_uint_overflow (0.00s)
    --- PASS: TestParser/field_uint_max_value (0.00s)
    --- PASS: TestParser/field_boolean (0.00s)
    --- PASS: TestParser/field_string (0.00s)
    --- PASS: TestParser/field_string_escape_quote (0.00s)
    --- PASS: TestParser/field_string_escape_backslash (0.00s)
    --- PASS: TestParser/field_string_newline (0.00s)
    --- PASS: TestParser/no_timestamp (0.00s)
    --- PASS: TestParser/no_timestamp#01 (0.00s)
    --- PASS: TestParser/multiple_lines (0.00s)
    --- PASS: TestParser/invalid_measurement_only (0.00s)
    --- PASS: TestParser/procstat (0.00s)
=== RUN   TestStreamParser
=== RUN   TestStreamParser/minimal
=== RUN   TestStreamParser/minimal_with_newline
=== RUN   TestStreamParser/measurement_escape_space
=== RUN   TestStreamParser/measurement_escape_comma
=== RUN   TestStreamParser/tags
=== RUN   TestStreamParser/tags_escape_unescapable
=== RUN   TestStreamParser/tags_escape_equals
=== RUN   TestStreamParser/tags_escape_comma
=== RUN   TestStreamParser/tag_value_escape_space
=== RUN   TestStreamParser/tag_value_double_escape_space
=== RUN   TestStreamParser/tag_value_triple_escape_space
=== RUN   TestStreamParser/field_key_escape_not_escapable
=== RUN   TestStreamParser/field_key_escape_equals
=== RUN   TestStreamParser/field_key_escape_comma
=== RUN   TestStreamParser/field_key_escape_space
=== RUN   TestStreamParser/field_int
=== RUN   TestStreamParser/field_int_overflow
=== RUN   TestStreamParser/field_int_max_value
=== RUN   TestStreamParser/field_uint
=== RUN   TestStreamParser/field_uint_overflow
=== RUN   TestStreamParser/field_uint_max_value
=== RUN   TestStreamParser/field_boolean
=== RUN   TestStreamParser/field_string
=== RUN   TestStreamParser/field_string_escape_quote
=== RUN   TestStreamParser/field_string_escape_backslash
=== RUN   TestStreamParser/field_string_newline
=== RUN   TestStreamParser/no_timestamp
=== RUN   TestStreamParser/no_timestamp#01
=== RUN   TestStreamParser/multiple_lines
=== RUN   TestStreamParser/invalid_measurement_only
=== RUN   TestStreamParser/procstat
--- PASS: TestStreamParser (0.00s)
    --- PASS: TestStreamParser/minimal (0.00s)
    --- PASS: TestStreamParser/minimal_with_newline (0.00s)
    --- PASS: TestStreamParser/measurement_escape_space (0.00s)
    --- PASS: TestStreamParser/measurement_escape_comma (0.00s)
    --- PASS: TestStreamParser/tags (0.00s)
    --- PASS: TestStreamParser/tags_escape_unescapable (0.00s)
    --- PASS: TestStreamParser/tags_escape_equals (0.00s)
    --- PASS: TestStreamParser/tags_escape_comma (0.00s)
    --- PASS: TestStreamParser/tag_value_escape_space (0.00s)
    --- PASS: TestStreamParser/tag_value_double_escape_space (0.00s)
    --- PASS: TestStreamParser/tag_value_triple_escape_space (0.00s)
    --- PASS: TestStreamParser/field_key_escape_not_escapable (0.00s)
    --- PASS: TestStreamParser/field_key_escape_equals (0.00s)
    --- PASS: TestStreamParser/field_key_escape_comma (0.00s)
    --- PASS: TestStreamParser/field_key_escape_space (0.00s)
    --- PASS: TestStreamParser/field_int (0.00s)
    --- PASS: TestStreamParser/field_int_overflow (0.00s)
    --- PASS: TestStreamParser/field_int_max_value (0.00s)
    --- PASS: TestStreamParser/field_uint (0.00s)
    --- PASS: TestStreamParser/field_uint_overflow (0.00s)
    --- PASS: TestStreamParser/field_uint_max_value (0.00s)
    --- PASS: TestStreamParser/field_boolean (0.00s)
    --- PASS: TestStreamParser/field_string (0.00s)
    --- PASS: TestStreamParser/field_string_escape_quote (0.00s)
    --- PASS: TestStreamParser/field_string_escape_backslash (0.00s)
    --- PASS: TestStreamParser/field_string_newline (0.00s)
    --- PASS: TestStreamParser/no_timestamp (0.00s)
    --- PASS: TestStreamParser/no_timestamp#01 (0.00s)
    --- PASS: TestStreamParser/multiple_lines (0.00s)
    --- PASS: TestStreamParser/invalid_measurement_only (0.00s)
    --- PASS: TestStreamParser/procstat (0.00s)
=== RUN   TestSeriesParser
=== RUN   TestSeriesParser/empty
=== RUN   TestSeriesParser/minimal
=== RUN   TestSeriesParser/tags
=== RUN   TestSeriesParser/missing_tag_value
=== RUN   TestSeriesParser/error_with_carriage_return_in_long_line
--- PASS: TestSeriesParser (0.00s)
    --- PASS: TestSeriesParser/empty (0.00s)
    --- PASS: TestSeriesParser/minimal (0.00s)
    --- PASS: TestSeriesParser/tags (0.00s)
    --- PASS: TestSeriesParser/missing_tag_value (0.00s)
    --- PASS: TestSeriesParser/error_with_carriage_return_in_long_line (0.00s)
=== RUN   TestParserTimestampPrecision
=== RUN   TestParserTimestampPrecision/default_-_nanosecond
=== RUN   TestParserTimestampPrecision/nanosecond
=== RUN   TestParserTimestampPrecision/microsecond
=== RUN   TestParserTimestampPrecision/millisecond
=== RUN   TestParserTimestampPrecision/second
--- PASS: TestParserTimestampPrecision (0.00s)
    --- PASS: TestParserTimestampPrecision/default_-_nanosecond (0.00s)
    --- PASS: TestParserTimestampPrecision/nanosecond (0.00s)
    --- PASS: TestParserTimestampPrecision/microsecond (0.00s)
    --- PASS: TestParserTimestampPrecision/millisecond (0.00s)
    --- PASS: TestParserTimestampPrecision/second (0.00s)
=== RUN   TestParserInvalidTimestampPrecision
--- PASS: TestParserInvalidTimestampPrecision (0.00s)
=== RUN   TestParserErrorString
=== RUN   TestParserErrorString/multiple_line_error
=== RUN   TestParserErrorString/handler_error
=== RUN   TestParserErrorString/buffer_too_long
=== RUN   TestParserErrorString/multiple_line_error#01
--- PASS: TestParserErrorString (0.00s)
    --- PASS: TestParserErrorString/multiple_line_error (0.00s)
    --- PASS: TestParserErrorString/handler_error (0.00s)
    --- PASS: TestParserErrorString/buffer_too_long (0.00s)
    --- PASS: TestParserErrorString/multiple_line_error#01 (0.00s)
=== RUN   TestStreamParserErrorString
=== RUN   TestStreamParserErrorString/multiple_line_error
=== RUN   TestStreamParserErrorString/handler_error
=== RUN   TestStreamParserErrorString/buffer_too_long
=== RUN   TestStreamParserErrorString/multiple_errors
--- PASS: TestStreamParserErrorString (0.00s)
    --- PASS: TestStreamParserErrorString/multiple_line_error (0.00s)
    --- PASS: TestStreamParserErrorString/handler_error (0.00s)
    --- PASS: TestStreamParserErrorString/buffer_too_long (0.00s)
    --- PASS: TestStreamParserErrorString/multiple_errors (0.00s)
=== RUN   TestStreamParserReaderError
--- PASS: TestStreamParserReaderError (0.00s)
=== RUN   TestStreamParserProducesAllAvailableMetrics
--- PASS: TestStreamParserProducesAllAvailableMetrics (0.00s)
=== RUN   TestBenchmarkData
--- PASS: TestBenchmarkData (0.00s)
PASS
ok  	github.com/influxdata/telegraf/plugins/parsers/influx/influx_upstream	0.967s
=== RUN   TestParseValidJSON
--- PASS: TestParseValidJSON (0.00s)
=== RUN   TestParseLineValidJSON
--- PASS: TestParseLineValidJSON (0.00s)
=== RUN   TestParseInvalidJSON
--- PASS: TestParseInvalidJSON (0.00s)
=== RUN   TestParseJSONImplicitStrictness
--- PASS: TestParseJSONImplicitStrictness (0.00s)
=== RUN   TestParseJSONExplicitStrictnessFalse
--- PASS: TestParseJSONExplicitStrictnessFalse (0.00s)
=== RUN   TestParseJSONExplicitStrictnessTrue
--- PASS: TestParseJSONExplicitStrictnessTrue (0.00s)
=== RUN   TestParseWithTagKeys
--- PASS: TestParseWithTagKeys (0.00s)
=== RUN   TestParseLineWithTagKeys
--- PASS: TestParseLineWithTagKeys (0.00s)
=== RUN   TestParseValidJSONDefaultTags
--- PASS: TestParseValidJSONDefaultTags (0.00s)
=== RUN   TestParseValidJSONDefaultTagsOverride
--- PASS: TestParseValidJSONDefaultTagsOverride (0.00s)
=== RUN   TestParseValidJSONArray
--- PASS: TestParseValidJSONArray (0.00s)
=== RUN   TestParseArrayWithTagKeys
--- PASS: TestParseArrayWithTagKeys (0.00s)
=== RUN   TestHttpJsonBOM
--- PASS: TestHttpJsonBOM (0.00s)
=== RUN   TestJSONParseNestedArray
--- PASS: TestJSONParseNestedArray (0.00s)
=== RUN   TestJSONQueryErrorOnArray
--- PASS: TestJSONQueryErrorOnArray (0.00s)
=== RUN   TestArrayOfObjects
--- PASS: TestArrayOfObjects (0.00s)
=== RUN   TestUseCaseJSONQuery
--- PASS: TestUseCaseJSONQuery (0.00s)
=== RUN   TestTimeParser
2025/02/19 21:38:09 W! Your config is using abbreviated timezones and parsing was changed in v1.27.0!
		Please see the change log, remove any workarounds in place, and carefully
		check your data timestamps! If case you experience any problems, please
		file an issue on https://github.com/influxdata/telegraf/issues!
--- PASS: TestTimeParser (0.00s)
=== RUN   TestTimeParserWithTimezone
--- PASS: TestTimeParserWithTimezone (0.00s)
=== RUN   TestUnixTimeParser
--- PASS: TestUnixTimeParser (0.00s)
=== RUN   TestUnixMsTimeParser
--- PASS: TestUnixMsTimeParser (0.00s)
=== RUN   TestTimeErrors
--- PASS: TestTimeErrors (0.00s)
=== RUN   TestShareTimestamp
--- PASS: TestShareTimestamp (0.00s)
=== RUN   TestNameKey
--- PASS: TestNameKey (0.00s)
=== RUN   TestParseArrayWithWrongType
--- PASS: TestParseArrayWithWrongType (0.00s)
=== RUN   TestParse
=== RUN   TestParse/tag_keys_with_underscore_issue_6705
=== RUN   TestParse/parse_empty_array
=== RUN   TestParse/parse_null
=== RUN   TestParse/parse_null_with_query
=== RUN   TestParse/parse_simple_array
=== RUN   TestParse/string_field_glob
=== RUN   TestParse/time_key_is_deleted_from_fields
--- PASS: TestParse (0.00s)
    --- PASS: TestParse/tag_keys_with_underscore_issue_6705 (0.00s)
    --- PASS: TestParse/parse_empty_array (0.00s)
    --- PASS: TestParse/parse_null (0.00s)
    --- PASS: TestParse/parse_null_with_query (0.00s)
    --- PASS: TestParse/parse_simple_array (0.00s)
    --- PASS: TestParse/string_field_glob (0.00s)
    --- PASS: TestParse/time_key_is_deleted_from_fields (0.00s)
=== RUN   TestParseWithWildcardTagKeys
=== RUN   TestParseWithWildcardTagKeys/wildcard_matching_with_tags_nested_within_object
=== RUN   TestParseWithWildcardTagKeys/wildcard_matching_with_keys_containing_tag
=== RUN   TestParseWithWildcardTagKeys/strings_not_matching_tag_keys_are_still_also_ignored
=== RUN   TestParseWithWildcardTagKeys/single_tag_key_is_also_found_and_applied
--- PASS: TestParseWithWildcardTagKeys (0.00s)
    --- PASS: TestParseWithWildcardTagKeys/wildcard_matching_with_tags_nested_within_object (0.00s)
    --- PASS: TestParseWithWildcardTagKeys/wildcard_matching_with_keys_containing_tag (0.00s)
    --- PASS: TestParseWithWildcardTagKeys/strings_not_matching_tag_keys_are_still_also_ignored (0.00s)
    --- PASS: TestParseWithWildcardTagKeys/single_tag_key_is_also_found_and_applied (0.00s)
=== RUN   TestParseLineWithWildcardTagKeys
=== RUN   TestParseLineWithWildcardTagKeys/wildcard_matching_with_tags_nested_within_object
=== RUN   TestParseLineWithWildcardTagKeys/wildcard_matching_with_keys_containing_tag
=== RUN   TestParseLineWithWildcardTagKeys/strings_not_matching_tag_keys_are_ignored
=== RUN   TestParseLineWithWildcardTagKeys/single_tag_key_is_also_found_and_applied
--- PASS: TestParseLineWithWildcardTagKeys (0.00s)
    --- PASS: TestParseLineWithWildcardTagKeys/wildcard_matching_with_tags_nested_within_object (0.00s)
    --- PASS: TestParseLineWithWildcardTagKeys/wildcard_matching_with_keys_containing_tag (0.00s)
    --- PASS: TestParseLineWithWildcardTagKeys/strings_not_matching_tag_keys_are_ignored (0.00s)
    --- PASS: TestParseLineWithWildcardTagKeys/single_tag_key_is_also_found_and_applied (0.00s)
=== RUN   TestParseArrayWithWildcardTagKeys
=== RUN   TestParseArrayWithWildcardTagKeys/wildcard_matching_with_keys_containing_tag_within_array_works
=== RUN   TestParseArrayWithWildcardTagKeys/_wildcard_matching_with_tags_nested_array_within_object_works
=== RUN   TestParseArrayWithWildcardTagKeys/strings_not_matching_tag_keys_are_still_also_ignored
=== RUN   TestParseArrayWithWildcardTagKeys/single_tag_key_is_also_found_and_applied
--- PASS: TestParseArrayWithWildcardTagKeys (0.00s)
    --- PASS: TestParseArrayWithWildcardTagKeys/wildcard_matching_with_keys_containing_tag_within_array_works (0.00s)
    --- PASS: TestParseArrayWithWildcardTagKeys/_wildcard_matching_with_tags_nested_array_within_object_works (0.00s)
    --- PASS: TestParseArrayWithWildcardTagKeys/strings_not_matching_tag_keys_are_still_also_ignored (0.00s)
    --- PASS: TestParseArrayWithWildcardTagKeys/single_tag_key_is_also_found_and_applied (0.00s)
=== RUN   TestBenchmarkData
--- PASS: TestBenchmarkData (0.00s)
=== RUN   FuzzParserJSON
=== RUN   FuzzParserJSON/seed#0
=== RUN   FuzzParserJSON/seed#1
=== RUN   FuzzParserJSON/seed#2
=== RUN   FuzzParserJSON/seed#3
=== RUN   FuzzParserJSON/seed#4
=== RUN   FuzzParserJSON/seed#5
=== RUN   FuzzParserJSON/seed#6
=== RUN   FuzzParserJSON/seed#7
=== RUN   FuzzParserJSON/seed#8
=== RUN   FuzzParserJSON/seed#9
=== RUN   FuzzParserJSON/seed#10
=== RUN   FuzzParserJSON/seed#11
=== RUN   FuzzParserJSON/seed#12
=== RUN   FuzzParserJSON/seed#13
=== RUN   FuzzParserJSON/seed#14
=== RUN   FuzzParserJSON/seed#15
=== RUN   FuzzParserJSON/seed#16
=== RUN   FuzzParserJSON/seed#17
=== RUN   FuzzParserJSON/seed#18
=== RUN   FuzzParserJSON/seed#19
=== RUN   FuzzParserJSON/seed#20
=== RUN   FuzzParserJSON/seed#21
=== RUN   FuzzParserJSON/seed#22
=== RUN   FuzzParserJSON/seed#23
=== RUN   FuzzParserJSON/seed#24
=== RUN   FuzzParserJSON/seed#25
=== RUN   FuzzParserJSON/seed#26
=== RUN   FuzzParserJSON/seed#27
=== RUN   FuzzParserJSON/seed#28
=== RUN   FuzzParserJSON/seed#29
=== RUN   FuzzParserJSON/seed#30
=== RUN   FuzzParserJSON/seed#31
=== RUN   FuzzParserJSON/seed#32
=== RUN   FuzzParserJSON/seed#33
=== RUN   FuzzParserJSON/seed#34
=== RUN   FuzzParserJSON/seed#35
=== RUN   FuzzParserJSON/seed#36
=== RUN   FuzzParserJSON/seed#37
=== RUN   FuzzParserJSON/seed#38
=== RUN   FuzzParserJSON/seed#39
=== RUN   FuzzParserJSON/seed#40
=== RUN   FuzzParserJSON/seed#41
=== RUN   FuzzParserJSON/seed#42
--- PASS: FuzzParserJSON (0.00s)
    --- PASS: FuzzParserJSON/seed#0 (0.00s)
    --- PASS: FuzzParserJSON/seed#1 (0.00s)
    --- PASS: FuzzParserJSON/seed#2 (0.00s)
    --- PASS: FuzzParserJSON/seed#3 (0.00s)
    --- PASS: FuzzParserJSON/seed#4 (0.00s)
    --- PASS: FuzzParserJSON/seed#5 (0.00s)
    --- PASS: FuzzParserJSON/seed#6 (0.00s)
    --- PASS: FuzzParserJSON/seed#7 (0.00s)
    --- PASS: FuzzParserJSON/seed#8 (0.00s)
    --- PASS: FuzzParserJSON/seed#9 (0.00s)
    --- PASS: FuzzParserJSON/seed#10 (0.00s)
    --- PASS: FuzzParserJSON/seed#11 (0.00s)
    --- PASS: FuzzParserJSON/seed#12 (0.00s)
    --- PASS: FuzzParserJSON/seed#13 (0.00s)
    --- PASS: FuzzParserJSON/seed#14 (0.00s)
    --- PASS: FuzzParserJSON/seed#15 (0.00s)
    --- PASS: FuzzParserJSON/seed#16 (0.00s)
    --- PASS: FuzzParserJSON/seed#17 (0.00s)
    --- PASS: FuzzParserJSON/seed#18 (0.00s)
    --- PASS: FuzzParserJSON/seed#19 (0.00s)
    --- PASS: FuzzParserJSON/seed#20 (0.00s)
    --- PASS: FuzzParserJSON/seed#21 (0.00s)
    --- PASS: FuzzParserJSON/seed#22 (0.00s)
    --- PASS: FuzzParserJSON/seed#23 (0.00s)
    --- PASS: FuzzParserJSON/seed#24 (0.00s)
    --- PASS: FuzzParserJSON/seed#25 (0.00s)
    --- PASS: FuzzParserJSON/seed#26 (0.00s)
    --- PASS: FuzzParserJSON/seed#27 (0.00s)
    --- PASS: FuzzParserJSON/seed#28 (0.00s)
    --- PASS: FuzzParserJSON/seed#29 (0.00s)
    --- PASS: FuzzParserJSON/seed#30 (0.00s)
    --- PASS: FuzzParserJSON/seed#31 (0.00s)
    --- PASS: FuzzParserJSON/seed#32 (0.00s)
    --- PASS: FuzzParserJSON/seed#33 (0.00s)
    --- PASS: FuzzParserJSON/seed#34 (0.00s)
    --- PASS: FuzzParserJSON/seed#35 (0.00s)
    --- PASS: FuzzParserJSON/seed#36 (0.00s)
    --- PASS: FuzzParserJSON/seed#37 (0.00s)
    --- PASS: FuzzParserJSON/seed#38 (0.00s)
    --- PASS: FuzzParserJSON/seed#39 (0.00s)
    --- PASS: FuzzParserJSON/seed#40 (0.00s)
    --- PASS: FuzzParserJSON/seed#41 (0.00s)
    --- PASS: FuzzParserJSON/seed#42 (0.00s)
PASS
ok  	github.com/influxdata/telegraf/plugins/parsers/json	1.156s
=== RUN   TestMultipleConfigs
=== RUN   TestMultipleConfigs/10670
2025-02-19T20:38:10Z I! Loading config: testdata/10670/telegraf.conf
=== RUN   TestMultipleConfigs/array_of_objects
2025-02-19T20:38:10Z I! Loading config: testdata/array_of_objects/telegraf.conf
=== RUN   TestMultipleConfigs/benchmark
2025-02-19T20:38:10Z I! Loading config: testdata/benchmark/telegraf.conf
=== RUN   TestMultipleConfigs/complex_nesting
2025-02-19T20:38:10Z I! Loading config: testdata/complex_nesting/telegraf.conf
=== RUN   TestMultipleConfigs/fields_and_tags
2025-02-19T20:38:10Z I! Loading config: testdata/fields_and_tags/telegraf.conf
=== RUN   TestMultipleConfigs/fields_and_tags_complex
2025-02-19T20:38:10Z I! Loading config: testdata/fields_and_tags_complex/telegraf.conf
=== RUN   TestMultipleConfigs/large_numbers
2025-02-19T20:38:10Z I! Loading config: testdata/large_numbers/telegraf.conf
=== RUN   TestMultipleConfigs/measurement_name_int
2025-02-19T20:38:10Z I! Loading config: testdata/measurement_name_int/telegraf.conf
=== RUN   TestMultipleConfigs/mix_field_and_object
2025-02-19T20:38:10Z I! Loading config: testdata/mix_field_and_object/telegraf.conf
=== RUN   TestMultipleConfigs/multiple_arrays_in_object
2025-02-19T20:38:10Z I! Loading config: testdata/multiple_arrays_in_object/telegraf.conf
=== RUN   TestMultipleConfigs/multiple_json_input
2025-02-19T20:38:10Z I! Loading config: testdata/multiple_json_input/telegraf.conf
=== RUN   TestMultipleConfigs/multiple_timestamps
2025-02-19T20:38:10Z I! Loading config: testdata/multiple_timestamps/telegraf.conf
=== RUN   TestMultipleConfigs/nested_and_nonnested_tags
2025-02-19T20:38:10Z I! Loading config: testdata/nested_and_nonnested_tags/telegraf.conf
=== RUN   TestMultipleConfigs/nested_array_of_objects
2025-02-19T20:38:10Z I! Loading config: testdata/nested_array_of_objects/telegraf.conf
=== RUN   TestMultipleConfigs/nested_objects_optional
2025-02-19T20:38:10Z I! Loading config: testdata/nested_objects_optional/telegraf.conf
=== RUN   TestMultipleConfigs/nested_tags
2025-02-19T20:38:10Z I! Loading config: testdata/nested_tags/telegraf.conf
=== RUN   TestMultipleConfigs/nested_tags_complex
2025-02-19T20:38:10Z I! Loading config: testdata/nested_tags_complex/telegraf.conf
=== RUN   TestMultipleConfigs/null
2025-02-19T20:38:10Z I! Loading config: testdata/null/telegraf.conf
=== RUN   TestMultipleConfigs/object
2025-02-19T20:38:10Z I! Loading config: testdata/object/telegraf.conf
=== RUN   TestMultipleConfigs/object_timestamp
2025-02-19T20:38:10Z I! Loading config: testdata/object_timestamp/telegraf.conf
=== RUN   TestMultipleConfigs/optional
2025-02-19T20:38:10Z I! Loading config: testdata/optional/telegraf.conf
=== RUN   TestMultipleConfigs/optional_objects
2025-02-19T20:38:10Z I! Loading config: testdata/optional_objects/telegraf.conf
=== RUN   TestMultipleConfigs/subfieldtag_in_object
2025-02-19T20:38:10Z I! Loading config: testdata/subfieldtag_in_object/telegraf.conf
=== RUN   TestMultipleConfigs/subfieldtag_in_object_2
2025-02-19T20:38:10Z I! Loading config: testdata/subfieldtag_in_object_2/telegraf.conf
=== RUN   TestMultipleConfigs/timestamp
2025-02-19T20:38:10Z I! Loading config: testdata/timestamp/telegraf.conf
=== RUN   TestMultipleConfigs/timestamp_ns
2025-02-19T20:38:10Z I! Loading config: testdata/timestamp_ns/telegraf.conf
=== RUN   TestMultipleConfigs/timestamp_rfc3339
2025-02-19T20:38:10Z I! Loading config: testdata/timestamp_rfc3339/telegraf.conf
=== RUN   TestMultipleConfigs/types
2025-02-19T20:38:10Z I! Loading config: testdata/types/telegraf.conf
=== RUN   TestMultipleConfigs/wrong_path
2025-02-19T20:38:10Z I! Loading config: testdata/wrong_path/telegraf.conf
--- PASS: TestMultipleConfigs (0.09s)
    --- PASS: TestMultipleConfigs/10670 (0.00s)
    --- PASS: TestMultipleConfigs/array_of_objects (0.01s)
    --- PASS: TestMultipleConfigs/benchmark (0.00s)
    --- PASS: TestMultipleConfigs/complex_nesting (0.00s)
    --- PASS: TestMultipleConfigs/fields_and_tags (0.00s)
    --- PASS: TestMultipleConfigs/fields_and_tags_complex (0.00s)
    --- PASS: TestMultipleConfigs/large_numbers (0.00s)
    --- PASS: TestMultipleConfigs/measurement_name_int (0.01s)
    --- PASS: TestMultipleConfigs/mix_field_and_object (0.00s)
    --- PASS: TestMultipleConfigs/multiple_arrays_in_object (0.00s)
    --- PASS: TestMultipleConfigs/multiple_json_input (0.01s)
    --- PASS: TestMultipleConfigs/multiple_timestamps (0.00s)
    --- PASS: TestMultipleConfigs/nested_and_nonnested_tags (0.01s)
    --- PASS: TestMultipleConfigs/nested_array_of_objects (0.00s)
    --- PASS: TestMultipleConfigs/nested_objects_optional (0.00s)
    --- PASS: TestMultipleConfigs/nested_tags (0.00s)
    --- PASS: TestMultipleConfigs/nested_tags_complex (0.01s)
    --- PASS: TestMultipleConfigs/null (0.00s)
    --- PASS: TestMultipleConfigs/object (0.00s)
    --- PASS: TestMultipleConfigs/object_timestamp (0.00s)
    --- PASS: TestMultipleConfigs/optional (0.00s)
    --- PASS: TestMultipleConfigs/optional_objects (0.00s)
    --- PASS: TestMultipleConfigs/subfieldtag_in_object (0.00s)
    --- PASS: TestMultipleConfigs/subfieldtag_in_object_2 (0.00s)
    --- PASS: TestMultipleConfigs/timestamp (0.00s)
    --- PASS: TestMultipleConfigs/timestamp_ns (0.00s)
    --- PASS: TestMultipleConfigs/timestamp_rfc3339 (0.00s)
    --- PASS: TestMultipleConfigs/types (0.01s)
    --- PASS: TestMultipleConfigs/wrong_path (0.00s)
=== RUN   TestParserEmptyConfig
--- PASS: TestParserEmptyConfig (0.00s)
PASS
ok  	github.com/influxdata/telegraf/plugins/parsers/json_v2	0.973s
=== RUN   TestParse
=== RUN   TestParse/no_bytes_returns_no_metrics
=== RUN   TestParse/test_without_trailing_end
=== RUN   TestParse/test_with_trailing_end
=== RUN   TestParse/logfmt_parser_returns_all_the_fields
=== RUN   TestParse/logfmt_parser_parses_every_line
=== RUN   TestParse/keys_without_=_or_values_are_ignored
=== RUN   TestParse/keys_without_values_are_ignored
=== RUN   TestParse/unterminated_quote_produces_error
=== RUN   TestParse/malformed_key
--- PASS: TestParse (0.00s)
    --- PASS: TestParse/no_bytes_returns_no_metrics (0.00s)
    --- PASS: TestParse/test_without_trailing_end (0.00s)
    --- PASS: TestParse/test_with_trailing_end (0.00s)
    --- PASS: TestParse/logfmt_parser_returns_all_the_fields (0.00s)
    --- PASS: TestParse/logfmt_parser_parses_every_line (0.00s)
    --- PASS: TestParse/keys_without_=_or_values_are_ignored (0.00s)
    --- PASS: TestParse/keys_without_values_are_ignored (0.00s)
    --- PASS: TestParse/unterminated_quote_produces_error (0.00s)
    --- PASS: TestParse/malformed_key (0.00s)
=== RUN   TestParseLine
=== RUN   TestParseLine/No_Metric_In_line
=== RUN   TestParseLine/Log_parser_fmt_returns_all_fields
=== RUN   TestParseLine/ParseLine_only_returns_metrics_from_first_string
--- PASS: TestParseLine (0.00s)
    --- PASS: TestParseLine/No_Metric_In_line (0.00s)
    --- PASS: TestParseLine/Log_parser_fmt_returns_all_fields (0.00s)
    --- PASS: TestParseLine/ParseLine_only_returns_metrics_from_first_string (0.00s)
=== RUN   TestTags
=== RUN   TestTags/logfmt_parser_returns_tags_and_fields
=== RUN   TestTags/logfmt_parser_returns_no_empty_metrics
=== RUN   TestTags/logfmt_parser_returns_all_keys_as_tag
--- PASS: TestTags (0.00s)
    --- PASS: TestTags/logfmt_parser_returns_tags_and_fields (0.00s)
    --- PASS: TestTags/logfmt_parser_returns_no_empty_metrics (0.00s)
    --- PASS: TestTags/logfmt_parser_returns_all_keys_as_tag (0.00s)
=== RUN   TestBenchmarkData
--- PASS: TestBenchmarkData (0.00s)
PASS
ok  	github.com/influxdata/telegraf/plugins/parsers/logfmt	1.366s
=== RUN   TestGetExitCode
=== RUN   TestGetExitCode/nil_error_passed_is_ok
=== RUN   TestGetExitCode/unexpected_error_type
--- PASS: TestGetExitCode (0.00s)
    --- PASS: TestGetExitCode/nil_error_passed_is_ok (0.00s)
    --- PASS: TestGetExitCode/unexpected_error_type (0.00s)
=== RUN   TestTryAddState
=== RUN   TestTryAddState/should_append_state=0_field_to_existing_metric
=== RUN   TestTryAddState/should_create_'nagios_state_state=0'_and_same_timestamp_as_others
=== RUN   TestTryAddState/should_create_'nagios_state_state=0'_and_recent_timestamp
=== RUN   TestTryAddState/should_return_metrics_with_state_unknown_and_thrown_error_is_service_output
=== RUN   TestTryAddState/should_return_metrics_with_state_unknown_and_service_output_error_from_error_message_parameter
--- PASS: TestTryAddState (0.00s)
    --- PASS: TestTryAddState/should_append_state=0_field_to_existing_metric (0.00s)
    --- PASS: TestTryAddState/should_create_'nagios_state_state=0'_and_same_timestamp_as_others (0.00s)
    --- PASS: TestTryAddState/should_create_'nagios_state_state=0'_and_recent_timestamp (0.00s)
    --- PASS: TestTryAddState/should_return_metrics_with_state_unknown_and_thrown_error_is_service_output (0.00s)
    --- PASS: TestTryAddState/should_return_metrics_with_state_unknown_and_service_output_error_from_error_message_parameter (0.00s)
=== RUN   TestParse
=== RUN   TestParse/valid_output_1
=== RUN   TestParse/valid_output_2
=== RUN   TestParse/valid_output_3
=== RUN   TestParse/valid_output_4
=== RUN   TestParse/no_perf_data
=== RUN   TestParse/malformed_perf_data
=== RUN   TestParse/from_https://assets.nagios.com/downloads/nagioscore/docs/nagioscore/3/en/pluginapi.html
--- PASS: TestParse (0.00s)
    --- PASS: TestParse/valid_output_1 (0.00s)
    --- PASS: TestParse/valid_output_2 (0.00s)
    --- PASS: TestParse/valid_output_3 (0.00s)
    --- PASS: TestParse/valid_output_4 (0.00s)
    --- PASS: TestParse/no_perf_data (0.00s)
    --- PASS: TestParse/malformed_perf_data (0.00s)
    --- PASS: TestParse/from_https://assets.nagios.com/downloads/nagioscore/docs/nagioscore/3/en/pluginapi.html (0.00s)
=== RUN   TestParseThreshold
--- PASS: TestParseThreshold (0.00s)
=== RUN   TestBenchmarkData
--- PASS: TestBenchmarkData (0.00s)
PASS
ok  	github.com/influxdata/telegraf/plugins/parsers/nagios	1.111s
=== RUN   TestCases
=== RUN   TestCases/dovecot_v1
2025-02-19T20:38:11Z I! Loading config: testcases/dovecot/telegraf.conf
=== RUN   TestCases/dovecot_v2
2025-02-19T20:38:11Z I! Loading config: testcases/dovecot/telegraf.conf
=== RUN   TestCases/multiple_v1
2025-02-19T20:38:11Z I! Loading config: testcases/multiple/telegraf.conf
=== RUN   TestCases/multiple_v2
2025-02-19T20:38:11Z I! Loading config: testcases/multiple/telegraf.conf
=== RUN   TestCases/protobuf_v1
2025-02-19T20:38:11Z I! Loading config: testcases/protobuf/telegraf.conf
=== RUN   TestCases/protobuf_v2
2025-02-19T20:38:11Z I! Loading config: testcases/protobuf/telegraf.conf
=== RUN   TestCases/protobuf_infolabels_v1
2025-02-19T20:38:11Z I! Loading config: testcases/protobuf_infolabels/telegraf.conf
=== RUN   TestCases/protobuf_infolabels_v2
2025-02-19T20:38:11Z I! Loading config: testcases/protobuf_infolabels/telegraf.conf
=== RUN   TestCases/valid_counter_v1
2025-02-19T20:38:11Z I! Loading config: testcases/valid_counter/telegraf.conf
=== RUN   TestCases/valid_counter_v2
2025-02-19T20:38:11Z I! Loading config: testcases/valid_counter/telegraf.conf
=== RUN   TestCases/valid_gauge_v1
2025-02-19T20:38:11Z I! Loading config: testcases/valid_gauge/telegraf.conf
=== RUN   TestCases/valid_gauge_v2
2025-02-19T20:38:11Z I! Loading config: testcases/valid_gauge/telegraf.conf
=== RUN   TestCases/valid_gaugehistogram_v1
2025-02-19T20:38:11Z I! Loading config: testcases/valid_gaugehistogram/telegraf.conf
=== RUN   TestCases/valid_gaugehistogram_v2
2025-02-19T20:38:11Z I! Loading config: testcases/valid_gaugehistogram/telegraf.conf
=== RUN   TestCases/valid_histogram_v1
2025-02-19T20:38:11Z I! Loading config: testcases/valid_histogram/telegraf.conf
=== RUN   TestCases/valid_histogram_v2
2025-02-19T20:38:11Z I! Loading config: testcases/valid_histogram/telegraf.conf
=== RUN   TestCases/valid_info_v1
2025-02-19T20:38:11Z I! Loading config: testcases/valid_info/telegraf.conf
=== RUN   TestCases/valid_info_v2
2025-02-19T20:38:11Z I! Loading config: testcases/valid_info/telegraf.conf
=== RUN   TestCases/valid_stateset_v1
2025-02-19T20:38:11Z I! Loading config: testcases/valid_stateset/telegraf.conf
=== RUN   TestCases/valid_stateset_v2
2025-02-19T20:38:11Z I! Loading config: testcases/valid_stateset/telegraf.conf
=== RUN   TestCases/valid_summary_v1
2025-02-19T20:38:11Z I! Loading config: testcases/valid_summary/telegraf.conf
=== RUN   TestCases/valid_summary_v2
2025-02-19T20:38:11Z I! Loading config: testcases/valid_summary/telegraf.conf
=== RUN   TestCases/valid_unknown_v1
2025-02-19T20:38:11Z I! Loading config: testcases/valid_unknown/telegraf.conf
=== RUN   TestCases/valid_unknown_v2
2025-02-19T20:38:11Z I! Loading config: testcases/valid_unknown/telegraf.conf
--- PASS: TestCases (0.07s)
    --- PASS: TestCases/dovecot_v1 (0.01s)
    --- PASS: TestCases/dovecot_v2 (0.01s)
    --- PASS: TestCases/multiple_v1 (0.00s)
    --- PASS: TestCases/multiple_v2 (0.00s)
    --- PASS: TestCases/protobuf_v1 (0.01s)
    --- PASS: TestCases/protobuf_v2 (0.01s)
    --- PASS: TestCases/protobuf_infolabels_v1 (0.00s)
    --- PASS: TestCases/protobuf_infolabels_v2 (0.00s)
    --- PASS: TestCases/valid_counter_v1 (0.00s)
    --- PASS: TestCases/valid_counter_v2 (0.00s)
    --- PASS: TestCases/valid_gauge_v1 (0.00s)
    --- PASS: TestCases/valid_gauge_v2 (0.00s)
    --- PASS: TestCases/valid_gaugehistogram_v1 (0.00s)
    --- PASS: TestCases/valid_gaugehistogram_v2 (0.00s)
    --- PASS: TestCases/valid_histogram_v1 (0.00s)
    --- PASS: TestCases/valid_histogram_v2 (0.00s)
    --- PASS: TestCases/valid_info_v1 (0.00s)
    --- PASS: TestCases/valid_info_v2 (0.00s)
    --- PASS: TestCases/valid_stateset_v1 (0.00s)
    --- PASS: TestCases/valid_stateset_v2 (0.00s)
    --- PASS: TestCases/valid_summary_v1 (0.00s)
    --- PASS: TestCases/valid_summary_v2 (0.00s)
    --- PASS: TestCases/valid_unknown_v1 (0.00s)
    --- PASS: TestCases/valid_unknown_v2 (0.00s)
PASS
ok  	github.com/influxdata/telegraf/plugins/parsers/openmetrics	0.944s
=== RUN   TestParseLine
=== RUN   TestParseLine/minimal_case
=== RUN   TestParseLine/millisecond_timestamp
=== RUN   TestParseLine/floating_point_value
=== RUN   TestParseLine/single_tag
=== RUN   TestParseLine/double_tags
--- PASS: TestParseLine (0.00s)
    --- PASS: TestParseLine/minimal_case (0.00s)
    --- PASS: TestParseLine/millisecond_timestamp (0.00s)
    --- PASS: TestParseLine/floating_point_value (0.00s)
    --- PASS: TestParseLine/single_tag (0.00s)
    --- PASS: TestParseLine/double_tags (0.00s)
=== RUN   TestParse
=== RUN   TestParse/single_line_with_no_newline
=== RUN   TestParse/single_line_with_LF
=== RUN   TestParse/single_line_with_CR+LF
=== RUN   TestParse/double_lines
=== RUN   TestParse/mixed_valid/invalid_input
2025/02/19 21:38:11 E! [] Error parsing "version" as opentsdb: doesn't have required fields
--- PASS: TestParse (0.00s)
    --- PASS: TestParse/single_line_with_no_newline (0.00s)
    --- PASS: TestParse/single_line_with_LF (0.00s)
    --- PASS: TestParse/single_line_with_CR+LF (0.00s)
    --- PASS: TestParse/double_lines (0.00s)
    --- PASS: TestParse/mixed_valid/invalid_input (0.00s)
=== RUN   TestParse_DefaultTags
=== RUN   TestParse_DefaultTags/single_default_tag
=== RUN   TestParse_DefaultTags/double_default_tags
--- PASS: TestParse_DefaultTags (0.00s)
    --- PASS: TestParse_DefaultTags/single_default_tag (0.00s)
    --- PASS: TestParse_DefaultTags/double_default_tags (0.00s)
=== RUN   TestBenchmarkData
--- PASS: TestBenchmarkData (0.00s)
PASS
ok  	github.com/influxdata/telegraf/plugins/parsers/opentsdb	1.102s
=== RUN   TestCases
=== RUN   TestCases/benchmark
2025-02-19T20:38:12Z I! Loading config: testcases/benchmark/telegraf.conf
=== RUN   TestCases/datatypes
2025-02-19T20:38:12Z I! Loading config: testcases/datatypes/telegraf.conf
2025-02-19T20:38:12Z W! Your config is using abbreviated timezones and parsing was changed in v1.27.0!
		Please see the change log, remove any workarounds in place, and carefully
		check your data timestamps! If case you experience any problems, please
		file an issue on https://github.com/influxdata/telegraf/issues!
=== RUN   TestCases/dense
2025-02-19T20:38:12Z I! Loading config: testcases/dense/telegraf.conf
=== RUN   TestCases/empty
2025-02-19T20:38:12Z I! Loading config: testcases/empty/telegraf.conf
=== RUN   TestCases/multitable
2025-02-19T20:38:12Z I! Loading config: testcases/multitable/telegraf.conf
=== RUN   TestCases/sparse
2025-02-19T20:38:12Z I! Loading config: testcases/sparse/telegraf.conf
=== RUN   TestCases/timestamp
2025-02-19T20:38:12Z I! Loading config: testcases/timestamp/telegraf.conf
--- PASS: TestCases (0.02s)
    --- PASS: TestCases/benchmark (0.00s)
    --- PASS: TestCases/datatypes (0.00s)
    --- PASS: TestCases/dense (0.00s)
    --- PASS: TestCases/empty (0.00s)
    --- PASS: TestCases/multitable (0.00s)
    --- PASS: TestCases/sparse (0.00s)
    --- PASS: TestCases/timestamp (0.00s)
PASS
ok  	github.com/influxdata/telegraf/plugins/parsers/parquet	1.262s
=== RUN   TestCases
=== RUN   TestCases/benchmark_v1
2025-02-19T20:38:11Z I! Loading config: testcases/benchmark/telegraf.conf
=== RUN   TestCases/benchmark_v2
2025-02-19T20:38:11Z I! Loading config: testcases/benchmark/telegraf.conf
=== RUN   TestCases/default_tags_v1
2025-02-19T20:38:11Z I! Loading config: testcases/default_tags/telegraf.conf
=== RUN   TestCases/default_tags_v2
2025-02-19T20:38:11Z I! Loading config: testcases/default_tags/telegraf.conf
=== RUN   TestCases/histogram_inf_bucket_v1
2025-02-19T20:38:11Z I! Loading config: testcases/histogram_inf_bucket/telegraf.conf
=== RUN   TestCases/histogram_inf_bucket_v2
2025-02-19T20:38:11Z I! Loading config: testcases/histogram_inf_bucket/telegraf.conf
=== RUN   TestCases/ignore_timestamp_v1
2025-02-19T20:38:11Z I! Loading config: testcases/ignore_timestamp/telegraf.conf
    parser_test.go:83: testing ignore-timestamp case
=== RUN   TestCases/ignore_timestamp_v2
2025-02-19T20:38:11Z I! Loading config: testcases/ignore_timestamp/telegraf.conf
    parser_test.go:144: testing ignore-timestamp case
=== RUN   TestCases/metric_with_timestamp_v1
2025-02-19T20:38:11Z I! Loading config: testcases/metric_with_timestamp/telegraf.conf
=== RUN   TestCases/metric_with_timestamp_v2
2025-02-19T20:38:11Z I! Loading config: testcases/metric_with_timestamp/telegraf.conf
=== RUN   TestCases/protobuf_v1
2025-02-19T20:38:11Z I! Loading config: testcases/protobuf/telegraf.conf
=== RUN   TestCases/protobuf_v2
2025-02-19T20:38:11Z I! Loading config: testcases/protobuf/telegraf.conf
=== RUN   TestCases/valid_counter_v1
2025-02-19T20:38:11Z I! Loading config: testcases/valid_counter/telegraf.conf
=== RUN   TestCases/valid_counter_v2
2025-02-19T20:38:11Z I! Loading config: testcases/valid_counter/telegraf.conf
=== RUN   TestCases/valid_gauge_v1
2025-02-19T20:38:11Z I! Loading config: testcases/valid_gauge/telegraf.conf
=== RUN   TestCases/valid_gauge_v2
2025-02-19T20:38:11Z I! Loading config: testcases/valid_gauge/telegraf.conf
=== RUN   TestCases/valid_histogram_v1
2025-02-19T20:38:11Z I! Loading config: testcases/valid_histogram/telegraf.conf
=== RUN   TestCases/valid_histogram_v2
2025-02-19T20:38:11Z I! Loading config: testcases/valid_histogram/telegraf.conf
=== RUN   TestCases/valid_summary_v1
2025-02-19T20:38:11Z I! Loading config: testcases/valid_summary/telegraf.conf
=== RUN   TestCases/valid_summary_v2
2025-02-19T20:38:11Z I! Loading config: testcases/valid_summary/telegraf.conf
--- PASS: TestCases (0.02s)
    --- PASS: TestCases/benchmark_v1 (0.00s)
    --- PASS: TestCases/benchmark_v2 (0.00s)
    --- PASS: TestCases/default_tags_v1 (0.00s)
    --- PASS: TestCases/default_tags_v2 (0.00s)
    --- PASS: TestCases/histogram_inf_bucket_v1 (0.00s)
    --- PASS: TestCases/histogram_inf_bucket_v2 (0.00s)
    --- PASS: TestCases/ignore_timestamp_v1 (0.00s)
    --- PASS: TestCases/ignore_timestamp_v2 (0.00s)
    --- PASS: TestCases/metric_with_timestamp_v1 (0.00s)
    --- PASS: TestCases/metric_with_timestamp_v2 (0.00s)
    --- PASS: TestCases/protobuf_v1 (0.00s)
    --- PASS: TestCases/protobuf_v2 (0.00s)
    --- PASS: TestCases/valid_counter_v1 (0.00s)
    --- PASS: TestCases/valid_counter_v2 (0.00s)
    --- PASS: TestCases/valid_gauge_v1 (0.00s)
    --- PASS: TestCases/valid_gauge_v2 (0.00s)
    --- PASS: TestCases/valid_histogram_v1 (0.00s)
    --- PASS: TestCases/valid_histogram_v2 (0.00s)
    --- PASS: TestCases/valid_summary_v1 (0.00s)
    --- PASS: TestCases/valid_summary_v2 (0.00s)
PASS
ok  	github.com/influxdata/telegraf/plugins/parsers/prometheus	0.639s
=== RUN   TestParse
--- PASS: TestParse (0.00s)
=== RUN   TestHistograms
--- PASS: TestHistograms (0.01s)
=== RUN   TestDefaultTags
--- PASS: TestDefaultTags (0.00s)
=== RUN   TestMetricsWithTimestamp
--- PASS: TestMetricsWithTimestamp (0.00s)
=== RUN   TestBenchmarkData
--- PASS: TestBenchmarkData (0.00s)
PASS
ok  	github.com/influxdata/telegraf/plugins/parsers/prometheusremotewrite	0.877s
=== RUN   TestParseValidValues
=== RUN   TestParseValidValues/integer
=== RUN   TestParseValidValues/float
=== RUN   TestParseValidValues/string
=== RUN   TestParseValidValues/base64
=== RUN   TestParseValidValues/boolean
=== RUN   TestParseValidValues/multiple_integers
=== RUN   TestParseValidValues/auto_integer
=== RUN   TestParseValidValues/auto_integer_with_string
=== RUN   TestParseValidValues/auto_integer_with_float
=== RUN   TestParseValidValues/auto_float
=== RUN   TestParseValidValues/auto_float_with_string
=== RUN   TestParseValidValues/auto_float_with_integer
--- PASS: TestParseValidValues (0.00s)
    --- PASS: TestParseValidValues/integer (0.00s)
    --- PASS: TestParseValidValues/float (0.00s)
    --- PASS: TestParseValidValues/string (0.00s)
    --- PASS: TestParseValidValues/base64 (0.00s)
    --- PASS: TestParseValidValues/boolean (0.00s)
    --- PASS: TestParseValidValues/multiple_integers (0.00s)
    --- PASS: TestParseValidValues/auto_integer (0.00s)
    --- PASS: TestParseValidValues/auto_integer_with_string (0.00s)
    --- PASS: TestParseValidValues/auto_integer_with_float (0.00s)
    --- PASS: TestParseValidValues/auto_float (0.00s)
    --- PASS: TestParseValidValues/auto_float_with_string (0.00s)
    --- PASS: TestParseValidValues/auto_float_with_integer (0.00s)
=== RUN   TestParseLineValidValues
=== RUN   TestParseLineValidValues/integer
=== RUN   TestParseLineValidValues/float
=== RUN   TestParseLineValidValues/string
=== RUN   TestParseLineValidValues/base64
=== RUN   TestParseLineValidValues/boolean
=== RUN   TestParseLineValidValues/multiple_integers
--- PASS: TestParseLineValidValues (0.00s)
    --- PASS: TestParseLineValidValues/integer (0.00s)
    --- PASS: TestParseLineValidValues/float (0.00s)
    --- PASS: TestParseLineValidValues/string (0.00s)
    --- PASS: TestParseLineValidValues/base64 (0.00s)
    --- PASS: TestParseLineValidValues/boolean (0.00s)
    --- PASS: TestParseLineValidValues/multiple_integers (0.00s)
=== RUN   TestParseCustomFieldName
--- PASS: TestParseCustomFieldName (0.00s)
=== RUN   TestParseInvalidValues
=== RUN   TestParseInvalidValues/integer
=== RUN   TestParseInvalidValues/float
=== RUN   TestParseInvalidValues/boolean
--- PASS: TestParseInvalidValues (0.00s)
    --- PASS: TestParseInvalidValues/integer (0.00s)
    --- PASS: TestParseInvalidValues/float (0.00s)
    --- PASS: TestParseInvalidValues/boolean (0.00s)
=== RUN   TestParseLineInvalidValues
=== RUN   TestParseLineInvalidValues/integer
=== RUN   TestParseLineInvalidValues/float
=== RUN   TestParseLineInvalidValues/boolean
--- PASS: TestParseLineInvalidValues (0.00s)
    --- PASS: TestParseLineInvalidValues/integer (0.00s)
    --- PASS: TestParseLineInvalidValues/float (0.00s)
    --- PASS: TestParseLineInvalidValues/boolean (0.00s)
=== RUN   TestParseValidValuesDefaultTags
--- PASS: TestParseValidValuesDefaultTags (0.00s)
=== RUN   TestParseValuesWithNullCharacter
--- PASS: TestParseValuesWithNullCharacter (0.00s)
=== RUN   TestInvalidDatatype
--- PASS: TestInvalidDatatype (0.00s)
=== RUN   TestBenchmarkData
--- PASS: TestBenchmarkData (0.00s)
PASS
ok  	github.com/influxdata/telegraf/plugins/parsers/value	1.507s
=== RUN   TestParse
--- PASS: TestParse (0.00s)
=== RUN   TestParseLine
--- PASS: TestParseLine (0.00s)
=== RUN   TestParseMultiple
--- PASS: TestParseMultiple (0.00s)
=== RUN   TestParseSpecial
--- PASS: TestParseSpecial (0.00s)
=== RUN   TestParseInvalid
--- PASS: TestParseInvalid (0.00s)
=== RUN   TestParseDefaultTags
--- PASS: TestParseDefaultTags (0.00s)
=== RUN   TestBenchmarkData
--- PASS: TestBenchmarkData (0.00s)
PASS
ok  	github.com/influxdata/telegraf/plugins/parsers/wavefront	1.457s
=== RUN   TestParseInvalidXML
=== RUN   TestParseInvalidXML/invalid_XML_(missing_close_tag)
--- PASS: TestParseInvalidXML (0.00s)
    --- PASS: TestParseInvalidXML/invalid_XML_(missing_close_tag) (0.00s)
=== RUN   TestInvalidTypeQueriesFail
=== RUN   TestInvalidTypeQueriesFail/invalid_field_(int)_type
--- PASS: TestInvalidTypeQueriesFail (0.00s)
    --- PASS: TestInvalidTypeQueriesFail/invalid_field_(int)_type (0.00s)
=== RUN   TestInvalidTypeQueries
=== RUN   TestInvalidTypeQueries/invalid_field_type_(number)
=== RUN   TestInvalidTypeQueries/invalid_field_type_(boolean)
--- PASS: TestInvalidTypeQueries (0.00s)
    --- PASS: TestInvalidTypeQueries/invalid_field_type_(number) (0.00s)
    --- PASS: TestInvalidTypeQueries/invalid_field_type_(boolean) (0.00s)
=== RUN   TestParseTimestamps
=== RUN   TestParseTimestamps/parse_timestamp_(no_fmt)
=== RUN   TestParseTimestamps/parse_timestamp_(unix)
=== RUN   TestParseTimestamps/parse_timestamp_(unix_ms)
=== RUN   TestParseTimestamps/parse_timestamp_(unix_us)
=== RUN   TestParseTimestamps/parse_timestamp_(unix_us)#01
=== RUN   TestParseTimestamps/parse_timestamp_(RFC3339)
--- PASS: TestParseTimestamps (0.00s)
    --- PASS: TestParseTimestamps/parse_timestamp_(no_fmt) (0.00s)
    --- PASS: TestParseTimestamps/parse_timestamp_(unix) (0.00s)
    --- PASS: TestParseTimestamps/parse_timestamp_(unix_ms) (0.00s)
    --- PASS: TestParseTimestamps/parse_timestamp_(unix_us) (0.00s)
    --- PASS: TestParseTimestamps/parse_timestamp_(unix_us)#01 (0.00s)
    --- PASS: TestParseTimestamps/parse_timestamp_(RFC3339) (0.00s)
=== RUN   TestParseSingleValues
=== RUN   TestParseSingleValues/parse_scalar_values_as_string_fields
=== RUN   TestParseSingleValues/parse_scalar_values_as_typed_fields_(w/o_int)
=== RUN   TestParseSingleValues/parse_values_as_typed_fields_(w/_int)
=== RUN   TestParseSingleValues/parse_substring_values
=== RUN   TestParseSingleValues/parse_substring_values_(typed)
=== RUN   TestParseSingleValues/parse_substring_values_(typed_int)
=== RUN   TestParseSingleValues/parse_tags
--- PASS: TestParseSingleValues (0.00s)
    --- PASS: TestParseSingleValues/parse_scalar_values_as_string_fields (0.00s)
    --- PASS: TestParseSingleValues/parse_scalar_values_as_typed_fields_(w/o_int) (0.00s)
    --- PASS: TestParseSingleValues/parse_values_as_typed_fields_(w/_int) (0.00s)
    --- PASS: TestParseSingleValues/parse_substring_values (0.00s)
    --- PASS: TestParseSingleValues/parse_substring_values_(typed) (0.00s)
    --- PASS: TestParseSingleValues/parse_substring_values_(typed_int) (0.00s)
    --- PASS: TestParseSingleValues/parse_tags (0.00s)
=== RUN   TestParseSingleAttributes
=== RUN   TestParseSingleAttributes/parse_attr_timestamp_(unix)
=== RUN   TestParseSingleAttributes/parse_attr_timestamp_(RFC3339)
=== RUN   TestParseSingleAttributes/parse_attr_as_string_fields
=== RUN   TestParseSingleAttributes/parse_attr_as_typed_fields_(w/o_int)
=== RUN   TestParseSingleAttributes/parse_attr_as_typed_fields_(w/_int)
=== RUN   TestParseSingleAttributes/parse_attr_substring
=== RUN   TestParseSingleAttributes/parse_attr_tags
=== RUN   TestParseSingleAttributes/parse_attr_bool
--- PASS: TestParseSingleAttributes (0.00s)
    --- PASS: TestParseSingleAttributes/parse_attr_timestamp_(unix) (0.00s)
    --- PASS: TestParseSingleAttributes/parse_attr_timestamp_(RFC3339) (0.00s)
    --- PASS: TestParseSingleAttributes/parse_attr_as_string_fields (0.00s)
    --- PASS: TestParseSingleAttributes/parse_attr_as_typed_fields_(w/o_int) (0.00s)
    --- PASS: TestParseSingleAttributes/parse_attr_as_typed_fields_(w/_int) (0.00s)
    --- PASS: TestParseSingleAttributes/parse_attr_substring (0.00s)
    --- PASS: TestParseSingleAttributes/parse_attr_tags (0.00s)
    --- PASS: TestParseSingleAttributes/parse_attr_bool (0.00s)
=== RUN   TestParseMultiValues
=== RUN   TestParseMultiValues/select_values_(float)
=== RUN   TestParseMultiValues/select_values_(int)
--- PASS: TestParseMultiValues (0.00s)
    --- PASS: TestParseMultiValues/select_values_(float) (0.00s)
    --- PASS: TestParseMultiValues/select_values_(int) (0.00s)
=== RUN   TestParseMultiNodes
=== RUN   TestParseMultiNodes/select_all_devices
--- PASS: TestParseMultiNodes (0.00s)
    --- PASS: TestParseMultiNodes/select_all_devices (0.00s)
=== RUN   TestParseMetricQuery
=== RUN   TestParseMetricQuery/parse_metric_name_query
=== RUN   TestParseMetricQuery/parse_metric_name_constant
--- PASS: TestParseMetricQuery (0.00s)
    --- PASS: TestParseMetricQuery/parse_metric_name_query (0.00s)
    --- PASS: TestParseMetricQuery/parse_metric_name_constant (0.00s)
=== RUN   TestParseErrors
=== RUN   TestParseErrors/string_metric_name_query
2025-02-19T20:38:13Z I! [parsers.xml] Hint: Empty metric-name-node. If you wanted to set a constant please use `metric_name = "'name'"`.
--- PASS: TestParseErrors (0.00s)
    --- PASS: TestParseErrors/string_metric_name_query (0.00s)
=== RUN   TestEmptySelection
=== RUN   TestEmptySelection/empty_path
=== RUN   TestEmptySelection/empty_pattern
=== RUN   TestEmptySelection/empty_axis
=== RUN   TestEmptySelection/empty_predicate
--- PASS: TestEmptySelection (0.00s)
    --- PASS: TestEmptySelection/empty_path (0.00s)
    --- PASS: TestEmptySelection/empty_pattern (0.00s)
    --- PASS: TestEmptySelection/empty_axis (0.00s)
    --- PASS: TestEmptySelection/empty_predicate (0.00s)
=== RUN   TestEmptySelectionAllowed
=== RUN   TestEmptySelectionAllowed/empty_path
=== RUN   TestEmptySelectionAllowed/empty_pattern
=== RUN   TestEmptySelectionAllowed/empty_axis
=== RUN   TestEmptySelectionAllowed/empty_predicate
--- PASS: TestEmptySelectionAllowed (0.00s)
    --- PASS: TestEmptySelectionAllowed/empty_path (0.00s)
    --- PASS: TestEmptySelectionAllowed/empty_pattern (0.00s)
    --- PASS: TestEmptySelectionAllowed/empty_axis (0.00s)
    --- PASS: TestEmptySelectionAllowed/empty_predicate (0.00s)
=== RUN   TestTestCases
=== RUN   TestTestCases/explicit_basic
=== RUN   TestTestCases/explicit_batch
=== RUN   TestTestCases/field_selection_batch
=== RUN   TestTestCases/earthquakes_quakeml
=== RUN   TestTestCases/openweathermap_forecast_(xml)
=== RUN   TestTestCases/openweathermap_forecast_(json)
=== RUN   TestTestCases/addressbook_tutorial_(protobuf)
=== RUN   TestTestCases/message-pack
=== RUN   TestTestCases/field_and_tag_batch_(json)
--- PASS: TestTestCases (0.06s)
    --- PASS: TestTestCases/explicit_basic (0.00s)
    --- PASS: TestTestCases/explicit_batch (0.00s)
    --- PASS: TestTestCases/field_selection_batch (0.00s)
    --- PASS: TestTestCases/earthquakes_quakeml (0.02s)
    --- PASS: TestTestCases/openweathermap_forecast_(xml) (0.01s)
    --- PASS: TestTestCases/openweathermap_forecast_(json) (0.00s)
    --- PASS: TestTestCases/addressbook_tutorial_(protobuf) (0.01s)
    --- PASS: TestTestCases/message-pack (0.01s)
    --- PASS: TestTestCases/field_and_tag_batch_(json) (0.00s)
=== RUN   TestProtobufImporting
--- PASS: TestProtobufImporting (0.00s)
=== RUN   TestMultipleConfigs
=== RUN   TestMultipleConfigs/cbor
2025-02-19T20:38:13Z I! Loading config: testcases/cbor/telegraf.conf
=== RUN   TestMultipleConfigs/cbor_base64_encoding
2025-02-19T20:38:13Z I! Loading config: testcases/cbor_base64_encoding/telegraf.conf
=== RUN   TestMultipleConfigs/cbor_benchmark
2025-02-19T20:38:13Z I! Loading config: testcases/cbor_benchmark/telegraf.conf
=== RUN   TestMultipleConfigs/cbor_hex_encoding
2025-02-19T20:38:13Z I! Loading config: testcases/cbor_hex_encoding/telegraf.conf
=== RUN   TestMultipleConfigs/cbor_hex_encoding_explicit
2025-02-19T20:38:13Z I! Loading config: testcases/cbor_hex_encoding_explicit/telegraf.conf
=== RUN   TestMultipleConfigs/cbor_numeric_keys
2025-02-19T20:38:13Z I! Loading config: testcases/cbor_numeric_keys/telegraf.conf
=== RUN   TestMultipleConfigs/json_array_expand
2025-02-19T20:38:13Z I! Loading config: testcases/json_array_expand/telegraf.conf
=== RUN   TestMultipleConfigs/json_array_expand_simple_types
2025-02-19T20:38:13Z I! Loading config: testcases/json_array_expand_simple_types/telegraf.conf
=== RUN   TestMultipleConfigs/json_array_simple_types
2025-02-19T20:38:13Z I! Loading config: testcases/json_array_simple_types/telegraf.conf
=== RUN   TestMultipleConfigs/json_explicit_precedence
2025-02-19T20:38:13Z I! Loading config: testcases/json_explicit_precedence/telegraf.conf
=== RUN   TestMultipleConfigs/json_native_nonnested
2025-02-19T20:38:13Z I! Loading config: testcases/json_native_nonnested/telegraf.conf
=== RUN   TestMultipleConfigs/json_string_representation
2025-02-19T20:38:13Z I! Loading config: testcases/json_string_representation/telegraf.conf
=== RUN   TestMultipleConfigs/name_expansion
2025-02-19T20:38:13Z I! Loading config: testcases/name_expansion/telegraf.conf
=== RUN   TestMultipleConfigs/native_types_cbor
2025-02-19T20:38:13Z I! Loading config: testcases/native_types_cbor/telegraf.conf
=== RUN   TestMultipleConfigs/native_types_json
2025-02-19T20:38:13Z I! Loading config: testcases/native_types_json/telegraf.conf
=== RUN   TestMultipleConfigs/native_types_msgpack
2025-02-19T20:38:13Z I! Loading config: testcases/native_types_msgpack/telegraf.conf
=== RUN   TestMultipleConfigs/native_types_protobuf
2025-02-19T20:38:13Z I! Loading config: testcases/native_types_protobuf/telegraf.conf
=== RUN   TestMultipleConfigs/protobuf_benchmark
2025-02-19T20:38:13Z I! Loading config: testcases/protobuf_benchmark/telegraf.conf
=== RUN   TestMultipleConfigs/protobuf_issue_13715
2025-02-19T20:38:13Z I! Loading config: testcases/protobuf_issue_13715/telegraf.conf
=== RUN   TestMultipleConfigs/protobuf_issue_15571
2025-02-19T20:38:13Z I! Loading config: testcases/protobuf_issue_15571/telegraf.conf
=== RUN   TestMultipleConfigs/protobuf_noskip_bytes_grpc
2025-02-19T20:38:13Z I! Loading config: testcases/protobuf_noskip_bytes_grpc/telegraf.conf
=== RUN   TestMultipleConfigs/protobuf_powerdns_hex
2025-02-19T20:38:13Z I! Loading config: testcases/protobuf_powerdns_hex/telegraf.conf
=== RUN   TestMultipleConfigs/protobuf_skip_bytes_grpc
2025-02-19T20:38:13Z I! Loading config: testcases/protobuf_skip_bytes_grpc/telegraf.conf
=== RUN   TestMultipleConfigs/string_join
2025-02-19T20:38:13Z I! Loading config: testcases/string_join/telegraf.conf
=== RUN   TestMultipleConfigs/time_float_exponential
2025-02-19T20:38:13Z I! Loading config: testcases/time_float_exponential/telegraf.conf
=== RUN   TestMultipleConfigs/time_timezone_Berlin
2025-02-19T20:38:13Z I! Loading config: testcases/time_timezone_Berlin/telegraf.conf
=== RUN   TestMultipleConfigs/time_timezone_CEST
2025-02-19T20:38:13Z I! Loading config: testcases/time_timezone_CEST/telegraf.conf
=== RUN   TestMultipleConfigs/time_timezone_MST
2025-02-19T20:38:13Z I! Loading config: testcases/time_timezone_MST/telegraf.conf
=== RUN   TestMultipleConfigs/time_timezone_utc
2025-02-19T20:38:13Z I! Loading config: testcases/time_timezone_utc/telegraf.conf
=== RUN   TestMultipleConfigs/time_timezone_with_offset
2025-02-19T20:38:13Z I! Loading config: testcases/time_timezone_with_offset/telegraf.conf
--- PASS: TestMultipleConfigs (0.10s)
    --- PASS: TestMultipleConfigs/cbor (0.01s)
    --- PASS: TestMultipleConfigs/cbor_base64_encoding (0.00s)
    --- PASS: TestMultipleConfigs/cbor_benchmark (0.00s)
    --- PASS: TestMultipleConfigs/cbor_hex_encoding (0.00s)
    --- PASS: TestMultipleConfigs/cbor_hex_encoding_explicit (0.00s)
    --- PASS: TestMultipleConfigs/cbor_numeric_keys (0.00s)
    --- PASS: TestMultipleConfigs/json_array_expand (0.00s)
    --- PASS: TestMultipleConfigs/json_array_expand_simple_types (0.00s)
    --- PASS: TestMultipleConfigs/json_array_simple_types (0.00s)
    --- PASS: TestMultipleConfigs/json_explicit_precedence (0.00s)
    --- PASS: TestMultipleConfigs/json_native_nonnested (0.01s)
    --- PASS: TestMultipleConfigs/json_string_representation (0.00s)
    --- PASS: TestMultipleConfigs/name_expansion (0.00s)
    --- PASS: TestMultipleConfigs/native_types_cbor (0.00s)
    --- PASS: TestMultipleConfigs/native_types_json (0.00s)
    --- PASS: TestMultipleConfigs/native_types_msgpack (0.00s)
    --- PASS: TestMultipleConfigs/native_types_protobuf (0.00s)
    --- PASS: TestMultipleConfigs/protobuf_benchmark (0.00s)
    --- PASS: TestMultipleConfigs/protobuf_issue_13715 (0.00s)
    --- PASS: TestMultipleConfigs/protobuf_issue_15571 (0.01s)
    --- PASS: TestMultipleConfigs/protobuf_noskip_bytes_grpc (0.00s)
    --- PASS: TestMultipleConfigs/protobuf_powerdns_hex (0.00s)
    --- PASS: TestMultipleConfigs/protobuf_skip_bytes_grpc (0.00s)
    --- PASS: TestMultipleConfigs/string_join (0.00s)
    --- PASS: TestMultipleConfigs/time_float_exponential (0.00s)
    --- PASS: TestMultipleConfigs/time_timezone_Berlin (0.00s)
    --- PASS: TestMultipleConfigs/time_timezone_CEST (0.00s)
    --- PASS: TestMultipleConfigs/time_timezone_MST (0.00s)
    --- PASS: TestMultipleConfigs/time_timezone_utc (0.00s)
    --- PASS: TestMultipleConfigs/time_timezone_with_offset (0.00s)
=== RUN   TestBenchmarkDataXML
--- PASS: TestBenchmarkDataXML (0.00s)
=== RUN   TestBenchmarkDataJSON
--- PASS: TestBenchmarkDataJSON (0.00s)
=== RUN   TestBenchmarkDataMsgPack
--- PASS: TestBenchmarkDataMsgPack (0.00s)
PASS
ok  	github.com/influxdata/telegraf/plugins/parsers/xpath	1.381s
?   	github.com/influxdata/telegraf/plugins/processors	[no test files]
?   	github.com/influxdata/telegraf/plugins/processors/all	[no test files]
=== RUN   TestBasicStartup
--- PASS: TestBasicStartup (0.00s)
=== RUN   TestBasicStartupWithEC2Tags
--- PASS: TestBasicStartupWithEC2Tags (0.00s)
=== RUN   TestBasicStartupWithCacheTTL
--- PASS: TestBasicStartupWithCacheTTL (0.00s)
=== RUN   TestBasicStartupWithTagCacheSize
--- PASS: TestBasicStartupWithTagCacheSize (0.00s)
=== RUN   TestBasicInitNoTagsReturnAnError
--- PASS: TestBasicInitNoTagsReturnAnError (0.00s)
=== RUN   TestBasicInitInvalidTagsReturnAnError
--- PASS: TestBasicInitInvalidTagsReturnAnError (0.00s)
=== RUN   TestTracking
--- PASS: TestTracking (0.21s)
PASS
ok  	github.com/influxdata/telegraf/plugins/processors/aws_ec2	2.014s
=== RUN   Test_SingleMetricPutInBatch0
--- PASS: Test_SingleMetricPutInBatch0 (0.00s)
=== RUN   Test_MetricsSmallerThanBatchSizeAreInDifferentBatches
--- PASS: Test_MetricsSmallerThanBatchSizeAreInDifferentBatches (0.00s)
=== RUN   Test_MetricsEqualToBatchSizeInDifferentBatches
--- PASS: Test_MetricsEqualToBatchSizeInDifferentBatches (0.00s)
=== RUN   Test_MetricsMoreThanBatchSizeInSameBatch
--- PASS: Test_MetricsMoreThanBatchSizeInSameBatch (0.00s)
=== RUN   Test_MetricWithExistingTagNotChanged
--- PASS: Test_MetricWithExistingTagNotChanged (0.00s)
PASS
ok  	github.com/influxdata/telegraf/plugins/processors/batch	0.550s
=== RUN   TestRetainsTags
--- PASS: TestRetainsTags (0.00s)
=== RUN   TestAddTags
--- PASS: TestAddTags (0.00s)
=== RUN   TestOverwritesPresentTagValues
--- PASS: TestOverwritesPresentTagValues (0.00s)
=== RUN   TestOverridesName
--- PASS: TestOverridesName (0.00s)
=== RUN   TestNamePrefix
--- PASS: TestNamePrefix (0.00s)
=== RUN   TestNameSuffix
--- PASS: TestNameSuffix (0.00s)
=== RUN   TestTracking
--- PASS: TestTracking (0.11s)
PASS
ok  	github.com/influxdata/telegraf/plugins/processors/clone	1.210s
=== RUN   TestConverter
=== RUN   TestConverter/from_tag
=== RUN   TestConverter/from_tag_unconvertible
2025-02-19T20:38:14Z E! [] Converting to unsigned [string] failed: strconv.ParseFloat: parsing "c": invalid syntax
2025-02-19T20:38:14Z E! [] Converting to boolean [string] failed: strconv.ParseBool: parsing "maybe": invalid syntax
2025-02-19T20:38:14Z E! [] Converting to float [string] failed: strconv.ParseFloat: parsing "a": invalid syntax
2025-02-19T20:38:14Z E! [] Converting to integer [string] failed: strconv.ParseFloat: parsing "b": invalid syntax
=== RUN   TestConverter/from_string_field
2025-02-19T20:38:14Z E! [] Converting to float [string] failed: strconv.ParseFloat: parsing "foo": invalid syntax
=== RUN   TestConverter/from_string_field_unconvertible
2025-02-19T20:38:14Z E! [] Converting to unsigned [string] failed: strconv.ParseFloat: parsing "b": invalid syntax
2025-02-19T20:38:14Z E! [] Converting to bool [string] failed: strconv.ParseBool: parsing "c": invalid syntax
2025-02-19T20:38:14Z E! [] Converting to float [string] failed: strconv.ParseFloat: parsing "d": invalid syntax
2025-02-19T20:38:14Z E! [] Converting to integer [string] failed: strconv.ParseFloat: parsing "a": invalid syntax
=== RUN   TestConverter/from_integer_field
=== RUN   TestConverter/from_unsigned_field
=== RUN   TestConverter/out_of_range_for_unsigned
=== RUN   TestConverter/boolean_field
=== RUN   TestConverter/from_float_field
=== RUN   TestConverter/globbing
=== RUN   TestConverter/from_string_field_hexadecimal
=== RUN   TestConverter/from_unix_timestamp_field
=== RUN   TestConverter/from_unix_timestamp_tag
=== RUN   TestConverter/from_invalid_timestamp_tag
2025-02-19T20:38:14Z E! [] Converting to timestamp [string] failed: parsing time "1677610769" as "blah": cannot parse "1677610769" as "blah"
=== RUN   TestConverter/from_rfc3339_timestamp_field
=== RUN   TestConverter/from_custom_timestamp_field
2025-02-19T20:38:14Z W! Your config is using abbreviated timezones and parsing was changed in v1.27.0!
		Please see the change log, remove any workarounds in place, and carefully
		check your data timestamps! If case you experience any problems, please
		file an issue on https://github.com/influxdata/telegraf/issues!
=== RUN   TestConverter/invalid_timestamp_format
2025-02-19T20:38:14Z E! [] Converting to timestamp [string] failed: parsing time "2022-07-04 01:30:59 MST": extra text: "4 01:30:59 MST"
=== RUN   TestConverter/no_timestamp_format
2025-02-19T20:38:14Z E! [] Converting to timestamp [string] failed: parsing time "2022-07-04 01:30:59 MST": extra text: "2022-07-04 01:30:59 MST"
--- PASS: TestConverter (0.00s)
    --- PASS: TestConverter/from_tag (0.00s)
    --- PASS: TestConverter/from_tag_unconvertible (0.00s)
    --- PASS: TestConverter/from_string_field (0.00s)
    --- PASS: TestConverter/from_string_field_unconvertible (0.00s)
    --- PASS: TestConverter/from_integer_field (0.00s)
    --- PASS: TestConverter/from_unsigned_field (0.00s)
    --- PASS: TestConverter/out_of_range_for_unsigned (0.00s)
    --- PASS: TestConverter/boolean_field (0.00s)
    --- PASS: TestConverter/from_float_field (0.00s)
    --- PASS: TestConverter/globbing (0.00s)
    --- PASS: TestConverter/from_string_field_hexadecimal (0.00s)
    --- PASS: TestConverter/from_unix_timestamp_field (0.00s)
    --- PASS: TestConverter/from_unix_timestamp_tag (0.00s)
    --- PASS: TestConverter/from_invalid_timestamp_tag (0.00s)
    --- PASS: TestConverter/from_rfc3339_timestamp_field (0.00s)
    --- PASS: TestConverter/from_custom_timestamp_field (0.00s)
    --- PASS: TestConverter/invalid_timestamp_format (0.00s)
    --- PASS: TestConverter/no_timestamp_format (0.00s)
=== RUN   TestMultipleTimestamps
--- PASS: TestMultipleTimestamps (0.00s)
=== RUN   TestMeasurement
=== RUN   TestMeasurement/measurement_from_tag
=== RUN   TestMeasurement/measurement_from_field
=== RUN   TestMeasurement/float32_from_ieee754_float32_encoded_as_base64
--- PASS: TestMeasurement (0.00s)
    --- PASS: TestMeasurement/measurement_from_tag (0.00s)
    --- PASS: TestMeasurement/measurement_from_field (0.00s)
    --- PASS: TestMeasurement/float32_from_ieee754_float32_encoded_as_base64 (0.00s)
=== RUN   TestEmptyConfigInitError
--- PASS: TestEmptyConfigInitError (0.00s)
=== RUN   TestTracking
--- PASS: TestTracking (0.10s)
PASS
ok  	github.com/influxdata/telegraf/plugins/processors/converter	0.921s
=== RUN   TestTagAndField
--- PASS: TestTagAndField (0.00s)
=== RUN   TestNoOutputSpecified
--- PASS: TestNoOutputSpecified (0.00s)
=== RUN   TestMonthTag
--- PASS: TestMonthTag (0.00s)
=== RUN   TestMonthField
--- PASS: TestMonthField (0.00s)
=== RUN   TestOldDateTag
--- PASS: TestOldDateTag (0.00s)
=== RUN   TestFieldUnix
--- PASS: TestFieldUnix (0.00s)
=== RUN   TestFieldUnixNano
--- PASS: TestFieldUnixNano (0.00s)
=== RUN   TestFieldUnixMillis
--- PASS: TestFieldUnixMillis (0.00s)
=== RUN   TestFieldUnixMicros
--- PASS: TestFieldUnixMicros (0.00s)
=== RUN   TestDateOffset
--- PASS: TestDateOffset (0.00s)
=== RUN   TestTracking
--- PASS: TestTracking (0.10s)
PASS
ok  	github.com/influxdata/telegraf/plugins/processors/date	2.208s
=== RUN   TestMetrics
=== RUN   TestMetrics/retain_metric
=== RUN   TestMetrics/suppress_repeated_metric
=== RUN   TestMetrics/pass_updated_metric
=== RUN   TestMetrics/pass_after_cache_expired
=== RUN   TestMetrics/cache_retains_metrics
=== RUN   TestMetrics/same_timestamp
--- PASS: TestMetrics (0.00s)
    --- PASS: TestMetrics/retain_metric (0.00s)
    --- PASS: TestMetrics/suppress_repeated_metric (0.00s)
    --- PASS: TestMetrics/pass_updated_metric (0.00s)
    --- PASS: TestMetrics/pass_after_cache_expired (0.00s)
    --- PASS: TestMetrics/cache_retains_metrics (0.00s)
    --- PASS: TestMetrics/same_timestamp (0.00s)
=== RUN   TestCacheShrink
--- PASS: TestCacheShrink (0.00s)
=== RUN   TestTracking
--- PASS: TestTracking (0.10s)
=== RUN   TestStatePersistence
--- PASS: TestStatePersistence (0.00s)
PASS
ok  	github.com/influxdata/telegraf/plugins/processors/dedup	2.502s
=== RUN   TestDefaults
=== RUN   TestDefaults/Test_that_no_values_are_changed_since_they_are_not_nil_or_empty
=== RUN   TestDefaults/Tests_that_the_missing_fields_are_set_on_the_metric
=== RUN   TestDefaults/Tests_that_set_but_empty_fields_are_replaced_by_specified_defaults
--- PASS: TestDefaults (0.00s)
    --- PASS: TestDefaults/Test_that_no_values_are_changed_since_they_are_not_nil_or_empty (0.00s)
    --- PASS: TestDefaults/Tests_that_the_missing_fields_are_set_on_the_metric (0.00s)
    --- PASS: TestDefaults/Tests_that_set_but_empty_fields_are_replaced_by_specified_defaults (0.00s)
=== RUN   TestTracking
--- PASS: TestTracking (0.10s)
PASS
ok  	github.com/influxdata/telegraf/plugins/processors/defaults	1.430s
=== RUN   TestRetainsMetric
--- PASS: TestRetainsMetric (0.00s)
=== RUN   TestMapsSingleStringValueTag
--- PASS: TestMapsSingleStringValueTag (0.00s)
=== RUN   TestMappings
--- PASS: TestMappings (0.00s)
=== RUN   TestMapsToDefaultValueOnUnknownSourceValue
--- PASS: TestMapsToDefaultValueOnUnknownSourceValue (0.00s)
=== RUN   TestDoNotMapToDefaultValueKnownSourceValue
--- PASS: TestDoNotMapToDefaultValueKnownSourceValue (0.00s)
=== RUN   TestNoMappingWithoutDefaultOrDefinedMappingValue
--- PASS: TestNoMappingWithoutDefaultOrDefinedMappingValue (0.00s)
=== RUN   TestWritesToDestination
--- PASS: TestWritesToDestination (0.00s)
=== RUN   TestDoNotWriteToDestinationWithoutDefaultOrDefinedMapping
--- PASS: TestDoNotWriteToDestinationWithoutDefaultOrDefinedMapping (0.00s)
=== RUN   TestFieldGlobMatching
--- PASS: TestFieldGlobMatching (0.00s)
=== RUN   TestTagGlobMatching
--- PASS: TestTagGlobMatching (0.00s)
=== RUN   TestTracking
--- PASS: TestTracking (0.10s)
PASS
ok  	github.com/influxdata/telegraf/plugins/processors/enum	2.678s
=== RUN   TestExternalProcessorWorks
    execd_test.go:40: /var/folders/83/999jb4l55z3gww5zs2b5s0c40000gn/T/go-build3684050339/b4343/execd.test
2025-02-19T20:38:16Z I! [] Starting process: /var/folders/83/999jb4l55z3gww5zs2b5s0c40000gn/T/go-build3684050339/b4343/execd.test [-countmultiplier]
2025-02-19T20:38:17Z I! [] Process /var/folders/83/999jb4l55z3gww5zs2b5s0c40000gn/T/go-build3684050339/b4343/execd.test shut down
--- PASS: TestExternalProcessorWorks (0.29s)
=== RUN   TestParseLinesWithNewLines
    execd_test.go:109: /var/folders/83/999jb4l55z3gww5zs2b5s0c40000gn/T/go-build3684050339/b4343/execd.test
2025-02-19T20:38:17Z I! [] Starting process: /var/folders/83/999jb4l55z3gww5zs2b5s0c40000gn/T/go-build3684050339/b4343/execd.test [-countmultiplier]
2025-02-19T20:38:17Z I! [] Process /var/folders/83/999jb4l55z3gww5zs2b5s0c40000gn/T/go-build3684050339/b4343/execd.test shut down
--- PASS: TestParseLinesWithNewLines (0.31s)
=== RUN   TestCases
=== RUN   TestCases/dataformat-influx
2025-02-19T20:38:17Z I! Loading config: testcases/dataformat-influx/telegraf.conf
2025-02-19T20:38:17Z I! [processors.execd] Starting process: go [run testcases/pass-through.go]
2025-02-19T20:38:19Z E! [processors.execd] stderr: "exit status 1"
2025-02-19T20:38:19Z I! [processors.execd] Process /opt/homebrew/Cellar/go/1.24.0/libexec/bin/go shut down
=== RUN   TestCases/dataformat-json
2025-02-19T20:38:19Z I! Loading config: testcases/dataformat-json/telegraf.conf
2025-02-19T20:38:19Z I! [processors.execd] Starting process: go [run testcases/pass-through.go]
2025-02-19T20:38:20Z E! [processors.execd] stderr: "exit status 1"
2025-02-19T20:38:20Z I! [processors.execd] Process /opt/homebrew/Cellar/go/1.24.0/libexec/bin/go shut down
=== RUN   TestCases/defaults
2025-02-19T20:38:20Z I! Loading config: testcases/defaults/telegraf.conf
2025-02-19T20:38:20Z I! [processors.execd] Starting process: go [run testcases/pass-through.go]
2025-02-19T20:38:20Z E! [processors.execd] stderr: "exit status 1"
2025-02-19T20:38:20Z I! [processors.execd] Process /opt/homebrew/Cellar/go/1.24.0/libexec/bin/go shut down
--- PASS: TestCases (3.14s)
    --- PASS: TestCases/dataformat-influx (2.02s)
    --- PASS: TestCases/dataformat-json (0.89s)
    --- PASS: TestCases/defaults (0.23s)
=== RUN   TestTracking
2025-02-19T20:38:20Z I! [] Starting process: /var/folders/83/999jb4l55z3gww5zs2b5s0c40000gn/T/go-build3684050339/b4343/execd.test [-countmultiplier]
2025-02-19T20:38:20Z I! [] Process /var/folders/83/999jb4l55z3gww5zs2b5s0c40000gn/T/go-build3684050339/b4343/execd.test shut down
--- PASS: TestTracking (0.21s)
PASS
ok  	github.com/influxdata/telegraf/plugins/processors/execd	6.259s
?   	github.com/influxdata/telegraf/plugins/processors/execd/testcases	[no test files]
=== RUN   TestOptions_Apply
=== RUN   TestOptions_Apply/Smoke_Test
=== RUN   TestOptions_Apply/Test_Dest_Option
--- PASS: TestOptions_Apply (0.00s)
    --- PASS: TestOptions_Apply/Smoke_Test (0.00s)
    --- PASS: TestOptions_Apply/Test_Dest_Option (0.00s)
=== RUN   TestTracking
--- PASS: TestTracking (0.10s)
PASS
ok  	github.com/influxdata/telegraf/plugins/processors/filepath	1.885s
=== RUN   TestNoRules
2025-02-19T20:38:17Z W! [] dropping all metrics as no rule is provided
--- PASS: TestNoRules (0.00s)
=== RUN   TestInvalidDefaultAction
--- PASS: TestInvalidDefaultAction (0.00s)
=== RUN   TestNoMetric
--- PASS: TestNoMetric (0.00s)
=== RUN   TestDropAll
--- PASS: TestDropAll (0.00s)
=== RUN   TestDropDefault
--- PASS: TestDropDefault (0.00s)
=== RUN   TestPassAll
--- PASS: TestPassAll (0.00s)
=== RUN   TestPassDefault
--- PASS: TestPassDefault (0.00s)
=== RUN   TestNamePass
--- PASS: TestNamePass (0.00s)
=== RUN   TestNameDrop
--- PASS: TestNameDrop (0.00s)
=== RUN   TestNameGlob
--- PASS: TestNameGlob (0.00s)
=== RUN   TestTagPass
--- PASS: TestTagPass (0.00s)
=== RUN   TestTagDrop
--- PASS: TestTagDrop (0.00s)
=== RUN   TestTagMultiple
--- PASS: TestTagMultiple (0.00s)
=== RUN   TestTagGlob
--- PASS: TestTagGlob (0.00s)
=== RUN   TestTagDoesNotExist
--- PASS: TestTagDoesNotExist (0.00s)
=== RUN   TestFieldPass
--- PASS: TestFieldPass (0.00s)
=== RUN   TestFieldDrop
--- PASS: TestFieldDrop (0.00s)
=== RUN   TestFieldGlob
--- PASS: TestFieldGlob (0.00s)
=== RUN   TestRuleOrder
--- PASS: TestRuleOrder (0.00s)
=== RUN   TestRuleMultiple
--- PASS: TestRuleMultiple (0.00s)
=== RUN   TestTracking
--- PASS: TestTracking (0.11s)
PASS
ok  	github.com/influxdata/telegraf/plugins/processors/filter	2.045s
=== RUN   TestCache
--- PASS: TestCache (0.00s)
=== RUN   TestTableIntegration
    ifname_test.go:29: Skipping test due to connect failures
--- SKIP: TestTableIntegration (0.00s)
=== RUN   TestIfNameIntegration
    ifname_test.go:56: Skipping test due to connect failures
--- SKIP: TestIfNameIntegration (0.00s)
=== RUN   TestGetMap
--- PASS: TestGetMap (0.00s)
=== RUN   TestTracking
--- PASS: TestTracking (0.10s)
=== RUN   TestTTLCacheExpire
--- PASS: TestTTLCacheExpire (0.00s)
=== RUN   TestTTLCache
--- PASS: TestTTLCache (0.00s)
PASS
ok  	github.com/influxdata/telegraf/plugins/processors/ifname	1.975s
=== RUN   TestInit
--- PASS: TestInit (0.00s)
=== RUN   TestCases
=== RUN   TestCases/multiple_files_json
2025-02-19T20:38:17Z I! Loading config: testcases/multiple_files_json/telegraf.conf
=== RUN   TestCases/non_existing_tag
2025-02-19T20:38:17Z I! Loading config: testcases/non_existing_tag/telegraf.conf
=== RUN   TestCases/normal_lookup_csv_key_name_value
2025-02-19T20:38:17Z I! Loading config: testcases/normal_lookup_csv_key_name_value/telegraf.conf
=== RUN   TestCases/normal_lookup_csv_key_values
2025-02-19T20:38:17Z I! Loading config: testcases/normal_lookup_csv_key_values/telegraf.conf
=== RUN   TestCases/normal_lookup_json
2025-02-19T20:38:18Z I! Loading config: testcases/normal_lookup_json/telegraf.conf
--- PASS: TestCases (0.05s)
    --- PASS: TestCases/multiple_files_json (0.01s)
    --- PASS: TestCases/non_existing_tag (0.01s)
    --- PASS: TestCases/normal_lookup_csv_key_name_value (0.00s)
    --- PASS: TestCases/normal_lookup_csv_key_values (0.02s)
    --- PASS: TestCases/normal_lookup_json (0.01s)
=== RUN   TestCasesTracking
=== RUN   TestCasesTracking/multiple_files_json
2025-02-19T20:38:18Z I! Loading config: testcases/multiple_files_json/telegraf.conf
=== RUN   TestCasesTracking/non_existing_tag
2025-02-19T20:38:18Z I! Loading config: testcases/non_existing_tag/telegraf.conf
=== RUN   TestCasesTracking/normal_lookup_csv_key_name_value
2025-02-19T20:38:18Z I! Loading config: testcases/normal_lookup_csv_key_name_value/telegraf.conf
=== RUN   TestCasesTracking/normal_lookup_csv_key_values
2025-02-19T20:38:18Z I! Loading config: testcases/normal_lookup_csv_key_values/telegraf.conf
=== RUN   TestCasesTracking/normal_lookup_json
2025-02-19T20:38:18Z I! Loading config: testcases/normal_lookup_json/telegraf.conf
--- PASS: TestCasesTracking (0.52s)
    --- PASS: TestCasesTracking/multiple_files_json (0.10s)
    --- PASS: TestCasesTracking/non_existing_tag (0.10s)
    --- PASS: TestCasesTracking/normal_lookup_csv_key_name_value (0.11s)
    --- PASS: TestCasesTracking/normal_lookup_csv_key_values (0.10s)
    --- PASS: TestCasesTracking/normal_lookup_json (0.10s)
PASS
ok  	github.com/influxdata/telegraf/plugins/processors/lookup	2.462s
=== RUN   TestAddNoiseToMetric
--- PASS: TestAddNoiseToMetric (0.00s)
=== RUN   TestAddNoise
=== RUN   TestAddNoise/int64
=== RUN   TestAddNoise/uint64
=== RUN   TestAddNoise/float64
=== RUN   TestAddNoise/float64#01
--- PASS: TestAddNoise (0.00s)
    --- PASS: TestAddNoise/int64 (0.00s)
    --- PASS: TestAddNoise/uint64 (0.00s)
    --- PASS: TestAddNoise/float64 (0.00s)
    --- PASS: TestAddNoise/float64#01 (0.00s)
=== RUN   TestAddNoiseOverflowCheck
=== RUN   TestAddNoiseOverflowCheck/underflow
=== RUN   TestAddNoiseOverflowCheck/overflow
=== RUN   TestAddNoiseOverflowCheck/non-numeric_fields
--- PASS: TestAddNoiseOverflowCheck (0.00s)
    --- PASS: TestAddNoiseOverflowCheck/underflow (0.00s)
    --- PASS: TestAddNoiseOverflowCheck/overflow (0.00s)
    --- PASS: TestAddNoiseOverflowCheck/non-numeric_fields (0.00s)
=== RUN   TestAddNoiseWithZeroValue
=== RUN   TestAddNoiseWithZeroValue/zeros
--- PASS: TestAddNoiseWithZeroValue (0.00s)
    --- PASS: TestAddNoiseWithZeroValue/zeros (0.00s)
=== RUN   TestInvalidDistributionFunction
--- PASS: TestInvalidDistributionFunction (0.00s)
=== RUN   TestTracking
--- PASS: TestTracking (0.10s)
PASS
ok  	github.com/influxdata/telegraf/plugins/processors/noise	1.696s
=== RUN   TestRetainsTags
--- PASS: TestRetainsTags (0.00s)
=== RUN   TestAddTags
--- PASS: TestAddTags (0.00s)
=== RUN   TestOverwritesPresentTagValues
--- PASS: TestOverwritesPresentTagValues (0.00s)
=== RUN   TestOverridesName
--- PASS: TestOverridesName (0.00s)
=== RUN   TestNamePrefix
--- PASS: TestNamePrefix (0.00s)
=== RUN   TestNameSuffix
--- PASS: TestNameSuffix (0.00s)
=== RUN   TestTracking
--- PASS: TestTracking (0.10s)
PASS
ok  	github.com/influxdata/telegraf/plugins/processors/override	1.373s
=== RUN   TestApply
=== RUN   TestApply/parse_one_field_drop_original
    parser_test.go:827: Testing: parse one field drop original
=== RUN   TestApply/parse_one_field_with_merge
    parser_test.go:827: Testing: parse one field with merge
=== RUN   TestApply/parse_one_field_keep
    parser_test.go:827: Testing: parse one field keep
=== RUN   TestApply/parse_one_field_keep_with_measurement_name
    parser_test.go:827: Testing: parse one field keep with measurement name
=== RUN   TestApply/parse_one_field_override_replaces_name
    parser_test.go:827: Testing: parse one field override replaces name
=== RUN   TestApply/parse_grok_field
    parser_test.go:827: Testing: parse grok field
=== RUN   TestApply/parse_two_fields_[replace]
    parser_test.go:827: Testing: parse two fields [replace]
=== RUN   TestApply/parse_two_fields_[merge]
    parser_test.go:827: Testing: parse two fields [merge]
=== RUN   TestApply/parse_two_fields_[keep]
    parser_test.go:827: Testing: parse two fields [keep]
=== RUN   TestApply/parse_one_tag_drop_original
    parser_test.go:827: Testing: parse one tag drop original
=== RUN   TestApply/parse_one_tag_with_merge
    parser_test.go:827: Testing: parse one tag with merge
=== RUN   TestApply/parse_one_tag_keep
    parser_test.go:827: Testing: parse one tag keep
=== RUN   TestApply/Fail_to_parse_one_field_but_parses_other_[keep]
2025-02-19T20:38:18Z E! [processor.parser] could not parse field bad: invalid character 'w' looking for beginning of value
    parser_test.go:827: Testing: Fail to parse one field but parses other [keep]
=== RUN   TestApply/Fail_to_parse_one_field_but_parses_other_[keep]_v2
2025-02-19T20:38:18Z E! [processor.parser] could not parse field bad: invalid character 'w' looking for beginning of value
    parser_test.go:827: Testing: Fail to parse one field but parses other [keep] v2
=== RUN   TestApply/Fail_to_parse_one_field_but_parses_other_[merge]
2025-02-19T20:38:18Z E! [processor.parser] could not parse field bad: invalid character 'w' looking for beginning of value
    parser_test.go:827: Testing: Fail to parse one field but parses other [merge]
=== RUN   TestApply/Fail_to_parse_one_field_but_parses_other_[replace]
2025-02-19T20:38:18Z E! [processor.parser] could not parse field bad: invalid character 'w' looking for beginning of value
    parser_test.go:827: Testing: Fail to parse one field but parses other [replace]
=== RUN   TestApply/parser_without_metric_name_(issue_#12115)
    parser_test.go:827: Testing: parser without metric name (issue #12115)
=== RUN   TestApply/parser_with_metric_name_(issue_#12115)
    parser_test.go:827: Testing: parser with metric name (issue #12115)
=== RUN   TestApply/override_with_timestamp
    parser_test.go:827: Testing: override with timestamp
=== RUN   TestApply/non-string_field_with_binary_parser
    parser_test.go:827: Testing: non-string field with binary parser
=== RUN   TestApply/test_base_64_field_single
    parser_test.go:827: Testing: test base 64 field single
=== RUN   TestApply/parse_two_base64_fields
    parser_test.go:827: Testing: parse two base64 fields
=== RUN   TestApply/parse_two_fields,_one_base64
    parser_test.go:827: Testing: parse two fields, one base64
--- PASS: TestApply (0.02s)
    --- PASS: TestApply/parse_one_field_drop_original (0.00s)
    --- PASS: TestApply/parse_one_field_with_merge (0.00s)
    --- PASS: TestApply/parse_one_field_keep (0.00s)
    --- PASS: TestApply/parse_one_field_keep_with_measurement_name (0.00s)
    --- PASS: TestApply/parse_one_field_override_replaces_name (0.00s)
    --- PASS: TestApply/parse_grok_field (0.01s)
    --- PASS: TestApply/parse_two_fields_[replace] (0.00s)
    --- PASS: TestApply/parse_two_fields_[merge] (0.00s)
    --- PASS: TestApply/parse_two_fields_[keep] (0.00s)
    --- PASS: TestApply/parse_one_tag_drop_original (0.00s)
    --- PASS: TestApply/parse_one_tag_with_merge (0.00s)
    --- PASS: TestApply/parse_one_tag_keep (0.00s)
    --- PASS: TestApply/Fail_to_parse_one_field_but_parses_other_[keep] (0.00s)
    --- PASS: TestApply/Fail_to_parse_one_field_but_parses_other_[keep]_v2 (0.00s)
    --- PASS: TestApply/Fail_to_parse_one_field_but_parses_other_[merge] (0.00s)
    --- PASS: TestApply/Fail_to_parse_one_field_but_parses_other_[replace] (0.00s)
    --- PASS: TestApply/parser_without_metric_name_(issue_#12115) (0.00s)
    --- PASS: TestApply/parser_with_metric_name_(issue_#12115) (0.00s)
    --- PASS: TestApply/override_with_timestamp (0.00s)
    --- PASS: TestApply/non-string_field_with_binary_parser (0.00s)
    --- PASS: TestApply/test_base_64_field_single (0.00s)
    --- PASS: TestApply/parse_two_base64_fields (0.00s)
    --- PASS: TestApply/parse_two_fields,_one_base64 (0.01s)
=== RUN   TestInvalidMerge
--- PASS: TestInvalidMerge (0.00s)
=== RUN   TestBadApply
=== RUN   TestBadApply/field_not_found
=== RUN   TestBadApply/non_string_field
2025-02-19T20:38:18Z E! [processor.parser] could not parse field some_field: invalid character '\x05' looking for beginning of value
--- PASS: TestBadApply (0.00s)
    --- PASS: TestBadApply/field_not_found (0.00s)
    --- PASS: TestBadApply/non_string_field (0.00s)
=== RUN   TestBase64FieldValidation
2025-02-19T20:38:18Z E! [] field b is listed in both parse fields and base64 fields; skipping
--- PASS: TestBase64FieldValidation (0.00s)
=== RUN   TestTracking
=== RUN   TestTracking/keep_all
=== RUN   TestTracking/drop_original
--- PASS: TestTracking (0.20s)
    --- PASS: TestTracking/keep_all (0.10s)
    --- PASS: TestTracking/drop_original (0.10s)
PASS
ok  	github.com/influxdata/telegraf/plugins/processors/parser	1.777s
=== RUN   TestPivot
=== RUN   TestPivot/simple
=== RUN   TestPivot/missing_tag
=== RUN   TestPivot/missing_field
--- PASS: TestPivot (0.00s)
    --- PASS: TestPivot/simple (0.00s)
    --- PASS: TestPivot/missing_tag (0.00s)
    --- PASS: TestPivot/missing_field (0.00s)
=== RUN   TestTracking
--- PASS: TestTracking (0.10s)
PASS
ok  	github.com/influxdata/telegraf/plugins/processors/pivot	1.768s
=== RUN   TestReadServicesFile
--- PASS: TestReadServicesFile (0.00s)
=== RUN   TestFakeServices
--- PASS: TestFakeServices (0.00s)
=== RUN   TestTable
=== RUN   TestTable/ordinary_tcp_default
=== RUN   TestTable/force_udp_default
=== RUN   TestTable/override_default_protocol
=== RUN   TestTable/multiple_metrics,_multiple_protocols
=== RUN   TestTable/rename_source_and_destination_tags
=== RUN   TestTable/unknown_port
=== RUN   TestTable/don't_mix_up_protocols
=== RUN   TestTable/read_from_field_instead_of_tag
=== RUN   TestTable/read_proto_from_field
=== RUN   TestTable/read_proto_from_tag
--- PASS: TestTable (0.00s)
    --- PASS: TestTable/ordinary_tcp_default (0.00s)
    --- PASS: TestTable/force_udp_default (0.00s)
    --- PASS: TestTable/override_default_protocol (0.00s)
    --- PASS: TestTable/multiple_metrics,_multiple_protocols (0.00s)
    --- PASS: TestTable/rename_source_and_destination_tags (0.00s)
    --- PASS: TestTable/unknown_port (0.00s)
    --- PASS: TestTable/don't_mix_up_protocols (0.00s)
    --- PASS: TestTable/read_from_field_instead_of_tag (0.00s)
    --- PASS: TestTable/read_proto_from_field (0.00s)
    --- PASS: TestTable/read_proto_from_tag (0.00s)
=== RUN   TestTracking
--- PASS: TestTracking (0.11s)
PASS
ok  	github.com/influxdata/telegraf/plugins/processors/port_name	1.117s
=== RUN   TestTracking
test value=3i 0
test value=4i 0
test value=5.5 0
--- PASS: TestTracking (0.10s)
PASS
ok  	github.com/influxdata/telegraf/plugins/processors/printer	1.011s
=== RUN   TestFieldConversions
=== RUN   TestFieldConversions/Should_change_existing_field
=== RUN   TestFieldConversions/Should_add_new_field
--- PASS: TestFieldConversions (0.00s)
    --- PASS: TestFieldConversions/Should_change_existing_field (0.00s)
    --- PASS: TestFieldConversions/Should_add_new_field (0.00s)
=== RUN   TestTagConversions
--- PASS: TestTagConversions (0.00s)
=== RUN   TestMetricNameConversions
=== RUN   TestMetricNameConversions/Should_change_metric_name
--- PASS: TestMetricNameConversions (0.00s)
    --- PASS: TestMetricNameConversions/Should_change_metric_name (0.00s)
=== RUN   TestFieldRenameConversions
=== RUN   TestFieldRenameConversions/Should_change_field_name
=== RUN   TestFieldRenameConversions/Should_keep_existing_field_name
=== RUN   TestFieldRenameConversions/Should_overwrite_existing_field_name
--- PASS: TestFieldRenameConversions (0.01s)
    --- PASS: TestFieldRenameConversions/Should_change_field_name (0.01s)
    --- PASS: TestFieldRenameConversions/Should_keep_existing_field_name (0.00s)
    --- PASS: TestFieldRenameConversions/Should_overwrite_existing_field_name (0.00s)
=== RUN   TestTagRenameConversions
=== RUN   TestTagRenameConversions/Should_change_tag_name
=== RUN   TestTagRenameConversions/Should_keep_existing_tag_name
=== RUN   TestTagRenameConversions/Should_overwrite_existing_tag_name
--- PASS: TestTagRenameConversions (0.00s)
    --- PASS: TestTagRenameConversions/Should_change_tag_name (0.00s)
    --- PASS: TestTagRenameConversions/Should_keep_existing_tag_name (0.00s)
    --- PASS: TestTagRenameConversions/Should_overwrite_existing_tag_name (0.00s)
=== RUN   TestMultipleConversions
--- PASS: TestMultipleConversions (0.00s)
=== RUN   TestNamedGroups
--- PASS: TestNamedGroups (0.00s)
=== RUN   TestNoMatches
--- PASS: TestNoMatches (0.00s)
=== RUN   TestAnyTagConversion
--- PASS: TestAnyTagConversion (0.00s)
=== RUN   TestAnyFieldConversion
--- PASS: TestAnyFieldConversion (0.00s)
=== RUN   TestTrackedMetricNotLost
--- PASS: TestTrackedMetricNotLost (0.10s)
PASS
ok  	github.com/influxdata/telegraf/plugins/processors/regex	0.956s
=== RUN   TestMeasurementRename
--- PASS: TestMeasurementRename (0.00s)
=== RUN   TestTagRename
--- PASS: TestTagRename (0.00s)
=== RUN   TestFieldRename
--- PASS: TestFieldRename (0.00s)
=== RUN   TestTracking
--- PASS: TestTracking (0.10s)
PASS
ok  	github.com/influxdata/telegraf/plugins/processors/rename	0.894s
=== RUN   TestSimpleReverseDNSLookup
--- PASS: TestSimpleReverseDNSLookup (0.00s)
=== RUN   TestParallelReverseDNSLookup
    rdnscache_test.go:67: [localhost]
    rdnscache_test.go:68: [localhost]
--- PASS: TestParallelReverseDNSLookup (0.00s)
=== RUN   TestUnavailableDNSServerRespectsTimeout
--- PASS: TestUnavailableDNSServerRespectsTimeout (0.00s)
=== RUN   TestCleanupHappens
--- PASS: TestCleanupHappens (0.10s)
=== RUN   TestLookupTimeout
--- PASS: TestLookupTimeout (0.00s)
=== RUN   TestSimpleReverseLookupIntegration
--- PASS: TestSimpleReverseLookupIntegration (0.03s)
=== RUN   TestTracking
--- PASS: TestTracking (0.10s)
PASS
ok  	github.com/influxdata/telegraf/plugins/processors/reverse_dns	1.147s
=== RUN   TestGeo
--- PASS: TestGeo (0.00s)
=== RUN   TestTracking
--- PASS: TestTracking (0.10s)
PASS
ok  	github.com/influxdata/telegraf/plugins/processors/s2geo	1.250s
=== RUN   TestMinMax
=== RUN   TestMinMax/Field_Scaling
=== RUN   TestMinMax/Ignored_Fields
=== RUN   TestMinMax/Out_of_range_tests
=== RUN   TestMinMax/Missing_field_Fields
--- PASS: TestMinMax (0.00s)
    --- PASS: TestMinMax/Field_Scaling (0.00s)
    --- PASS: TestMinMax/Ignored_Fields (0.00s)
    --- PASS: TestMinMax/Out_of_range_tests (0.00s)
    --- PASS: TestMinMax/Missing_field_Fields (0.00s)
=== RUN   TestFactor
=== RUN   TestFactor/Field_Scaling
=== RUN   TestFactor/Ignored_Fields
=== RUN   TestFactor/Missing_field_Fields
=== RUN   TestFactor/No_Offset
=== RUN   TestFactor/No_Factor
--- PASS: TestFactor (0.00s)
    --- PASS: TestFactor/Field_Scaling (0.00s)
    --- PASS: TestFactor/Ignored_Fields (0.00s)
    --- PASS: TestFactor/Missing_field_Fields (0.00s)
    --- PASS: TestFactor/No_Offset (0.00s)
    --- PASS: TestFactor/No_Factor (0.00s)
=== RUN   TestErrorCasesMinMax
=== RUN   TestErrorCasesMinMax/Same_input_range_values
=== RUN   TestErrorCasesMinMax/Same_input_range_values#01
=== RUN   TestErrorCasesMinMax/Nothing_set
=== RUN   TestErrorCasesMinMax/Partial_minimum_and_maximum
=== RUN   TestErrorCasesMinMax/Mixed_minimum,_maximum_and_factor
=== RUN   TestErrorCasesMinMax/No_scaling
--- PASS: TestErrorCasesMinMax (0.00s)
    --- PASS: TestErrorCasesMinMax/Same_input_range_values (0.00s)
    --- PASS: TestErrorCasesMinMax/Same_input_range_values#01 (0.00s)
    --- PASS: TestErrorCasesMinMax/Nothing_set (0.00s)
    --- PASS: TestErrorCasesMinMax/Partial_minimum_and_maximum (0.00s)
    --- PASS: TestErrorCasesMinMax/Mixed_minimum,_maximum_and_factor (0.00s)
    --- PASS: TestErrorCasesMinMax/No_scaling (0.00s)
=== RUN   TestTracking
--- PASS: TestTracking (0.10s)
PASS
ok  	github.com/influxdata/telegraf/plugins/processors/scale	1.218s
=== RUN   TestRegistry
--- PASS: TestRegistry (0.00s)
=== RUN   TestSampleConfig
--- PASS: TestSampleConfig (0.00s)
=== RUN   TestInit
=== RUN   TestInit/empty
=== RUN   TestInit/defaults
=== RUN   TestInit/wrong_SNMP_client_config
=== RUN   TestInit/table_init
--- PASS: TestInit (0.51s)
    --- PASS: TestInit/empty (0.00s)
    --- PASS: TestInit/defaults (0.50s)
    --- PASS: TestInit/wrong_SNMP_client_config (0.00s)
    --- PASS: TestInit/table_init (0.00s)
=== RUN   TestStart
--- PASS: TestStart (0.00s)
=== RUN   TestGetConnection
=== RUN   TestGetConnection/agent_error
=== RUN   TestGetConnection/v2_trap
--- PASS: TestGetConnection (0.00s)
    --- PASS: TestGetConnection/agent_error (0.00s)
    --- PASS: TestGetConnection/v2_trap (0.00s)
=== RUN   TestUpdateAgent
=== RUN   TestUpdateAgent/success
=== RUN   TestUpdateAgent/table_build_fail
2025-02-19T20:38:22Z E! [processors.snmp_lookup] Building table for "127.0.0.1" failed: performing bulk walk for field ifName: no values
=== RUN   TestUpdateAgent/connection_fail
2025-02-19T20:38:22Z E! [processors.snmp_lookup] Getting connection for "127.0.0.1" failed: random connection error
--- PASS: TestUpdateAgent (0.00s)
    --- PASS: TestUpdateAgent/success (0.00s)
    --- PASS: TestUpdateAgent/table_build_fail (0.00s)
    --- PASS: TestUpdateAgent/connection_fail (0.00s)
=== RUN   TestAdd
=== RUN   TestAdd/no_source_tag
2025-02-19T20:38:22Z W! [processors.snmp_lookup] Agent tag missing
=== RUN   TestAdd/no_index_tag
2025-02-19T20:38:22Z W! [processors.snmp_lookup] Index tag missing
=== RUN   TestAdd/cached
=== RUN   TestAdd/non-existing_index
2025-02-19T20:38:22Z W! [processors.snmp_lookup] Cannot resolve metrics because index "999" not found for agent "127.0.0.1"!
--- PASS: TestAdd (0.40s)
    --- PASS: TestAdd/no_source_tag (0.10s)
    --- PASS: TestAdd/no_index_tag (0.10s)
    --- PASS: TestAdd/cached (0.10s)
    --- PASS: TestAdd/non-existing_index (0.10s)
=== RUN   TestExpiry
2025-02-19T20:38:22Z W! [processors.snmp_lookup] Cannot resolve metrics because index "123" not found for agent "127.0.0.1"!
--- PASS: TestExpiry (0.20s)
=== RUN   TestOrdered
--- PASS: TestOrdered (0.20s)
=== RUN   TestAddBacklog
--- PASS: TestAddBacklog (1.10s)
=== RUN   TestLookup
--- PASS: TestLookup (0.10s)
PASS
ok  	github.com/influxdata/telegraf/plugins/processors/snmp_lookup	3.633s
=== RUN   TestCases
=== RUN   TestCases/drop_original
2025-02-19T20:38:21Z I! Loading config: testcases/drop_original/config.toml
=== RUN   TestCases/globs
2025-02-19T20:38:21Z I! Loading config: testcases/globs/config.toml
=== RUN   TestCases/nomatches
2025-02-19T20:38:21Z I! Loading config: testcases/nomatches/config.toml
=== RUN   TestCases/singlemetric
2025-02-19T20:38:21Z I! Loading config: testcases/singlemetric/config.toml
=== RUN   TestCases/tags
2025-02-19T20:38:21Z I! Loading config: testcases/tags/config.toml
--- PASS: TestCases (0.01s)
    --- PASS: TestCases/drop_original (0.01s)
    --- PASS: TestCases/globs (0.00s)
    --- PASS: TestCases/nomatches (0.00s)
    --- PASS: TestCases/singlemetric (0.00s)
    --- PASS: TestCases/tags (0.00s)
=== RUN   TestTrackingMetrics
--- PASS: TestTrackingMetrics (0.20s)
PASS
ok  	github.com/influxdata/telegraf/plugins/processors/split	1.533s
=== RUN   TestInitError
=== RUN   TestInitError/source_must_define_apply
=== RUN   TestInitError/apply_must_be_a_function
=== RUN   TestInitError/apply_function_must_take_one_arg
=== RUN   TestInitError/package_scope_must_have_valid_syntax
=== RUN   TestInitError/no_source_no_script
=== RUN   TestInitError/source_and_script
=== RUN   TestInitError/script_file_not_found
=== RUN   TestInitError/source_and_script#01
--- PASS: TestInitError (0.00s)
    --- PASS: TestInitError/source_must_define_apply (0.00s)
    --- PASS: TestInitError/apply_must_be_a_function (0.00s)
    --- PASS: TestInitError/apply_function_must_take_one_arg (0.00s)
    --- PASS: TestInitError/package_scope_must_have_valid_syntax (0.00s)
    --- PASS: TestInitError/no_source_no_script (0.00s)
    --- PASS: TestInitError/source_and_script (0.00s)
    --- PASS: TestInitError/script_file_not_found (0.00s)
    --- PASS: TestInitError/source_and_script#01 (0.00s)
=== RUN   TestApply
=== RUN   TestApply/drop_metric
=== RUN   TestApply/passthrough
=== RUN   TestApply/read_value_from_global_scope
=== RUN   TestApply/cannot_write_to_frozen_global_scope
2025-02-19T20:38:22Z E! [] Traceback (most recent call last):
2025-02-19T20:38:22Z E! []   :5:14: in apply
2025-02-19T20:38:22Z E! [] Error in append: append: cannot append to frozen list
=== RUN   TestApply/cannot_return_multiple_references_to_same_metric
2025-02-19T20:38:22Z E! [] Duplicate metric reference detected
--- PASS: TestApply (0.00s)
    --- PASS: TestApply/drop_metric (0.00s)
    --- PASS: TestApply/passthrough (0.00s)
    --- PASS: TestApply/read_value_from_global_scope (0.00s)
    --- PASS: TestApply/cannot_write_to_frozen_global_scope (0.00s)
    --- PASS: TestApply/cannot_return_multiple_references_to_same_metric (0.00s)
=== RUN   TestMetric
=== RUN   TestMetric/create_new_metric
=== RUN   TestMetric/deepcopy
=== RUN   TestMetric/set_name
=== RUN   TestMetric/set_name_wrong_type
2025-02-19T20:38:22Z E! [] Traceback (most recent call last):
2025-02-19T20:38:22Z E! []   :3:8: in apply
2025-02-19T20:38:22Z E! [] Error: type error
=== RUN   TestMetric/get_name
=== RUN   TestMetric/getattr_tags
=== RUN   TestMetric/setattr_tags_is_not_allowed
2025-02-19T20:38:22Z E! [] Traceback (most recent call last):
2025-02-19T20:38:22Z E! []   :3:8: in apply
2025-02-19T20:38:22Z E! [] Error: cannot set tags
=== RUN   TestMetric/empty_tags_are_false
=== RUN   TestMetric/non-empty_tags_are_true
=== RUN   TestMetric/tags_in_operator
=== RUN   TestMetric/lookup_tag
=== RUN   TestMetric/lookup_tag_not_set
2025-02-19T20:38:22Z E! [] Traceback (most recent call last):
2025-02-19T20:38:22Z E! []   :3:13: in apply
2025-02-19T20:38:22Z E! [] Error: key "foo" not in Tags
=== RUN   TestMetric/get_tag
=== RUN   TestMetric/get_tag_default
=== RUN   TestMetric/get_tag_not_set_returns_none
=== RUN   TestMetric/set_tag
=== RUN   TestMetric/set_tag_type_error
2025-02-19T20:38:22Z E! [] Traceback (most recent call last):
2025-02-19T20:38:22Z E! []   :3:13: in apply
2025-02-19T20:38:22Z E! [] Error: tag value must be of type 'str'
=== RUN   TestMetric/pop_tag
=== RUN   TestMetric/pop_tag_(default)
=== RUN   TestMetric/popitem_tags
=== RUN   TestMetric/popitem_tags_empty_dict
2025-02-19T20:38:22Z E! [] Traceback (most recent call last):
2025-02-19T20:38:22Z E! []   :3:21: in apply
2025-02-19T20:38:22Z E! [] Error in popitem: popitem(): tag dictionary is empty
=== RUN   TestMetric/tags_setdefault_key_not_set
=== RUN   TestMetric/tags_setdefault_key_already_set
=== RUN   TestMetric/tags_update_list_of_tuple
=== RUN   TestMetric/tags_update_kwargs
=== RUN   TestMetric/tags_update_dict
=== RUN   TestMetric/tags_update_list_tuple_and_kwargs
=== RUN   TestMetric/iterate_tags
=== RUN   TestMetric/iterate_tags_and_copy_to_fields
=== RUN   TestMetric/iterate_tag_keys
=== RUN   TestMetric/iterate_tag_keys_and_copy_to_fields
=== RUN   TestMetric/iterate_tag_items
=== RUN   TestMetric/iterate_tag_items_and_copy_to_fields
=== RUN   TestMetric/iterate_tag_values
=== RUN   TestMetric/iterate_tag_values_and_copy_to_fields
=== RUN   TestMetric/clear_tags
=== RUN   TestMetric/tags_cannot_pop_while_iterating
2025-02-19T20:38:22Z E! [] Traceback (most recent call last):
2025-02-19T20:38:22Z E! []   :4:18: in apply
2025-02-19T20:38:22Z E! [] Error in pop: pop: cannot delete during iteration
=== RUN   TestMetric/tags_cannot_popitem_while_iterating
2025-02-19T20:38:22Z E! [] Traceback (most recent call last):
2025-02-19T20:38:22Z E! []   :4:22: in apply
2025-02-19T20:38:22Z E! [] Error in popitem: cannot delete during iteration
=== RUN   TestMetric/tags_cannot_clear_while_iterating
2025-02-19T20:38:22Z E! [] Traceback (most recent call last):
2025-02-19T20:38:22Z E! []   :4:20: in apply
2025-02-19T20:38:22Z E! [] Error in clear: cannot delete during iteration
=== RUN   TestMetric/tags_cannot_insert_while_iterating
2025-02-19T20:38:22Z E! [] Traceback (most recent call last):
2025-02-19T20:38:22Z E! []   :4:14: in apply
2025-02-19T20:38:22Z E! [] Error: cannot insert during iteration
=== RUN   TestMetric/tags_can_be_cleared_after_iterating
=== RUN   TestMetric/getattr_fields
=== RUN   TestMetric/setattr_fields_is_not_allowed
2025-02-19T20:38:22Z E! [] Traceback (most recent call last):
2025-02-19T20:38:22Z E! []   :3:8: in apply
2025-02-19T20:38:22Z E! [] Error: cannot set fields
=== RUN   TestMetric/empty_fields_are_false
=== RUN   TestMetric/non-empty_fields_are_true
=== RUN   TestMetric/fields_in_operator
=== RUN   TestMetric/lookup_string_field
=== RUN   TestMetric/lookup_integer_field
=== RUN   TestMetric/lookup_unsigned_field
=== RUN   TestMetric/lookup_bool_field
=== RUN   TestMetric/lookup_float_field
=== RUN   TestMetric/lookup_field_not_set
2025-02-19T20:38:22Z E! [] Traceback (most recent call last):
2025-02-19T20:38:22Z E! []   :3:15: in apply
2025-02-19T20:38:22Z E! [] Error: key "foo" not in Fields
=== RUN   TestMetric/get_field
=== RUN   TestMetric/get_field_default
=== RUN   TestMetric/get_field_not_set_returns_none
=== RUN   TestMetric/set_string_field
=== RUN   TestMetric/set_integer_field
=== RUN   TestMetric/set_float_field
=== RUN   TestMetric/set_bool_field
=== RUN   TestMetric/set_field_type_error
2025-02-19T20:38:22Z E! [] Traceback (most recent call last):
2025-02-19T20:38:22Z E! []   :3:15: in apply
2025-02-19T20:38:22Z E! [] Error: invalid starlark type *starlark.Dict
=== RUN   TestMetric/pop_field
=== RUN   TestMetric/pop_field_(default)
=== RUN   TestMetric/popitem_field
=== RUN   TestMetric/popitem_fields_empty_dict
2025-02-19T20:38:22Z E! [] Traceback (most recent call last):
2025-02-19T20:38:22Z E! []   :3:23: in apply
2025-02-19T20:38:22Z E! [] Error in popitem: popitem(): field dictionary is empty
=== RUN   TestMetric/fields_setdefault_key_not_set
=== RUN   TestMetric/fields_setdefault_key_already_set
=== RUN   TestMetric/fields_update_list_of_tuple
=== RUN   TestMetric/fields_update_kwargs
=== RUN   TestMetric/fields_update_dict
=== RUN   TestMetric/fields_update_list_tuple_and_kwargs
=== RUN   TestMetric/iterate_fields
=== RUN   TestMetric/iterate_field_keys
=== RUN   TestMetric/iterate_field_keys_and_copy_to_tags
=== RUN   TestMetric/iterate_field_items
=== RUN   TestMetric/iterate_field_items_and_copy_to_tags
=== RUN   TestMetric/iterate_field_values
=== RUN   TestMetric/iterate_field_values_and_copy_to_tags
=== RUN   TestMetric/clear_fields
=== RUN   TestMetric/fields_cannot_pop_while_iterating
2025-02-19T20:38:22Z E! [] Traceback (most recent call last):
2025-02-19T20:38:22Z E! []   :4:20: in apply
2025-02-19T20:38:22Z E! [] Error in pop: pop: cannot delete during iteration
=== RUN   TestMetric/fields_cannot_popitem_while_iterating
2025-02-19T20:38:22Z E! [] Traceback (most recent call last):
2025-02-19T20:38:22Z E! []   :4:24: in apply
2025-02-19T20:38:22Z E! [] Error in popitem: cannot delete during iteration
=== RUN   TestMetric/fields_cannot_clear_while_iterating
2025-02-19T20:38:22Z E! [] Traceback (most recent call last):
2025-02-19T20:38:22Z E! []   :4:22: in apply
2025-02-19T20:38:22Z E! [] Error in clear: cannot delete during iteration
=== RUN   TestMetric/fields_cannot_insert_while_iterating
2025-02-19T20:38:22Z E! [] Traceback (most recent call last):
2025-02-19T20:38:22Z E! []   :4:16: in apply
2025-02-19T20:38:22Z E! [] Error: cannot insert during iteration
=== RUN   TestMetric/fields_can_be_cleared_after_iterating
=== RUN   TestMetric/set_time
=== RUN   TestMetric/set_time_wrong_type
2025-02-19T20:38:22Z E! [] Traceback (most recent call last):
2025-02-19T20:38:22Z E! []   :3:8: in apply
2025-02-19T20:38:22Z E! [] Error: type error
=== RUN   TestMetric/get_time
=== RUN   TestMetric/support_errors
=== RUN   TestMetric/support_constants
--- PASS: TestMetric (0.01s)
    --- PASS: TestMetric/create_new_metric (0.00s)
    --- PASS: TestMetric/deepcopy (0.00s)
    --- PASS: TestMetric/set_name (0.00s)
    --- PASS: TestMetric/set_name_wrong_type (0.00s)
    --- PASS: TestMetric/get_name (0.00s)
    --- PASS: TestMetric/getattr_tags (0.00s)
    --- PASS: TestMetric/setattr_tags_is_not_allowed (0.00s)
    --- PASS: TestMetric/empty_tags_are_false (0.00s)
    --- PASS: TestMetric/non-empty_tags_are_true (0.00s)
    --- PASS: TestMetric/tags_in_operator (0.00s)
    --- PASS: TestMetric/lookup_tag (0.00s)
    --- PASS: TestMetric/lookup_tag_not_set (0.00s)
    --- PASS: TestMetric/get_tag (0.00s)
    --- PASS: TestMetric/get_tag_default (0.00s)
    --- PASS: TestMetric/get_tag_not_set_returns_none (0.00s)
    --- PASS: TestMetric/set_tag (0.00s)
    --- PASS: TestMetric/set_tag_type_error (0.00s)
    --- PASS: TestMetric/pop_tag (0.00s)
    --- PASS: TestMetric/pop_tag_(default) (0.00s)
    --- PASS: TestMetric/popitem_tags (0.00s)
    --- PASS: TestMetric/popitem_tags_empty_dict (0.00s)
    --- PASS: TestMetric/tags_setdefault_key_not_set (0.00s)
    --- PASS: TestMetric/tags_setdefault_key_already_set (0.00s)
    --- PASS: TestMetric/tags_update_list_of_tuple (0.00s)
    --- PASS: TestMetric/tags_update_kwargs (0.00s)
    --- PASS: TestMetric/tags_update_dict (0.00s)
    --- PASS: TestMetric/tags_update_list_tuple_and_kwargs (0.00s)
    --- PASS: TestMetric/iterate_tags (0.00s)
    --- PASS: TestMetric/iterate_tags_and_copy_to_fields (0.00s)
    --- PASS: TestMetric/iterate_tag_keys (0.00s)
    --- PASS: TestMetric/iterate_tag_keys_and_copy_to_fields (0.00s)
    --- PASS: TestMetric/iterate_tag_items (0.00s)
    --- PASS: TestMetric/iterate_tag_items_and_copy_to_fields (0.00s)
    --- PASS: TestMetric/iterate_tag_values (0.00s)
    --- PASS: TestMetric/iterate_tag_values_and_copy_to_fields (0.00s)
    --- PASS: TestMetric/clear_tags (0.00s)
    --- PASS: TestMetric/tags_cannot_pop_while_iterating (0.00s)
    --- PASS: TestMetric/tags_cannot_popitem_while_iterating (0.00s)
    --- PASS: TestMetric/tags_cannot_clear_while_iterating (0.00s)
    --- PASS: TestMetric/tags_cannot_insert_while_iterating (0.00s)
    --- PASS: TestMetric/tags_can_be_cleared_after_iterating (0.00s)
    --- PASS: TestMetric/getattr_fields (0.00s)
    --- PASS: TestMetric/setattr_fields_is_not_allowed (0.00s)
    --- PASS: TestMetric/empty_fields_are_false (0.00s)
    --- PASS: TestMetric/non-empty_fields_are_true (0.00s)
    --- PASS: TestMetric/fields_in_operator (0.00s)
    --- PASS: TestMetric/lookup_string_field (0.00s)
    --- PASS: TestMetric/lookup_integer_field (0.00s)
    --- PASS: TestMetric/lookup_unsigned_field (0.00s)
    --- PASS: TestMetric/lookup_bool_field (0.00s)
    --- PASS: TestMetric/lookup_float_field (0.00s)
    --- PASS: TestMetric/lookup_field_not_set (0.00s)
    --- PASS: TestMetric/get_field (0.00s)
    --- PASS: TestMetric/get_field_default (0.00s)
    --- PASS: TestMetric/get_field_not_set_returns_none (0.00s)
    --- PASS: TestMetric/set_string_field (0.00s)
    --- PASS: TestMetric/set_integer_field (0.00s)
    --- PASS: TestMetric/set_float_field (0.00s)
    --- PASS: TestMetric/set_bool_field (0.00s)
    --- PASS: TestMetric/set_field_type_error (0.00s)
    --- PASS: TestMetric/pop_field (0.00s)
    --- PASS: TestMetric/pop_field_(default) (0.00s)
    --- PASS: TestMetric/popitem_field (0.00s)
    --- PASS: TestMetric/popitem_fields_empty_dict (0.00s)
    --- PASS: TestMetric/fields_setdefault_key_not_set (0.00s)
    --- PASS: TestMetric/fields_setdefault_key_already_set (0.00s)
    --- PASS: TestMetric/fields_update_list_of_tuple (0.00s)
    --- PASS: TestMetric/fields_update_kwargs (0.00s)
    --- PASS: TestMetric/fields_update_dict (0.00s)
    --- PASS: TestMetric/fields_update_list_tuple_and_kwargs (0.00s)
    --- PASS: TestMetric/iterate_fields (0.00s)
    --- PASS: TestMetric/iterate_field_keys (0.00s)
    --- PASS: TestMetric/iterate_field_keys_and_copy_to_tags (0.00s)
    --- PASS: TestMetric/iterate_field_items (0.00s)
    --- PASS: TestMetric/iterate_field_items_and_copy_to_tags (0.00s)
    --- PASS: TestMetric/iterate_field_values (0.00s)
    --- PASS: TestMetric/iterate_field_values_and_copy_to_tags (0.00s)
    --- PASS: TestMetric/clear_fields (0.00s)
    --- PASS: TestMetric/fields_cannot_pop_while_iterating (0.00s)
    --- PASS: TestMetric/fields_cannot_popitem_while_iterating (0.00s)
    --- PASS: TestMetric/fields_cannot_clear_while_iterating (0.00s)
    --- PASS: TestMetric/fields_cannot_insert_while_iterating (0.00s)
    --- PASS: TestMetric/fields_can_be_cleared_after_iterating (0.00s)
    --- PASS: TestMetric/set_time (0.00s)
    --- PASS: TestMetric/set_time_wrong_type (0.00s)
    --- PASS: TestMetric/get_time (0.00s)
    --- PASS: TestMetric/support_errors (0.00s)
    --- PASS: TestMetric/support_constants (0.00s)
=== RUN   TestConfig
=== RUN   TestConfig/support_constants_from_configuration
--- PASS: TestConfig (0.00s)
    --- PASS: TestConfig/support_constants_from_configuration (0.00s)
=== RUN   TestScript
=== RUN   TestScript/rename
=== RUN   TestScript/drop_fields_by_type
=== RUN   TestScript/drop_fields_with_unexpected_type
2025-02-19T20:38:22Z W! [] Unexpected field type dropped: metric device had field b with type string, but it is expected to be float
=== RUN   TestScript/scale
=== RUN   TestScript/ratio
=== RUN   TestScript/logging
2025-02-19T20:38:22Z I! [] an info message
2025-02-19T20:38:22Z W! [] a warning message
2025-02-19T20:38:22Z E! [] an error message
=== RUN   TestScript/multiple_metrics
=== RUN   TestScript/multiple_metrics_with_json
=== RUN   TestScript/fail
2025-02-19T20:38:22Z E! [] Traceback (most recent call last):
2025-02-19T20:38:22Z E! []   testdata/fail.star:12:20: in apply
2025-02-19T20:38:22Z E! [] Error in fail: fail: The field value should be greater than 1
--- PASS: TestScript (0.00s)
    --- PASS: TestScript/rename (0.00s)
    --- PASS: TestScript/drop_fields_by_type (0.00s)
    --- PASS: TestScript/drop_fields_with_unexpected_type (0.00s)
    --- PASS: TestScript/scale (0.00s)
    --- PASS: TestScript/ratio (0.00s)
    --- PASS: TestScript/logging (0.00s)
    --- PASS: TestScript/multiple_metrics (0.00s)
    --- PASS: TestScript/multiple_metrics_with_json (0.00s)
    --- PASS: TestScript/fail (0.00s)
=== RUN   TestAllScriptTestData
=== RUN   TestAllScriptTestData/testdata/compare_metrics.star
=== RUN   TestAllScriptTestData/testdata/drop_fields_with_unexpected_type.star
2025-02-19T20:38:22Z W! [] Unexpected field type dropped: metric measurement had field b with type string, but it is expected to be float
=== RUN   TestAllScriptTestData/testdata/drop_string_fields.star
=== RUN   TestAllScriptTestData/testdata/fail.star
2025-02-19T20:38:22Z E! [] Traceback (most recent call last):
2025-02-19T20:38:22Z E! []   testdata/fail.star:12:20: in apply
2025-02-19T20:38:22Z E! [] Error in fail: fail: The field value should be greater than 1
=== RUN   TestAllScriptTestData/testdata/iops.star
=== RUN   TestAllScriptTestData/testdata/json.star
=== RUN   TestAllScriptTestData/testdata/json_nested.star
=== RUN   TestAllScriptTestData/testdata/logging.star
2025-02-19T20:38:22Z I! [] an info message
2025-02-19T20:38:22Z W! [] a warning message
2025-02-19T20:38:22Z E! [] an error message
=== RUN   TestAllScriptTestData/testdata/math.star
=== RUN   TestAllScriptTestData/testdata/multiple_metrics.star
=== RUN   TestAllScriptTestData/testdata/multiple_metrics_with_json.star
=== RUN   TestAllScriptTestData/testdata/number_logic.star
=== RUN   TestAllScriptTestData/testdata/pivot.star
=== RUN   TestAllScriptTestData/testdata/ratio.star
=== RUN   TestAllScriptTestData/testdata/rename.star
=== RUN   TestAllScriptTestData/testdata/rename_prometheus_remote_write.star
=== RUN   TestAllScriptTestData/testdata/scale.star
=== RUN   TestAllScriptTestData/testdata/schema_sizing.star
=== RUN   TestAllScriptTestData/testdata/sparkplug.star
=== RUN   TestAllScriptTestData/testdata/time_date.star
=== RUN   TestAllScriptTestData/testdata/time_duration.star
=== RUN   TestAllScriptTestData/testdata/time_set_timestamp.star
=== RUN   TestAllScriptTestData/testdata/time_timestamp.star
=== RUN   TestAllScriptTestData/testdata/time_timestamp_nanos.star
=== RUN   TestAllScriptTestData/testdata/value_filter.star
--- PASS: TestAllScriptTestData (0.01s)
    --- PASS: TestAllScriptTestData/testdata/compare_metrics.star (0.00s)
    --- PASS: TestAllScriptTestData/testdata/drop_fields_with_unexpected_type.star (0.00s)
    --- PASS: TestAllScriptTestData/testdata/drop_string_fields.star (0.00s)
    --- PASS: TestAllScriptTestData/testdata/fail.star (0.00s)
    --- PASS: TestAllScriptTestData/testdata/iops.star (0.00s)
    --- PASS: TestAllScriptTestData/testdata/json.star (0.00s)
    --- PASS: TestAllScriptTestData/testdata/json_nested.star (0.00s)
    --- PASS: TestAllScriptTestData/testdata/logging.star (0.00s)
    --- PASS: TestAllScriptTestData/testdata/math.star (0.00s)
    --- PASS: TestAllScriptTestData/testdata/multiple_metrics.star (0.00s)
    --- PASS: TestAllScriptTestData/testdata/multiple_metrics_with_json.star (0.00s)
    --- PASS: TestAllScriptTestData/testdata/number_logic.star (0.00s)
    --- PASS: TestAllScriptTestData/testdata/pivot.star (0.00s)
    --- PASS: TestAllScriptTestData/testdata/ratio.star (0.00s)
    --- PASS: TestAllScriptTestData/testdata/rename.star (0.00s)
    --- PASS: TestAllScriptTestData/testdata/rename_prometheus_remote_write.star (0.00s)
    --- PASS: TestAllScriptTestData/testdata/scale.star (0.00s)
    --- PASS: TestAllScriptTestData/testdata/schema_sizing.star (0.00s)
    --- PASS: TestAllScriptTestData/testdata/sparkplug.star (0.00s)
    --- PASS: TestAllScriptTestData/testdata/time_date.star (0.00s)
    --- PASS: TestAllScriptTestData/testdata/time_duration.star (0.00s)
    --- PASS: TestAllScriptTestData/testdata/time_set_timestamp.star (0.00s)
    --- PASS: TestAllScriptTestData/testdata/time_timestamp.star (0.00s)
    --- PASS: TestAllScriptTestData/testdata/time_timestamp_nanos.star (0.00s)
    --- PASS: TestAllScriptTestData/testdata/value_filter.star (0.00s)
=== RUN   TestTracking
=== RUN   TestTracking/return_none
=== RUN   TestTracking/return_empty_list_of_metrics
=== RUN   TestTracking/return_original_metric
=== RUN   TestTracking/return_original_metric_in_a_list
=== RUN   TestTracking/return_new_metric
=== RUN   TestTracking/return_new_metric_in_a_list
=== RUN   TestTracking/return_original_and_new_metric_in_a_list
=== RUN   TestTracking/return_original_and_deep-copy
=== RUN   TestTracking/deep-copy_but_do_not_return
=== RUN   TestTracking/deep-copy_but_do_not_return_original_metric
=== RUN   TestTracking/issue_#14484
--- PASS: TestTracking (1.11s)
    --- PASS: TestTracking/return_none (0.10s)
    --- PASS: TestTracking/return_empty_list_of_metrics (0.10s)
    --- PASS: TestTracking/return_original_metric (0.10s)
    --- PASS: TestTracking/return_original_metric_in_a_list (0.10s)
    --- PASS: TestTracking/return_new_metric (0.10s)
    --- PASS: TestTracking/return_new_metric_in_a_list (0.10s)
    --- PASS: TestTracking/return_original_and_new_metric_in_a_list (0.10s)
    --- PASS: TestTracking/return_original_and_deep-copy (0.10s)
    --- PASS: TestTracking/deep-copy_but_do_not_return (0.10s)
    --- PASS: TestTracking/deep-copy_but_do_not_return_original_metric (0.10s)
    --- PASS: TestTracking/issue_#14484 (0.10s)
=== RUN   TestTrackingStateful
=== RUN   TestTrackingStateful/delayed_release
=== RUN   TestTrackingStateful/delayed_release_with_tracking
--- PASS: TestTrackingStateful (0.20s)
    --- PASS: TestTrackingStateful/delayed_release (0.10s)
    --- PASS: TestTrackingStateful/delayed_release_with_tracking (0.10s)
=== RUN   TestGlobalState
--- PASS: TestGlobalState (0.00s)
=== RUN   TestStatePersistence
--- PASS: TestStatePersistence (0.00s)
=== RUN   TestUsePredefinedStateName
--- PASS: TestUsePredefinedStateName (0.00s)
PASS
ok  	github.com/influxdata/telegraf/plugins/processors/starlark	2.083s
=== RUN   TestFieldConversions
=== RUN   TestFieldConversions/Should_change_existing_field_to_lowercase
=== RUN   TestFieldConversions/Should_change_existing_field_to_uppercase
=== RUN   TestFieldConversions/Should_change_existing_field_to_titlecase
=== RUN   TestFieldConversions/Should_add_new_lowercase_field
=== RUN   TestFieldConversions/Should_trim_from_both_sides
=== RUN   TestFieldConversions/Should_trim_from_both_sides_and_make_lowercase
=== RUN   TestFieldConversions/Should_trim_from_left_side
=== RUN   TestFieldConversions/Should_trim_from_right_side
=== RUN   TestFieldConversions/Should_trim_prefix_'/mixed'
=== RUN   TestFieldConversions/Should_trim_suffix_'-1D&to=now'
=== RUN   TestFieldConversions/Trim_without_cutset_removes_whitespace
=== RUN   TestFieldConversions/Trim_left_without_cutset_removes_whitespace
=== RUN   TestFieldConversions/Trim_right_without_cutset_removes_whitespace
=== RUN   TestFieldConversions/No_change_if_field_missing
--- PASS: TestFieldConversions (0.00s)
    --- PASS: TestFieldConversions/Should_change_existing_field_to_lowercase (0.00s)
    --- PASS: TestFieldConversions/Should_change_existing_field_to_uppercase (0.00s)
    --- PASS: TestFieldConversions/Should_change_existing_field_to_titlecase (0.00s)
    --- PASS: TestFieldConversions/Should_add_new_lowercase_field (0.00s)
    --- PASS: TestFieldConversions/Should_trim_from_both_sides (0.00s)
    --- PASS: TestFieldConversions/Should_trim_from_both_sides_and_make_lowercase (0.00s)
    --- PASS: TestFieldConversions/Should_trim_from_left_side (0.00s)
    --- PASS: TestFieldConversions/Should_trim_from_right_side (0.00s)
    --- PASS: TestFieldConversions/Should_trim_prefix_'/mixed' (0.00s)
    --- PASS: TestFieldConversions/Should_trim_suffix_'-1D&to=now' (0.00s)
    --- PASS: TestFieldConversions/Trim_without_cutset_removes_whitespace (0.00s)
    --- PASS: TestFieldConversions/Trim_left_without_cutset_removes_whitespace (0.00s)
    --- PASS: TestFieldConversions/Trim_right_without_cutset_removes_whitespace (0.00s)
    --- PASS: TestFieldConversions/No_change_if_field_missing (0.00s)
=== RUN   TestFieldKeyConversions
=== RUN   TestFieldKeyConversions/Should_change_existing_field_key_to_lowercase
=== RUN   TestFieldKeyConversions/Should_change_existing_field_key_to_uppercase
=== RUN   TestFieldKeyConversions/Should_trim_from_both_sides
=== RUN   TestFieldKeyConversions/Should_trim_from_both_sides_but_not_make_lowercase
=== RUN   TestFieldKeyConversions/Should_trim_from_left_side
=== RUN   TestFieldKeyConversions/Should_trim_from_right_side
=== RUN   TestFieldKeyConversions/Should_trim_prefix_'req/'
=== RUN   TestFieldKeyConversions/Should_trim_suffix_'/sec'
=== RUN   TestFieldKeyConversions/Trim_without_cutset_removes_whitespace
=== RUN   TestFieldKeyConversions/Trim_left_without_cutset_removes_whitespace
=== RUN   TestFieldKeyConversions/Trim_right_without_cutset_removes_whitespace
=== RUN   TestFieldKeyConversions/No_change_if_field_missing
=== RUN   TestFieldKeyConversions/Should_trim_the_existing_field_to_6_characters
=== RUN   TestFieldKeyConversions/Should_do_nothing_to_the_string
--- PASS: TestFieldKeyConversions (0.00s)
    --- PASS: TestFieldKeyConversions/Should_change_existing_field_key_to_lowercase (0.00s)
    --- PASS: TestFieldKeyConversions/Should_change_existing_field_key_to_uppercase (0.00s)
    --- PASS: TestFieldKeyConversions/Should_trim_from_both_sides (0.00s)
    --- PASS: TestFieldKeyConversions/Should_trim_from_both_sides_but_not_make_lowercase (0.00s)
    --- PASS: TestFieldKeyConversions/Should_trim_from_left_side (0.00s)
    --- PASS: TestFieldKeyConversions/Should_trim_from_right_side (0.00s)
    --- PASS: TestFieldKeyConversions/Should_trim_prefix_'req/' (0.00s)
    --- PASS: TestFieldKeyConversions/Should_trim_suffix_'/sec' (0.00s)
    --- PASS: TestFieldKeyConversions/Trim_without_cutset_removes_whitespace (0.00s)
    --- PASS: TestFieldKeyConversions/Trim_left_without_cutset_removes_whitespace (0.00s)
    --- PASS: TestFieldKeyConversions/Trim_right_without_cutset_removes_whitespace (0.00s)
    --- PASS: TestFieldKeyConversions/No_change_if_field_missing (0.00s)
    --- PASS: TestFieldKeyConversions/Should_trim_the_existing_field_to_6_characters (0.00s)
    --- PASS: TestFieldKeyConversions/Should_do_nothing_to_the_string (0.00s)
=== RUN   TestTagConversions
=== RUN   TestTagConversions/Should_change_existing_tag_to_lowercase
=== RUN   TestTagConversions/Should_add_new_lowercase_tag
=== RUN   TestTagConversions/Should_add_new_uppercase_tag
=== RUN   TestTagConversions/Should_add_new_titlecase_tag
--- PASS: TestTagConversions (0.00s)
    --- PASS: TestTagConversions/Should_change_existing_tag_to_lowercase (0.00s)
    --- PASS: TestTagConversions/Should_add_new_lowercase_tag (0.00s)
    --- PASS: TestTagConversions/Should_add_new_uppercase_tag (0.00s)
    --- PASS: TestTagConversions/Should_add_new_titlecase_tag (0.00s)
=== RUN   TestTagKeyConversions
=== RUN   TestTagKeyConversions/Should_change_existing_tag_key_to_lowercase
=== RUN   TestTagKeyConversions/Should_add_new_lowercase_tag_key
=== RUN   TestTagKeyConversions/Should_add_new_uppercase_tag_key
--- PASS: TestTagKeyConversions (0.00s)
    --- PASS: TestTagKeyConversions/Should_change_existing_tag_key_to_lowercase (0.00s)
    --- PASS: TestTagKeyConversions/Should_add_new_lowercase_tag_key (0.00s)
    --- PASS: TestTagKeyConversions/Should_add_new_uppercase_tag_key (0.00s)
=== RUN   TestMeasurementConversions
=== RUN   TestMeasurementConversions/lowercase_measurement
--- PASS: TestMeasurementConversions (0.00s)
    --- PASS: TestMeasurementConversions/lowercase_measurement (0.00s)
=== RUN   TestMultipleConversions
--- PASS: TestMultipleConversions (0.00s)
=== RUN   TestReadmeExample
--- PASS: TestReadmeExample (0.00s)
=== RUN   TestMeasurementReplace
--- PASS: TestMeasurementReplace (0.00s)
=== RUN   TestMeasurementCharDeletion
--- PASS: TestMeasurementCharDeletion (0.00s)
=== RUN   TestBase64Decode
=== RUN   TestBase64Decode/base64decode_success
=== RUN   TestBase64Decode/base64decode_not_valid_base64_returns_original_string
=== RUN   TestBase64Decode/base64decode_not_valid_utf-8_returns_original_string
--- PASS: TestBase64Decode (0.00s)
    --- PASS: TestBase64Decode/base64decode_success (0.00s)
    --- PASS: TestBase64Decode/base64decode_not_valid_base64_returns_original_string (0.00s)
    --- PASS: TestBase64Decode/base64decode_not_valid_utf-8_returns_original_string (0.00s)
=== RUN   TestValidUTF8
=== RUN   TestValidUTF8/valid_utf-8_keeps_original_string
=== RUN   TestValidUTF8/non-valid_utf-8_modifies_original_string
=== RUN   TestValidUTF8/non-valid_utf-8_and_empty_replacement_removes_invalid_characters
--- PASS: TestValidUTF8 (0.00s)
    --- PASS: TestValidUTF8/valid_utf-8_keeps_original_string (0.00s)
    --- PASS: TestValidUTF8/non-valid_utf-8_modifies_original_string (0.00s)
    --- PASS: TestValidUTF8/non-valid_utf-8_and_empty_replacement_removes_invalid_characters (0.00s)
=== RUN   TestTrackedMetricNotLost
--- PASS: TestTrackedMetricNotLost (0.10s)
PASS
ok  	github.com/influxdata/telegraf/plugins/processors/strings	1.109s
=== RUN   TestUnderLimit
--- PASS: TestUnderLimit (0.00s)
=== RUN   TestTrim
--- PASS: TestTrim (0.00s)
=== RUN   TestTracking
--- PASS: TestTracking (0.10s)
PASS
ok  	github.com/influxdata/telegraf/plugins/processors/tag_limit	1.344s
=== RUN   TestName
--- PASS: TestName (0.00s)
=== RUN   TestNameTemplate
--- PASS: TestNameTemplate (0.00s)
=== RUN   TestTagTemplateConcatenate
--- PASS: TestTagTemplateConcatenate (0.00s)
=== RUN   TestMetricMissingTagsIsNotLost
--- PASS: TestMetricMissingTagsIsNotLost (0.00s)
=== RUN   TestTagAndFieldConcatenate
--- PASS: TestTagAndFieldConcatenate (0.00s)
=== RUN   TestFieldList
--- PASS: TestFieldList (0.00s)
=== RUN   TestTagList
--- PASS: TestTagList (0.00s)
=== RUN   TestFields
--- PASS: TestFields (0.00s)
=== RUN   TestTags
--- PASS: TestTags (0.00s)
=== RUN   TestString
--- PASS: TestString (0.00s)
=== RUN   TestDot
--- PASS: TestDot (0.00s)
=== RUN   TestTracking
--- PASS: TestTracking (0.10s)
=== RUN   TestSprig
--- PASS: TestSprig (0.00s)
PASS
ok  	github.com/influxdata/telegraf/plugins/processors/template	1.214s
=== RUN   TestCases
=== RUN   TestCases/field_does_not_exist
=== RUN   TestCases/field_to_unix
=== RUN   TestCases/field_to_unix_ms
=== RUN   TestCases/field_to_unix_us
=== RUN   TestCases/field_to_unix_ns
=== RUN   TestCases/field_to_custom_format
=== RUN   TestCases/unix_ns_to_unix
--- PASS: TestCases (0.00s)
    --- PASS: TestCases/field_does_not_exist (0.00s)
    --- PASS: TestCases/field_to_unix (0.00s)
    --- PASS: TestCases/field_to_unix_ms (0.00s)
    --- PASS: TestCases/field_to_unix_us (0.00s)
    --- PASS: TestCases/field_to_unix_ns (0.00s)
    --- PASS: TestCases/field_to_custom_format (0.00s)
    --- PASS: TestCases/unix_ns_to_unix (0.00s)
PASS
ok  	github.com/influxdata/telegraf/plugins/processors/timestamp	1.251s
=== RUN   TestTopkAggregatorsSmokeTests
--- PASS: TestTopkAggregatorsSmokeTests (0.05s)
=== RUN   TestTopkMeanAddAggregateFields
--- PASS: TestTopkMeanAddAggregateFields (0.01s)
=== RUN   TestTopkSumAddAggregateFields
--- PASS: TestTopkSumAddAggregateFields (0.01s)
=== RUN   TestTopkMaxAddAggregateFields
--- PASS: TestTopkMaxAddAggregateFields (0.01s)
=== RUN   TestTopkMinAddAggregateFields
--- PASS: TestTopkMinAddAggregateFields (0.01s)
=== RUN   TestTopkGroupby1
--- PASS: TestTopkGroupby1 (0.01s)
=== RUN   TestTopkGroupby2
--- PASS: TestTopkGroupby2 (0.01s)
=== RUN   TestTopkGroupby3
--- PASS: TestTopkGroupby3 (0.01s)
=== RUN   TestTopkGroupbyFields1
--- PASS: TestTopkGroupbyFields1 (0.01s)
=== RUN   TestTopkGroupbyFields2
--- PASS: TestTopkGroupbyFields2 (0.01s)
=== RUN   TestTopkGroupbyMetricName1
--- PASS: TestTopkGroupbyMetricName1 (0.01s)
=== RUN   TestTopkGroupbyMetricName2
--- PASS: TestTopkGroupbyMetricName2 (0.01s)
=== RUN   TestTopkBottomk
--- PASS: TestTopkBottomk (0.01s)
=== RUN   TestTopkGroupByKeyTag
--- PASS: TestTopkGroupByKeyTag (0.01s)
=== RUN   TestTracking
--- PASS: TestTracking (0.20s)
PASS
ok  	github.com/influxdata/telegraf/plugins/processors/topk	1.748s
=== RUN   TestDefaults
--- PASS: TestDefaults (0.00s)
=== RUN   TestInvalidMetricMode
--- PASS: TestInvalidMetricMode (0.00s)
=== RUN   TestOriginalMode
=== RUN   TestOriginalMode/simple
=== RUN   TestOriginalMode/multi_fields
--- PASS: TestOriginalMode (0.00s)
    --- PASS: TestOriginalMode/simple (0.00s)
    --- PASS: TestOriginalMode/multi_fields (0.00s)
=== RUN   TestFieldMode
=== RUN   TestFieldMode/simple
=== RUN   TestFieldMode/multi_fields
=== RUN   TestFieldMode/multi_fields_and_tags
--- PASS: TestFieldMode (0.00s)
    --- PASS: TestFieldMode/simple (0.00s)
    --- PASS: TestFieldMode/multi_fields (0.00s)
    --- PASS: TestFieldMode/multi_fields_and_tags (0.00s)
=== RUN   TestTrackedMetricNotLost
--- PASS: TestTrackedMetricNotLost (0.10s)
PASS
ok  	github.com/influxdata/telegraf/plugins/processors/unpivot	1.611s
?   	github.com/influxdata/telegraf/plugins/secretstores	[no test files]
?   	github.com/influxdata/telegraf/plugins/secretstores/all	[no test files]
=== RUN   TestSampleConfig
--- PASS: TestSampleConfig (0.00s)
=== RUN   TestInitFail
--- PASS: TestInitFail (0.00s)
=== RUN   TestPathNonExistent
--- PASS: TestPathNonExistent (0.00s)
=== RUN   TestSetNotAvailable
--- PASS: TestSetNotAvailable (0.00s)
=== RUN   TestListGet
--- PASS: TestListGet (0.00s)
=== RUN   TestResolver
--- PASS: TestResolver (0.00s)
=== RUN   TestResolverInvalid
--- PASS: TestResolverInvalid (0.00s)
=== RUN   TestGetNonExistent
--- PASS: TestGetNonExistent (0.00s)
PASS
ok  	github.com/influxdata/telegraf/plugins/secretstores/docker	1.424s
=== RUN   TestAES
=== RUN   TestAES/AES128/CBC/PKCS#5
=== RUN   TestAES/AES192/CBC/PKCS#5
=== RUN   TestAES/AES256/CBC/PKCS#5
--- PASS: TestAES (0.00s)
    --- PASS: TestAES/AES128/CBC/PKCS#5 (0.00s)
    --- PASS: TestAES/AES192/CBC/PKCS#5 (0.00s)
    --- PASS: TestAES/AES256/CBC/PKCS#5 (0.00s)
=== RUN   TestAESNoPadding
=== RUN   TestAESNoPadding/AES128/CBC
=== RUN   TestAESNoPadding/AES192/CBC
=== RUN   TestAESNoPadding/AES256/CBC
--- PASS: TestAESNoPadding (0.00s)
    --- PASS: TestAESNoPadding/AES128/CBC (0.00s)
    --- PASS: TestAESNoPadding/AES192/CBC (0.00s)
    --- PASS: TestAESNoPadding/AES256/CBC (0.00s)
=== RUN   TestAESKDF
=== RUN   TestAESKDF/AES256/CBC/PKCS#5
--- PASS: TestAESKDF (0.00s)
    --- PASS: TestAESKDF/AES256/CBC/PKCS#5 (0.00s)
=== RUN   TestAESInitErrors
=== RUN   TestAESInitErrors/no_mode
=== RUN   TestAESInitErrors/too_many_elements
=== RUN   TestAESInitErrors/no_AES
=== RUN   TestAESInitErrors/no_cipher
=== RUN   TestAESInitErrors/unsupported_cipher
=== RUN   TestAESInitErrors/unsupported_mode
=== RUN   TestAESInitErrors/unsupported_padding
=== RUN   TestAESInitErrors/missing_key
=== RUN   TestAESInitErrors/wrong_key_length
=== RUN   TestAESInitErrors/invalid_key
=== RUN   TestAESInitErrors/missing_IV
=== RUN   TestAESInitErrors/invalid_IV
=== RUN   TestAESInitErrors/missing_salt_and_iterations
=== RUN   TestAESInitErrors/wrong_keygen_algorithm
--- PASS: TestAESInitErrors (0.00s)
    --- PASS: TestAESInitErrors/no_mode (0.00s)
    --- PASS: TestAESInitErrors/too_many_elements (0.00s)
    --- PASS: TestAESInitErrors/no_AES (0.00s)
    --- PASS: TestAESInitErrors/no_cipher (0.00s)
    --- PASS: TestAESInitErrors/unsupported_cipher (0.00s)
    --- PASS: TestAESInitErrors/unsupported_mode (0.00s)
    --- PASS: TestAESInitErrors/unsupported_padding (0.00s)
    --- PASS: TestAESInitErrors/missing_key (0.00s)
    --- PASS: TestAESInitErrors/wrong_key_length (0.00s)
    --- PASS: TestAESInitErrors/invalid_key (0.00s)
    --- PASS: TestAESInitErrors/missing_IV (0.00s)
    --- PASS: TestAESInitErrors/invalid_IV (0.00s)
    --- PASS: TestAESInitErrors/missing_salt_and_iterations (0.00s)
    --- PASS: TestAESInitErrors/wrong_keygen_algorithm (0.00s)
=== RUN   TestAESDecryptError
=== RUN   TestAESDecryptError/wrong_data_length
=== RUN   TestAESDecryptError/mode_tampered
=== RUN   TestAESDecryptError/invalid_key
=== RUN   TestAESDecryptError/wrong_key_length
=== RUN   TestAESDecryptError/invalid_key#01
--- PASS: TestAESDecryptError (0.00s)
    --- PASS: TestAESDecryptError/wrong_data_length (0.00s)
    --- PASS: TestAESDecryptError/mode_tampered (0.00s)
    --- PASS: TestAESDecryptError/invalid_key (0.00s)
    --- PASS: TestAESDecryptError/wrong_key_length (0.00s)
    --- PASS: TestAESDecryptError/invalid_key#01 (0.00s)
=== RUN   TestCreateAESFail
--- PASS: TestCreateAESFail (0.00s)
=== RUN   TestTrimPKCSFail
--- PASS: TestTrimPKCSFail (0.00s)
=== RUN   TestCases
=== RUN   TestCases/aes-cbc-kdf
2025-02-19T20:38:24Z I! Loading config: testcases/aes-cbc-kdf/telegraf.conf
=== RUN   TestCases/aes-cbc-key
2025-02-19T20:38:24Z I! Loading config: testcases/aes-cbc-key/telegraf.conf
=== RUN   TestCases/mixed
2025-02-19T20:38:24Z I! Loading config: testcases/mixed/telegraf.conf
=== RUN   TestCases/plain-list-complex
2025-02-19T20:38:24Z I! Loading config: testcases/plain-list-complex/telegraf.conf
=== RUN   TestCases/plain-list-simple
2025-02-19T20:38:24Z I! Loading config: testcases/plain-list-simple/telegraf.conf
=== RUN   TestCases/plain-no-transform
2025-02-19T20:38:24Z I! Loading config: testcases/plain-no-transform/telegraf.conf
--- PASS: TestCases (0.02s)
    --- PASS: TestCases/aes-cbc-kdf (0.00s)
    --- PASS: TestCases/aes-cbc-key (0.00s)
    --- PASS: TestCases/mixed (0.01s)
    --- PASS: TestCases/plain-list-complex (0.00s)
    --- PASS: TestCases/plain-list-simple (0.00s)
    --- PASS: TestCases/plain-no-transform (0.00s)
=== RUN   TestSampleConfig
--- PASS: TestSampleConfig (0.00s)
=== RUN   TestInit
--- PASS: TestInit (0.00s)
=== RUN   TestInitErrors
--- PASS: TestInitErrors (0.00s)
=== RUN   TestSetNotSupported
--- PASS: TestSetNotSupported (0.00s)
=== RUN   TestGetErrors
--- PASS: TestGetErrors (0.00s)
=== RUN   TestResolver
--- PASS: TestResolver (0.00s)
=== RUN   TestGetResolverErrors
--- PASS: TestGetResolverErrors (0.20s)
=== RUN   TestInvalidServerResponse
--- PASS: TestInvalidServerResponse (0.00s)
=== RUN   TestAdditionalHeaders
--- PASS: TestAdditionalHeaders (0.00s)
=== RUN   TestServerReturnCodes
--- PASS: TestServerReturnCodes (0.01s)
=== RUN   TestAuthenticationBasic
--- PASS: TestAuthenticationBasic (0.00s)
=== RUN   TestAuthenticationToken
--- PASS: TestAuthenticationToken (0.00s)
=== RUN   TestKDF
=== RUN   TestKDF/PBKDF2-HMAC-SHA256
--- PASS: TestKDF (0.00s)
    --- PASS: TestKDF/PBKDF2-HMAC-SHA256 (0.00s)
=== RUN   TestKDFErrors
=== RUN   TestKDFErrors/missing_iterations
--- PASS: TestKDFErrors (0.00s)
    --- PASS: TestKDFErrors/missing_iterations (0.00s)
PASS
ok  	github.com/influxdata/telegraf/plugins/secretstores/http	1.453s
=== RUN   TestSampleConfig
--- PASS: TestSampleConfig (0.00s)
=== RUN   TestInitFail
=== RUN   TestInitFail/invalid_id
=== RUN   TestInitFail/missing_path
=== RUN   TestInitFail/invalid_password
--- PASS: TestInitFail (0.00s)
    --- PASS: TestInitFail/invalid_id (0.00s)
    --- PASS: TestInitFail/missing_path (0.00s)
    --- PASS: TestInitFail/invalid_password (0.00s)
=== RUN   TestSetListGet
--- PASS: TestSetListGet (0.01s)
=== RUN   TestResolver
--- PASS: TestResolver (0.00s)
=== RUN   TestResolverInvalid
--- PASS: TestResolverInvalid (0.00s)
=== RUN   TestGetNonExistent
--- PASS: TestGetNonExistent (0.00s)
=== RUN   TestGetInvalidPassword
--- PASS: TestGetInvalidPassword (0.00s)
PASS
ok  	github.com/influxdata/telegraf/plugins/secretstores/jose	1.310s
=== RUN   TestSampleConfig
--- PASS: TestSampleConfig (0.00s)
=== RUN   TestEndpointParams
2025-02-19T20:38:24Z W! [] 'tenant_id' set but ignored by service ""
--- PASS: TestEndpointParams (0.00s)
=== RUN   TestInitFail
=== RUN   TestInitFail/no_service
=== RUN   TestInitFail/custom_service_no_URL
=== RUN   TestInitFail/invalid_service
=== RUN   TestInitFail/AzureAD_without_tenant
=== RUN   TestInitFail/token_without_key
=== RUN   TestInitFail/token_without_client_ID
=== RUN   TestInitFail/token_without_client_secret
--- PASS: TestInitFail (0.00s)
    --- PASS: TestInitFail/no_service (0.00s)
    --- PASS: TestInitFail/custom_service_no_URL (0.00s)
    --- PASS: TestInitFail/invalid_service (0.00s)
    --- PASS: TestInitFail/AzureAD_without_tenant (0.00s)
    --- PASS: TestInitFail/token_without_key (0.00s)
    --- PASS: TestInitFail/token_without_client_ID (0.00s)
    --- PASS: TestInitFail/token_without_client_secret (0.00s)
=== RUN   TestSetUnsupported
--- PASS: TestSetUnsupported (0.00s)
=== RUN   TestGetNonExisting
--- PASS: TestGetNonExisting (0.00s)
=== RUN   TestResolver404
--- PASS: TestResolver404 (0.00s)
=== RUN   TestGet
--- PASS: TestGet (0.00s)
=== RUN   TestGetMultipleTimes
--- PASS: TestGetMultipleTimes (0.00s)
=== RUN   TestGetExpired
--- PASS: TestGetExpired (0.00s)
=== RUN   TestGetRefresh
--- PASS: TestGetRefresh (2.00s)
PASS
ok  	github.com/influxdata/telegraf/plugins/secretstores/oauth2	3.188s
=== RUN   TestSampleConfig
--- PASS: TestSampleConfig (0.00s)
=== RUN   TestInitFail
=== RUN   TestInitFail/invalid_id
--- PASS: TestInitFail (0.00s)
    --- PASS: TestInitFail/invalid_id (0.00s)
=== RUN   TestResolverInvalid
--- PASS: TestResolverInvalid (0.02s)
=== RUN   TestGetNonExisting
--- PASS: TestGetNonExisting (0.00s)
PASS
ok  	github.com/influxdata/telegraf/plugins/secretstores/os	1.299s
?   	github.com/influxdata/telegraf/plugins/secretstores/systemd	[no test files]
?   	github.com/influxdata/telegraf/plugins/serializers	[no test files]
?   	github.com/influxdata/telegraf/plugins/serializers/all	[no test files]
=== RUN   TestMetricSerialization
=== RUN   TestMetricSerialization/complex_metric_serialization
--- PASS: TestMetricSerialization (0.00s)
    --- PASS: TestMetricSerialization/complex_metric_serialization (0.00s)
=== RUN   TestSerialization
=== RUN   TestSerialization/positive_int_serialization
=== RUN   TestSerialization/negative_int_serialization
=== RUN   TestSerialization/negative_int_serialization_|_uint32_representation
=== RUN   TestSerialization/uint_to_int_serialization
=== RUN   TestSerialization/string_serialization
=== RUN   TestSerialization/string_serialization_with_terminator
=== RUN   TestSerialization/string_serialization_with_hex_terminator
=== RUN   TestSerialization/time_serialization
=== RUN   TestSerialization/float32_serialization
=== RUN   TestSerialization/float32_serialization_|_float64_representation
=== RUN   TestSerialization/float64_serialization
=== RUN   TestSerialization/float64_serialization_|_float32_representation
=== RUN   TestSerialization/float64_serialization_|_int64_representation
=== RUN   TestSerialization/float64_serialization_|_uint8_representation
=== RUN   TestSerialization/uint_serialization_|_float32_representation
=== RUN   TestSerialization/uint_serialization_|_float64_representation
=== RUN   TestSerialization/int_serialization_|_float32_representation
=== RUN   TestSerialization/string_serialization_|_float32_representation
=== RUN   TestSerialization/string_serialization_|_int32_representation
--- PASS: TestSerialization (0.00s)
    --- PASS: TestSerialization/positive_int_serialization (0.00s)
    --- PASS: TestSerialization/negative_int_serialization (0.00s)
    --- PASS: TestSerialization/negative_int_serialization_|_uint32_representation (0.00s)
    --- PASS: TestSerialization/uint_to_int_serialization (0.00s)
    --- PASS: TestSerialization/string_serialization (0.00s)
    --- PASS: TestSerialization/string_serialization_with_terminator (0.00s)
    --- PASS: TestSerialization/string_serialization_with_hex_terminator (0.00s)
    --- PASS: TestSerialization/time_serialization (0.00s)
    --- PASS: TestSerialization/float32_serialization (0.00s)
    --- PASS: TestSerialization/float32_serialization_|_float64_representation (0.00s)
    --- PASS: TestSerialization/float64_serialization (0.00s)
    --- PASS: TestSerialization/float64_serialization_|_float32_representation (0.00s)
    --- PASS: TestSerialization/float64_serialization_|_int64_representation (0.00s)
    --- PASS: TestSerialization/float64_serialization_|_uint8_representation (0.00s)
    --- PASS: TestSerialization/uint_serialization_|_float32_representation (0.00s)
    --- PASS: TestSerialization/uint_serialization_|_float64_representation (0.00s)
    --- PASS: TestSerialization/int_serialization_|_float32_representation (0.00s)
    --- PASS: TestSerialization/string_serialization_|_float32_representation (0.00s)
    --- PASS: TestSerialization/string_serialization_|_int32_representation (0.00s)
=== RUN   TestNoNameSerialization
--- PASS: TestNoNameSerialization (0.00s)
PASS
ok  	github.com/influxdata/telegraf/plugins/serializers/binary	1.187s
=== RUN   TestSerializeMetricFloat
=== RUN   TestSerializeMetricFloat/field_separate
=== RUN   TestSerializeMetricFloat/metric_includes_field
--- PASS: TestSerializeMetricFloat (0.00s)
    --- PASS: TestSerializeMetricFloat/field_separate (0.00s)
    --- PASS: TestSerializeMetricFloat/metric_includes_field (0.00s)
=== RUN   TestSerializeMetricWithEmptyStringTag
=== RUN   TestSerializeMetricWithEmptyStringTag/field_separate
=== RUN   TestSerializeMetricWithEmptyStringTag/metric_includes_field
--- PASS: TestSerializeMetricWithEmptyStringTag (0.00s)
    --- PASS: TestSerializeMetricWithEmptyStringTag/field_separate (0.00s)
    --- PASS: TestSerializeMetricWithEmptyStringTag/metric_includes_field (0.00s)
=== RUN   TestSerializeWithSpaces
=== RUN   TestSerializeWithSpaces/field_separate
=== RUN   TestSerializeWithSpaces/metric_includes_field
--- PASS: TestSerializeWithSpaces (0.00s)
    --- PASS: TestSerializeWithSpaces/field_separate (0.00s)
    --- PASS: TestSerializeWithSpaces/metric_includes_field (0.00s)
=== RUN   TestSerializeMetricInt
=== RUN   TestSerializeMetricInt/field_separate
=== RUN   TestSerializeMetricInt/metric_includes_field
--- PASS: TestSerializeMetricInt (0.00s)
    --- PASS: TestSerializeMetricInt/field_separate (0.00s)
    --- PASS: TestSerializeMetricInt/metric_includes_field (0.00s)
=== RUN   TestSerializeMetricString
=== RUN   TestSerializeMetricString/field_separate
=== RUN   TestSerializeMetricString/metric_includes_field
--- PASS: TestSerializeMetricString (0.00s)
    --- PASS: TestSerializeMetricString/field_separate (0.00s)
    --- PASS: TestSerializeMetricString/metric_includes_field (0.00s)
=== RUN   TestSerializeMetricBool
=== RUN   TestSerializeMetricBool/field_separate
=== RUN   TestSerializeMetricBool/metric_includes_field
=== RUN   TestSerializeMetricBool/field_separate#01
=== RUN   TestSerializeMetricBool/metric_includes_field#01
--- PASS: TestSerializeMetricBool (0.00s)
    --- PASS: TestSerializeMetricBool/field_separate (0.00s)
    --- PASS: TestSerializeMetricBool/metric_includes_field (0.00s)
    --- PASS: TestSerializeMetricBool/field_separate#01 (0.00s)
    --- PASS: TestSerializeMetricBool/metric_includes_field#01 (0.00s)
=== RUN   TestSerializeBatch
=== RUN   TestSerializeBatch/field_separate
=== RUN   TestSerializeBatch/metric_includes_field
--- PASS: TestSerializeBatch (0.00s)
    --- PASS: TestSerializeBatch/field_separate (0.00s)
    --- PASS: TestSerializeBatch/metric_includes_field (0.00s)
=== RUN   TestSerializeMetricIsProperlySanitized
=== RUN   TestSerializeMetricIsProperlySanitized/field_separate
=== RUN   TestSerializeMetricIsProperlySanitized/field_separate#01
=== RUN   TestSerializeMetricIsProperlySanitized/field_separate#02
=== RUN   TestSerializeMetricIsProperlySanitized/field_separate#03
=== RUN   TestSerializeMetricIsProperlySanitized/metric_includes_field
=== RUN   TestSerializeMetricIsProperlySanitized/metric_includes_field#01
=== RUN   TestSerializeMetricIsProperlySanitized/metric_includes_field#02
--- PASS: TestSerializeMetricIsProperlySanitized (0.00s)
    --- PASS: TestSerializeMetricIsProperlySanitized/field_separate (0.00s)
    --- PASS: TestSerializeMetricIsProperlySanitized/field_separate#01 (0.00s)
    --- PASS: TestSerializeMetricIsProperlySanitized/field_separate#02 (0.00s)
    --- PASS: TestSerializeMetricIsProperlySanitized/field_separate#03 (0.00s)
    --- PASS: TestSerializeMetricIsProperlySanitized/metric_includes_field (0.00s)
    --- PASS: TestSerializeMetricIsProperlySanitized/metric_includes_field#01 (0.00s)
    --- PASS: TestSerializeMetricIsProperlySanitized/metric_includes_field#02 (0.00s)
PASS
ok  	github.com/influxdata/telegraf/plugins/serializers/carbon2	1.329s
=== RUN   TestCases
=== RUN   TestCases/batch-events
2025-02-19T20:38:25Z I! Loading config: testcases/batch-events/telegraf.conf
=== RUN   TestCases/batch-metrics
2025-02-19T20:38:25Z I! Loading config: testcases/batch-metrics/telegraf.conf
=== RUN   TestCases/single
2025-02-19T20:38:25Z I! Loading config: testcases/single/telegraf.conf
=== RUN   TestCases/single-multiple
2025-02-19T20:38:25Z I! Loading config: testcases/single-multiple/telegraf.conf
=== RUN   TestCases/single-source-overwrite
2025-02-19T20:38:25Z I! Loading config: testcases/single-source-overwrite/telegraf.conf
=== RUN   TestCases/single-sourcetag-overwrite
2025-02-19T20:38:25Z I! Loading config: testcases/single-sourcetag-overwrite/telegraf.conf
--- PASS: TestCases (0.02s)
    --- PASS: TestCases/batch-events (0.01s)
    --- PASS: TestCases/batch-metrics (0.00s)
    --- PASS: TestCases/single (0.00s)
    --- PASS: TestCases/single-multiple (0.01s)
    --- PASS: TestCases/single-source-overwrite (0.00s)
    --- PASS: TestCases/single-sourcetag-overwrite (0.00s)
PASS
ok  	github.com/influxdata/telegraf/plugins/serializers/cloudevents	0.680s
=== RUN   TestInvalidTimestampFormat
--- PASS: TestInvalidTimestampFormat (0.00s)
=== RUN   TestInvalidSeparator
--- PASS: TestInvalidSeparator (0.00s)
=== RUN   TestSerializeTransformationNonBatch
=== RUN   TestSerializeTransformationNonBatch/basic
=== RUN   TestSerializeTransformationNonBatch/unix_nanoseconds_timestamp
=== RUN   TestSerializeTransformationNonBatch/header
=== RUN   TestSerializeTransformationNonBatch/header_with_prefix
=== RUN   TestSerializeTransformationNonBatch/header_and_RFC3339_timestamp
=== RUN   TestSerializeTransformationNonBatch/header_and_semicolon
=== RUN   TestSerializeTransformationNonBatch/ordered_without_header
=== RUN   TestSerializeTransformationNonBatch/ordered_with_header
=== RUN   TestSerializeTransformationNonBatch/ordered_with_header_and_prefix
=== RUN   TestSerializeTransformationNonBatch/ordered_non-existing_fields_and_tags
--- PASS: TestSerializeTransformationNonBatch (0.00s)
    --- PASS: TestSerializeTransformationNonBatch/basic (0.00s)
    --- PASS: TestSerializeTransformationNonBatch/unix_nanoseconds_timestamp (0.00s)
    --- PASS: TestSerializeTransformationNonBatch/header (0.00s)
    --- PASS: TestSerializeTransformationNonBatch/header_with_prefix (0.00s)
    --- PASS: TestSerializeTransformationNonBatch/header_and_RFC3339_timestamp (0.00s)
    --- PASS: TestSerializeTransformationNonBatch/header_and_semicolon (0.00s)
    --- PASS: TestSerializeTransformationNonBatch/ordered_without_header (0.00s)
    --- PASS: TestSerializeTransformationNonBatch/ordered_with_header (0.00s)
    --- PASS: TestSerializeTransformationNonBatch/ordered_with_header_and_prefix (0.00s)
    --- PASS: TestSerializeTransformationNonBatch/ordered_non-existing_fields_and_tags (0.00s)
=== RUN   TestSerializeTransformationBatch
=== RUN   TestSerializeTransformationBatch/basic
=== RUN   TestSerializeTransformationBatch/unix_nanoseconds_timestamp
=== RUN   TestSerializeTransformationBatch/header
=== RUN   TestSerializeTransformationBatch/header_with_prefix
=== RUN   TestSerializeTransformationBatch/header_and_RFC3339_timestamp
=== RUN   TestSerializeTransformationBatch/header_and_semicolon
=== RUN   TestSerializeTransformationBatch/ordered_without_header
=== RUN   TestSerializeTransformationBatch/ordered_with_header
=== RUN   TestSerializeTransformationBatch/ordered_with_header_and_prefix
=== RUN   TestSerializeTransformationBatch/ordered_non-existing_fields_and_tags
--- PASS: TestSerializeTransformationBatch (0.00s)
    --- PASS: TestSerializeTransformationBatch/basic (0.00s)
    --- PASS: TestSerializeTransformationBatch/unix_nanoseconds_timestamp (0.00s)
    --- PASS: TestSerializeTransformationBatch/header (0.00s)
    --- PASS: TestSerializeTransformationBatch/header_with_prefix (0.00s)
    --- PASS: TestSerializeTransformationBatch/header_and_RFC3339_timestamp (0.00s)
    --- PASS: TestSerializeTransformationBatch/header_and_semicolon (0.00s)
    --- PASS: TestSerializeTransformationBatch/ordered_without_header (0.00s)
    --- PASS: TestSerializeTransformationBatch/ordered_with_header (0.00s)
    --- PASS: TestSerializeTransformationBatch/ordered_with_header_and_prefix (0.00s)
    --- PASS: TestSerializeTransformationBatch/ordered_non-existing_fields_and_tags (0.00s)
PASS
ok  	github.com/influxdata/telegraf/plugins/serializers/csv	0.879s
=== RUN   TestGraphiteTags
--- PASS: TestGraphiteTags (0.00s)
=== RUN   TestSerializeMetricNoHost
--- PASS: TestSerializeMetricNoHost (0.00s)
=== RUN   TestSerializeMetricNoHostWithTagSupport
--- PASS: TestSerializeMetricNoHostWithTagSupport (0.00s)
=== RUN   TestSerializeMetricHost
--- PASS: TestSerializeMetricHost (0.00s)
=== RUN   TestSerializeMetricHostWithMultipleTemplates
--- PASS: TestSerializeMetricHostWithMultipleTemplates (0.00s)
=== RUN   TestSerializeMetricHostWithMultipleTemplatesWithDefault
--- PASS: TestSerializeMetricHostWithMultipleTemplatesWithDefault (0.00s)
=== RUN   TestSerializeMetricHostWithTagSupport
--- PASS: TestSerializeMetricHostWithTagSupport (0.00s)
=== RUN   TestSerializeValueField
--- PASS: TestSerializeValueField (0.00s)
=== RUN   TestSerializeValueFieldWithTagSupport
--- PASS: TestSerializeValueFieldWithTagSupport (0.00s)
=== RUN   TestSerializeValueField2
--- PASS: TestSerializeValueField2 (0.00s)
=== RUN   TestSerializeValueString
--- PASS: TestSerializeValueString (0.00s)
=== RUN   TestSerializeValueStringWithTagSupport
--- PASS: TestSerializeValueStringWithTagSupport (0.00s)
=== RUN   TestSerializeValueBoolean
--- PASS: TestSerializeValueBoolean (0.00s)
=== RUN   TestSerializeValueBooleanWithTagSupport
--- PASS: TestSerializeValueBooleanWithTagSupport (0.00s)
=== RUN   TestSerializeValueUnsigned
--- PASS: TestSerializeValueUnsigned (0.00s)
=== RUN   TestSerializeFieldWithSpaces
--- PASS: TestSerializeFieldWithSpaces (0.00s)
=== RUN   TestSerializeFieldWithSpacesWithTagSupport
--- PASS: TestSerializeFieldWithSpacesWithTagSupport (0.00s)
=== RUN   TestSerializeTagWithSpaces
--- PASS: TestSerializeTagWithSpaces (0.00s)
=== RUN   TestSerializeTagWithSpacesWithTagSupport
--- PASS: TestSerializeTagWithSpacesWithTagSupport (0.00s)
=== RUN   TestSerializeTagWithSpacesWithTagSupportCompatibleSanitize
--- PASS: TestSerializeTagWithSpacesWithTagSupportCompatibleSanitize (0.00s)
=== RUN   TestSerializeValueField3
--- PASS: TestSerializeValueField3 (0.00s)
=== RUN   TestSerializeValueField5
--- PASS: TestSerializeValueField5 (0.00s)
=== RUN   TestSerializeMetricPrefix
--- PASS: TestSerializeMetricPrefix (0.00s)
=== RUN   TestSerializeMetricPrefixWithTagSupport
--- PASS: TestSerializeMetricPrefixWithTagSupport (0.00s)
=== RUN   TestSerializeCustomRegex
--- PASS: TestSerializeCustomRegex (0.00s)
=== RUN   TestSerializeBucketNameNoHost
--- PASS: TestSerializeBucketNameNoHost (0.00s)
=== RUN   TestSerializeBucketNameHost
--- PASS: TestSerializeBucketNameHost (0.00s)
=== RUN   TestSerializeBucketNamePrefix
--- PASS: TestSerializeBucketNamePrefix (0.00s)
=== RUN   TestTemplate1
--- PASS: TestTemplate1 (0.00s)
=== RUN   TestTemplate2
--- PASS: TestTemplate2 (0.00s)
=== RUN   TestTemplate3
--- PASS: TestTemplate3 (0.00s)
=== RUN   TestTemplate4
--- PASS: TestTemplate4 (0.00s)
=== RUN   TestTemplate6
--- PASS: TestTemplate6 (0.00s)
=== RUN   TestClean
=== RUN   TestClean/Base_metric
=== RUN   TestClean/Dot_and_whitespace_in_tags
=== RUN   TestClean/Field_with_space
=== RUN   TestClean/Allowed_punct
=== RUN   TestClean/Special_conversions_to_hyphen
=== RUN   TestClean/Special_drop_chars
=== RUN   TestClean/Empty_tag_&_value_field
=== RUN   TestClean/Unicode_Letters_allowed
=== RUN   TestClean/Other_Unicode_not_allowed
=== RUN   TestClean/Newline_in_tags
--- PASS: TestClean (0.00s)
    --- PASS: TestClean/Base_metric (0.00s)
    --- PASS: TestClean/Dot_and_whitespace_in_tags (0.00s)
    --- PASS: TestClean/Field_with_space (0.00s)
    --- PASS: TestClean/Allowed_punct (0.00s)
    --- PASS: TestClean/Special_conversions_to_hyphen (0.00s)
    --- PASS: TestClean/Special_drop_chars (0.00s)
    --- PASS: TestClean/Empty_tag_&_value_field (0.00s)
    --- PASS: TestClean/Unicode_Letters_allowed (0.00s)
    --- PASS: TestClean/Other_Unicode_not_allowed (0.00s)
    --- PASS: TestClean/Newline_in_tags (0.00s)
=== RUN   TestCleanWithTagsSupport
=== RUN   TestCleanWithTagsSupport/Base_metric
=== RUN   TestCleanWithTagsSupport/Dot_and_whitespace_in_tags
=== RUN   TestCleanWithTagsSupport/Field_with_space
=== RUN   TestCleanWithTagsSupport/Allowed_punct
=== RUN   TestCleanWithTagsSupport/Special_conversions_to_hyphen
=== RUN   TestCleanWithTagsSupport/Special_drop_chars
=== RUN   TestCleanWithTagsSupport/Empty_tag_&_value_field
=== RUN   TestCleanWithTagsSupport/Unicode_Letters_allowed
=== RUN   TestCleanWithTagsSupport/Other_Unicode_not_allowed
=== RUN   TestCleanWithTagsSupport/Newline_in_tags
--- PASS: TestCleanWithTagsSupport (0.00s)
    --- PASS: TestCleanWithTagsSupport/Base_metric (0.00s)
    --- PASS: TestCleanWithTagsSupport/Dot_and_whitespace_in_tags (0.00s)
    --- PASS: TestCleanWithTagsSupport/Field_with_space (0.00s)
    --- PASS: TestCleanWithTagsSupport/Allowed_punct (0.00s)
    --- PASS: TestCleanWithTagsSupport/Special_conversions_to_hyphen (0.00s)
    --- PASS: TestCleanWithTagsSupport/Special_drop_chars (0.00s)
    --- PASS: TestCleanWithTagsSupport/Empty_tag_&_value_field (0.00s)
    --- PASS: TestCleanWithTagsSupport/Unicode_Letters_allowed (0.00s)
    --- PASS: TestCleanWithTagsSupport/Other_Unicode_not_allowed (0.00s)
    --- PASS: TestCleanWithTagsSupport/Newline_in_tags (0.00s)
=== RUN   TestCleanWithTagsSupportCompatibleSanitize
=== RUN   TestCleanWithTagsSupportCompatibleSanitize/Base_metric
=== RUN   TestCleanWithTagsSupportCompatibleSanitize/Dot_and_whitespace_in_tags
=== RUN   TestCleanWithTagsSupportCompatibleSanitize/Field_with_space
=== RUN   TestCleanWithTagsSupportCompatibleSanitize/Allowed_punct
=== RUN   TestCleanWithTagsSupportCompatibleSanitize/Special_characters_preserved
=== RUN   TestCleanWithTagsSupportCompatibleSanitize/Special_characters_preserved_2
=== RUN   TestCleanWithTagsSupportCompatibleSanitize/Empty_tag_&_value_field
=== RUN   TestCleanWithTagsSupportCompatibleSanitize/Unicode_Letters_allowed
=== RUN   TestCleanWithTagsSupportCompatibleSanitize/Other_Unicode_not_allowed
=== RUN   TestCleanWithTagsSupportCompatibleSanitize/Newline_in_tags
--- PASS: TestCleanWithTagsSupportCompatibleSanitize (0.00s)
    --- PASS: TestCleanWithTagsSupportCompatibleSanitize/Base_metric (0.00s)
    --- PASS: TestCleanWithTagsSupportCompatibleSanitize/Dot_and_whitespace_in_tags (0.00s)
    --- PASS: TestCleanWithTagsSupportCompatibleSanitize/Field_with_space (0.00s)
    --- PASS: TestCleanWithTagsSupportCompatibleSanitize/Allowed_punct (0.00s)
    --- PASS: TestCleanWithTagsSupportCompatibleSanitize/Special_characters_preserved (0.00s)
    --- PASS: TestCleanWithTagsSupportCompatibleSanitize/Special_characters_preserved_2 (0.00s)
    --- PASS: TestCleanWithTagsSupportCompatibleSanitize/Empty_tag_&_value_field (0.00s)
    --- PASS: TestCleanWithTagsSupportCompatibleSanitize/Unicode_Letters_allowed (0.00s)
    --- PASS: TestCleanWithTagsSupportCompatibleSanitize/Other_Unicode_not_allowed (0.00s)
    --- PASS: TestCleanWithTagsSupportCompatibleSanitize/Newline_in_tags (0.00s)
=== RUN   TestSerializeBatch
=== RUN   TestSerializeBatch/Base_metric
--- PASS: TestSerializeBatch (0.00s)
    --- PASS: TestSerializeBatch/Base_metric (0.00s)
=== RUN   TestSerializeBatchWithTagsSupport
=== RUN   TestSerializeBatchWithTagsSupport/Base_metric
--- PASS: TestSerializeBatchWithTagsSupport (0.00s)
    --- PASS: TestSerializeBatchWithTagsSupport/Base_metric (0.00s)
PASS
ok  	github.com/influxdata/telegraf/plugins/serializers/graphite	0.955s
=== RUN   TestSerializer
=== RUN   TestSerializer/minimal
=== RUN   TestSerializer/multiple_tags
=== RUN   TestSerializer/multiple_fields
=== RUN   TestSerializer/float_NaN
2025/02/19 21:38:26 D! [serializers.influx] could not serialize field "x": is NaN; discarding field
=== RUN   TestSerializer/float_NaN_only
2025/02/19 21:38:26 D! [serializers.influx] could not serialize field "value": is NaN; discarding field
=== RUN   TestSerializer/float_Inf
2025/02/19 21:38:26 D! [serializers.influx] could not serialize field "value": is Inf; discarding field
=== RUN   TestSerializer/integer_field
=== RUN   TestSerializer/integer_field_64-bit
=== RUN   TestSerializer/uint_field
=== RUN   TestSerializer/uint_field_max_value
=== RUN   TestSerializer/uint_field_no_uint_support
=== RUN   TestSerializer/uint_field_no_uint_support_overflow
=== RUN   TestSerializer/bool_field
=== RUN   TestSerializer/string_field
=== RUN   TestSerializer/timestamp
=== RUN   TestSerializer/split_fields_exact
=== RUN   TestSerializer/split_fields_extra
=== RUN   TestSerializer/split_fields_overflow
=== RUN   TestSerializer/name_newline
=== RUN   TestSerializer/tag_newline
=== RUN   TestSerializer/empty_tag_value_is_removed
=== RUN   TestSerializer/empty_tag_key_is_removed
=== RUN   TestSerializer/tag_value_ends_with_backslash_is_trimmed
=== RUN   TestSerializer/tag_key_ends_with_backslash_is_trimmed
=== RUN   TestSerializer/tag_key_backslash_is_trimmed_and_removed
=== RUN   TestSerializer/tag_value_backslash_is_trimmed_and_removed
=== RUN   TestSerializer/string_newline
=== RUN   TestSerializer/need_more_space
=== RUN   TestSerializer/no_fields
=== RUN   TestSerializer/procstat
--- PASS: TestSerializer (0.00s)
    --- PASS: TestSerializer/minimal (0.00s)
    --- PASS: TestSerializer/multiple_tags (0.00s)
    --- PASS: TestSerializer/multiple_fields (0.00s)
    --- PASS: TestSerializer/float_NaN (0.00s)
    --- PASS: TestSerializer/float_NaN_only (0.00s)
    --- PASS: TestSerializer/float_Inf (0.00s)
    --- PASS: TestSerializer/integer_field (0.00s)
    --- PASS: TestSerializer/integer_field_64-bit (0.00s)
    --- PASS: TestSerializer/uint_field (0.00s)
    --- PASS: TestSerializer/uint_field_max_value (0.00s)
    --- PASS: TestSerializer/uint_field_no_uint_support (0.00s)
    --- PASS: TestSerializer/uint_field_no_uint_support_overflow (0.00s)
    --- PASS: TestSerializer/bool_field (0.00s)
    --- PASS: TestSerializer/string_field (0.00s)
    --- PASS: TestSerializer/timestamp (0.00s)
    --- PASS: TestSerializer/split_fields_exact (0.00s)
    --- PASS: TestSerializer/split_fields_extra (0.00s)
    --- PASS: TestSerializer/split_fields_overflow (0.00s)
    --- PASS: TestSerializer/name_newline (0.00s)
    --- PASS: TestSerializer/tag_newline (0.00s)
    --- PASS: TestSerializer/empty_tag_value_is_removed (0.00s)
    --- PASS: TestSerializer/empty_tag_key_is_removed (0.00s)
    --- PASS: TestSerializer/tag_value_ends_with_backslash_is_trimmed (0.00s)
    --- PASS: TestSerializer/tag_key_ends_with_backslash_is_trimmed (0.00s)
    --- PASS: TestSerializer/tag_key_backslash_is_trimmed_and_removed (0.00s)
    --- PASS: TestSerializer/tag_value_backslash_is_trimmed_and_removed (0.00s)
    --- PASS: TestSerializer/string_newline (0.00s)
    --- PASS: TestSerializer/need_more_space (0.00s)
    --- PASS: TestSerializer/no_fields (0.00s)
    --- PASS: TestSerializer/procstat (0.00s)
=== RUN   TestOmitTimestamp
--- PASS: TestOmitTimestamp (0.00s)
=== RUN   TestSerialize_SerializeBatch
--- PASS: TestSerialize_SerializeBatch (0.00s)
=== RUN   TestReader
=== RUN   TestReader/minimal
=== RUN   TestReader/multiple_lines
=== RUN   TestReader/exact_fit
=== RUN   TestReader/continue_on_failed_metrics
=== RUN   TestReader/last_metric_failed_regression
--- PASS: TestReader (0.00s)
    --- PASS: TestReader/minimal (0.00s)
    --- PASS: TestReader/multiple_lines (0.00s)
    --- PASS: TestReader/exact_fit (0.00s)
    --- PASS: TestReader/continue_on_failed_metrics (0.00s)
    --- PASS: TestReader/last_metric_failed_regression (0.00s)
=== RUN   TestZeroLengthBufferNoError
--- PASS: TestZeroLengthBufferNoError (0.00s)
PASS
ok  	github.com/influxdata/telegraf/plugins/serializers/influx	1.138s
=== RUN   TestSerializeMetricFloat
--- PASS: TestSerializeMetricFloat (0.00s)
=== RUN   TestSerialize_TimestampUnits
=== RUN   TestSerialize_TimestampUnits/default_of_1s
=== RUN   TestSerialize_TimestampUnits/1ns
=== RUN   TestSerialize_TimestampUnits/1ms
=== RUN   TestSerialize_TimestampUnits/10ms
=== RUN   TestSerialize_TimestampUnits/15ms_is_reduced_to_10ms
=== RUN   TestSerialize_TimestampUnits/65ms_is_reduced_to_10ms
=== RUN   TestSerialize_TimestampUnits/timestamp_format
--- PASS: TestSerialize_TimestampUnits (0.00s)
    --- PASS: TestSerialize_TimestampUnits/default_of_1s (0.00s)
    --- PASS: TestSerialize_TimestampUnits/1ns (0.00s)
    --- PASS: TestSerialize_TimestampUnits/1ms (0.00s)
    --- PASS: TestSerialize_TimestampUnits/10ms (0.00s)
    --- PASS: TestSerialize_TimestampUnits/15ms_is_reduced_to_10ms (0.00s)
    --- PASS: TestSerialize_TimestampUnits/65ms_is_reduced_to_10ms (0.00s)
    --- PASS: TestSerialize_TimestampUnits/timestamp_format (0.00s)
=== RUN   TestSerializeMetricInt
--- PASS: TestSerializeMetricInt (0.00s)
=== RUN   TestSerializeMetricString
--- PASS: TestSerializeMetricString (0.00s)
=== RUN   TestSerializeMultiFields
--- PASS: TestSerializeMultiFields (0.00s)
=== RUN   TestSerializeMetricWithEscapes
--- PASS: TestSerializeMetricWithEscapes (0.00s)
=== RUN   TestSerializeBatch
--- PASS: TestSerializeBatch (0.00s)
=== RUN   TestSerializeBatchSkipInf
--- PASS: TestSerializeBatchSkipInf (0.00s)
=== RUN   TestSerializeBatchSkipInfAllFields
--- PASS: TestSerializeBatchSkipInfAllFields (0.00s)
=== RUN   TestSerializeTransformationNonBatch
=== RUN   TestSerializeTransformationNonBatch/non-batch_transformation_test
--- PASS: TestSerializeTransformationNonBatch (0.00s)
    --- PASS: TestSerializeTransformationNonBatch/non-batch_transformation_test (0.00s)
=== RUN   TestSerializeTransformationBatch
=== RUN   TestSerializeTransformationBatch/batch_transformation_test
--- PASS: TestSerializeTransformationBatch (0.00s)
    --- PASS: TestSerializeTransformationBatch/batch_transformation_test (0.00s)
=== RUN   TestSerializeTransformationIssue12734
--- PASS: TestSerializeTransformationIssue12734 (0.00s)
=== RUN   TestSerializeNesting
=== RUN   TestSerializeNesting/nested_fields_include
=== RUN   TestSerializeNesting/nested_fields_exclude
--- PASS: TestSerializeNesting (0.00s)
    --- PASS: TestSerializeNesting/nested_fields_include (0.00s)
    --- PASS: TestSerializeNesting/nested_fields_exclude (0.00s)
PASS
ok  	github.com/influxdata/telegraf/plugins/serializers/json	1.272s
=== RUN   TestMarshalUnmarshalMessagePackTime
--- PASS: TestMarshalUnmarshalMessagePackTime (0.00s)
=== RUN   TestEncodeDecodeMessagePackTime
--- PASS: TestEncodeDecodeMessagePackTime (0.00s)
=== RUN   TestMarshalUnmarshalMetric
--- PASS: TestMarshalUnmarshalMetric (0.00s)
=== RUN   TestEncodeDecodeMetric
--- PASS: TestEncodeDecodeMetric (0.00s)
=== RUN   TestMsgPackTime32
--- PASS: TestMsgPackTime32 (0.00s)
=== RUN   TestMsgPackTime64
--- PASS: TestMsgPackTime64 (0.00s)
=== RUN   TestMsgPackTime96
--- PASS: TestMsgPackTime96 (0.00s)
=== RUN   TestMsgPackTimeEdgeCases
--- PASS: TestMsgPackTimeEdgeCases (0.00s)
=== RUN   TestSerializeMetricInt
--- PASS: TestSerializeMetricInt (0.00s)
=== RUN   TestSerializeMetricString
--- PASS: TestSerializeMetricString (0.00s)
=== RUN   TestSerializeMultiFields
--- PASS: TestSerializeMultiFields (0.00s)
=== RUN   TestSerializeMetricWithEscapes
--- PASS: TestSerializeMetricWithEscapes (0.00s)
=== RUN   TestSerializeMultipleMetric
--- PASS: TestSerializeMultipleMetric (0.00s)
=== RUN   TestSerializeBatch
--- PASS: TestSerializeBatch (0.00s)
PASS
ok  	github.com/influxdata/telegraf/plugins/serializers/msgpack	1.480s
=== RUN   TestSerializeMetricFloat
--- PASS: TestSerializeMetricFloat (0.00s)
=== RUN   TestSerialize_TimestampUnits
=== RUN   TestSerialize_TimestampUnits/1ms
=== RUN   TestSerialize_TimestampUnits/10ms
=== RUN   TestSerialize_TimestampUnits/15ms_is_reduced_to_10ms
=== RUN   TestSerialize_TimestampUnits/65ms_is_reduced_to_10ms
--- PASS: TestSerialize_TimestampUnits (0.00s)
    --- PASS: TestSerialize_TimestampUnits/1ms (0.00s)
    --- PASS: TestSerialize_TimestampUnits/10ms (0.00s)
    --- PASS: TestSerialize_TimestampUnits/15ms_is_reduced_to_10ms (0.00s)
    --- PASS: TestSerialize_TimestampUnits/65ms_is_reduced_to_10ms (0.00s)
=== RUN   TestSerializeMetricInt
--- PASS: TestSerializeMetricInt (0.00s)
=== RUN   TestSerializeMetricString
--- PASS: TestSerializeMetricString (0.00s)
=== RUN   TestSerializeMultiFields
--- PASS: TestSerializeMultiFields (0.00s)
=== RUN   TestSerializeMetricWithEscapes
--- PASS: TestSerializeMetricWithEscapes (0.00s)
=== RUN   TestSerializeBatch
--- PASS: TestSerializeBatch (0.00s)
=== RUN   TestSerializeJSONv2Format
--- PASS: TestSerializeJSONv2Format (0.00s)
=== RUN   TestSerializeJSONv2FormatBatch
--- PASS: TestSerializeJSONv2FormatBatch (0.00s)
=== RUN   TestSerializeInvalidFormat
--- PASS: TestSerializeInvalidFormat (0.00s)
PASS
ok  	github.com/influxdata/telegraf/plugins/serializers/nowmetric	1.573s
=== RUN   TestCollectionExpire
=== RUN   TestCollectionExpire/not_expired
=== RUN   TestCollectionExpire/update_metric_expiration
=== RUN   TestCollectionExpire/update_metric_expiration_descending_order
=== RUN   TestCollectionExpire/expired_single_metric_in_metric_family
=== RUN   TestCollectionExpire/expired_one_metric_in_metric_family
=== RUN   TestCollectionExpire/histogram_bucket_updates
=== RUN   TestCollectionExpire/entire_histogram_expires
=== RUN   TestCollectionExpire/histogram_does_not_expire_because_of_addtime_from_bucket
=== RUN   TestCollectionExpire/summary_quantile_updates
=== RUN   TestCollectionExpire/Entire_summary_expires
=== RUN   TestCollectionExpire/summary_does_not_expire_because_of_quantile_addtime
=== RUN   TestCollectionExpire/expire_based_on_add_time
--- PASS: TestCollectionExpire (0.00s)
    --- PASS: TestCollectionExpire/not_expired (0.00s)
    --- PASS: TestCollectionExpire/update_metric_expiration (0.00s)
    --- PASS: TestCollectionExpire/update_metric_expiration_descending_order (0.00s)
    --- PASS: TestCollectionExpire/expired_single_metric_in_metric_family (0.00s)
    --- PASS: TestCollectionExpire/expired_one_metric_in_metric_family (0.00s)
    --- PASS: TestCollectionExpire/histogram_bucket_updates (0.00s)
    --- PASS: TestCollectionExpire/entire_histogram_expires (0.00s)
    --- PASS: TestCollectionExpire/histogram_does_not_expire_because_of_addtime_from_bucket (0.00s)
    --- PASS: TestCollectionExpire/summary_quantile_updates (0.00s)
    --- PASS: TestCollectionExpire/Entire_summary_expires (0.00s)
    --- PASS: TestCollectionExpire/summary_does_not_expire_because_of_quantile_addtime (0.00s)
    --- PASS: TestCollectionExpire/expire_based_on_add_time (0.00s)
=== RUN   TestExportTimestamps
=== RUN   TestExportTimestamps/histogram_bucket_updates
=== RUN   TestExportTimestamps/summary_quantile_updates
--- PASS: TestExportTimestamps (0.00s)
    --- PASS: TestExportTimestamps/histogram_bucket_updates (0.00s)
    --- PASS: TestExportTimestamps/summary_quantile_updates (0.00s)
=== RUN   TestSerialize
=== RUN   TestSerialize/simple
=== RUN   TestSerialize/prometheus_input_untyped
=== RUN   TestSerialize/prometheus_input_counter
=== RUN   TestSerialize/prometheus_input_gauge
=== RUN   TestSerialize/prometheus_input_histogram_no_buckets
=== RUN   TestSerialize/prometheus_input_histogram_only_bucket
=== RUN   TestSerialize/simple_with_timestamp
=== RUN   TestSerialize/simple_with_CompactEncoding
=== RUN   TestSerialize/untyped_forced_to_counter
=== RUN   TestSerialize/untyped_forced_to_gauge
--- PASS: TestSerialize (0.00s)
    --- PASS: TestSerialize/simple (0.00s)
    --- PASS: TestSerialize/prometheus_input_untyped (0.00s)
    --- PASS: TestSerialize/prometheus_input_counter (0.00s)
    --- PASS: TestSerialize/prometheus_input_gauge (0.00s)
    --- PASS: TestSerialize/prometheus_input_histogram_no_buckets (0.00s)
    --- PASS: TestSerialize/prometheus_input_histogram_only_bucket (0.00s)
    --- PASS: TestSerialize/simple_with_timestamp (0.00s)
    --- PASS: TestSerialize/simple_with_CompactEncoding (0.00s)
    --- PASS: TestSerialize/untyped_forced_to_counter (0.00s)
    --- PASS: TestSerialize/untyped_forced_to_gauge (0.00s)
=== RUN   TestSerializeBatch
=== RUN   TestSerializeBatch/simple
=== RUN   TestSerializeBatch/multiple_metric_families
=== RUN   TestSerializeBatch/histogram
=== RUN   TestSerializeBatch/#00
=== RUN   TestSerializeBatch/newer_sample
=== RUN   TestSerializeBatch/colons_are_not_replaced_in_metric_name_from_measurement
=== RUN   TestSerializeBatch/colons_are_not_replaced_in_metric_name_from_field
=== RUN   TestSerializeBatch/invalid_label
=== RUN   TestSerializeBatch/colons_are_replaced_in_label_name
=== RUN   TestSerializeBatch/discard_strings
=== RUN   TestSerializeBatch/string_as_label
=== RUN   TestSerializeBatch/string_as_label_duplicate_tag
=== RUN   TestSerializeBatch/replace_characters_when_using_string_as_label
=== RUN   TestSerializeBatch/multiple_fields_grouping
=== RUN   TestSerializeBatch/summary_with_no_quantile
--- PASS: TestSerializeBatch (0.00s)
    --- PASS: TestSerializeBatch/simple (0.00s)
    --- PASS: TestSerializeBatch/multiple_metric_families (0.00s)
    --- PASS: TestSerializeBatch/histogram (0.00s)
    --- PASS: TestSerializeBatch/#00 (0.00s)
    --- PASS: TestSerializeBatch/newer_sample (0.00s)
    --- PASS: TestSerializeBatch/colons_are_not_replaced_in_metric_name_from_measurement (0.00s)
    --- PASS: TestSerializeBatch/colons_are_not_replaced_in_metric_name_from_field (0.00s)
    --- PASS: TestSerializeBatch/invalid_label (0.00s)
    --- PASS: TestSerializeBatch/colons_are_replaced_in_label_name (0.00s)
    --- PASS: TestSerializeBatch/discard_strings (0.00s)
    --- PASS: TestSerializeBatch/string_as_label (0.00s)
    --- PASS: TestSerializeBatch/string_as_label_duplicate_tag (0.00s)
    --- PASS: TestSerializeBatch/replace_characters_when_using_string_as_label (0.00s)
    --- PASS: TestSerializeBatch/multiple_fields_grouping (0.00s)
    --- PASS: TestSerializeBatch/summary_with_no_quantile (0.00s)
PASS
ok  	github.com/influxdata/telegraf/plugins/serializers/prometheus	1.477s
=== RUN   TestRemoteWriteSerialize
=== RUN   TestRemoteWriteSerialize/empty_name_is_skipped
=== RUN   TestRemoteWriteSerialize/empty_labels_are_skipped
=== RUN   TestRemoteWriteSerialize/simple
=== RUN   TestRemoteWriteSerialize/prometheus_input_untyped
=== RUN   TestRemoteWriteSerialize/prometheus_input_counter
=== RUN   TestRemoteWriteSerialize/prometheus_input_gauge
=== RUN   TestRemoteWriteSerialize/prometheus_input_histogram_no_buckets
=== RUN   TestRemoteWriteSerialize/prometheus_input_histogram_only_bucket
--- PASS: TestRemoteWriteSerialize (0.00s)
    --- PASS: TestRemoteWriteSerialize/empty_name_is_skipped (0.00s)
    --- PASS: TestRemoteWriteSerialize/empty_labels_are_skipped (0.00s)
    --- PASS: TestRemoteWriteSerialize/simple (0.00s)
    --- PASS: TestRemoteWriteSerialize/prometheus_input_untyped (0.00s)
    --- PASS: TestRemoteWriteSerialize/prometheus_input_counter (0.00s)
    --- PASS: TestRemoteWriteSerialize/prometheus_input_gauge (0.00s)
    --- PASS: TestRemoteWriteSerialize/prometheus_input_histogram_no_buckets (0.00s)
    --- PASS: TestRemoteWriteSerialize/prometheus_input_histogram_only_bucket (0.00s)
=== RUN   TestRemoteWriteSerializeNegative
2025/02/19 21:38:27 T! [] failed to parse "@@!!_!!": bad sample value "@@"
2025/02/19 21:38:27 E! [] some series were dropped, 0 series left to send; last recorded error: failed to parse "@@!!_!!": bad sample value "@@"
2025/02/19 21:38:27 T! [] failed to parse "http_requests_total": bad sample value "asd"
2025/02/19 21:38:27 E! [] some series were dropped, 0 series left to send; last recorded error: failed to parse "http_requests_total": bad sample value "asd"
2025/02/19 21:38:27 T! [] failed to parse "http_request_duration_seconds": bad sample value "asd"
2025/02/19 21:38:27 E! [] some series were dropped, 3 series left to send; last recorded error: failed to parse "http_request_duration_seconds": bad sample value "asd"
2025/02/19 21:38:27 T! [] failed to parse "http_requests_errors_total": bad sample value "3.0"
2025/02/19 21:38:27 E! [] some series were dropped, 1 series left to send; last recorded error: failed to parse "http_requests_errors_total": bad sample value "3.0"
2025/02/19 21:38:27 T! [] failed to parse "rpc_duration_seconds": can't parse "0.01a" value: strconv.ParseFloat: parsing "0.01a": invalid syntax
2025/02/19 21:38:27 E! [] some series were dropped, 0 series left to send; last recorded error: failed to parse "rpc_duration_seconds": can't parse "0.01a" value: strconv.ParseFloat: parsing "0.01a": invalid syntax
--- PASS: TestRemoteWriteSerializeNegative (0.00s)
=== RUN   TestRemoteWriteSerializeBatch
=== RUN   TestRemoteWriteSerializeBatch/simple
=== RUN   TestRemoteWriteSerializeBatch/multiple_metric_families
=== RUN   TestRemoteWriteSerializeBatch/histogram
=== RUN   TestRemoteWriteSerializeBatch/summary_with_quantile
=== RUN   TestRemoteWriteSerializeBatch/newer_sample
2025/02/19 21:38:27 T! [] metric "cpu" has samples with timestamp 1970-01-01 01:00:00 +0100 CET older than already registered before
2025/02/19 21:38:27 E! [] some series were dropped, 1 series left to send; last recorded error: metric "cpu" has samples with timestamp 1970-01-01 01:00:00 +0100 CET older than already registered before
=== RUN   TestRemoteWriteSerializeBatch/colons_are_not_replaced_in_metric_name_from_measurement
=== RUN   TestRemoteWriteSerializeBatch/colons_are_not_replaced_in_metric_name_from_field
=== RUN   TestRemoteWriteSerializeBatch/invalid_label
=== RUN   TestRemoteWriteSerializeBatch/colons_are_replaced_in_label_name
=== RUN   TestRemoteWriteSerializeBatch/discard_strings
2025/02/19 21:38:27 T! [] failed to parse "cpu_cpu": bad sample value "cpu0"
2025/02/19 21:38:27 E! [] some series were dropped, 1 series left to send; last recorded error: failed to parse "cpu_cpu": bad sample value "cpu0"
=== RUN   TestRemoteWriteSerializeBatch/string_as_label
2025/02/19 21:38:27 T! [] failed to parse "cpu_cpu": bad sample value "cpu0"
2025/02/19 21:38:27 E! [] some series were dropped, 1 series left to send; last recorded error: failed to parse "cpu_cpu": bad sample value "cpu0"
=== RUN   TestRemoteWriteSerializeBatch/string_as_label_duplicate_tag
2025/02/19 21:38:27 T! [] failed to parse "cpu_cpu": bad sample value "cpu1"
2025/02/19 21:38:27 E! [] some series were dropped, 1 series left to send; last recorded error: failed to parse "cpu_cpu": bad sample value "cpu1"
=== RUN   TestRemoteWriteSerializeBatch/replace_characters_when_using_string_as_label
2025/02/19 21:38:27 T! [] failed to parse "cpu_host:name": bad sample value "example.org"
2025/02/19 21:38:27 E! [] some series were dropped, 1 series left to send; last recorded error: failed to parse "cpu_host:name": bad sample value "example.org"
=== RUN   TestRemoteWriteSerializeBatch/multiple_fields_grouping
=== RUN   TestRemoteWriteSerializeBatch/summary_with_no_quantile
=== RUN   TestRemoteWriteSerializeBatch/empty_label_string_value
--- PASS: TestRemoteWriteSerializeBatch (0.00s)
    --- PASS: TestRemoteWriteSerializeBatch/simple (0.00s)
    --- PASS: TestRemoteWriteSerializeBatch/multiple_metric_families (0.00s)
    --- PASS: TestRemoteWriteSerializeBatch/histogram (0.00s)
    --- PASS: TestRemoteWriteSerializeBatch/summary_with_quantile (0.00s)
    --- PASS: TestRemoteWriteSerializeBatch/newer_sample (0.00s)
    --- PASS: TestRemoteWriteSerializeBatch/colons_are_not_replaced_in_metric_name_from_measurement (0.00s)
    --- PASS: TestRemoteWriteSerializeBatch/colons_are_not_replaced_in_metric_name_from_field (0.00s)
    --- PASS: TestRemoteWriteSerializeBatch/invalid_label (0.00s)
    --- PASS: TestRemoteWriteSerializeBatch/colons_are_replaced_in_label_name (0.00s)
    --- PASS: TestRemoteWriteSerializeBatch/discard_strings (0.00s)
    --- PASS: TestRemoteWriteSerializeBatch/string_as_label (0.00s)
    --- PASS: TestRemoteWriteSerializeBatch/string_as_label_duplicate_tag (0.00s)
    --- PASS: TestRemoteWriteSerializeBatch/replace_characters_when_using_string_as_label (0.00s)
    --- PASS: TestRemoteWriteSerializeBatch/multiple_fields_grouping (0.00s)
    --- PASS: TestRemoteWriteSerializeBatch/summary_with_no_quantile (0.00s)
    --- PASS: TestRemoteWriteSerializeBatch/empty_label_string_value (0.00s)
PASS
ok  	github.com/influxdata/telegraf/plugins/serializers/prometheusremotewrite	1.568s
=== RUN   TestSerializeMetricFloat
--- PASS: TestSerializeMetricFloat (0.00s)
=== RUN   TestSerializeMetricFloatHec
--- PASS: TestSerializeMetricFloatHec (0.00s)
=== RUN   TestSerializeMetricInt
--- PASS: TestSerializeMetricInt (0.00s)
=== RUN   TestSerializeMetricIntHec
--- PASS: TestSerializeMetricIntHec (0.00s)
=== RUN   TestSerializeMetricBool
--- PASS: TestSerializeMetricBool (0.00s)
=== RUN   TestSerializeMetricBoolHec
--- PASS: TestSerializeMetricBoolHec (0.00s)
=== RUN   TestSerializeMetricString
2025/02/19 21:38:27 D! Can not parse value: ARMv7 Processor rev 4 (v7l) for key: processorType
--- PASS: TestSerializeMetricString (0.00s)
=== RUN   TestSerializeBatch
--- PASS: TestSerializeBatch (0.00s)
=== RUN   TestSerializeMulti
--- PASS: TestSerializeMulti (0.00s)
=== RUN   TestSerializeBatchHec
--- PASS: TestSerializeBatchHec (0.00s)
=== RUN   TestSerializeMultiHec
--- PASS: TestSerializeMultiHec (0.00s)
=== RUN   TestSerializeOmitEvent
--- PASS: TestSerializeOmitEvent (0.00s)
PASS
ok  	github.com/influxdata/telegraf/plugins/serializers/splunkmetric	1.537s
=== RUN   TestSerializer
=== RUN   TestSerializer/name
=== RUN   TestSerializer/time
=== RUN   TestSerializer/specific_field
=== RUN   TestSerializer/specific_tag
=== RUN   TestSerializer/all_fields
=== RUN   TestSerializer/all_tags
=== RUN   TestSerializer/string
=== RUN   TestSerializer/complex
--- PASS: TestSerializer (0.00s)
    --- PASS: TestSerializer/name (0.00s)
    --- PASS: TestSerializer/time (0.00s)
    --- PASS: TestSerializer/specific_field (0.00s)
    --- PASS: TestSerializer/specific_tag (0.00s)
    --- PASS: TestSerializer/all_fields (0.00s)
    --- PASS: TestSerializer/all_tags (0.00s)
    --- PASS: TestSerializer/string (0.00s)
    --- PASS: TestSerializer/complex (0.00s)
=== RUN   TestSerializeBatch
--- PASS: TestSerializeBatch (0.00s)
PASS
ok  	github.com/influxdata/telegraf/plugins/serializers/template	1.645s
=== RUN   TestBuildTags
--- PASS: TestBuildTags (0.00s)
=== RUN   TestBuildTagsHostTag
--- PASS: TestBuildTagsHostTag (0.00s)
=== RUN   TestFormatMetricPoint
--- PASS: TestFormatMetricPoint (0.00s)
=== RUN   TestUseStrict
--- PASS: TestUseStrict (0.00s)
=== RUN   TestSerializeMetricFloat
--- PASS: TestSerializeMetricFloat (0.00s)
=== RUN   TestSerializeMetricInt
--- PASS: TestSerializeMetricInt (0.00s)
=== RUN   TestSerializeMetricBoolTrue
--- PASS: TestSerializeMetricBoolTrue (0.00s)
=== RUN   TestSerializeMetricBoolFalse
--- PASS: TestSerializeMetricBoolFalse (0.00s)
=== RUN   TestSerializeMetricFieldValue
--- PASS: TestSerializeMetricFieldValue (0.00s)
=== RUN   TestSerializeMetricPrefix
--- PASS: TestSerializeMetricPrefix (0.00s)
PASS
ok  	github.com/influxdata/telegraf/plugins/serializers/wavefront	1.664s
=== RUN   TestRegisterAndIncrAndSet
--- PASS: TestRegisterAndIncrAndSet (0.00s)
=== RUN   TestRegisterTimingAndIncrAndSet
--- PASS: TestRegisterTimingAndIncrAndSet (0.00s)
=== RUN   TestStatKeyConsistency
--- PASS: TestStatKeyConsistency (0.00s)
=== RUN   TestRegisterMetricsAndVerify
--- PASS: TestRegisterMetricsAndVerify (0.00s)
=== RUN   TestRegisterCopy
--- PASS: TestRegisterCopy (0.00s)
PASS
ok  	github.com/influxdata/telegraf/selfstat	1.601s
=== RUN   TestEmptyContainerIntegration
--- FAIL: TestEmptyContainerIntegration (0.00s)
panic: check host "unix:///var/run/docker.sock": docker info: Cannot connect to the Docker daemon at unix:///var/run/docker.sock. Is the docker daemon running?
	check host "unix:///Users/frederikmoschner/.docker/run/docker.sock": docker info: Cannot connect to the Docker daemon at unix:///Users/frederikmoschner/.docker/run/docker.sock. Is the docker daemon running? [recovered]
	panic: check host "unix:///var/run/docker.sock": docker info: Cannot connect to the Docker daemon at unix:///var/run/docker.sock. Is the docker daemon running?
	check host "unix:///Users/frederikmoschner/.docker/run/docker.sock": docker info: Cannot connect to the Docker daemon at unix:///Users/frederikmoschner/.docker/run/docker.sock. Is the docker daemon running?

goroutine 4 [running]:
testing.tRunner.func1.2({0x1009f1580, 0x1400000eb28})
	/opt/homebrew/Cellar/go/1.24.0/libexec/src/testing/testing.go:1734 +0x1ac
testing.tRunner.func1()
	/opt/homebrew/Cellar/go/1.24.0/libexec/src/testing/testing.go:1737 +0x334
panic({0x1009f1580?, 0x1400000eb28?})
	/opt/homebrew/Cellar/go/1.24.0/libexec/src/runtime/panic.go:787 +0x124
github.com/testcontainers/testcontainers-go/internal/core.MustExtractDockerHost.func1()
	/Users/frederikmoschner/go/pkg/mod/github.com/testcontainers/testcontainers-go@v0.34.0/internal/core/docker_host.go:91 +0x70
sync.(*Once).doSlow(0x0?, 0x2540be400?)
	/opt/homebrew/Cellar/go/1.24.0/libexec/src/sync/once.go:78 +0xf0
sync.(*Once).Do(...)
	/opt/homebrew/Cellar/go/1.24.0/libexec/src/sync/once.go:69
github.com/testcontainers/testcontainers-go/internal/core.MustExtractDockerHost({0x100abfb28?, 0x100f0ab00?})
	/Users/frederikmoschner/go/pkg/mod/github.com/testcontainers/testcontainers-go@v0.34.0/internal/core/docker_host.go:88 +0x54
github.com/testcontainers/testcontainers-go/internal/core.NewClient({0x100abfb28, 0x100f0ab00}, {0x0, 0x0, 0x0?})
	/Users/frederikmoschner/go/pkg/mod/github.com/testcontainers/testcontainers-go@v0.34.0/internal/core/client.go:17 +0x9c
github.com/testcontainers/testcontainers-go.NewDockerClientWithOpts({0x100abfb28, 0x100f0ab00}, {0x0, 0x0, 0x0})
	/Users/frederikmoschner/go/pkg/mod/github.com/testcontainers/testcontainers-go@v0.34.0/docker_client.go:117 +0x4c
github.com/testcontainers/testcontainers-go.NewDockerProvider({0x14000290380, 0x2, 0x10086ee65?})
	/Users/frederikmoschner/go/pkg/mod/github.com/testcontainers/testcontainers-go@v0.34.0/provider.go:143 +0xf0
github.com/testcontainers/testcontainers-go.ProviderType.GetProvider(0x0, {0x1400014d4c8, 0x1, 0x14000169040?})
	/Users/frederikmoschner/go/pkg/mod/github.com/testcontainers/testcontainers-go@v0.34.0/provider.go:114 +0x380
github.com/testcontainers/testcontainers-go.GenericContainer({_, _}, {{{{0x0, 0x0}, {0x0, 0x0}, {0x0, 0x0}, {0x0, 0x0}, ...}, ...}, ...})
	/Users/frederikmoschner/go/pkg/mod/github.com/testcontainers/testcontainers-go@v0.34.0/generic.go:59 +0xf0
github.com/influxdata/telegraf/testutil.(*Container).Start(0x14000000ea0)
	/Users/frederikmoschner/Documents/plugin_erweiterung/telegraf/testutil/container.go:76 +0x2d8
github.com/influxdata/telegraf/testutil.TestEmptyContainerIntegration(0x140003e4000)
	/Users/frederikmoschner/Documents/plugin_erweiterung/telegraf/testutil/container_test.go:18 +0xac
testing.tRunner(0x140003e4000, 0x100ab3df0)
	/opt/homebrew/Cellar/go/1.24.0/libexec/src/testing/testing.go:1792 +0xe4
created by testing.(*T).Run in goroutine 1
	/opt/homebrew/Cellar/go/1.24.0/libexec/src/testing/testing.go:1851 +0x374
FAIL	github.com/influxdata/telegraf/testutil	1.310s
?   	github.com/influxdata/telegraf/testutil/plugin_input	[no test files]
?   	github.com/influxdata/telegraf/tools/config_includer	[no test files]
=== RUN   TestCases
=== RUN   TestCases/issue_13592
=== RUN   TestCases/issue_15627
--- PASS: TestCases (0.60s)
    --- PASS: TestCases/issue_13592 (0.42s)
    --- PASS: TestCases/issue_15627 (0.17s)
PASS
ok  	github.com/influxdata/telegraf/tools/custom_builder	2.104s
?   	github.com/influxdata/telegraf/tools/license_checker	[no test files]
?   	github.com/influxdata/telegraf/tools/package_incus_test	[no test files]
?   	github.com/influxdata/telegraf/tools/readme_config_includer	[no test files]
?   	github.com/influxdata/telegraf/tools/readme_linter	[no test files]
=== RUN   TestFindHash
--- PASS: TestFindHash (0.00s)
PASS
ok  	github.com/influxdata/telegraf/tools/update_goversion	0.379s
FAIL
